============================= test session starts =============================
platform win32 -- Python 3.13.1, pytest-9.0.2, pluggy-1.6.0 -- C:\Program Files\Python313\python.exe
cachedir: .pytest_cache
rootdir: C:\Users\hp\Downloads\files (2)
configfile: pyproject.toml
plugins: anyio-4.12.0, langsmith-0.7.22, asyncio-1.3.0
asyncio: mode=Mode.AUTO, debug=False, asyncio_default_fixture_loop_scope=None, asyncio_default_test_loop_scope=function
collecting ... collected 15 items

test_multi_agent.py::test_task_mcp_create_tool FAILED                    [  6%]
test_multi_agent.py::test_task_mcp_list_tool FAILED                      [ 13%]
test_multi_agent.py::test_calendar_mcp_list_tool FAILED                  [ 20%]
test_multi_agent.py::test_calendar_mcp_check_availability FAILED         [ 26%]
test_multi_agent.py::test_notes_mcp_create_tool FAILED                   [ 33%]
test_multi_agent.py::test_task_agent_list FAILED                         [ 40%]
test_multi_agent.py::test_task_agent_create FAILED                       [ 46%]
test_multi_agent.py::test_calendar_agent_list FAILED                     [ 53%]
test_multi_agent.py::test_notes_agent_search 
-------------------------------- live log call --------------------------------
WARNING  backend.database.crud:crud.py:278 Semantic search unavailable: pgvector not installed.
PASSED                                                                   [ 60%]
test_multi_agent.py::test_orchestrator_routes_to_task_agent 
-------------------------------- live log call --------------------------------
WARNING  backend.agents.orchestrator:orchestrator.py:48 Vertex AI LLM unavailable: No module named 'vertexai'
FAILED                                                                   [ 66%]
test_multi_agent.py::test_orchestrator_routes_to_calendar_agent 
-------------------------------- live log call --------------------------------
WARNING  backend.agents.orchestrator:orchestrator.py:48 Vertex AI LLM unavailable: No module named 'vertexai'
FAILED                                                                   [ 73%]
test_multi_agent.py::test_orchestrator_routes_to_notes_agent 
-------------------------------- live log call --------------------------------
WARNING  backend.agents.orchestrator:orchestrator.py:48 Vertex AI LLM unavailable: No module named 'vertexai'
WARNING  backend.database.crud:crud.py:278 Semantic search unavailable: pgvector not installed.
PASSED                                                                   [ 80%]
test_multi_agent.py::test_orchestrator_multi_agent_routing ERROR         [ 86%]
test_multi_agent.py::test_orchestrator_general_fallback ERROR            [ 93%]
test_multi_agent.py::test_calendar_multi_step_workflow ERROR             [100%]

=================================== ERRORS ====================================
___________ ERROR at setup of test_orchestrator_multi_agent_routing ___________

self = <sqlalchemy.engine.base.Connection object at 0x0000022A9FD10130>
dialect = <sqlalchemy.dialects.sqlite.aiosqlite.SQLiteDialect_aiosqlite object at 0x0000022A9FB5A710>
context = <sqlalchemy.dialects.sqlite.aiosqlite.SQLiteExecutionContext_aiosqlite object at 0x0000022A9FD10590>
statement = <sqlalchemy.dialects.sqlite.base.SQLiteCompiler object at 0x0000022A9FC0CB90>
parameters = [('ad4c0927-4fec-4c07-86b4-6713cd465e77', 'Buy groceries', '', 'todo', 'low', None, ...)]

    def _exec_single_context(
        self,
        dialect: Dialect,
        context: ExecutionContext,
        statement: Union[str, Compiled],
        parameters: Optional[_AnyMultiExecuteParams],
    ) -> CursorResult[Any]:
        """continue the _execute_context() method for a single DBAPI
        cursor.execute() or cursor.executemany() call.
    
        """
        if dialect.bind_typing is BindTyping.SETINPUTSIZES:
            generic_setinputsizes = context._prepare_set_input_sizes()
    
            if generic_setinputsizes:
                try:
                    dialect.do_set_input_sizes(
                        context.cursor, generic_setinputsizes, context
                    )
                except BaseException as e:
                    self._handle_dbapi_exception(
                        e, str(statement), parameters, None, context
                    )
    
        cursor, str_statement, parameters = (
            context.cursor,
            context.statement,
            context.parameters,
        )
    
        effective_parameters: Optional[_AnyExecuteParams]
    
        if not context.executemany:
            effective_parameters = parameters[0]
        else:
            effective_parameters = parameters
    
        if self._has_events or self.engine._has_events:
            for fn in self.dispatch.before_cursor_execute:
                str_statement, effective_parameters = fn(
                    self,
                    cursor,
                    str_statement,
                    effective_parameters,
                    context,
                    context.executemany,
                )
    
        if self._echo:
            self._log_info(str_statement)
    
            stats = context._get_cache_stats()
    
            if not self.engine.hide_parameters:
                self._log_info(
                    "[%s] %r",
                    stats,
                    sql_util._repr_params(
                        effective_parameters,
                        batches=10,
                        ismulti=context.executemany,
                    ),
                )
            else:
                self._log_info(
                    "[%s] [SQL parameters hidden due to hide_parameters=True]",
                    stats,
                )
    
        evt_handled: bool = False
        try:
            if context.execute_style is ExecuteStyle.EXECUTEMANY:
                effective_parameters = cast(
                    "_CoreMultiExecuteParams", effective_parameters
                )
                if self.dialect._has_events:
                    for fn in self.dialect.dispatch.do_executemany:
                        if fn(
                            cursor,
                            str_statement,
                            effective_parameters,
                            context,
                        ):
                            evt_handled = True
                            break
                if not evt_handled:
                    self.dialect.do_executemany(
                        cursor,
                        str_statement,
                        effective_parameters,
                        context,
                    )
            elif not effective_parameters and context.no_parameters:
                if self.dialect._has_events:
                    for fn in self.dialect.dispatch.do_execute_no_params:
                        if fn(cursor, str_statement, context):
                            evt_handled = True
                            break
                if not evt_handled:
                    self.dialect.do_execute_no_params(
                        cursor, str_statement, context
                    )
            else:
                effective_parameters = cast(
                    "_CoreSingleExecuteParams", effective_parameters
                )
                if self.dialect._has_events:
                    for fn in self.dialect.dispatch.do_execute:
                        if fn(
                            cursor,
                            str_statement,
                            effective_parameters,
                            context,
                        ):
                            evt_handled = True
                            break
                if not evt_handled:
>                   self.dialect.do_execute(
                        cursor, str_statement, effective_parameters, context
                    )

..\..\AppData\Roaming\Python\Python313\site-packages\sqlalchemy\engine\base.py:1967: 
_ _ _ _ _ _ _ _ _ _ _ _ _ _ _ _ _ _ _ _ _ _ _ _ _ _ _ _ _ _ _ _ _ _ _ _ _ _ _ _

self = <sqlalchemy.dialects.sqlite.aiosqlite.SQLiteDialect_aiosqlite object at 0x0000022A9FB5A710>
cursor = <sqlalchemy.dialects.sqlite.aiosqlite.AsyncAdapt_aiosqlite_cursor object at 0x0000022AA0DF9FC0>
statement = 'INSERT INTO tasks (id, title, description, status, priority, due_date, tags, created_at, updated_at, completed_at) VALUES (?, ?, ?, ?, ?, ?, ?, ?, ?, ?)'
parameters = ('ad4c0927-4fec-4c07-86b4-6713cd465e77', 'Buy groceries', '', 'todo', 'low', None, ...)
context = <sqlalchemy.dialects.sqlite.aiosqlite.SQLiteExecutionContext_aiosqlite object at 0x0000022A9FD10590>

    def do_execute(self, cursor, statement, parameters, context=None):
>       cursor.execute(statement, parameters)

..\..\AppData\Roaming\Python\Python313\site-packages\sqlalchemy\engine\default.py:952: 
_ _ _ _ _ _ _ _ _ _ _ _ _ _ _ _ _ _ _ _ _ _ _ _ _ _ _ _ _ _ _ _ _ _ _ _ _ _ _ _

self = <sqlalchemy.dialects.sqlite.aiosqlite.AsyncAdapt_aiosqlite_cursor object at 0x0000022AA0DF9FC0>
operation = 'INSERT INTO tasks (id, title, description, status, priority, due_date, tags, created_at, updated_at, completed_at) VALUES (?, ?, ?, ?, ?, ?, ?, ?, ?, ?)'
parameters = ('ad4c0927-4fec-4c07-86b4-6713cd465e77', 'Buy groceries', '', 'todo', 'low', None, ...)

    def execute(
        self,
        operation: Any,
        parameters: Optional[_DBAPISingleExecuteParams] = None,
    ) -> Any:
    
        try:
            _cursor: AsyncIODBAPICursor = self.await_(self._connection.cursor())  # type: ignore[arg-type] # noqa: E501
    
            if parameters is None:
                self.await_(_cursor.execute(operation))
            else:
                self.await_(_cursor.execute(operation, parameters))
    
            if _cursor.description:
                self.description = _cursor.description
                self.lastrowid = self.rowcount = -1
    
                if not self.server_side:
                    self._rows = deque(self.await_(_cursor.fetchall()))
            else:
                self.description = None
                self.lastrowid = _cursor.lastrowid
                self.rowcount = _cursor.rowcount
    
            if not self.server_side:
                self.await_(_cursor.close())
            else:
                self._cursor = _cursor  # type: ignore[misc]
        except Exception as error:
>           self._adapt_connection._handle_exception(error)

..\..\AppData\Roaming\Python\Python313\site-packages\sqlalchemy\dialects\sqlite\aiosqlite.py:182: 
_ _ _ _ _ _ _ _ _ _ _ _ _ _ _ _ _ _ _ _ _ _ _ _ _ _ _ _ _ _ _ _ _ _ _ _ _ _ _ _

self = <AdaptedConnection <aiosqlite.core.Connection object at 0x0000022AA0E3B4D0>>
error = OperationalError('no such table: tasks')

    def _handle_exception(self, error: Exception) -> NoReturn:
        if (
            isinstance(error, ValueError)
            and error.args[0] == "no active connection"
        ):
            raise self.dbapi.sqlite.OperationalError(
                "no active connection"
            ) from error
        else:
>           raise error

..\..\AppData\Roaming\Python\Python313\site-packages\sqlalchemy\dialects\sqlite\aiosqlite.py:342: 
_ _ _ _ _ _ _ _ _ _ _ _ _ _ _ _ _ _ _ _ _ _ _ _ _ _ _ _ _ _ _ _ _ _ _ _ _ _ _ _

self = <sqlalchemy.dialects.sqlite.aiosqlite.AsyncAdapt_aiosqlite_cursor object at 0x0000022AA0DF9FC0>
operation = 'INSERT INTO tasks (id, title, description, status, priority, due_date, tags, created_at, updated_at, completed_at) VALUES (?, ?, ?, ?, ?, ?, ?, ?, ?, ?)'
parameters = ('ad4c0927-4fec-4c07-86b4-6713cd465e77', 'Buy groceries', '', 'todo', 'low', None, ...)

    def execute(
        self,
        operation: Any,
        parameters: Optional[_DBAPISingleExecuteParams] = None,
    ) -> Any:
    
        try:
            _cursor: AsyncIODBAPICursor = self.await_(self._connection.cursor())  # type: ignore[arg-type] # noqa: E501
    
            if parameters is None:
                self.await_(_cursor.execute(operation))
            else:
>               self.await_(_cursor.execute(operation, parameters))

..\..\AppData\Roaming\Python\Python313\site-packages\sqlalchemy\dialects\sqlite\aiosqlite.py:164: 
_ _ _ _ _ _ _ _ _ _ _ _ _ _ _ _ _ _ _ _ _ _ _ _ _ _ _ _ _ _ _ _ _ _ _ _ _ _ _ _

awaitable = <coroutine object Cursor.execute at 0x0000022A9FD10740>

    def await_only(awaitable: Awaitable[_T]) -> _T:
        """Awaits an async function in a sync method.
    
        The sync method must be inside a :func:`greenlet_spawn` context.
        :func:`await_only` calls cannot be nested.
    
        :param awaitable: The coroutine to call.
    
        """
        # this is called in the context greenlet while running fn
        current = getcurrent()
        if not getattr(current, "__sqlalchemy_greenlet_provider__", False):
            _safe_cancel_awaitable(awaitable)
    
            raise exc.MissingGreenlet(
                "greenlet_spawn has not been called; can't call await_only() "
                "here. Was IO attempted in an unexpected place?"
            )
    
        # returns the control to the driver greenlet passing it
        # a coroutine to run. Once the awaitable is done, the driver greenlet
        # switches back to this greenlet with the result of awaitable that is
        # then returned to the caller (or raised as error)
>       return current.parent.switch(awaitable)  # type: ignore[no-any-return,attr-defined] # noqa: E501
               ^^^^^^^^^^^^^^^^^^^^^^^^^^^^^^^^

..\..\AppData\Roaming\Python\Python313\site-packages\sqlalchemy\util\_concurrency_py3k.py:132: 
_ _ _ _ _ _ _ _ _ _ _ _ _ _ _ _ _ _ _ _ _ _ _ _ _ _ _ _ _ _ _ _ _ _ _ _ _ _ _ _

fn = <bound method Session.flush of <sqlalchemy.orm.session.Session object at 0x0000022A9FD0F980>>
_require_await = False, args = (), kwargs = {'objects': None}
context = <_AsyncIoGreenlet object at 0x0000022AA1488B40 (otid=0x0000022A9E4E1470) dead>
switch_occurred = True
result = <coroutine object Connection.rollback at 0x0000022AA1DA8640>
value = None

    async def greenlet_spawn(
        fn: Callable[..., _T],
        *args: Any,
        _require_await: bool = False,
        **kwargs: Any,
    ) -> _T:
        """Runs a sync function ``fn`` in a new greenlet.
    
        The sync function can then use :func:`await_only` to wait for async
        functions.
    
        :param fn: The sync callable to call.
        :param \\*args: Positional arguments to pass to the ``fn`` callable.
        :param \\*\\*kwargs: Keyword arguments to pass to the ``fn`` callable.
        """
    
        result: Any
        context = _AsyncIoGreenlet(fn, getcurrent())
        # runs the function synchronously in gl greenlet. If the execution
        # is interrupted by await_only, context is not dead and result is a
        # coroutine to wait. If the context is dead the function has
        # returned, and its result can be returned.
        switch_occurred = False
        result = context.switch(*args, **kwargs)
        while not context.dead:
            switch_occurred = True
            try:
                # wait for a coroutine from await_only and then return its
                # result back to it.
>               value = await result
                        ^^^^^^^^^^^^

..\..\AppData\Roaming\Python\Python313\site-packages\sqlalchemy\util\_concurrency_py3k.py:196: 
_ _ _ _ _ _ _ _ _ _ _ _ _ _ _ _ _ _ _ _ _ _ _ _ _ _ _ _ _ _ _ _ _ _ _ _ _ _ _ _

self = <aiosqlite.cursor.Cursor object at 0x0000022AA0DF8D10>
sql = 'INSERT INTO tasks (id, title, description, status, priority, due_date, tags, created_at, updated_at, completed_at) VALUES (?, ?, ?, ?, ?, ?, ?, ?, ?, ?)'
parameters = ('ad4c0927-4fec-4c07-86b4-6713cd465e77', 'Buy groceries', '', 'todo', 'low', None, ...)

    async def execute(
        self, sql: str, parameters: Optional[Iterable[Any]] = None
    ) -> "Cursor":
        """Execute the given query."""
        if parameters is None:
            parameters = []
>       await self._execute(self._cursor.execute, sql, parameters)

..\..\AppData\Roaming\Python\Python313\site-packages\aiosqlite\cursor.py:40: 
_ _ _ _ _ _ _ _ _ _ _ _ _ _ _ _ _ _ _ _ _ _ _ _ _ _ _ _ _ _ _ _ _ _ _ _ _ _ _ _

self = <aiosqlite.cursor.Cursor object at 0x0000022AA0DF8D10>
fn = <built-in method execute of sqlite3.Cursor object at 0x0000022AA0DDB440>
args = ('INSERT INTO tasks (id, title, description, status, priority, due_date, tags, created_at, updated_at, completed_at) V..., ?, ?, ?, ?, ?, ?, ?, ?, ?)', ('ad4c0927-4fec-4c07-86b4-6713cd465e77', 'Buy groceries', '', 'todo', 'low', None, ...))
kwargs = {}

    async def _execute(self, fn, *args, **kwargs):
        """Execute the given function on the shared connection's thread."""
>       return await self._conn._execute(fn, *args, **kwargs)
               ^^^^^^^^^^^^^^^^^^^^^^^^^^^^^^^^^^^^^^^^^^^^^^

..\..\AppData\Roaming\Python\Python313\site-packages\aiosqlite\cursor.py:32: 
_ _ _ _ _ _ _ _ _ _ _ _ _ _ _ _ _ _ _ _ _ _ _ _ _ _ _ _ _ _ _ _ _ _ _ _ _ _ _ _

self = <aiosqlite.core.Connection object at 0x0000022AA0E3B4D0>
fn = <built-in method execute of sqlite3.Cursor object at 0x0000022AA0DDB440>
args = ('INSERT INTO tasks (id, title, description, status, priority, due_date, tags, created_at, updated_at, completed_at) V..., ?, ?, ?, ?, ?, ?, ?, ?, ?)', ('ad4c0927-4fec-4c07-86b4-6713cd465e77', 'Buy groceries', '', 'todo', 'low', None, ...))
kwargs = {}
function = functools.partial(<built-in method execute of sqlite3.Cursor object at 0x0000022AA0DDB440>, 'INSERT INTO tasks (id, ti... groceries', '', 'todo', 'low', None, '["errands"]', '2026-04-05 17:53:31.597694', '2026-04-05 17:53:31.597699', None))
future = <Future finished exception=OperationalError('no such table: tasks')>

    async def _execute(self, fn, *args, **kwargs):
        """Queue a function with the given arguments for execution."""
        if not self._running or not self._connection:
            raise ValueError("Connection closed")
    
        function = partial(fn, *args, **kwargs)
        future = asyncio.get_event_loop().create_future()
    
        self._tx.put_nowait((future, function))
    
>       return await future
               ^^^^^^^^^^^^

..\..\AppData\Roaming\Python\Python313\site-packages\aiosqlite\core.py:160: 
_ _ _ _ _ _ _ _ _ _ _ _ _ _ _ _ _ _ _ _ _ _ _ _ _ _ _ _ _ _ _ _ _ _ _ _ _ _ _ _

tx = <_queue.SimpleQueue object at 0x0000022AA0DF9DE0>

    def _connection_worker_thread(tx: _TxQueue):
        """
        Execute function calls on a separate thread.
    
        :meta private:
        """
        while True:
            # Continues running until all queue items are processed,
            # even after connection is closed (so we can finalize all
            # futures)
    
            future, function = tx.get()
    
            try:
                LOG.debug("executing %s", function)
>               result = function()
                         ^^^^^^^^^^
E               sqlite3.OperationalError: no such table: tasks

..\..\AppData\Roaming\Python\Python313\site-packages\aiosqlite\core.py:63: OperationalError

The above exception was the direct cause of the following exception:

    @pytest_asyncio.fixture(autouse=True)
    async def seed_data():
        """Seed the DB with test data before each test."""
        from backend.database import crud
        async with _TestSession() as db:
>           await crud.create_task(db, title="Buy groceries", priority="low", tags=["errands"])

test_multi_agent.py:56: 
_ _ _ _ _ _ _ _ _ _ _ _ _ _ _ _ _ _ _ _ _ _ _ _ _ _ _ _ _ _ _ _ _ _ _ _ _ _ _ _

db = <sqlalchemy.ext.asyncio.session.AsyncSession object at 0x0000022AA0DFA810>
title = 'Buy groceries', description = '', priority = 'low', due_date = None
tags = ['errands']

    async def create_task(
        db: AsyncSession, title: str, description: str = "",
        priority: str = "medium", due_date: str = None, tags: list = None,
    ):
        parsed_due = None
        if due_date:
            try:
                parsed_due = datetime.fromisoformat(due_date)
            except ValueError:
                pass
        task = Task(
            id=str(uuid.uuid4()), title=title, description=description,
            priority=priority, due_date=parsed_due, tags=tags or [],
        )
        db.add(task)
>       await db.flush()

backend\database\crud.py:90: 
_ _ _ _ _ _ _ _ _ _ _ _ _ _ _ _ _ _ _ _ _ _ _ _ _ _ _ _ _ _ _ _ _ _ _ _ _ _ _ _

self = <sqlalchemy.ext.asyncio.session.AsyncSession object at 0x0000022AA0DFA810>
objects = None

    async def flush(self, objects: Optional[Sequence[Any]] = None) -> None:
        """Flush all the object changes to the database.
    
        .. seealso::
    
            :meth:`_orm.Session.flush` - main documentation for flush
    
        """
>       await greenlet_spawn(self.sync_session.flush, objects=objects)

..\..\AppData\Roaming\Python\Python313\site-packages\sqlalchemy\ext\asyncio\session.py:787: 
_ _ _ _ _ _ _ _ _ _ _ _ _ _ _ _ _ _ _ _ _ _ _ _ _ _ _ _ _ _ _ _ _ _ _ _ _ _ _ _

fn = <bound method Session.flush of <sqlalchemy.orm.session.Session object at 0x0000022A9FD0F980>>
_require_await = False, args = (), kwargs = {'objects': None}
context = <_AsyncIoGreenlet object at 0x0000022AA1488B40 (otid=0x0000022A9E4E1470) dead>
switch_occurred = True
result = <coroutine object Connection.rollback at 0x0000022AA1DA8640>
value = None

    async def greenlet_spawn(
        fn: Callable[..., _T],
        *args: Any,
        _require_await: bool = False,
        **kwargs: Any,
    ) -> _T:
        """Runs a sync function ``fn`` in a new greenlet.
    
        The sync function can then use :func:`await_only` to wait for async
        functions.
    
        :param fn: The sync callable to call.
        :param \\*args: Positional arguments to pass to the ``fn`` callable.
        :param \\*\\*kwargs: Keyword arguments to pass to the ``fn`` callable.
        """
    
        result: Any
        context = _AsyncIoGreenlet(fn, getcurrent())
        # runs the function synchronously in gl greenlet. If the execution
        # is interrupted by await_only, context is not dead and result is a
        # coroutine to wait. If the context is dead the function has
        # returned, and its result can be returned.
        switch_occurred = False
        result = context.switch(*args, **kwargs)
        while not context.dead:
            switch_occurred = True
            try:
                # wait for a coroutine from await_only and then return its
                # result back to it.
                value = await result
            except BaseException:
                # this allows an exception to be raised within
                # the moderated greenlet so that it can continue
                # its expected flow.
                result = context.throw(*sys.exc_info())
            else:
>               result = context.switch(value)
                         ^^^^^^^^^^^^^^^^^^^^^

..\..\AppData\Roaming\Python\Python313\site-packages\sqlalchemy\util\_concurrency_py3k.py:203: 
_ _ _ _ _ _ _ _ _ _ _ _ _ _ _ _ _ _ _ _ _ _ _ _ _ _ _ _ _ _ _ _ _ _ _ _ _ _ _ _

self = <sqlalchemy.orm.session.Session object at 0x0000022A9FD0F980>
objects = None

    def flush(self, objects: Optional[Sequence[Any]] = None) -> None:
        """Flush all the object changes to the database.
    
        Writes out all pending object creations, deletions and modifications
        to the database as INSERTs, DELETEs, UPDATEs, etc.  Operations are
        automatically ordered by the Session's unit of work dependency
        solver.
    
        Database operations will be issued in the current transactional
        context and do not affect the state of the transaction, unless an
        error occurs, in which case the entire transaction is rolled back.
        You may flush() as often as you like within a transaction to move
        changes from Python to the database's transaction buffer.
    
        :param objects: Optional; restricts the flush operation to operate
          only on elements that are in the given collection.
    
          This feature is for an extremely narrow set of use cases where
          particular objects may need to be operated upon before the
          full flush() occurs.  It is not intended for general use.
    
        """
    
        if self._flushing:
            raise sa_exc.InvalidRequestError("Session is already flushing")
    
        if self._is_clean():
            return
        try:
            self._flushing = True
>           self._flush(objects)

..\..\AppData\Roaming\Python\Python313\site-packages\sqlalchemy\orm\session.py:4331: 
_ _ _ _ _ _ _ _ _ _ _ _ _ _ _ _ _ _ _ _ _ _ _ _ _ _ _ _ _ _ _ _ _ _ _ _ _ _ _ _

self = <sqlalchemy.orm.session.Session object at 0x0000022A9FD0F980>
objects = None

    def _flush(self, objects: Optional[Sequence[object]] = None) -> None:
        dirty = self._dirty_states
        if not dirty and not self._deleted and not self._new:
            self.identity_map._modified.clear()
            return
    
        flush_context = UOWTransaction(self)
    
        if self.dispatch.before_flush:
            self.dispatch.before_flush(self, flush_context, objects)
            # re-establish "dirty states" in case the listeners
            # added
            dirty = self._dirty_states
    
        deleted = set(self._deleted)
        new = set(self._new)
    
        dirty = set(dirty).difference(deleted)
    
        # create the set of all objects we want to operate upon
        if objects:
            # specific list passed in
            objset = set()
            for o in objects:
                try:
                    state = attributes.instance_state(o)
    
                except exc.NO_STATE as err:
                    raise exc.UnmappedInstanceError(o) from err
                objset.add(state)
        else:
            objset = None
    
        # store objects whose fate has been decided
        processed = set()
    
        # put all saves/updates into the flush context.  detect top-level
        # orphans and throw them into deleted.
        if objset:
            proc = new.union(dirty).intersection(objset).difference(deleted)
        else:
            proc = new.union(dirty).difference(deleted)
    
        for state in proc:
            is_orphan = _state_mapper(state)._is_orphan(state)
    
            is_persistent_orphan = is_orphan and state.has_identity
    
            if (
                is_orphan
                and not is_persistent_orphan
                and state._orphaned_outside_of_session
            ):
                self._expunge_states([state])
            else:
                _reg = flush_context.register_object(
                    state, isdelete=is_persistent_orphan
                )
                assert _reg, "Failed to add object to the flush context!"
                processed.add(state)
    
        # put all remaining deletes into the flush context.
        if objset:
            proc = deleted.intersection(objset).difference(processed)
        else:
            proc = deleted.difference(processed)
        for state in proc:
            _reg = flush_context.register_object(state, isdelete=True)
            assert _reg, "Failed to add object to the flush context!"
    
        if not flush_context.has_work:
            return
    
        flush_context.transaction = transaction = self._autobegin_t()._begin()
        try:
            self._warn_on_events = True
            try:
                flush_context.execute()
            finally:
                self._warn_on_events = False
    
            self.dispatch.after_flush(self, flush_context)
    
            flush_context.finalize_flush_changes()
    
            if not objects and self.identity_map._modified:
                len_ = len(self.identity_map._modified)
    
                statelib.InstanceState._commit_all_states(
                    [
                        (state, state.dict)
                        for state in self.identity_map._modified
                    ],
                    instance_dict=self.identity_map,
                )
                util.warn(
                    "Attribute history events accumulated on %d "
                    "previously clean instances "
                    "within inner-flush event handlers have been "
                    "reset, and will not result in database updates. "
                    "Consider using set_committed_value() within "
                    "inner-flush event handlers to avoid this warning." % len_
                )
    
            # useful assertions:
            # if not objects:
            #    assert not self.identity_map._modified
            # else:
            #    assert self.identity_map._modified == \
            #            self.identity_map._modified.difference(objects)
    
            self.dispatch.after_flush_postexec(self, flush_context)
    
            transaction.commit()
    
        except:
>           with util.safe_reraise():
                 ^^^^^^^^^^^^^^^^^^^

..\..\AppData\Roaming\Python\Python313\site-packages\sqlalchemy\orm\session.py:4466: 
_ _ _ _ _ _ _ _ _ _ _ _ _ _ _ _ _ _ _ _ _ _ _ _ _ _ _ _ _ _ _ _ _ _ _ _ _ _ _ _

self = <sqlalchemy.util.langhelpers.safe_reraise object at 0x0000022A9FD06980>
type_ = None, value = None, traceback = None

    def __exit__(
        self,
        type_: Optional[Type[BaseException]],
        value: Optional[BaseException],
        traceback: Optional[types.TracebackType],
    ) -> NoReturn:
        assert self._exc_info is not None
        # see #2703 for notes
        if type_ is None:
            exc_type, exc_value, exc_tb = self._exc_info
            assert exc_value is not None
            self._exc_info = None  # remove potential circular references
>           raise exc_value.with_traceback(exc_tb)

..\..\AppData\Roaming\Python\Python313\site-packages\sqlalchemy\util\langhelpers.py:121: 
_ _ _ _ _ _ _ _ _ _ _ _ _ _ _ _ _ _ _ _ _ _ _ _ _ _ _ _ _ _ _ _ _ _ _ _ _ _ _ _

self = <sqlalchemy.orm.session.Session object at 0x0000022A9FD0F980>
objects = None

    def _flush(self, objects: Optional[Sequence[object]] = None) -> None:
        dirty = self._dirty_states
        if not dirty and not self._deleted and not self._new:
            self.identity_map._modified.clear()
            return
    
        flush_context = UOWTransaction(self)
    
        if self.dispatch.before_flush:
            self.dispatch.before_flush(self, flush_context, objects)
            # re-establish "dirty states" in case the listeners
            # added
            dirty = self._dirty_states
    
        deleted = set(self._deleted)
        new = set(self._new)
    
        dirty = set(dirty).difference(deleted)
    
        # create the set of all objects we want to operate upon
        if objects:
            # specific list passed in
            objset = set()
            for o in objects:
                try:
                    state = attributes.instance_state(o)
    
                except exc.NO_STATE as err:
                    raise exc.UnmappedInstanceError(o) from err
                objset.add(state)
        else:
            objset = None
    
        # store objects whose fate has been decided
        processed = set()
    
        # put all saves/updates into the flush context.  detect top-level
        # orphans and throw them into deleted.
        if objset:
            proc = new.union(dirty).intersection(objset).difference(deleted)
        else:
            proc = new.union(dirty).difference(deleted)
    
        for state in proc:
            is_orphan = _state_mapper(state)._is_orphan(state)
    
            is_persistent_orphan = is_orphan and state.has_identity
    
            if (
                is_orphan
                and not is_persistent_orphan
                and state._orphaned_outside_of_session
            ):
                self._expunge_states([state])
            else:
                _reg = flush_context.register_object(
                    state, isdelete=is_persistent_orphan
                )
                assert _reg, "Failed to add object to the flush context!"
                processed.add(state)
    
        # put all remaining deletes into the flush context.
        if objset:
            proc = deleted.intersection(objset).difference(processed)
        else:
            proc = deleted.difference(processed)
        for state in proc:
            _reg = flush_context.register_object(state, isdelete=True)
            assert _reg, "Failed to add object to the flush context!"
    
        if not flush_context.has_work:
            return
    
        flush_context.transaction = transaction = self._autobegin_t()._begin()
        try:
            self._warn_on_events = True
            try:
>               flush_context.execute()

..\..\AppData\Roaming\Python\Python313\site-packages\sqlalchemy\orm\session.py:4427: 
_ _ _ _ _ _ _ _ _ _ _ _ _ _ _ _ _ _ _ _ _ _ _ _ _ _ _ _ _ _ _ _ _ _ _ _ _ _ _ _

self = <sqlalchemy.orm.unitofwork.UOWTransaction object at 0x0000022AA1A0F3E0>

    def execute(self) -> None:
        postsort_actions = self._generate_actions()
    
        postsort_actions = sorted(
            postsort_actions,
            key=lambda item: item.sort_key,
        )
        # sort = topological.sort(self.dependencies, postsort_actions)
        # print "--------------"
        # print "\ndependencies:", self.dependencies
        # print "\ncycles:", self.cycles
        # print "\nsort:", list(sort)
        # print "\nCOUNT OF POSTSORT ACTIONS", len(postsort_actions)
    
        # execute
        if self.cycles:
            for subset in topological.sort_as_subsets(
                self.dependencies, postsort_actions
            ):
                set_ = set(subset)
                while set_:
                    n = set_.pop()
                    n.execute_aggregate(self, set_)
        else:
            for rec in topological.sort(self.dependencies, postsort_actions):
>               rec.execute(self)

..\..\AppData\Roaming\Python\Python313\site-packages\sqlalchemy\orm\unitofwork.py:466: 
_ _ _ _ _ _ _ _ _ _ _ _ _ _ _ _ _ _ _ _ _ _ _ _ _ _ _ _ _ _ _ _ _ _ _ _ _ _ _ _

self = SaveUpdateAll(Mapper[Task(tasks)])
uow = <sqlalchemy.orm.unitofwork.UOWTransaction object at 0x0000022AA1A0F3E0>

    @util.preload_module("sqlalchemy.orm.persistence")
    def execute(self, uow):
>       util.preloaded.orm_persistence.save_obj(
            self.mapper,
            uow.states_for_mapper_hierarchy(self.mapper, False, False),
            uow,
        )

..\..\AppData\Roaming\Python\Python313\site-packages\sqlalchemy\orm\unitofwork.py:642: 
_ _ _ _ _ _ _ _ _ _ _ _ _ _ _ _ _ _ _ _ _ _ _ _ _ _ _ _ _ _ _ _ _ _ _ _ _ _ _ _

base_mapper = <Mapper at 0x22a9ef81010; Task>
states = <generator object UOWTransaction.states_for_mapper_hierarchy at 0x0000022A9FCE0400>
uowtransaction = <sqlalchemy.orm.unitofwork.UOWTransaction object at 0x0000022AA1A0F3E0>
single = False

    def save_obj(base_mapper, states, uowtransaction, single=False):
        """Issue ``INSERT`` and/or ``UPDATE`` statements for a list
        of objects.
    
        This is called within the context of a UOWTransaction during a
        flush operation, given a list of states to be flushed.  The
        base mapper in an inheritance hierarchy handles the inserts/
        updates for all descendant mappers.
    
        """
    
        # if batch=false, call _save_obj separately for each object
        if not single and not base_mapper.batch:
            for state in _sort_states(base_mapper, states):
                save_obj(base_mapper, [state], uowtransaction, single=True)
            return
    
        states_to_update = []
        states_to_insert = []
    
        for (
            state,
            dict_,
            mapper,
            connection,
            has_identity,
            row_switch,
            update_version_id,
        ) in _organize_states_for_save(base_mapper, states, uowtransaction):
            if has_identity or row_switch:
                states_to_update.append(
                    (state, dict_, mapper, connection, update_version_id)
                )
            else:
                states_to_insert.append((state, dict_, mapper, connection))
    
        for table, mapper in base_mapper._sorted_tables.items():
            if table not in mapper._pks_by_table:
                continue
            insert = _collect_insert_commands(table, states_to_insert)
    
            update = _collect_update_commands(
                uowtransaction, table, states_to_update
            )
    
            _emit_update_statements(
                base_mapper,
                uowtransaction,
                mapper,
                table,
                update,
            )
    
>           _emit_insert_statements(
                base_mapper,
                uowtransaction,
                mapper,
                table,
                insert,
            )

..\..\AppData\Roaming\Python\Python313\site-packages\sqlalchemy\orm\persistence.py:93: 
_ _ _ _ _ _ _ _ _ _ _ _ _ _ _ _ _ _ _ _ _ _ _ _ _ _ _ _ _ _ _ _ _ _ _ _ _ _ _ _

base_mapper = <Mapper at 0x22a9ef81010; Task>
uowtransaction = <sqlalchemy.orm.unitofwork.UOWTransaction object at 0x0000022AA1A0F3E0>
mapper = <Mapper at 0x22a9ef81010; Task>
table = Table('tasks', MetaData(), Column('id', String(), table=<tasks>, primary_key=True, nullable=False), Column('title', St...lumnDefault(<function _utcnow at 0x0000022A9EFBECA0>)), Column('completed_at', DateTime(), table=<tasks>), schema=None)
insert = <generator object _collect_insert_commands at 0x0000022A9FB65940>

    def _emit_insert_statements(
        base_mapper,
        uowtransaction,
        mapper,
        table,
        insert,
        *,
        bookkeeping=True,
        use_orm_insert_stmt=None,
        execution_options=None,
    ):
        """Emit INSERT statements corresponding to value lists collected
        by _collect_insert_commands()."""
    
        if use_orm_insert_stmt is not None:
            cached_stmt = use_orm_insert_stmt
            exec_opt = util.EMPTY_DICT
    
            # if a user query with RETURNING was passed, we definitely need
            # to use RETURNING.
            returning_is_required_anyway = bool(use_orm_insert_stmt._returning)
            deterministic_results_reqd = (
                returning_is_required_anyway
                and use_orm_insert_stmt._sort_by_parameter_order
            ) or bookkeeping
        else:
            returning_is_required_anyway = False
            deterministic_results_reqd = bookkeeping
            cached_stmt = base_mapper._memo(("insert", table), table.insert)
            exec_opt = {"compiled_cache": base_mapper._compiled_cache}
    
        if execution_options:
            execution_options = util.EMPTY_DICT.merge_with(
                exec_opt, execution_options
            )
        else:
            execution_options = exec_opt
    
        return_result = None
    
        for (
            (connection, _, hasvalue, has_all_pks, has_all_defaults),
            records,
        ) in groupby(
            insert,
            lambda rec: (
                rec[4],  # connection
                set(rec[2]),  # parameter keys
                bool(rec[5]),  # whether we have "value" parameters
                rec[6],
                rec[7],
            ),
        ):
            statement = cached_stmt
    
            if use_orm_insert_stmt is not None:
                statement = statement._annotate(
                    {
                        "_emit_insert_table": table,
                        "_emit_insert_mapper": mapper,
                    }
                )
    
            if (
                (
                    not bookkeeping
                    or (
                        has_all_defaults
                        or not base_mapper._prefer_eager_defaults(
                            connection.dialect, table
                        )
                        or not table.implicit_returning
                        or not connection.dialect.insert_returning
                    )
                )
                and not returning_is_required_anyway
                and has_all_pks
                and not hasvalue
            ):
                # the "we don't need newly generated values back" section.
                # here we have all the PKs, all the defaults or we don't want
                # to fetch them, or the dialect doesn't support RETURNING at all
                # so we have to post-fetch / use lastrowid anyway.
                records = list(records)
                multiparams = [rec[2] for rec in records]
    
>               result = connection.execute(
                    statement, multiparams, execution_options=execution_options
                )

..\..\AppData\Roaming\Python\Python313\site-packages\sqlalchemy\orm\persistence.py:1048: 
_ _ _ _ _ _ _ _ _ _ _ _ _ _ _ _ _ _ _ _ _ _ _ _ _ _ _ _ _ _ _ _ _ _ _ _ _ _ _ _

self = <sqlalchemy.engine.base.Connection object at 0x0000022A9FD10130>
statement = <sqlalchemy.sql.dml.Insert object at 0x0000022A9FBD5E80>
parameters = [{'completed_at': None, 'description': '', 'due_date': None, 'id': 'ad4c0927-4fec-4c07-86b4-6713cd465e77', ...}]

    def execute(
        self,
        statement: Executable,
        parameters: Optional[_CoreAnyExecuteParams] = None,
        *,
        execution_options: Optional[CoreExecuteOptionsParameter] = None,
    ) -> CursorResult[Any]:
        r"""Executes a SQL statement construct and returns a
        :class:`_engine.CursorResult`.
    
        :param statement: The statement to be executed.  This is always
         an object that is in both the :class:`_expression.ClauseElement` and
         :class:`_expression.Executable` hierarchies, including:
    
         * :class:`_expression.Select`
         * :class:`_expression.Insert`, :class:`_expression.Update`,
           :class:`_expression.Delete`
         * :class:`_expression.TextClause` and
           :class:`_expression.TextualSelect`
         * :class:`_schema.DDL` and objects which inherit from
           :class:`_schema.ExecutableDDLElement`
    
        :param parameters: parameters which will be bound into the statement.
         This may be either a dictionary of parameter names to values,
         or a mutable sequence (e.g. a list) of dictionaries.  When a
         list of dictionaries is passed, the underlying statement execution
         will make use of the DBAPI ``cursor.executemany()`` method.
         When a single dictionary is passed, the DBAPI ``cursor.execute()``
         method will be used.
    
        :param execution_options: optional dictionary of execution options,
         which will be associated with the statement execution.  This
         dictionary can provide a subset of the options that are accepted
         by :meth:`_engine.Connection.execution_options`.
    
        :return: a :class:`_engine.Result` object.
    
        """
        distilled_parameters = _distill_params_20(parameters)
        try:
            meth = statement._execute_on_connection
        except AttributeError as err:
            raise exc.ObjectNotExecutableError(statement) from err
        else:
>           return meth(
                self,
                distilled_parameters,
                execution_options or NO_OPTIONS,
            )

..\..\AppData\Roaming\Python\Python313\site-packages\sqlalchemy\engine\base.py:1419: 
_ _ _ _ _ _ _ _ _ _ _ _ _ _ _ _ _ _ _ _ _ _ _ _ _ _ _ _ _ _ _ _ _ _ _ _ _ _ _ _

self = <sqlalchemy.sql.dml.Insert object at 0x0000022A9FBD5E80>
connection = <sqlalchemy.engine.base.Connection object at 0x0000022A9FD10130>
distilled_params = [{'completed_at': None, 'description': '', 'due_date': None, 'id': 'ad4c0927-4fec-4c07-86b4-6713cd465e77', ...}]
execution_options = {'compiled_cache': <sqlalchemy.util._collections.LRUCache object at 0x0000022A9FC2C810>}

    def _execute_on_connection(
        self,
        connection: Connection,
        distilled_params: _CoreMultiExecuteParams,
        execution_options: CoreExecuteOptionsParameter,
    ) -> Result[Any]:
        if self.supports_execution:
            if TYPE_CHECKING:
                assert isinstance(self, Executable)
>           return connection._execute_clauseelement(
                self, distilled_params, execution_options
            )

..\..\AppData\Roaming\Python\Python313\site-packages\sqlalchemy\sql\elements.py:527: 
_ _ _ _ _ _ _ _ _ _ _ _ _ _ _ _ _ _ _ _ _ _ _ _ _ _ _ _ _ _ _ _ _ _ _ _ _ _ _ _

self = <sqlalchemy.engine.base.Connection object at 0x0000022A9FD10130>
elem = <sqlalchemy.sql.dml.Insert object at 0x0000022A9FBD5E80>
distilled_parameters = [{'completed_at': None, 'description': '', 'due_date': None, 'id': 'ad4c0927-4fec-4c07-86b4-6713cd465e77', ...}]
execution_options = immutabledict({'compiled_cache': <sqlalchemy.util._collections.LRUCache object at 0x0000022A9FC2C810>})

    def _execute_clauseelement(
        self,
        elem: Executable,
        distilled_parameters: _CoreMultiExecuteParams,
        execution_options: CoreExecuteOptionsParameter,
    ) -> CursorResult[Any]:
        """Execute a sql.ClauseElement object."""
    
        execution_options = elem._execution_options.merge_with(
            self._execution_options, execution_options
        )
    
        has_events = self._has_events or self.engine._has_events
        if has_events:
            (
                elem,
                distilled_parameters,
                event_multiparams,
                event_params,
            ) = self._invoke_before_exec_event(
                elem, distilled_parameters, execution_options
            )
    
        if distilled_parameters:
            # ensure we don't retain a link to the view object for keys()
            # which links to the values, which we don't want to cache
            keys = sorted(distilled_parameters[0])
            for_executemany = len(distilled_parameters) > 1
        else:
            keys = []
            for_executemany = False
    
        dialect = self.dialect
    
        schema_translate_map = execution_options.get(
            "schema_translate_map", None
        )
    
        compiled_cache: Optional[CompiledCacheType] = execution_options.get(
            "compiled_cache", self.engine._compiled_cache
        )
    
        compiled_sql, extracted_params, cache_hit = elem._compile_w_cache(
            dialect=dialect,
            compiled_cache=compiled_cache,
            column_keys=keys,
            for_executemany=for_executemany,
            schema_translate_map=schema_translate_map,
            linting=self.dialect.compiler_linting | compiler.WARN_LINTING,
        )
>       ret = self._execute_context(
            dialect,
            dialect.execution_ctx_cls._init_compiled,
            compiled_sql,
            distilled_parameters,
            execution_options,
            compiled_sql,
            distilled_parameters,
            elem,
            extracted_params,
            cache_hit=cache_hit,
        )

..\..\AppData\Roaming\Python\Python313\site-packages\sqlalchemy\engine\base.py:1641: 
_ _ _ _ _ _ _ _ _ _ _ _ _ _ _ _ _ _ _ _ _ _ _ _ _ _ _ _ _ _ _ _ _ _ _ _ _ _ _ _

self = <sqlalchemy.engine.base.Connection object at 0x0000022A9FD10130>
dialect = <sqlalchemy.dialects.sqlite.aiosqlite.SQLiteDialect_aiosqlite object at 0x0000022A9FB5A710>
constructor = <bound method DefaultExecutionContext._init_compiled of <class 'sqlalchemy.dialects.sqlite.aiosqlite.SQLiteExecutionContext_aiosqlite'>>
statement = <sqlalchemy.dialects.sqlite.base.SQLiteCompiler object at 0x0000022A9FC0CB90>
parameters = [{'completed_at': None, 'description': '', 'due_date': None, 'id': 'ad4c0927-4fec-4c07-86b4-6713cd465e77', ...}]
execution_options = immutabledict({'compiled_cache': <sqlalchemy.util._collections.LRUCache object at 0x0000022A9FC2C810>})
args = (<sqlalchemy.dialects.sqlite.base.SQLiteCompiler object at 0x0000022A9FC0CB90>, [{'completed_at': None, 'description':...one, 'id': 'ad4c0927-4fec-4c07-86b4-6713cd465e77', ...}], <sqlalchemy.sql.dml.Insert object at 0x0000022A9FBD5E80>, [])
kw = {'cache_hit': <CacheStats.CACHE_HIT: 0>}, yp = None
conn = <sqlalchemy.pool.base._ConnectionFairy object at 0x0000022A9FBC21B0>
context = <sqlalchemy.dialects.sqlite.aiosqlite.SQLiteExecutionContext_aiosqlite object at 0x0000022A9FD10590>

    def _execute_context(
        self,
        dialect: Dialect,
        constructor: Callable[..., ExecutionContext],
        statement: Union[str, Compiled],
        parameters: Optional[_AnyMultiExecuteParams],
        execution_options: _ExecuteOptions,
        *args: Any,
        **kw: Any,
    ) -> CursorResult[Any]:
        """Create an :class:`.ExecutionContext` and execute, returning
        a :class:`_engine.CursorResult`."""
    
        if execution_options:
            yp = execution_options.get("yield_per", None)
            if yp:
                execution_options = execution_options.union(
                    {"stream_results": True, "max_row_buffer": yp}
                )
        try:
            conn = self._dbapi_connection
            if conn is None:
                conn = self._revalidate_connection()
    
            context = constructor(
                dialect, self, conn, execution_options, *args, **kw
            )
        except (exc.PendingRollbackError, exc.ResourceClosedError):
            raise
        except BaseException as e:
            self._handle_dbapi_exception(
                e, str(statement), parameters, None, None
            )
    
        if (
            self._transaction
            and not self._transaction.is_active
            or (
                self._nested_transaction
                and not self._nested_transaction.is_active
            )
        ):
            self._invalid_transaction()
    
        elif self._trans_context_manager:
            TransactionalContext._trans_ctx_check(self)
    
        if self._transaction is None:
            self._autobegin()
    
        context.pre_exec()
    
        if context.execute_style is ExecuteStyle.INSERTMANYVALUES:
            return self._exec_insertmany_context(dialect, context)
        else:
>           return self._exec_single_context(
                dialect, context, statement, parameters
            )

..\..\AppData\Roaming\Python\Python313\site-packages\sqlalchemy\engine\base.py:1846: 
_ _ _ _ _ _ _ _ _ _ _ _ _ _ _ _ _ _ _ _ _ _ _ _ _ _ _ _ _ _ _ _ _ _ _ _ _ _ _ _

self = <sqlalchemy.engine.base.Connection object at 0x0000022A9FD10130>
dialect = <sqlalchemy.dialects.sqlite.aiosqlite.SQLiteDialect_aiosqlite object at 0x0000022A9FB5A710>
context = <sqlalchemy.dialects.sqlite.aiosqlite.SQLiteExecutionContext_aiosqlite object at 0x0000022A9FD10590>
statement = <sqlalchemy.dialects.sqlite.base.SQLiteCompiler object at 0x0000022A9FC0CB90>
parameters = [('ad4c0927-4fec-4c07-86b4-6713cd465e77', 'Buy groceries', '', 'todo', 'low', None, ...)]

    def _exec_single_context(
        self,
        dialect: Dialect,
        context: ExecutionContext,
        statement: Union[str, Compiled],
        parameters: Optional[_AnyMultiExecuteParams],
    ) -> CursorResult[Any]:
        """continue the _execute_context() method for a single DBAPI
        cursor.execute() or cursor.executemany() call.
    
        """
        if dialect.bind_typing is BindTyping.SETINPUTSIZES:
            generic_setinputsizes = context._prepare_set_input_sizes()
    
            if generic_setinputsizes:
                try:
                    dialect.do_set_input_sizes(
                        context.cursor, generic_setinputsizes, context
                    )
                except BaseException as e:
                    self._handle_dbapi_exception(
                        e, str(statement), parameters, None, context
                    )
    
        cursor, str_statement, parameters = (
            context.cursor,
            context.statement,
            context.parameters,
        )
    
        effective_parameters: Optional[_AnyExecuteParams]
    
        if not context.executemany:
            effective_parameters = parameters[0]
        else:
            effective_parameters = parameters
    
        if self._has_events or self.engine._has_events:
            for fn in self.dispatch.before_cursor_execute:
                str_statement, effective_parameters = fn(
                    self,
                    cursor,
                    str_statement,
                    effective_parameters,
                    context,
                    context.executemany,
                )
    
        if self._echo:
            self._log_info(str_statement)
    
            stats = context._get_cache_stats()
    
            if not self.engine.hide_parameters:
                self._log_info(
                    "[%s] %r",
                    stats,
                    sql_util._repr_params(
                        effective_parameters,
                        batches=10,
                        ismulti=context.executemany,
                    ),
                )
            else:
                self._log_info(
                    "[%s] [SQL parameters hidden due to hide_parameters=True]",
                    stats,
                )
    
        evt_handled: bool = False
        try:
            if context.execute_style is ExecuteStyle.EXECUTEMANY:
                effective_parameters = cast(
                    "_CoreMultiExecuteParams", effective_parameters
                )
                if self.dialect._has_events:
                    for fn in self.dialect.dispatch.do_executemany:
                        if fn(
                            cursor,
                            str_statement,
                            effective_parameters,
                            context,
                        ):
                            evt_handled = True
                            break
                if not evt_handled:
                    self.dialect.do_executemany(
                        cursor,
                        str_statement,
                        effective_parameters,
                        context,
                    )
            elif not effective_parameters and context.no_parameters:
                if self.dialect._has_events:
                    for fn in self.dialect.dispatch.do_execute_no_params:
                        if fn(cursor, str_statement, context):
                            evt_handled = True
                            break
                if not evt_handled:
                    self.dialect.do_execute_no_params(
                        cursor, str_statement, context
                    )
            else:
                effective_parameters = cast(
                    "_CoreSingleExecuteParams", effective_parameters
                )
                if self.dialect._has_events:
                    for fn in self.dialect.dispatch.do_execute:
                        if fn(
                            cursor,
                            str_statement,
                            effective_parameters,
                            context,
                        ):
                            evt_handled = True
                            break
                if not evt_handled:
                    self.dialect.do_execute(
                        cursor, str_statement, effective_parameters, context
                    )
    
            if self._has_events or self.engine._has_events:
                self.dispatch.after_cursor_execute(
                    self,
                    cursor,
                    str_statement,
                    effective_parameters,
                    context,
                    context.executemany,
                )
    
            context.post_exec()
    
            result = context._setup_result_proxy()
    
        except BaseException as e:
>           self._handle_dbapi_exception(
                e, str_statement, effective_parameters, cursor, context
            )

..\..\AppData\Roaming\Python\Python313\site-packages\sqlalchemy\engine\base.py:1986: 
_ _ _ _ _ _ _ _ _ _ _ _ _ _ _ _ _ _ _ _ _ _ _ _ _ _ _ _ _ _ _ _ _ _ _ _ _ _ _ _

self = <sqlalchemy.engine.base.Connection object at 0x0000022A9FD10130>
e = OperationalError('no such table: tasks')
statement = 'INSERT INTO tasks (id, title, description, status, priority, due_date, tags, created_at, updated_at, completed_at) VALUES (?, ?, ?, ?, ?, ?, ?, ?, ?, ?)'
parameters = ('ad4c0927-4fec-4c07-86b4-6713cd465e77', 'Buy groceries', '', 'todo', 'low', None, ...)
cursor = <sqlalchemy.dialects.sqlite.aiosqlite.AsyncAdapt_aiosqlite_cursor object at 0x0000022AA0DF9FC0>
context = <sqlalchemy.dialects.sqlite.aiosqlite.SQLiteExecutionContext_aiosqlite object at 0x0000022A9FD10590>
is_sub_exec = False

    def _handle_dbapi_exception(
        self,
        e: BaseException,
        statement: Optional[str],
        parameters: Optional[_AnyExecuteParams],
        cursor: Optional[DBAPICursor],
        context: Optional[ExecutionContext],
        is_sub_exec: bool = False,
    ) -> NoReturn:
        exc_info = sys.exc_info()
    
        is_exit_exception = util.is_exit_exception(e)
    
        if not self._is_disconnect:
            self._is_disconnect = (
                isinstance(e, self.dialect.loaded_dbapi.Error)
                and not self.closed
                and self.dialect.is_disconnect(
                    e,
                    self._dbapi_connection if not self.invalidated else None,
                    cursor,
                )
            ) or (is_exit_exception and not self.closed)
    
        invalidate_pool_on_disconnect = not is_exit_exception
    
        ismulti: bool = (
            not is_sub_exec and context.executemany
            if context is not None
            else False
        )
        if self._reentrant_error:
            raise exc.DBAPIError.instance(
                statement,
                parameters,
                e,
                self.dialect.loaded_dbapi.Error,
                hide_parameters=self.engine.hide_parameters,
                dialect=self.dialect,
                ismulti=ismulti,
            ).with_traceback(exc_info[2]) from e
        self._reentrant_error = True
        try:
            # non-DBAPI error - if we already got a context,
            # or there's no string statement, don't wrap it
            should_wrap = isinstance(e, self.dialect.loaded_dbapi.Error) or (
                statement is not None
                and context is None
                and not is_exit_exception
            )
    
            if should_wrap:
                sqlalchemy_exception = exc.DBAPIError.instance(
                    statement,
                    parameters,
                    cast(Exception, e),
                    self.dialect.loaded_dbapi.Error,
                    hide_parameters=self.engine.hide_parameters,
                    connection_invalidated=self._is_disconnect,
                    dialect=self.dialect,
                    ismulti=ismulti,
                )
            else:
                sqlalchemy_exception = None
    
            newraise = None
    
            if (self.dialect._has_events) and not self._execution_options.get(
                "skip_user_error_events", False
            ):
                ctx = ExceptionContextImpl(
                    e,
                    sqlalchemy_exception,
                    self.engine,
                    self.dialect,
                    self,
                    cursor,
                    statement,
                    parameters,
                    context,
                    self._is_disconnect,
                    invalidate_pool_on_disconnect,
                    False,
                )
    
                for fn in self.dialect.dispatch.handle_error:
                    try:
                        # handler returns an exception;
                        # call next handler in a chain
                        per_fn = fn(ctx)
                        if per_fn is not None:
                            ctx.chained_exception = newraise = per_fn
                    except Exception as _raised:
                        # handler raises an exception - stop processing
                        newraise = _raised
                        break
    
                if self._is_disconnect != ctx.is_disconnect:
                    self._is_disconnect = ctx.is_disconnect
                    if sqlalchemy_exception:
                        sqlalchemy_exception.connection_invalidated = (
                            ctx.is_disconnect
                        )
    
                # set up potentially user-defined value for
                # invalidate pool.
                invalidate_pool_on_disconnect = (
                    ctx.invalidate_pool_on_disconnect
                )
    
            if should_wrap and context:
                context.handle_dbapi_exception(e)
    
            if not self._is_disconnect:
                if cursor:
                    self._safe_close_cursor(cursor)
                # "autorollback" was mostly relevant in 1.x series.
                # It's very unlikely to reach here, as the connection
                # does autobegin so when we are here, we are usually
                # in an explicit / semi-explicit transaction.
                # however we have a test which manufactures this
                # scenario in any case using an event handler.
                # test/engine/test_execute.py-> test_actual_autorollback
                if not self.in_transaction():
                    self._rollback_impl()
    
            if newraise:
                raise newraise.with_traceback(exc_info[2]) from e
            elif should_wrap:
                assert sqlalchemy_exception is not None
>               raise sqlalchemy_exception.with_traceback(exc_info[2]) from e

..\..\AppData\Roaming\Python\Python313\site-packages\sqlalchemy\engine\base.py:2363: 
_ _ _ _ _ _ _ _ _ _ _ _ _ _ _ _ _ _ _ _ _ _ _ _ _ _ _ _ _ _ _ _ _ _ _ _ _ _ _ _

self = <sqlalchemy.engine.base.Connection object at 0x0000022A9FD10130>
dialect = <sqlalchemy.dialects.sqlite.aiosqlite.SQLiteDialect_aiosqlite object at 0x0000022A9FB5A710>
context = <sqlalchemy.dialects.sqlite.aiosqlite.SQLiteExecutionContext_aiosqlite object at 0x0000022A9FD10590>
statement = <sqlalchemy.dialects.sqlite.base.SQLiteCompiler object at 0x0000022A9FC0CB90>
parameters = [('ad4c0927-4fec-4c07-86b4-6713cd465e77', 'Buy groceries', '', 'todo', 'low', None, ...)]

    def _exec_single_context(
        self,
        dialect: Dialect,
        context: ExecutionContext,
        statement: Union[str, Compiled],
        parameters: Optional[_AnyMultiExecuteParams],
    ) -> CursorResult[Any]:
        """continue the _execute_context() method for a single DBAPI
        cursor.execute() or cursor.executemany() call.
    
        """
        if dialect.bind_typing is BindTyping.SETINPUTSIZES:
            generic_setinputsizes = context._prepare_set_input_sizes()
    
            if generic_setinputsizes:
                try:
                    dialect.do_set_input_sizes(
                        context.cursor, generic_setinputsizes, context
                    )
                except BaseException as e:
                    self._handle_dbapi_exception(
                        e, str(statement), parameters, None, context
                    )
    
        cursor, str_statement, parameters = (
            context.cursor,
            context.statement,
            context.parameters,
        )
    
        effective_parameters: Optional[_AnyExecuteParams]
    
        if not context.executemany:
            effective_parameters = parameters[0]
        else:
            effective_parameters = parameters
    
        if self._has_events or self.engine._has_events:
            for fn in self.dispatch.before_cursor_execute:
                str_statement, effective_parameters = fn(
                    self,
                    cursor,
                    str_statement,
                    effective_parameters,
                    context,
                    context.executemany,
                )
    
        if self._echo:
            self._log_info(str_statement)
    
            stats = context._get_cache_stats()
    
            if not self.engine.hide_parameters:
                self._log_info(
                    "[%s] %r",
                    stats,
                    sql_util._repr_params(
                        effective_parameters,
                        batches=10,
                        ismulti=context.executemany,
                    ),
                )
            else:
                self._log_info(
                    "[%s] [SQL parameters hidden due to hide_parameters=True]",
                    stats,
                )
    
        evt_handled: bool = False
        try:
            if context.execute_style is ExecuteStyle.EXECUTEMANY:
                effective_parameters = cast(
                    "_CoreMultiExecuteParams", effective_parameters
                )
                if self.dialect._has_events:
                    for fn in self.dialect.dispatch.do_executemany:
                        if fn(
                            cursor,
                            str_statement,
                            effective_parameters,
                            context,
                        ):
                            evt_handled = True
                            break
                if not evt_handled:
                    self.dialect.do_executemany(
                        cursor,
                        str_statement,
                        effective_parameters,
                        context,
                    )
            elif not effective_parameters and context.no_parameters:
                if self.dialect._has_events:
                    for fn in self.dialect.dispatch.do_execute_no_params:
                        if fn(cursor, str_statement, context):
                            evt_handled = True
                            break
                if not evt_handled:
                    self.dialect.do_execute_no_params(
                        cursor, str_statement, context
                    )
            else:
                effective_parameters = cast(
                    "_CoreSingleExecuteParams", effective_parameters
                )
                if self.dialect._has_events:
                    for fn in self.dialect.dispatch.do_execute:
                        if fn(
                            cursor,
                            str_statement,
                            effective_parameters,
                            context,
                        ):
                            evt_handled = True
                            break
                if not evt_handled:
>                   self.dialect.do_execute(
                        cursor, str_statement, effective_parameters, context
                    )

..\..\AppData\Roaming\Python\Python313\site-packages\sqlalchemy\engine\base.py:1967: 
_ _ _ _ _ _ _ _ _ _ _ _ _ _ _ _ _ _ _ _ _ _ _ _ _ _ _ _ _ _ _ _ _ _ _ _ _ _ _ _

self = <sqlalchemy.dialects.sqlite.aiosqlite.SQLiteDialect_aiosqlite object at 0x0000022A9FB5A710>
cursor = <sqlalchemy.dialects.sqlite.aiosqlite.AsyncAdapt_aiosqlite_cursor object at 0x0000022AA0DF9FC0>
statement = 'INSERT INTO tasks (id, title, description, status, priority, due_date, tags, created_at, updated_at, completed_at) VALUES (?, ?, ?, ?, ?, ?, ?, ?, ?, ?)'
parameters = ('ad4c0927-4fec-4c07-86b4-6713cd465e77', 'Buy groceries', '', 'todo', 'low', None, ...)
context = <sqlalchemy.dialects.sqlite.aiosqlite.SQLiteExecutionContext_aiosqlite object at 0x0000022A9FD10590>

    def do_execute(self, cursor, statement, parameters, context=None):
>       cursor.execute(statement, parameters)

..\..\AppData\Roaming\Python\Python313\site-packages\sqlalchemy\engine\default.py:952: 
_ _ _ _ _ _ _ _ _ _ _ _ _ _ _ _ _ _ _ _ _ _ _ _ _ _ _ _ _ _ _ _ _ _ _ _ _ _ _ _

self = <sqlalchemy.dialects.sqlite.aiosqlite.AsyncAdapt_aiosqlite_cursor object at 0x0000022AA0DF9FC0>
operation = 'INSERT INTO tasks (id, title, description, status, priority, due_date, tags, created_at, updated_at, completed_at) VALUES (?, ?, ?, ?, ?, ?, ?, ?, ?, ?)'
parameters = ('ad4c0927-4fec-4c07-86b4-6713cd465e77', 'Buy groceries', '', 'todo', 'low', None, ...)

    def execute(
        self,
        operation: Any,
        parameters: Optional[_DBAPISingleExecuteParams] = None,
    ) -> Any:
    
        try:
            _cursor: AsyncIODBAPICursor = self.await_(self._connection.cursor())  # type: ignore[arg-type] # noqa: E501
    
            if parameters is None:
                self.await_(_cursor.execute(operation))
            else:
                self.await_(_cursor.execute(operation, parameters))
    
            if _cursor.description:
                self.description = _cursor.description
                self.lastrowid = self.rowcount = -1
    
                if not self.server_side:
                    self._rows = deque(self.await_(_cursor.fetchall()))
            else:
                self.description = None
                self.lastrowid = _cursor.lastrowid
                self.rowcount = _cursor.rowcount
    
            if not self.server_side:
                self.await_(_cursor.close())
            else:
                self._cursor = _cursor  # type: ignore[misc]
        except Exception as error:
>           self._adapt_connection._handle_exception(error)

..\..\AppData\Roaming\Python\Python313\site-packages\sqlalchemy\dialects\sqlite\aiosqlite.py:182: 
_ _ _ _ _ _ _ _ _ _ _ _ _ _ _ _ _ _ _ _ _ _ _ _ _ _ _ _ _ _ _ _ _ _ _ _ _ _ _ _

self = <AdaptedConnection <aiosqlite.core.Connection object at 0x0000022AA0E3B4D0>>
error = OperationalError('no such table: tasks')

    def _handle_exception(self, error: Exception) -> NoReturn:
        if (
            isinstance(error, ValueError)
            and error.args[0] == "no active connection"
        ):
            raise self.dbapi.sqlite.OperationalError(
                "no active connection"
            ) from error
        else:
>           raise error

..\..\AppData\Roaming\Python\Python313\site-packages\sqlalchemy\dialects\sqlite\aiosqlite.py:342: 
_ _ _ _ _ _ _ _ _ _ _ _ _ _ _ _ _ _ _ _ _ _ _ _ _ _ _ _ _ _ _ _ _ _ _ _ _ _ _ _

self = <sqlalchemy.dialects.sqlite.aiosqlite.AsyncAdapt_aiosqlite_cursor object at 0x0000022AA0DF9FC0>
operation = 'INSERT INTO tasks (id, title, description, status, priority, due_date, tags, created_at, updated_at, completed_at) VALUES (?, ?, ?, ?, ?, ?, ?, ?, ?, ?)'
parameters = ('ad4c0927-4fec-4c07-86b4-6713cd465e77', 'Buy groceries', '', 'todo', 'low', None, ...)

    def execute(
        self,
        operation: Any,
        parameters: Optional[_DBAPISingleExecuteParams] = None,
    ) -> Any:
    
        try:
            _cursor: AsyncIODBAPICursor = self.await_(self._connection.cursor())  # type: ignore[arg-type] # noqa: E501
    
            if parameters is None:
                self.await_(_cursor.execute(operation))
            else:
>               self.await_(_cursor.execute(operation, parameters))

..\..\AppData\Roaming\Python\Python313\site-packages\sqlalchemy\dialects\sqlite\aiosqlite.py:164: 
_ _ _ _ _ _ _ _ _ _ _ _ _ _ _ _ _ _ _ _ _ _ _ _ _ _ _ _ _ _ _ _ _ _ _ _ _ _ _ _

awaitable = <coroutine object Cursor.execute at 0x0000022A9FD10740>

    def await_only(awaitable: Awaitable[_T]) -> _T:
        """Awaits an async function in a sync method.
    
        The sync method must be inside a :func:`greenlet_spawn` context.
        :func:`await_only` calls cannot be nested.
    
        :param awaitable: The coroutine to call.
    
        """
        # this is called in the context greenlet while running fn
        current = getcurrent()
        if not getattr(current, "__sqlalchemy_greenlet_provider__", False):
            _safe_cancel_awaitable(awaitable)
    
            raise exc.MissingGreenlet(
                "greenlet_spawn has not been called; can't call await_only() "
                "here. Was IO attempted in an unexpected place?"
            )
    
        # returns the control to the driver greenlet passing it
        # a coroutine to run. Once the awaitable is done, the driver greenlet
        # switches back to this greenlet with the result of awaitable that is
        # then returned to the caller (or raised as error)
>       return current.parent.switch(awaitable)  # type: ignore[no-any-return,attr-defined] # noqa: E501
               ^^^^^^^^^^^^^^^^^^^^^^^^^^^^^^^^

..\..\AppData\Roaming\Python\Python313\site-packages\sqlalchemy\util\_concurrency_py3k.py:132: 
_ _ _ _ _ _ _ _ _ _ _ _ _ _ _ _ _ _ _ _ _ _ _ _ _ _ _ _ _ _ _ _ _ _ _ _ _ _ _ _

fn = <bound method Session.flush of <sqlalchemy.orm.session.Session object at 0x0000022A9FD0F980>>
_require_await = False, args = (), kwargs = {'objects': None}
context = <_AsyncIoGreenlet object at 0x0000022AA1488B40 (otid=0x0000022A9E4E1470) dead>
switch_occurred = True
result = <coroutine object Connection.rollback at 0x0000022AA1DA8640>
value = None

    async def greenlet_spawn(
        fn: Callable[..., _T],
        *args: Any,
        _require_await: bool = False,
        **kwargs: Any,
    ) -> _T:
        """Runs a sync function ``fn`` in a new greenlet.
    
        The sync function can then use :func:`await_only` to wait for async
        functions.
    
        :param fn: The sync callable to call.
        :param \\*args: Positional arguments to pass to the ``fn`` callable.
        :param \\*\\*kwargs: Keyword arguments to pass to the ``fn`` callable.
        """
    
        result: Any
        context = _AsyncIoGreenlet(fn, getcurrent())
        # runs the function synchronously in gl greenlet. If the execution
        # is interrupted by await_only, context is not dead and result is a
        # coroutine to wait. If the context is dead the function has
        # returned, and its result can be returned.
        switch_occurred = False
        result = context.switch(*args, **kwargs)
        while not context.dead:
            switch_occurred = True
            try:
                # wait for a coroutine from await_only and then return its
                # result back to it.
>               value = await result
                        ^^^^^^^^^^^^

..\..\AppData\Roaming\Python\Python313\site-packages\sqlalchemy\util\_concurrency_py3k.py:196: 
_ _ _ _ _ _ _ _ _ _ _ _ _ _ _ _ _ _ _ _ _ _ _ _ _ _ _ _ _ _ _ _ _ _ _ _ _ _ _ _

self = <aiosqlite.cursor.Cursor object at 0x0000022AA0DF8D10>
sql = 'INSERT INTO tasks (id, title, description, status, priority, due_date, tags, created_at, updated_at, completed_at) VALUES (?, ?, ?, ?, ?, ?, ?, ?, ?, ?)'
parameters = ('ad4c0927-4fec-4c07-86b4-6713cd465e77', 'Buy groceries', '', 'todo', 'low', None, ...)

    async def execute(
        self, sql: str, parameters: Optional[Iterable[Any]] = None
    ) -> "Cursor":
        """Execute the given query."""
        if parameters is None:
            parameters = []
>       await self._execute(self._cursor.execute, sql, parameters)

..\..\AppData\Roaming\Python\Python313\site-packages\aiosqlite\cursor.py:40: 
_ _ _ _ _ _ _ _ _ _ _ _ _ _ _ _ _ _ _ _ _ _ _ _ _ _ _ _ _ _ _ _ _ _ _ _ _ _ _ _

self = <aiosqlite.cursor.Cursor object at 0x0000022AA0DF8D10>
fn = <built-in method execute of sqlite3.Cursor object at 0x0000022AA0DDB440>
args = ('INSERT INTO tasks (id, title, description, status, priority, due_date, tags, created_at, updated_at, completed_at) V..., ?, ?, ?, ?, ?, ?, ?, ?, ?)', ('ad4c0927-4fec-4c07-86b4-6713cd465e77', 'Buy groceries', '', 'todo', 'low', None, ...))
kwargs = {}

    async def _execute(self, fn, *args, **kwargs):
        """Execute the given function on the shared connection's thread."""
>       return await self._conn._execute(fn, *args, **kwargs)
               ^^^^^^^^^^^^^^^^^^^^^^^^^^^^^^^^^^^^^^^^^^^^^^

..\..\AppData\Roaming\Python\Python313\site-packages\aiosqlite\cursor.py:32: 
_ _ _ _ _ _ _ _ _ _ _ _ _ _ _ _ _ _ _ _ _ _ _ _ _ _ _ _ _ _ _ _ _ _ _ _ _ _ _ _

self = <aiosqlite.core.Connection object at 0x0000022AA0E3B4D0>
fn = <built-in method execute of sqlite3.Cursor object at 0x0000022AA0DDB440>
args = ('INSERT INTO tasks (id, title, description, status, priority, due_date, tags, created_at, updated_at, completed_at) V..., ?, ?, ?, ?, ?, ?, ?, ?, ?)', ('ad4c0927-4fec-4c07-86b4-6713cd465e77', 'Buy groceries', '', 'todo', 'low', None, ...))
kwargs = {}
function = functools.partial(<built-in method execute of sqlite3.Cursor object at 0x0000022AA0DDB440>, 'INSERT INTO tasks (id, ti... groceries', '', 'todo', 'low', None, '["errands"]', '2026-04-05 17:53:31.597694', '2026-04-05 17:53:31.597699', None))
future = <Future finished exception=OperationalError('no such table: tasks')>

    async def _execute(self, fn, *args, **kwargs):
        """Queue a function with the given arguments for execution."""
        if not self._running or not self._connection:
            raise ValueError("Connection closed")
    
        function = partial(fn, *args, **kwargs)
        future = asyncio.get_event_loop().create_future()
    
        self._tx.put_nowait((future, function))
    
>       return await future
               ^^^^^^^^^^^^

..\..\AppData\Roaming\Python\Python313\site-packages\aiosqlite\core.py:160: 
_ _ _ _ _ _ _ _ _ _ _ _ _ _ _ _ _ _ _ _ _ _ _ _ _ _ _ _ _ _ _ _ _ _ _ _ _ _ _ _

tx = <_queue.SimpleQueue object at 0x0000022AA0DF9DE0>

    def _connection_worker_thread(tx: _TxQueue):
        """
        Execute function calls on a separate thread.
    
        :meta private:
        """
        while True:
            # Continues running until all queue items are processed,
            # even after connection is closed (so we can finalize all
            # futures)
    
            future, function = tx.get()
    
            try:
                LOG.debug("executing %s", function)
>               result = function()
                         ^^^^^^^^^^
E               sqlalchemy.exc.OperationalError: (sqlite3.OperationalError) no such table: tasks
E               [SQL: INSERT INTO tasks (id, title, description, status, priority, due_date, tags, created_at, updated_at, completed_at) VALUES (?, ?, ?, ?, ?, ?, ?, ?, ?, ?)]
E               [parameters: ('ad4c0927-4fec-4c07-86b4-6713cd465e77', 'Buy groceries', '', 'todo', 'low', None, '["errands"]', '2026-04-05 17:53:31.597694', '2026-04-05 17:53:31.597699', None)]
E               (Background on this error at: https://sqlalche.me/e/20/e3q8)

..\..\AppData\Roaming\Python\Python313\site-packages\aiosqlite\core.py:63: OperationalError
____________ ERROR at setup of test_orchestrator_general_fallback _____________

self = <sqlalchemy.engine.base.Connection object at 0x0000022A9FD09A90>
dialect = <sqlalchemy.dialects.sqlite.aiosqlite.SQLiteDialect_aiosqlite object at 0x0000022A9FB5A710>
context = <sqlalchemy.dialects.sqlite.aiosqlite.SQLiteExecutionContext_aiosqlite object at 0x0000022A9FD0A190>
statement = <sqlalchemy.dialects.sqlite.base.SQLiteCompiler object at 0x0000022A9FC0CB90>
parameters = [('3e71b8ab-74d3-4218-b5e8-ab7885663531', 'Buy groceries', '', 'todo', 'low', None, ...)]

    def _exec_single_context(
        self,
        dialect: Dialect,
        context: ExecutionContext,
        statement: Union[str, Compiled],
        parameters: Optional[_AnyMultiExecuteParams],
    ) -> CursorResult[Any]:
        """continue the _execute_context() method for a single DBAPI
        cursor.execute() or cursor.executemany() call.
    
        """
        if dialect.bind_typing is BindTyping.SETINPUTSIZES:
            generic_setinputsizes = context._prepare_set_input_sizes()
    
            if generic_setinputsizes:
                try:
                    dialect.do_set_input_sizes(
                        context.cursor, generic_setinputsizes, context
                    )
                except BaseException as e:
                    self._handle_dbapi_exception(
                        e, str(statement), parameters, None, context
                    )
    
        cursor, str_statement, parameters = (
            context.cursor,
            context.statement,
            context.parameters,
        )
    
        effective_parameters: Optional[_AnyExecuteParams]
    
        if not context.executemany:
            effective_parameters = parameters[0]
        else:
            effective_parameters = parameters
    
        if self._has_events or self.engine._has_events:
            for fn in self.dispatch.before_cursor_execute:
                str_statement, effective_parameters = fn(
                    self,
                    cursor,
                    str_statement,
                    effective_parameters,
                    context,
                    context.executemany,
                )
    
        if self._echo:
            self._log_info(str_statement)
    
            stats = context._get_cache_stats()
    
            if not self.engine.hide_parameters:
                self._log_info(
                    "[%s] %r",
                    stats,
                    sql_util._repr_params(
                        effective_parameters,
                        batches=10,
                        ismulti=context.executemany,
                    ),
                )
            else:
                self._log_info(
                    "[%s] [SQL parameters hidden due to hide_parameters=True]",
                    stats,
                )
    
        evt_handled: bool = False
        try:
            if context.execute_style is ExecuteStyle.EXECUTEMANY:
                effective_parameters = cast(
                    "_CoreMultiExecuteParams", effective_parameters
                )
                if self.dialect._has_events:
                    for fn in self.dialect.dispatch.do_executemany:
                        if fn(
                            cursor,
                            str_statement,
                            effective_parameters,
                            context,
                        ):
                            evt_handled = True
                            break
                if not evt_handled:
                    self.dialect.do_executemany(
                        cursor,
                        str_statement,
                        effective_parameters,
                        context,
                    )
            elif not effective_parameters and context.no_parameters:
                if self.dialect._has_events:
                    for fn in self.dialect.dispatch.do_execute_no_params:
                        if fn(cursor, str_statement, context):
                            evt_handled = True
                            break
                if not evt_handled:
                    self.dialect.do_execute_no_params(
                        cursor, str_statement, context
                    )
            else:
                effective_parameters = cast(
                    "_CoreSingleExecuteParams", effective_parameters
                )
                if self.dialect._has_events:
                    for fn in self.dialect.dispatch.do_execute:
                        if fn(
                            cursor,
                            str_statement,
                            effective_parameters,
                            context,
                        ):
                            evt_handled = True
                            break
                if not evt_handled:
>                   self.dialect.do_execute(
                        cursor, str_statement, effective_parameters, context
                    )

..\..\AppData\Roaming\Python\Python313\site-packages\sqlalchemy\engine\base.py:1967: 
_ _ _ _ _ _ _ _ _ _ _ _ _ _ _ _ _ _ _ _ _ _ _ _ _ _ _ _ _ _ _ _ _ _ _ _ _ _ _ _

self = <sqlalchemy.dialects.sqlite.aiosqlite.SQLiteDialect_aiosqlite object at 0x0000022A9FB5A710>
cursor = <sqlalchemy.dialects.sqlite.aiosqlite.AsyncAdapt_aiosqlite_cursor object at 0x0000022AA1C2EB00>
statement = 'INSERT INTO tasks (id, title, description, status, priority, due_date, tags, created_at, updated_at, completed_at) VALUES (?, ?, ?, ?, ?, ?, ?, ?, ?, ?)'
parameters = ('3e71b8ab-74d3-4218-b5e8-ab7885663531', 'Buy groceries', '', 'todo', 'low', None, ...)
context = <sqlalchemy.dialects.sqlite.aiosqlite.SQLiteExecutionContext_aiosqlite object at 0x0000022A9FD0A190>

    def do_execute(self, cursor, statement, parameters, context=None):
>       cursor.execute(statement, parameters)

..\..\AppData\Roaming\Python\Python313\site-packages\sqlalchemy\engine\default.py:952: 
_ _ _ _ _ _ _ _ _ _ _ _ _ _ _ _ _ _ _ _ _ _ _ _ _ _ _ _ _ _ _ _ _ _ _ _ _ _ _ _

self = <sqlalchemy.dialects.sqlite.aiosqlite.AsyncAdapt_aiosqlite_cursor object at 0x0000022AA1C2EB00>
operation = 'INSERT INTO tasks (id, title, description, status, priority, due_date, tags, created_at, updated_at, completed_at) VALUES (?, ?, ?, ?, ?, ?, ?, ?, ?, ?)'
parameters = ('3e71b8ab-74d3-4218-b5e8-ab7885663531', 'Buy groceries', '', 'todo', 'low', None, ...)

    def execute(
        self,
        operation: Any,
        parameters: Optional[_DBAPISingleExecuteParams] = None,
    ) -> Any:
    
        try:
            _cursor: AsyncIODBAPICursor = self.await_(self._connection.cursor())  # type: ignore[arg-type] # noqa: E501
    
            if parameters is None:
                self.await_(_cursor.execute(operation))
            else:
                self.await_(_cursor.execute(operation, parameters))
    
            if _cursor.description:
                self.description = _cursor.description
                self.lastrowid = self.rowcount = -1
    
                if not self.server_side:
                    self._rows = deque(self.await_(_cursor.fetchall()))
            else:
                self.description = None
                self.lastrowid = _cursor.lastrowid
                self.rowcount = _cursor.rowcount
    
            if not self.server_side:
                self.await_(_cursor.close())
            else:
                self._cursor = _cursor  # type: ignore[misc]
        except Exception as error:
>           self._adapt_connection._handle_exception(error)

..\..\AppData\Roaming\Python\Python313\site-packages\sqlalchemy\dialects\sqlite\aiosqlite.py:182: 
_ _ _ _ _ _ _ _ _ _ _ _ _ _ _ _ _ _ _ _ _ _ _ _ _ _ _ _ _ _ _ _ _ _ _ _ _ _ _ _

self = <AdaptedConnection <aiosqlite.core.Connection object at 0x0000022AA0E3B4D0>>
error = OperationalError('no such table: tasks')

    def _handle_exception(self, error: Exception) -> NoReturn:
        if (
            isinstance(error, ValueError)
            and error.args[0] == "no active connection"
        ):
            raise self.dbapi.sqlite.OperationalError(
                "no active connection"
            ) from error
        else:
>           raise error

..\..\AppData\Roaming\Python\Python313\site-packages\sqlalchemy\dialects\sqlite\aiosqlite.py:342: 
_ _ _ _ _ _ _ _ _ _ _ _ _ _ _ _ _ _ _ _ _ _ _ _ _ _ _ _ _ _ _ _ _ _ _ _ _ _ _ _

self = <sqlalchemy.dialects.sqlite.aiosqlite.AsyncAdapt_aiosqlite_cursor object at 0x0000022AA1C2EB00>
operation = 'INSERT INTO tasks (id, title, description, status, priority, due_date, tags, created_at, updated_at, completed_at) VALUES (?, ?, ?, ?, ?, ?, ?, ?, ?, ?)'
parameters = ('3e71b8ab-74d3-4218-b5e8-ab7885663531', 'Buy groceries', '', 'todo', 'low', None, ...)

    def execute(
        self,
        operation: Any,
        parameters: Optional[_DBAPISingleExecuteParams] = None,
    ) -> Any:
    
        try:
            _cursor: AsyncIODBAPICursor = self.await_(self._connection.cursor())  # type: ignore[arg-type] # noqa: E501
    
            if parameters is None:
                self.await_(_cursor.execute(operation))
            else:
>               self.await_(_cursor.execute(operation, parameters))

..\..\AppData\Roaming\Python\Python313\site-packages\sqlalchemy\dialects\sqlite\aiosqlite.py:164: 
_ _ _ _ _ _ _ _ _ _ _ _ _ _ _ _ _ _ _ _ _ _ _ _ _ _ _ _ _ _ _ _ _ _ _ _ _ _ _ _

awaitable = <coroutine object Cursor.execute at 0x0000022A9FD10040>

    def await_only(awaitable: Awaitable[_T]) -> _T:
        """Awaits an async function in a sync method.
    
        The sync method must be inside a :func:`greenlet_spawn` context.
        :func:`await_only` calls cannot be nested.
    
        :param awaitable: The coroutine to call.
    
        """
        # this is called in the context greenlet while running fn
        current = getcurrent()
        if not getattr(current, "__sqlalchemy_greenlet_provider__", False):
            _safe_cancel_awaitable(awaitable)
    
            raise exc.MissingGreenlet(
                "greenlet_spawn has not been called; can't call await_only() "
                "here. Was IO attempted in an unexpected place?"
            )
    
        # returns the control to the driver greenlet passing it
        # a coroutine to run. Once the awaitable is done, the driver greenlet
        # switches back to this greenlet with the result of awaitable that is
        # then returned to the caller (or raised as error)
>       return current.parent.switch(awaitable)  # type: ignore[no-any-return,attr-defined] # noqa: E501
               ^^^^^^^^^^^^^^^^^^^^^^^^^^^^^^^^

..\..\AppData\Roaming\Python\Python313\site-packages\sqlalchemy\util\_concurrency_py3k.py:132: 
_ _ _ _ _ _ _ _ _ _ _ _ _ _ _ _ _ _ _ _ _ _ _ _ _ _ _ _ _ _ _ _ _ _ _ _ _ _ _ _

fn = <bound method Session.flush of <sqlalchemy.orm.session.Session object at 0x0000022A9FD0F2F0>>
_require_await = False, args = (), kwargs = {'objects': None}
context = <_AsyncIoGreenlet object at 0x0000022AA26AB5C0 (otid=0x0000022A9E4E1470) dead>
switch_occurred = True
result = <coroutine object Connection.rollback at 0x0000022AA1DA99C0>
value = None

    async def greenlet_spawn(
        fn: Callable[..., _T],
        *args: Any,
        _require_await: bool = False,
        **kwargs: Any,
    ) -> _T:
        """Runs a sync function ``fn`` in a new greenlet.
    
        The sync function can then use :func:`await_only` to wait for async
        functions.
    
        :param fn: The sync callable to call.
        :param \\*args: Positional arguments to pass to the ``fn`` callable.
        :param \\*\\*kwargs: Keyword arguments to pass to the ``fn`` callable.
        """
    
        result: Any
        context = _AsyncIoGreenlet(fn, getcurrent())
        # runs the function synchronously in gl greenlet. If the execution
        # is interrupted by await_only, context is not dead and result is a
        # coroutine to wait. If the context is dead the function has
        # returned, and its result can be returned.
        switch_occurred = False
        result = context.switch(*args, **kwargs)
        while not context.dead:
            switch_occurred = True
            try:
                # wait for a coroutine from await_only and then return its
                # result back to it.
>               value = await result
                        ^^^^^^^^^^^^

..\..\AppData\Roaming\Python\Python313\site-packages\sqlalchemy\util\_concurrency_py3k.py:196: 
_ _ _ _ _ _ _ _ _ _ _ _ _ _ _ _ _ _ _ _ _ _ _ _ _ _ _ _ _ _ _ _ _ _ _ _ _ _ _ _

self = <aiosqlite.cursor.Cursor object at 0x0000022AA1C2EBD0>
sql = 'INSERT INTO tasks (id, title, description, status, priority, due_date, tags, created_at, updated_at, completed_at) VALUES (?, ?, ?, ?, ?, ?, ?, ?, ?, ?)'
parameters = ('3e71b8ab-74d3-4218-b5e8-ab7885663531', 'Buy groceries', '', 'todo', 'low', None, ...)

    async def execute(
        self, sql: str, parameters: Optional[Iterable[Any]] = None
    ) -> "Cursor":
        """Execute the given query."""
        if parameters is None:
            parameters = []
>       await self._execute(self._cursor.execute, sql, parameters)

..\..\AppData\Roaming\Python\Python313\site-packages\aiosqlite\cursor.py:40: 
_ _ _ _ _ _ _ _ _ _ _ _ _ _ _ _ _ _ _ _ _ _ _ _ _ _ _ _ _ _ _ _ _ _ _ _ _ _ _ _

self = <aiosqlite.cursor.Cursor object at 0x0000022AA1C2EBD0>
fn = <built-in method execute of sqlite3.Cursor object at 0x0000022A9FD580C0>
args = ('INSERT INTO tasks (id, title, description, status, priority, due_date, tags, created_at, updated_at, completed_at) V..., ?, ?, ?, ?, ?, ?, ?, ?, ?)', ('3e71b8ab-74d3-4218-b5e8-ab7885663531', 'Buy groceries', '', 'todo', 'low', None, ...))
kwargs = {}

    async def _execute(self, fn, *args, **kwargs):
        """Execute the given function on the shared connection's thread."""
>       return await self._conn._execute(fn, *args, **kwargs)
               ^^^^^^^^^^^^^^^^^^^^^^^^^^^^^^^^^^^^^^^^^^^^^^

..\..\AppData\Roaming\Python\Python313\site-packages\aiosqlite\cursor.py:32: 
_ _ _ _ _ _ _ _ _ _ _ _ _ _ _ _ _ _ _ _ _ _ _ _ _ _ _ _ _ _ _ _ _ _ _ _ _ _ _ _

self = <aiosqlite.core.Connection object at 0x0000022AA0E3B4D0>
fn = <built-in method execute of sqlite3.Cursor object at 0x0000022A9FD580C0>
args = ('INSERT INTO tasks (id, title, description, status, priority, due_date, tags, created_at, updated_at, completed_at) V..., ?, ?, ?, ?, ?, ?, ?, ?, ?)', ('3e71b8ab-74d3-4218-b5e8-ab7885663531', 'Buy groceries', '', 'todo', 'low', None, ...))
kwargs = {}
function = functools.partial(<built-in method execute of sqlite3.Cursor object at 0x0000022A9FD580C0>, 'INSERT INTO tasks (id, ti... groceries', '', 'todo', 'low', None, '["errands"]', '2026-04-05 17:53:32.115292', '2026-04-05 17:53:32.115331', None))
future = <Future finished exception=OperationalError('no such table: tasks')>

    async def _execute(self, fn, *args, **kwargs):
        """Queue a function with the given arguments for execution."""
        if not self._running or not self._connection:
            raise ValueError("Connection closed")
    
        function = partial(fn, *args, **kwargs)
        future = asyncio.get_event_loop().create_future()
    
        self._tx.put_nowait((future, function))
    
>       return await future
               ^^^^^^^^^^^^

..\..\AppData\Roaming\Python\Python313\site-packages\aiosqlite\core.py:160: 
_ _ _ _ _ _ _ _ _ _ _ _ _ _ _ _ _ _ _ _ _ _ _ _ _ _ _ _ _ _ _ _ _ _ _ _ _ _ _ _

tx = <_queue.SimpleQueue object at 0x0000022AA0DF9DE0>

    def _connection_worker_thread(tx: _TxQueue):
        """
        Execute function calls on a separate thread.
    
        :meta private:
        """
        while True:
            # Continues running until all queue items are processed,
            # even after connection is closed (so we can finalize all
            # futures)
    
            future, function = tx.get()
    
            try:
                LOG.debug("executing %s", function)
>               result = function()
                         ^^^^^^^^^^
E               sqlite3.OperationalError: no such table: tasks

..\..\AppData\Roaming\Python\Python313\site-packages\aiosqlite\core.py:63: OperationalError

The above exception was the direct cause of the following exception:

    @pytest_asyncio.fixture(autouse=True)
    async def seed_data():
        """Seed the DB with test data before each test."""
        from backend.database import crud
        async with _TestSession() as db:
>           await crud.create_task(db, title="Buy groceries", priority="low", tags=["errands"])

test_multi_agent.py:56: 
_ _ _ _ _ _ _ _ _ _ _ _ _ _ _ _ _ _ _ _ _ _ _ _ _ _ _ _ _ _ _ _ _ _ _ _ _ _ _ _

db = <sqlalchemy.ext.asyncio.session.AsyncSession object at 0x0000022AA1C2F170>
title = 'Buy groceries', description = '', priority = 'low', due_date = None
tags = ['errands']

    async def create_task(
        db: AsyncSession, title: str, description: str = "",
        priority: str = "medium", due_date: str = None, tags: list = None,
    ):
        parsed_due = None
        if due_date:
            try:
                parsed_due = datetime.fromisoformat(due_date)
            except ValueError:
                pass
        task = Task(
            id=str(uuid.uuid4()), title=title, description=description,
            priority=priority, due_date=parsed_due, tags=tags or [],
        )
        db.add(task)
>       await db.flush()

backend\database\crud.py:90: 
_ _ _ _ _ _ _ _ _ _ _ _ _ _ _ _ _ _ _ _ _ _ _ _ _ _ _ _ _ _ _ _ _ _ _ _ _ _ _ _

self = <sqlalchemy.ext.asyncio.session.AsyncSession object at 0x0000022AA1C2F170>
objects = None

    async def flush(self, objects: Optional[Sequence[Any]] = None) -> None:
        """Flush all the object changes to the database.
    
        .. seealso::
    
            :meth:`_orm.Session.flush` - main documentation for flush
    
        """
>       await greenlet_spawn(self.sync_session.flush, objects=objects)

..\..\AppData\Roaming\Python\Python313\site-packages\sqlalchemy\ext\asyncio\session.py:787: 
_ _ _ _ _ _ _ _ _ _ _ _ _ _ _ _ _ _ _ _ _ _ _ _ _ _ _ _ _ _ _ _ _ _ _ _ _ _ _ _

fn = <bound method Session.flush of <sqlalchemy.orm.session.Session object at 0x0000022A9FD0F2F0>>
_require_await = False, args = (), kwargs = {'objects': None}
context = <_AsyncIoGreenlet object at 0x0000022AA26AB5C0 (otid=0x0000022A9E4E1470) dead>
switch_occurred = True
result = <coroutine object Connection.rollback at 0x0000022AA1DA99C0>
value = None

    async def greenlet_spawn(
        fn: Callable[..., _T],
        *args: Any,
        _require_await: bool = False,
        **kwargs: Any,
    ) -> _T:
        """Runs a sync function ``fn`` in a new greenlet.
    
        The sync function can then use :func:`await_only` to wait for async
        functions.
    
        :param fn: The sync callable to call.
        :param \\*args: Positional arguments to pass to the ``fn`` callable.
        :param \\*\\*kwargs: Keyword arguments to pass to the ``fn`` callable.
        """
    
        result: Any
        context = _AsyncIoGreenlet(fn, getcurrent())
        # runs the function synchronously in gl greenlet. If the execution
        # is interrupted by await_only, context is not dead and result is a
        # coroutine to wait. If the context is dead the function has
        # returned, and its result can be returned.
        switch_occurred = False
        result = context.switch(*args, **kwargs)
        while not context.dead:
            switch_occurred = True
            try:
                # wait for a coroutine from await_only and then return its
                # result back to it.
                value = await result
            except BaseException:
                # this allows an exception to be raised within
                # the moderated greenlet so that it can continue
                # its expected flow.
                result = context.throw(*sys.exc_info())
            else:
>               result = context.switch(value)
                         ^^^^^^^^^^^^^^^^^^^^^

..\..\AppData\Roaming\Python\Python313\site-packages\sqlalchemy\util\_concurrency_py3k.py:203: 
_ _ _ _ _ _ _ _ _ _ _ _ _ _ _ _ _ _ _ _ _ _ _ _ _ _ _ _ _ _ _ _ _ _ _ _ _ _ _ _

self = <sqlalchemy.orm.session.Session object at 0x0000022A9FD0F2F0>
objects = None

    def flush(self, objects: Optional[Sequence[Any]] = None) -> None:
        """Flush all the object changes to the database.
    
        Writes out all pending object creations, deletions and modifications
        to the database as INSERTs, DELETEs, UPDATEs, etc.  Operations are
        automatically ordered by the Session's unit of work dependency
        solver.
    
        Database operations will be issued in the current transactional
        context and do not affect the state of the transaction, unless an
        error occurs, in which case the entire transaction is rolled back.
        You may flush() as often as you like within a transaction to move
        changes from Python to the database's transaction buffer.
    
        :param objects: Optional; restricts the flush operation to operate
          only on elements that are in the given collection.
    
          This feature is for an extremely narrow set of use cases where
          particular objects may need to be operated upon before the
          full flush() occurs.  It is not intended for general use.
    
        """
    
        if self._flushing:
            raise sa_exc.InvalidRequestError("Session is already flushing")
    
        if self._is_clean():
            return
        try:
            self._flushing = True
>           self._flush(objects)

..\..\AppData\Roaming\Python\Python313\site-packages\sqlalchemy\orm\session.py:4331: 
_ _ _ _ _ _ _ _ _ _ _ _ _ _ _ _ _ _ _ _ _ _ _ _ _ _ _ _ _ _ _ _ _ _ _ _ _ _ _ _

self = <sqlalchemy.orm.session.Session object at 0x0000022A9FD0F2F0>
objects = None

    def _flush(self, objects: Optional[Sequence[object]] = None) -> None:
        dirty = self._dirty_states
        if not dirty and not self._deleted and not self._new:
            self.identity_map._modified.clear()
            return
    
        flush_context = UOWTransaction(self)
    
        if self.dispatch.before_flush:
            self.dispatch.before_flush(self, flush_context, objects)
            # re-establish "dirty states" in case the listeners
            # added
            dirty = self._dirty_states
    
        deleted = set(self._deleted)
        new = set(self._new)
    
        dirty = set(dirty).difference(deleted)
    
        # create the set of all objects we want to operate upon
        if objects:
            # specific list passed in
            objset = set()
            for o in objects:
                try:
                    state = attributes.instance_state(o)
    
                except exc.NO_STATE as err:
                    raise exc.UnmappedInstanceError(o) from err
                objset.add(state)
        else:
            objset = None
    
        # store objects whose fate has been decided
        processed = set()
    
        # put all saves/updates into the flush context.  detect top-level
        # orphans and throw them into deleted.
        if objset:
            proc = new.union(dirty).intersection(objset).difference(deleted)
        else:
            proc = new.union(dirty).difference(deleted)
    
        for state in proc:
            is_orphan = _state_mapper(state)._is_orphan(state)
    
            is_persistent_orphan = is_orphan and state.has_identity
    
            if (
                is_orphan
                and not is_persistent_orphan
                and state._orphaned_outside_of_session
            ):
                self._expunge_states([state])
            else:
                _reg = flush_context.register_object(
                    state, isdelete=is_persistent_orphan
                )
                assert _reg, "Failed to add object to the flush context!"
                processed.add(state)
    
        # put all remaining deletes into the flush context.
        if objset:
            proc = deleted.intersection(objset).difference(processed)
        else:
            proc = deleted.difference(processed)
        for state in proc:
            _reg = flush_context.register_object(state, isdelete=True)
            assert _reg, "Failed to add object to the flush context!"
    
        if not flush_context.has_work:
            return
    
        flush_context.transaction = transaction = self._autobegin_t()._begin()
        try:
            self._warn_on_events = True
            try:
                flush_context.execute()
            finally:
                self._warn_on_events = False
    
            self.dispatch.after_flush(self, flush_context)
    
            flush_context.finalize_flush_changes()
    
            if not objects and self.identity_map._modified:
                len_ = len(self.identity_map._modified)
    
                statelib.InstanceState._commit_all_states(
                    [
                        (state, state.dict)
                        for state in self.identity_map._modified
                    ],
                    instance_dict=self.identity_map,
                )
                util.warn(
                    "Attribute history events accumulated on %d "
                    "previously clean instances "
                    "within inner-flush event handlers have been "
                    "reset, and will not result in database updates. "
                    "Consider using set_committed_value() within "
                    "inner-flush event handlers to avoid this warning." % len_
                )
    
            # useful assertions:
            # if not objects:
            #    assert not self.identity_map._modified
            # else:
            #    assert self.identity_map._modified == \
            #            self.identity_map._modified.difference(objects)
    
            self.dispatch.after_flush_postexec(self, flush_context)
    
            transaction.commit()
    
        except:
>           with util.safe_reraise():
                 ^^^^^^^^^^^^^^^^^^^

..\..\AppData\Roaming\Python\Python313\site-packages\sqlalchemy\orm\session.py:4466: 
_ _ _ _ _ _ _ _ _ _ _ _ _ _ _ _ _ _ _ _ _ _ _ _ _ _ _ _ _ _ _ _ _ _ _ _ _ _ _ _

self = <sqlalchemy.util.langhelpers.safe_reraise object at 0x0000022A9FD451E0>
type_ = None, value = None, traceback = None

    def __exit__(
        self,
        type_: Optional[Type[BaseException]],
        value: Optional[BaseException],
        traceback: Optional[types.TracebackType],
    ) -> NoReturn:
        assert self._exc_info is not None
        # see #2703 for notes
        if type_ is None:
            exc_type, exc_value, exc_tb = self._exc_info
            assert exc_value is not None
            self._exc_info = None  # remove potential circular references
>           raise exc_value.with_traceback(exc_tb)

..\..\AppData\Roaming\Python\Python313\site-packages\sqlalchemy\util\langhelpers.py:121: 
_ _ _ _ _ _ _ _ _ _ _ _ _ _ _ _ _ _ _ _ _ _ _ _ _ _ _ _ _ _ _ _ _ _ _ _ _ _ _ _

self = <sqlalchemy.orm.session.Session object at 0x0000022A9FD0F2F0>
objects = None

    def _flush(self, objects: Optional[Sequence[object]] = None) -> None:
        dirty = self._dirty_states
        if not dirty and not self._deleted and not self._new:
            self.identity_map._modified.clear()
            return
    
        flush_context = UOWTransaction(self)
    
        if self.dispatch.before_flush:
            self.dispatch.before_flush(self, flush_context, objects)
            # re-establish "dirty states" in case the listeners
            # added
            dirty = self._dirty_states
    
        deleted = set(self._deleted)
        new = set(self._new)
    
        dirty = set(dirty).difference(deleted)
    
        # create the set of all objects we want to operate upon
        if objects:
            # specific list passed in
            objset = set()
            for o in objects:
                try:
                    state = attributes.instance_state(o)
    
                except exc.NO_STATE as err:
                    raise exc.UnmappedInstanceError(o) from err
                objset.add(state)
        else:
            objset = None
    
        # store objects whose fate has been decided
        processed = set()
    
        # put all saves/updates into the flush context.  detect top-level
        # orphans and throw them into deleted.
        if objset:
            proc = new.union(dirty).intersection(objset).difference(deleted)
        else:
            proc = new.union(dirty).difference(deleted)
    
        for state in proc:
            is_orphan = _state_mapper(state)._is_orphan(state)
    
            is_persistent_orphan = is_orphan and state.has_identity
    
            if (
                is_orphan
                and not is_persistent_orphan
                and state._orphaned_outside_of_session
            ):
                self._expunge_states([state])
            else:
                _reg = flush_context.register_object(
                    state, isdelete=is_persistent_orphan
                )
                assert _reg, "Failed to add object to the flush context!"
                processed.add(state)
    
        # put all remaining deletes into the flush context.
        if objset:
            proc = deleted.intersection(objset).difference(processed)
        else:
            proc = deleted.difference(processed)
        for state in proc:
            _reg = flush_context.register_object(state, isdelete=True)
            assert _reg, "Failed to add object to the flush context!"
    
        if not flush_context.has_work:
            return
    
        flush_context.transaction = transaction = self._autobegin_t()._begin()
        try:
            self._warn_on_events = True
            try:
>               flush_context.execute()

..\..\AppData\Roaming\Python\Python313\site-packages\sqlalchemy\orm\session.py:4427: 
_ _ _ _ _ _ _ _ _ _ _ _ _ _ _ _ _ _ _ _ _ _ _ _ _ _ _ _ _ _ _ _ _ _ _ _ _ _ _ _

self = <sqlalchemy.orm.unitofwork.UOWTransaction object at 0x0000022AA22BDDE0>

    def execute(self) -> None:
        postsort_actions = self._generate_actions()
    
        postsort_actions = sorted(
            postsort_actions,
            key=lambda item: item.sort_key,
        )
        # sort = topological.sort(self.dependencies, postsort_actions)
        # print "--------------"
        # print "\ndependencies:", self.dependencies
        # print "\ncycles:", self.cycles
        # print "\nsort:", list(sort)
        # print "\nCOUNT OF POSTSORT ACTIONS", len(postsort_actions)
    
        # execute
        if self.cycles:
            for subset in topological.sort_as_subsets(
                self.dependencies, postsort_actions
            ):
                set_ = set(subset)
                while set_:
                    n = set_.pop()
                    n.execute_aggregate(self, set_)
        else:
            for rec in topological.sort(self.dependencies, postsort_actions):
>               rec.execute(self)

..\..\AppData\Roaming\Python\Python313\site-packages\sqlalchemy\orm\unitofwork.py:466: 
_ _ _ _ _ _ _ _ _ _ _ _ _ _ _ _ _ _ _ _ _ _ _ _ _ _ _ _ _ _ _ _ _ _ _ _ _ _ _ _

self = SaveUpdateAll(Mapper[Task(tasks)])
uow = <sqlalchemy.orm.unitofwork.UOWTransaction object at 0x0000022AA22BDDE0>

    @util.preload_module("sqlalchemy.orm.persistence")
    def execute(self, uow):
>       util.preloaded.orm_persistence.save_obj(
            self.mapper,
            uow.states_for_mapper_hierarchy(self.mapper, False, False),
            uow,
        )

..\..\AppData\Roaming\Python\Python313\site-packages\sqlalchemy\orm\unitofwork.py:642: 
_ _ _ _ _ _ _ _ _ _ _ _ _ _ _ _ _ _ _ _ _ _ _ _ _ _ _ _ _ _ _ _ _ _ _ _ _ _ _ _

base_mapper = <Mapper at 0x22a9ef81010; Task>
states = <generator object UOWTransaction.states_for_mapper_hierarchy at 0x0000022A9FD0E7A0>
uowtransaction = <sqlalchemy.orm.unitofwork.UOWTransaction object at 0x0000022AA22BDDE0>
single = False

    def save_obj(base_mapper, states, uowtransaction, single=False):
        """Issue ``INSERT`` and/or ``UPDATE`` statements for a list
        of objects.
    
        This is called within the context of a UOWTransaction during a
        flush operation, given a list of states to be flushed.  The
        base mapper in an inheritance hierarchy handles the inserts/
        updates for all descendant mappers.
    
        """
    
        # if batch=false, call _save_obj separately for each object
        if not single and not base_mapper.batch:
            for state in _sort_states(base_mapper, states):
                save_obj(base_mapper, [state], uowtransaction, single=True)
            return
    
        states_to_update = []
        states_to_insert = []
    
        for (
            state,
            dict_,
            mapper,
            connection,
            has_identity,
            row_switch,
            update_version_id,
        ) in _organize_states_for_save(base_mapper, states, uowtransaction):
            if has_identity or row_switch:
                states_to_update.append(
                    (state, dict_, mapper, connection, update_version_id)
                )
            else:
                states_to_insert.append((state, dict_, mapper, connection))
    
        for table, mapper in base_mapper._sorted_tables.items():
            if table not in mapper._pks_by_table:
                continue
            insert = _collect_insert_commands(table, states_to_insert)
    
            update = _collect_update_commands(
                uowtransaction, table, states_to_update
            )
    
            _emit_update_statements(
                base_mapper,
                uowtransaction,
                mapper,
                table,
                update,
            )
    
>           _emit_insert_statements(
                base_mapper,
                uowtransaction,
                mapper,
                table,
                insert,
            )

..\..\AppData\Roaming\Python\Python313\site-packages\sqlalchemy\orm\persistence.py:93: 
_ _ _ _ _ _ _ _ _ _ _ _ _ _ _ _ _ _ _ _ _ _ _ _ _ _ _ _ _ _ _ _ _ _ _ _ _ _ _ _

base_mapper = <Mapper at 0x22a9ef81010; Task>
uowtransaction = <sqlalchemy.orm.unitofwork.UOWTransaction object at 0x0000022AA22BDDE0>
mapper = <Mapper at 0x22a9ef81010; Task>
table = Table('tasks', MetaData(), Column('id', String(), table=<tasks>, primary_key=True, nullable=False), Column('title', St...lumnDefault(<function _utcnow at 0x0000022A9EFBECA0>)), Column('completed_at', DateTime(), table=<tasks>), schema=None)
insert = <generator object _collect_insert_commands at 0x0000022AA2281170>

    def _emit_insert_statements(
        base_mapper,
        uowtransaction,
        mapper,
        table,
        insert,
        *,
        bookkeeping=True,
        use_orm_insert_stmt=None,
        execution_options=None,
    ):
        """Emit INSERT statements corresponding to value lists collected
        by _collect_insert_commands()."""
    
        if use_orm_insert_stmt is not None:
            cached_stmt = use_orm_insert_stmt
            exec_opt = util.EMPTY_DICT
    
            # if a user query with RETURNING was passed, we definitely need
            # to use RETURNING.
            returning_is_required_anyway = bool(use_orm_insert_stmt._returning)
            deterministic_results_reqd = (
                returning_is_required_anyway
                and use_orm_insert_stmt._sort_by_parameter_order
            ) or bookkeeping
        else:
            returning_is_required_anyway = False
            deterministic_results_reqd = bookkeeping
            cached_stmt = base_mapper._memo(("insert", table), table.insert)
            exec_opt = {"compiled_cache": base_mapper._compiled_cache}
    
        if execution_options:
            execution_options = util.EMPTY_DICT.merge_with(
                exec_opt, execution_options
            )
        else:
            execution_options = exec_opt
    
        return_result = None
    
        for (
            (connection, _, hasvalue, has_all_pks, has_all_defaults),
            records,
        ) in groupby(
            insert,
            lambda rec: (
                rec[4],  # connection
                set(rec[2]),  # parameter keys
                bool(rec[5]),  # whether we have "value" parameters
                rec[6],
                rec[7],
            ),
        ):
            statement = cached_stmt
    
            if use_orm_insert_stmt is not None:
                statement = statement._annotate(
                    {
                        "_emit_insert_table": table,
                        "_emit_insert_mapper": mapper,
                    }
                )
    
            if (
                (
                    not bookkeeping
                    or (
                        has_all_defaults
                        or not base_mapper._prefer_eager_defaults(
                            connection.dialect, table
                        )
                        or not table.implicit_returning
                        or not connection.dialect.insert_returning
                    )
                )
                and not returning_is_required_anyway
                and has_all_pks
                and not hasvalue
            ):
                # the "we don't need newly generated values back" section.
                # here we have all the PKs, all the defaults or we don't want
                # to fetch them, or the dialect doesn't support RETURNING at all
                # so we have to post-fetch / use lastrowid anyway.
                records = list(records)
                multiparams = [rec[2] for rec in records]
    
>               result = connection.execute(
                    statement, multiparams, execution_options=execution_options
                )

..\..\AppData\Roaming\Python\Python313\site-packages\sqlalchemy\orm\persistence.py:1048: 
_ _ _ _ _ _ _ _ _ _ _ _ _ _ _ _ _ _ _ _ _ _ _ _ _ _ _ _ _ _ _ _ _ _ _ _ _ _ _ _

self = <sqlalchemy.engine.base.Connection object at 0x0000022A9FD09A90>
statement = <sqlalchemy.sql.dml.Insert object at 0x0000022A9FBD5E80>
parameters = [{'completed_at': None, 'description': '', 'due_date': None, 'id': '3e71b8ab-74d3-4218-b5e8-ab7885663531', ...}]

    def execute(
        self,
        statement: Executable,
        parameters: Optional[_CoreAnyExecuteParams] = None,
        *,
        execution_options: Optional[CoreExecuteOptionsParameter] = None,
    ) -> CursorResult[Any]:
        r"""Executes a SQL statement construct and returns a
        :class:`_engine.CursorResult`.
    
        :param statement: The statement to be executed.  This is always
         an object that is in both the :class:`_expression.ClauseElement` and
         :class:`_expression.Executable` hierarchies, including:
    
         * :class:`_expression.Select`
         * :class:`_expression.Insert`, :class:`_expression.Update`,
           :class:`_expression.Delete`
         * :class:`_expression.TextClause` and
           :class:`_expression.TextualSelect`
         * :class:`_schema.DDL` and objects which inherit from
           :class:`_schema.ExecutableDDLElement`
    
        :param parameters: parameters which will be bound into the statement.
         This may be either a dictionary of parameter names to values,
         or a mutable sequence (e.g. a list) of dictionaries.  When a
         list of dictionaries is passed, the underlying statement execution
         will make use of the DBAPI ``cursor.executemany()`` method.
         When a single dictionary is passed, the DBAPI ``cursor.execute()``
         method will be used.
    
        :param execution_options: optional dictionary of execution options,
         which will be associated with the statement execution.  This
         dictionary can provide a subset of the options that are accepted
         by :meth:`_engine.Connection.execution_options`.
    
        :return: a :class:`_engine.Result` object.
    
        """
        distilled_parameters = _distill_params_20(parameters)
        try:
            meth = statement._execute_on_connection
        except AttributeError as err:
            raise exc.ObjectNotExecutableError(statement) from err
        else:
>           return meth(
                self,
                distilled_parameters,
                execution_options or NO_OPTIONS,
            )

..\..\AppData\Roaming\Python\Python313\site-packages\sqlalchemy\engine\base.py:1419: 
_ _ _ _ _ _ _ _ _ _ _ _ _ _ _ _ _ _ _ _ _ _ _ _ _ _ _ _ _ _ _ _ _ _ _ _ _ _ _ _

self = <sqlalchemy.sql.dml.Insert object at 0x0000022A9FBD5E80>
connection = <sqlalchemy.engine.base.Connection object at 0x0000022A9FD09A90>
distilled_params = [{'completed_at': None, 'description': '', 'due_date': None, 'id': '3e71b8ab-74d3-4218-b5e8-ab7885663531', ...}]
execution_options = {'compiled_cache': <sqlalchemy.util._collections.LRUCache object at 0x0000022A9FC2C810>}

    def _execute_on_connection(
        self,
        connection: Connection,
        distilled_params: _CoreMultiExecuteParams,
        execution_options: CoreExecuteOptionsParameter,
    ) -> Result[Any]:
        if self.supports_execution:
            if TYPE_CHECKING:
                assert isinstance(self, Executable)
>           return connection._execute_clauseelement(
                self, distilled_params, execution_options
            )

..\..\AppData\Roaming\Python\Python313\site-packages\sqlalchemy\sql\elements.py:527: 
_ _ _ _ _ _ _ _ _ _ _ _ _ _ _ _ _ _ _ _ _ _ _ _ _ _ _ _ _ _ _ _ _ _ _ _ _ _ _ _

self = <sqlalchemy.engine.base.Connection object at 0x0000022A9FD09A90>
elem = <sqlalchemy.sql.dml.Insert object at 0x0000022A9FBD5E80>
distilled_parameters = [{'completed_at': None, 'description': '', 'due_date': None, 'id': '3e71b8ab-74d3-4218-b5e8-ab7885663531', ...}]
execution_options = immutabledict({'compiled_cache': <sqlalchemy.util._collections.LRUCache object at 0x0000022A9FC2C810>})

    def _execute_clauseelement(
        self,
        elem: Executable,
        distilled_parameters: _CoreMultiExecuteParams,
        execution_options: CoreExecuteOptionsParameter,
    ) -> CursorResult[Any]:
        """Execute a sql.ClauseElement object."""
    
        execution_options = elem._execution_options.merge_with(
            self._execution_options, execution_options
        )
    
        has_events = self._has_events or self.engine._has_events
        if has_events:
            (
                elem,
                distilled_parameters,
                event_multiparams,
                event_params,
            ) = self._invoke_before_exec_event(
                elem, distilled_parameters, execution_options
            )
    
        if distilled_parameters:
            # ensure we don't retain a link to the view object for keys()
            # which links to the values, which we don't want to cache
            keys = sorted(distilled_parameters[0])
            for_executemany = len(distilled_parameters) > 1
        else:
            keys = []
            for_executemany = False
    
        dialect = self.dialect
    
        schema_translate_map = execution_options.get(
            "schema_translate_map", None
        )
    
        compiled_cache: Optional[CompiledCacheType] = execution_options.get(
            "compiled_cache", self.engine._compiled_cache
        )
    
        compiled_sql, extracted_params, cache_hit = elem._compile_w_cache(
            dialect=dialect,
            compiled_cache=compiled_cache,
            column_keys=keys,
            for_executemany=for_executemany,
            schema_translate_map=schema_translate_map,
            linting=self.dialect.compiler_linting | compiler.WARN_LINTING,
        )
>       ret = self._execute_context(
            dialect,
            dialect.execution_ctx_cls._init_compiled,
            compiled_sql,
            distilled_parameters,
            execution_options,
            compiled_sql,
            distilled_parameters,
            elem,
            extracted_params,
            cache_hit=cache_hit,
        )

..\..\AppData\Roaming\Python\Python313\site-packages\sqlalchemy\engine\base.py:1641: 
_ _ _ _ _ _ _ _ _ _ _ _ _ _ _ _ _ _ _ _ _ _ _ _ _ _ _ _ _ _ _ _ _ _ _ _ _ _ _ _

self = <sqlalchemy.engine.base.Connection object at 0x0000022A9FD09A90>
dialect = <sqlalchemy.dialects.sqlite.aiosqlite.SQLiteDialect_aiosqlite object at 0x0000022A9FB5A710>
constructor = <bound method DefaultExecutionContext._init_compiled of <class 'sqlalchemy.dialects.sqlite.aiosqlite.SQLiteExecutionContext_aiosqlite'>>
statement = <sqlalchemy.dialects.sqlite.base.SQLiteCompiler object at 0x0000022A9FC0CB90>
parameters = [{'completed_at': None, 'description': '', 'due_date': None, 'id': '3e71b8ab-74d3-4218-b5e8-ab7885663531', ...}]
execution_options = immutabledict({'compiled_cache': <sqlalchemy.util._collections.LRUCache object at 0x0000022A9FC2C810>})
args = (<sqlalchemy.dialects.sqlite.base.SQLiteCompiler object at 0x0000022A9FC0CB90>, [{'completed_at': None, 'description':...one, 'id': '3e71b8ab-74d3-4218-b5e8-ab7885663531', ...}], <sqlalchemy.sql.dml.Insert object at 0x0000022A9FBD5E80>, [])
kw = {'cache_hit': <CacheStats.CACHE_HIT: 0>}, yp = None
conn = <sqlalchemy.pool.base._ConnectionFairy object at 0x0000022AA1C2F110>
context = <sqlalchemy.dialects.sqlite.aiosqlite.SQLiteExecutionContext_aiosqlite object at 0x0000022A9FD0A190>

    def _execute_context(
        self,
        dialect: Dialect,
        constructor: Callable[..., ExecutionContext],
        statement: Union[str, Compiled],
        parameters: Optional[_AnyMultiExecuteParams],
        execution_options: _ExecuteOptions,
        *args: Any,
        **kw: Any,
    ) -> CursorResult[Any]:
        """Create an :class:`.ExecutionContext` and execute, returning
        a :class:`_engine.CursorResult`."""
    
        if execution_options:
            yp = execution_options.get("yield_per", None)
            if yp:
                execution_options = execution_options.union(
                    {"stream_results": True, "max_row_buffer": yp}
                )
        try:
            conn = self._dbapi_connection
            if conn is None:
                conn = self._revalidate_connection()
    
            context = constructor(
                dialect, self, conn, execution_options, *args, **kw
            )
        except (exc.PendingRollbackError, exc.ResourceClosedError):
            raise
        except BaseException as e:
            self._handle_dbapi_exception(
                e, str(statement), parameters, None, None
            )
    
        if (
            self._transaction
            and not self._transaction.is_active
            or (
                self._nested_transaction
                and not self._nested_transaction.is_active
            )
        ):
            self._invalid_transaction()
    
        elif self._trans_context_manager:
            TransactionalContext._trans_ctx_check(self)
    
        if self._transaction is None:
            self._autobegin()
    
        context.pre_exec()
    
        if context.execute_style is ExecuteStyle.INSERTMANYVALUES:
            return self._exec_insertmany_context(dialect, context)
        else:
>           return self._exec_single_context(
                dialect, context, statement, parameters
            )

..\..\AppData\Roaming\Python\Python313\site-packages\sqlalchemy\engine\base.py:1846: 
_ _ _ _ _ _ _ _ _ _ _ _ _ _ _ _ _ _ _ _ _ _ _ _ _ _ _ _ _ _ _ _ _ _ _ _ _ _ _ _

self = <sqlalchemy.engine.base.Connection object at 0x0000022A9FD09A90>
dialect = <sqlalchemy.dialects.sqlite.aiosqlite.SQLiteDialect_aiosqlite object at 0x0000022A9FB5A710>
context = <sqlalchemy.dialects.sqlite.aiosqlite.SQLiteExecutionContext_aiosqlite object at 0x0000022A9FD0A190>
statement = <sqlalchemy.dialects.sqlite.base.SQLiteCompiler object at 0x0000022A9FC0CB90>
parameters = [('3e71b8ab-74d3-4218-b5e8-ab7885663531', 'Buy groceries', '', 'todo', 'low', None, ...)]

    def _exec_single_context(
        self,
        dialect: Dialect,
        context: ExecutionContext,
        statement: Union[str, Compiled],
        parameters: Optional[_AnyMultiExecuteParams],
    ) -> CursorResult[Any]:
        """continue the _execute_context() method for a single DBAPI
        cursor.execute() or cursor.executemany() call.
    
        """
        if dialect.bind_typing is BindTyping.SETINPUTSIZES:
            generic_setinputsizes = context._prepare_set_input_sizes()
    
            if generic_setinputsizes:
                try:
                    dialect.do_set_input_sizes(
                        context.cursor, generic_setinputsizes, context
                    )
                except BaseException as e:
                    self._handle_dbapi_exception(
                        e, str(statement), parameters, None, context
                    )
    
        cursor, str_statement, parameters = (
            context.cursor,
            context.statement,
            context.parameters,
        )
    
        effective_parameters: Optional[_AnyExecuteParams]
    
        if not context.executemany:
            effective_parameters = parameters[0]
        else:
            effective_parameters = parameters
    
        if self._has_events or self.engine._has_events:
            for fn in self.dispatch.before_cursor_execute:
                str_statement, effective_parameters = fn(
                    self,
                    cursor,
                    str_statement,
                    effective_parameters,
                    context,
                    context.executemany,
                )
    
        if self._echo:
            self._log_info(str_statement)
    
            stats = context._get_cache_stats()
    
            if not self.engine.hide_parameters:
                self._log_info(
                    "[%s] %r",
                    stats,
                    sql_util._repr_params(
                        effective_parameters,
                        batches=10,
                        ismulti=context.executemany,
                    ),
                )
            else:
                self._log_info(
                    "[%s] [SQL parameters hidden due to hide_parameters=True]",
                    stats,
                )
    
        evt_handled: bool = False
        try:
            if context.execute_style is ExecuteStyle.EXECUTEMANY:
                effective_parameters = cast(
                    "_CoreMultiExecuteParams", effective_parameters
                )
                if self.dialect._has_events:
                    for fn in self.dialect.dispatch.do_executemany:
                        if fn(
                            cursor,
                            str_statement,
                            effective_parameters,
                            context,
                        ):
                            evt_handled = True
                            break
                if not evt_handled:
                    self.dialect.do_executemany(
                        cursor,
                        str_statement,
                        effective_parameters,
                        context,
                    )
            elif not effective_parameters and context.no_parameters:
                if self.dialect._has_events:
                    for fn in self.dialect.dispatch.do_execute_no_params:
                        if fn(cursor, str_statement, context):
                            evt_handled = True
                            break
                if not evt_handled:
                    self.dialect.do_execute_no_params(
                        cursor, str_statement, context
                    )
            else:
                effective_parameters = cast(
                    "_CoreSingleExecuteParams", effective_parameters
                )
                if self.dialect._has_events:
                    for fn in self.dialect.dispatch.do_execute:
                        if fn(
                            cursor,
                            str_statement,
                            effective_parameters,
                            context,
                        ):
                            evt_handled = True
                            break
                if not evt_handled:
                    self.dialect.do_execute(
                        cursor, str_statement, effective_parameters, context
                    )
    
            if self._has_events or self.engine._has_events:
                self.dispatch.after_cursor_execute(
                    self,
                    cursor,
                    str_statement,
                    effective_parameters,
                    context,
                    context.executemany,
                )
    
            context.post_exec()
    
            result = context._setup_result_proxy()
    
        except BaseException as e:
>           self._handle_dbapi_exception(
                e, str_statement, effective_parameters, cursor, context
            )

..\..\AppData\Roaming\Python\Python313\site-packages\sqlalchemy\engine\base.py:1986: 
_ _ _ _ _ _ _ _ _ _ _ _ _ _ _ _ _ _ _ _ _ _ _ _ _ _ _ _ _ _ _ _ _ _ _ _ _ _ _ _

self = <sqlalchemy.engine.base.Connection object at 0x0000022A9FD09A90>
e = OperationalError('no such table: tasks')
statement = 'INSERT INTO tasks (id, title, description, status, priority, due_date, tags, created_at, updated_at, completed_at) VALUES (?, ?, ?, ?, ?, ?, ?, ?, ?, ?)'
parameters = ('3e71b8ab-74d3-4218-b5e8-ab7885663531', 'Buy groceries', '', 'todo', 'low', None, ...)
cursor = <sqlalchemy.dialects.sqlite.aiosqlite.AsyncAdapt_aiosqlite_cursor object at 0x0000022AA1C2EB00>
context = <sqlalchemy.dialects.sqlite.aiosqlite.SQLiteExecutionContext_aiosqlite object at 0x0000022A9FD0A190>
is_sub_exec = False

    def _handle_dbapi_exception(
        self,
        e: BaseException,
        statement: Optional[str],
        parameters: Optional[_AnyExecuteParams],
        cursor: Optional[DBAPICursor],
        context: Optional[ExecutionContext],
        is_sub_exec: bool = False,
    ) -> NoReturn:
        exc_info = sys.exc_info()
    
        is_exit_exception = util.is_exit_exception(e)
    
        if not self._is_disconnect:
            self._is_disconnect = (
                isinstance(e, self.dialect.loaded_dbapi.Error)
                and not self.closed
                and self.dialect.is_disconnect(
                    e,
                    self._dbapi_connection if not self.invalidated else None,
                    cursor,
                )
            ) or (is_exit_exception and not self.closed)
    
        invalidate_pool_on_disconnect = not is_exit_exception
    
        ismulti: bool = (
            not is_sub_exec and context.executemany
            if context is not None
            else False
        )
        if self._reentrant_error:
            raise exc.DBAPIError.instance(
                statement,
                parameters,
                e,
                self.dialect.loaded_dbapi.Error,
                hide_parameters=self.engine.hide_parameters,
                dialect=self.dialect,
                ismulti=ismulti,
            ).with_traceback(exc_info[2]) from e
        self._reentrant_error = True
        try:
            # non-DBAPI error - if we already got a context,
            # or there's no string statement, don't wrap it
            should_wrap = isinstance(e, self.dialect.loaded_dbapi.Error) or (
                statement is not None
                and context is None
                and not is_exit_exception
            )
    
            if should_wrap:
                sqlalchemy_exception = exc.DBAPIError.instance(
                    statement,
                    parameters,
                    cast(Exception, e),
                    self.dialect.loaded_dbapi.Error,
                    hide_parameters=self.engine.hide_parameters,
                    connection_invalidated=self._is_disconnect,
                    dialect=self.dialect,
                    ismulti=ismulti,
                )
            else:
                sqlalchemy_exception = None
    
            newraise = None
    
            if (self.dialect._has_events) and not self._execution_options.get(
                "skip_user_error_events", False
            ):
                ctx = ExceptionContextImpl(
                    e,
                    sqlalchemy_exception,
                    self.engine,
                    self.dialect,
                    self,
                    cursor,
                    statement,
                    parameters,
                    context,
                    self._is_disconnect,
                    invalidate_pool_on_disconnect,
                    False,
                )
    
                for fn in self.dialect.dispatch.handle_error:
                    try:
                        # handler returns an exception;
                        # call next handler in a chain
                        per_fn = fn(ctx)
                        if per_fn is not None:
                            ctx.chained_exception = newraise = per_fn
                    except Exception as _raised:
                        # handler raises an exception - stop processing
                        newraise = _raised
                        break
    
                if self._is_disconnect != ctx.is_disconnect:
                    self._is_disconnect = ctx.is_disconnect
                    if sqlalchemy_exception:
                        sqlalchemy_exception.connection_invalidated = (
                            ctx.is_disconnect
                        )
    
                # set up potentially user-defined value for
                # invalidate pool.
                invalidate_pool_on_disconnect = (
                    ctx.invalidate_pool_on_disconnect
                )
    
            if should_wrap and context:
                context.handle_dbapi_exception(e)
    
            if not self._is_disconnect:
                if cursor:
                    self._safe_close_cursor(cursor)
                # "autorollback" was mostly relevant in 1.x series.
                # It's very unlikely to reach here, as the connection
                # does autobegin so when we are here, we are usually
                # in an explicit / semi-explicit transaction.
                # however we have a test which manufactures this
                # scenario in any case using an event handler.
                # test/engine/test_execute.py-> test_actual_autorollback
                if not self.in_transaction():
                    self._rollback_impl()
    
            if newraise:
                raise newraise.with_traceback(exc_info[2]) from e
            elif should_wrap:
                assert sqlalchemy_exception is not None
>               raise sqlalchemy_exception.with_traceback(exc_info[2]) from e

..\..\AppData\Roaming\Python\Python313\site-packages\sqlalchemy\engine\base.py:2363: 
_ _ _ _ _ _ _ _ _ _ _ _ _ _ _ _ _ _ _ _ _ _ _ _ _ _ _ _ _ _ _ _ _ _ _ _ _ _ _ _

self = <sqlalchemy.engine.base.Connection object at 0x0000022A9FD09A90>
dialect = <sqlalchemy.dialects.sqlite.aiosqlite.SQLiteDialect_aiosqlite object at 0x0000022A9FB5A710>
context = <sqlalchemy.dialects.sqlite.aiosqlite.SQLiteExecutionContext_aiosqlite object at 0x0000022A9FD0A190>
statement = <sqlalchemy.dialects.sqlite.base.SQLiteCompiler object at 0x0000022A9FC0CB90>
parameters = [('3e71b8ab-74d3-4218-b5e8-ab7885663531', 'Buy groceries', '', 'todo', 'low', None, ...)]

    def _exec_single_context(
        self,
        dialect: Dialect,
        context: ExecutionContext,
        statement: Union[str, Compiled],
        parameters: Optional[_AnyMultiExecuteParams],
    ) -> CursorResult[Any]:
        """continue the _execute_context() method for a single DBAPI
        cursor.execute() or cursor.executemany() call.
    
        """
        if dialect.bind_typing is BindTyping.SETINPUTSIZES:
            generic_setinputsizes = context._prepare_set_input_sizes()
    
            if generic_setinputsizes:
                try:
                    dialect.do_set_input_sizes(
                        context.cursor, generic_setinputsizes, context
                    )
                except BaseException as e:
                    self._handle_dbapi_exception(
                        e, str(statement), parameters, None, context
                    )
    
        cursor, str_statement, parameters = (
            context.cursor,
            context.statement,
            context.parameters,
        )
    
        effective_parameters: Optional[_AnyExecuteParams]
    
        if not context.executemany:
            effective_parameters = parameters[0]
        else:
            effective_parameters = parameters
    
        if self._has_events or self.engine._has_events:
            for fn in self.dispatch.before_cursor_execute:
                str_statement, effective_parameters = fn(
                    self,
                    cursor,
                    str_statement,
                    effective_parameters,
                    context,
                    context.executemany,
                )
    
        if self._echo:
            self._log_info(str_statement)
    
            stats = context._get_cache_stats()
    
            if not self.engine.hide_parameters:
                self._log_info(
                    "[%s] %r",
                    stats,
                    sql_util._repr_params(
                        effective_parameters,
                        batches=10,
                        ismulti=context.executemany,
                    ),
                )
            else:
                self._log_info(
                    "[%s] [SQL parameters hidden due to hide_parameters=True]",
                    stats,
                )
    
        evt_handled: bool = False
        try:
            if context.execute_style is ExecuteStyle.EXECUTEMANY:
                effective_parameters = cast(
                    "_CoreMultiExecuteParams", effective_parameters
                )
                if self.dialect._has_events:
                    for fn in self.dialect.dispatch.do_executemany:
                        if fn(
                            cursor,
                            str_statement,
                            effective_parameters,
                            context,
                        ):
                            evt_handled = True
                            break
                if not evt_handled:
                    self.dialect.do_executemany(
                        cursor,
                        str_statement,
                        effective_parameters,
                        context,
                    )
            elif not effective_parameters and context.no_parameters:
                if self.dialect._has_events:
                    for fn in self.dialect.dispatch.do_execute_no_params:
                        if fn(cursor, str_statement, context):
                            evt_handled = True
                            break
                if not evt_handled:
                    self.dialect.do_execute_no_params(
                        cursor, str_statement, context
                    )
            else:
                effective_parameters = cast(
                    "_CoreSingleExecuteParams", effective_parameters
                )
                if self.dialect._has_events:
                    for fn in self.dialect.dispatch.do_execute:
                        if fn(
                            cursor,
                            str_statement,
                            effective_parameters,
                            context,
                        ):
                            evt_handled = True
                            break
                if not evt_handled:
>                   self.dialect.do_execute(
                        cursor, str_statement, effective_parameters, context
                    )

..\..\AppData\Roaming\Python\Python313\site-packages\sqlalchemy\engine\base.py:1967: 
_ _ _ _ _ _ _ _ _ _ _ _ _ _ _ _ _ _ _ _ _ _ _ _ _ _ _ _ _ _ _ _ _ _ _ _ _ _ _ _

self = <sqlalchemy.dialects.sqlite.aiosqlite.SQLiteDialect_aiosqlite object at 0x0000022A9FB5A710>
cursor = <sqlalchemy.dialects.sqlite.aiosqlite.AsyncAdapt_aiosqlite_cursor object at 0x0000022AA1C2EB00>
statement = 'INSERT INTO tasks (id, title, description, status, priority, due_date, tags, created_at, updated_at, completed_at) VALUES (?, ?, ?, ?, ?, ?, ?, ?, ?, ?)'
parameters = ('3e71b8ab-74d3-4218-b5e8-ab7885663531', 'Buy groceries', '', 'todo', 'low', None, ...)
context = <sqlalchemy.dialects.sqlite.aiosqlite.SQLiteExecutionContext_aiosqlite object at 0x0000022A9FD0A190>

    def do_execute(self, cursor, statement, parameters, context=None):
>       cursor.execute(statement, parameters)

..\..\AppData\Roaming\Python\Python313\site-packages\sqlalchemy\engine\default.py:952: 
_ _ _ _ _ _ _ _ _ _ _ _ _ _ _ _ _ _ _ _ _ _ _ _ _ _ _ _ _ _ _ _ _ _ _ _ _ _ _ _

self = <sqlalchemy.dialects.sqlite.aiosqlite.AsyncAdapt_aiosqlite_cursor object at 0x0000022AA1C2EB00>
operation = 'INSERT INTO tasks (id, title, description, status, priority, due_date, tags, created_at, updated_at, completed_at) VALUES (?, ?, ?, ?, ?, ?, ?, ?, ?, ?)'
parameters = ('3e71b8ab-74d3-4218-b5e8-ab7885663531', 'Buy groceries', '', 'todo', 'low', None, ...)

    def execute(
        self,
        operation: Any,
        parameters: Optional[_DBAPISingleExecuteParams] = None,
    ) -> Any:
    
        try:
            _cursor: AsyncIODBAPICursor = self.await_(self._connection.cursor())  # type: ignore[arg-type] # noqa: E501
    
            if parameters is None:
                self.await_(_cursor.execute(operation))
            else:
                self.await_(_cursor.execute(operation, parameters))
    
            if _cursor.description:
                self.description = _cursor.description
                self.lastrowid = self.rowcount = -1
    
                if not self.server_side:
                    self._rows = deque(self.await_(_cursor.fetchall()))
            else:
                self.description = None
                self.lastrowid = _cursor.lastrowid
                self.rowcount = _cursor.rowcount
    
            if not self.server_side:
                self.await_(_cursor.close())
            else:
                self._cursor = _cursor  # type: ignore[misc]
        except Exception as error:
>           self._adapt_connection._handle_exception(error)

..\..\AppData\Roaming\Python\Python313\site-packages\sqlalchemy\dialects\sqlite\aiosqlite.py:182: 
_ _ _ _ _ _ _ _ _ _ _ _ _ _ _ _ _ _ _ _ _ _ _ _ _ _ _ _ _ _ _ _ _ _ _ _ _ _ _ _

self = <AdaptedConnection <aiosqlite.core.Connection object at 0x0000022AA0E3B4D0>>
error = OperationalError('no such table: tasks')

    def _handle_exception(self, error: Exception) -> NoReturn:
        if (
            isinstance(error, ValueError)
            and error.args[0] == "no active connection"
        ):
            raise self.dbapi.sqlite.OperationalError(
                "no active connection"
            ) from error
        else:
>           raise error

..\..\AppData\Roaming\Python\Python313\site-packages\sqlalchemy\dialects\sqlite\aiosqlite.py:342: 
_ _ _ _ _ _ _ _ _ _ _ _ _ _ _ _ _ _ _ _ _ _ _ _ _ _ _ _ _ _ _ _ _ _ _ _ _ _ _ _

self = <sqlalchemy.dialects.sqlite.aiosqlite.AsyncAdapt_aiosqlite_cursor object at 0x0000022AA1C2EB00>
operation = 'INSERT INTO tasks (id, title, description, status, priority, due_date, tags, created_at, updated_at, completed_at) VALUES (?, ?, ?, ?, ?, ?, ?, ?, ?, ?)'
parameters = ('3e71b8ab-74d3-4218-b5e8-ab7885663531', 'Buy groceries', '', 'todo', 'low', None, ...)

    def execute(
        self,
        operation: Any,
        parameters: Optional[_DBAPISingleExecuteParams] = None,
    ) -> Any:
    
        try:
            _cursor: AsyncIODBAPICursor = self.await_(self._connection.cursor())  # type: ignore[arg-type] # noqa: E501
    
            if parameters is None:
                self.await_(_cursor.execute(operation))
            else:
>               self.await_(_cursor.execute(operation, parameters))

..\..\AppData\Roaming\Python\Python313\site-packages\sqlalchemy\dialects\sqlite\aiosqlite.py:164: 
_ _ _ _ _ _ _ _ _ _ _ _ _ _ _ _ _ _ _ _ _ _ _ _ _ _ _ _ _ _ _ _ _ _ _ _ _ _ _ _

awaitable = <coroutine object Cursor.execute at 0x0000022A9FD10040>

    def await_only(awaitable: Awaitable[_T]) -> _T:
        """Awaits an async function in a sync method.
    
        The sync method must be inside a :func:`greenlet_spawn` context.
        :func:`await_only` calls cannot be nested.
    
        :param awaitable: The coroutine to call.
    
        """
        # this is called in the context greenlet while running fn
        current = getcurrent()
        if not getattr(current, "__sqlalchemy_greenlet_provider__", False):
            _safe_cancel_awaitable(awaitable)
    
            raise exc.MissingGreenlet(
                "greenlet_spawn has not been called; can't call await_only() "
                "here. Was IO attempted in an unexpected place?"
            )
    
        # returns the control to the driver greenlet passing it
        # a coroutine to run. Once the awaitable is done, the driver greenlet
        # switches back to this greenlet with the result of awaitable that is
        # then returned to the caller (or raised as error)
>       return current.parent.switch(awaitable)  # type: ignore[no-any-return,attr-defined] # noqa: E501
               ^^^^^^^^^^^^^^^^^^^^^^^^^^^^^^^^

..\..\AppData\Roaming\Python\Python313\site-packages\sqlalchemy\util\_concurrency_py3k.py:132: 
_ _ _ _ _ _ _ _ _ _ _ _ _ _ _ _ _ _ _ _ _ _ _ _ _ _ _ _ _ _ _ _ _ _ _ _ _ _ _ _

fn = <bound method Session.flush of <sqlalchemy.orm.session.Session object at 0x0000022A9FD0F2F0>>
_require_await = False, args = (), kwargs = {'objects': None}
context = <_AsyncIoGreenlet object at 0x0000022AA26AB5C0 (otid=0x0000022A9E4E1470) dead>
switch_occurred = True
result = <coroutine object Connection.rollback at 0x0000022AA1DA99C0>
value = None

    async def greenlet_spawn(
        fn: Callable[..., _T],
        *args: Any,
        _require_await: bool = False,
        **kwargs: Any,
    ) -> _T:
        """Runs a sync function ``fn`` in a new greenlet.
    
        The sync function can then use :func:`await_only` to wait for async
        functions.
    
        :param fn: The sync callable to call.
        :param \\*args: Positional arguments to pass to the ``fn`` callable.
        :param \\*\\*kwargs: Keyword arguments to pass to the ``fn`` callable.
        """
    
        result: Any
        context = _AsyncIoGreenlet(fn, getcurrent())
        # runs the function synchronously in gl greenlet. If the execution
        # is interrupted by await_only, context is not dead and result is a
        # coroutine to wait. If the context is dead the function has
        # returned, and its result can be returned.
        switch_occurred = False
        result = context.switch(*args, **kwargs)
        while not context.dead:
            switch_occurred = True
            try:
                # wait for a coroutine from await_only and then return its
                # result back to it.
>               value = await result
                        ^^^^^^^^^^^^

..\..\AppData\Roaming\Python\Python313\site-packages\sqlalchemy\util\_concurrency_py3k.py:196: 
_ _ _ _ _ _ _ _ _ _ _ _ _ _ _ _ _ _ _ _ _ _ _ _ _ _ _ _ _ _ _ _ _ _ _ _ _ _ _ _

self = <aiosqlite.cursor.Cursor object at 0x0000022AA1C2EBD0>
sql = 'INSERT INTO tasks (id, title, description, status, priority, due_date, tags, created_at, updated_at, completed_at) VALUES (?, ?, ?, ?, ?, ?, ?, ?, ?, ?)'
parameters = ('3e71b8ab-74d3-4218-b5e8-ab7885663531', 'Buy groceries', '', 'todo', 'low', None, ...)

    async def execute(
        self, sql: str, parameters: Optional[Iterable[Any]] = None
    ) -> "Cursor":
        """Execute the given query."""
        if parameters is None:
            parameters = []
>       await self._execute(self._cursor.execute, sql, parameters)

..\..\AppData\Roaming\Python\Python313\site-packages\aiosqlite\cursor.py:40: 
_ _ _ _ _ _ _ _ _ _ _ _ _ _ _ _ _ _ _ _ _ _ _ _ _ _ _ _ _ _ _ _ _ _ _ _ _ _ _ _

self = <aiosqlite.cursor.Cursor object at 0x0000022AA1C2EBD0>
fn = <built-in method execute of sqlite3.Cursor object at 0x0000022A9FD580C0>
args = ('INSERT INTO tasks (id, title, description, status, priority, due_date, tags, created_at, updated_at, completed_at) V..., ?, ?, ?, ?, ?, ?, ?, ?, ?)', ('3e71b8ab-74d3-4218-b5e8-ab7885663531', 'Buy groceries', '', 'todo', 'low', None, ...))
kwargs = {}

    async def _execute(self, fn, *args, **kwargs):
        """Execute the given function on the shared connection's thread."""
>       return await self._conn._execute(fn, *args, **kwargs)
               ^^^^^^^^^^^^^^^^^^^^^^^^^^^^^^^^^^^^^^^^^^^^^^

..\..\AppData\Roaming\Python\Python313\site-packages\aiosqlite\cursor.py:32: 
_ _ _ _ _ _ _ _ _ _ _ _ _ _ _ _ _ _ _ _ _ _ _ _ _ _ _ _ _ _ _ _ _ _ _ _ _ _ _ _

self = <aiosqlite.core.Connection object at 0x0000022AA0E3B4D0>
fn = <built-in method execute of sqlite3.Cursor object at 0x0000022A9FD580C0>
args = ('INSERT INTO tasks (id, title, description, status, priority, due_date, tags, created_at, updated_at, completed_at) V..., ?, ?, ?, ?, ?, ?, ?, ?, ?)', ('3e71b8ab-74d3-4218-b5e8-ab7885663531', 'Buy groceries', '', 'todo', 'low', None, ...))
kwargs = {}
function = functools.partial(<built-in method execute of sqlite3.Cursor object at 0x0000022A9FD580C0>, 'INSERT INTO tasks (id, ti... groceries', '', 'todo', 'low', None, '["errands"]', '2026-04-05 17:53:32.115292', '2026-04-05 17:53:32.115331', None))
future = <Future finished exception=OperationalError('no such table: tasks')>

    async def _execute(self, fn, *args, **kwargs):
        """Queue a function with the given arguments for execution."""
        if not self._running or not self._connection:
            raise ValueError("Connection closed")
    
        function = partial(fn, *args, **kwargs)
        future = asyncio.get_event_loop().create_future()
    
        self._tx.put_nowait((future, function))
    
>       return await future
               ^^^^^^^^^^^^

..\..\AppData\Roaming\Python\Python313\site-packages\aiosqlite\core.py:160: 
_ _ _ _ _ _ _ _ _ _ _ _ _ _ _ _ _ _ _ _ _ _ _ _ _ _ _ _ _ _ _ _ _ _ _ _ _ _ _ _

tx = <_queue.SimpleQueue object at 0x0000022AA0DF9DE0>

    def _connection_worker_thread(tx: _TxQueue):
        """
        Execute function calls on a separate thread.
    
        :meta private:
        """
        while True:
            # Continues running until all queue items are processed,
            # even after connection is closed (so we can finalize all
            # futures)
    
            future, function = tx.get()
    
            try:
                LOG.debug("executing %s", function)
>               result = function()
                         ^^^^^^^^^^
E               sqlalchemy.exc.OperationalError: (sqlite3.OperationalError) no such table: tasks
E               [SQL: INSERT INTO tasks (id, title, description, status, priority, due_date, tags, created_at, updated_at, completed_at) VALUES (?, ?, ?, ?, ?, ?, ?, ?, ?, ?)]
E               [parameters: ('3e71b8ab-74d3-4218-b5e8-ab7885663531', 'Buy groceries', '', 'todo', 'low', None, '["errands"]', '2026-04-05 17:53:32.115292', '2026-04-05 17:53:32.115331', None)]
E               (Background on this error at: https://sqlalche.me/e/20/e3q8)

..\..\AppData\Roaming\Python\Python313\site-packages\aiosqlite\core.py:63: OperationalError
_____________ ERROR at setup of test_calendar_multi_step_workflow _____________

self = <sqlalchemy.engine.base.Connection object at 0x0000022A9FD12350>
dialect = <sqlalchemy.dialects.sqlite.aiosqlite.SQLiteDialect_aiosqlite object at 0x0000022A9FB5A710>
context = <sqlalchemy.dialects.sqlite.aiosqlite.SQLiteExecutionContext_aiosqlite object at 0x0000022A9FD12510>
statement = <sqlalchemy.dialects.sqlite.base.SQLiteCompiler object at 0x0000022A9FC0CB90>
parameters = [('e618a570-6b47-467d-9820-290414447917', 'Buy groceries', '', 'todo', 'low', None, ...)]

    def _exec_single_context(
        self,
        dialect: Dialect,
        context: ExecutionContext,
        statement: Union[str, Compiled],
        parameters: Optional[_AnyMultiExecuteParams],
    ) -> CursorResult[Any]:
        """continue the _execute_context() method for a single DBAPI
        cursor.execute() or cursor.executemany() call.
    
        """
        if dialect.bind_typing is BindTyping.SETINPUTSIZES:
            generic_setinputsizes = context._prepare_set_input_sizes()
    
            if generic_setinputsizes:
                try:
                    dialect.do_set_input_sizes(
                        context.cursor, generic_setinputsizes, context
                    )
                except BaseException as e:
                    self._handle_dbapi_exception(
                        e, str(statement), parameters, None, context
                    )
    
        cursor, str_statement, parameters = (
            context.cursor,
            context.statement,
            context.parameters,
        )
    
        effective_parameters: Optional[_AnyExecuteParams]
    
        if not context.executemany:
            effective_parameters = parameters[0]
        else:
            effective_parameters = parameters
    
        if self._has_events or self.engine._has_events:
            for fn in self.dispatch.before_cursor_execute:
                str_statement, effective_parameters = fn(
                    self,
                    cursor,
                    str_statement,
                    effective_parameters,
                    context,
                    context.executemany,
                )
    
        if self._echo:
            self._log_info(str_statement)
    
            stats = context._get_cache_stats()
    
            if not self.engine.hide_parameters:
                self._log_info(
                    "[%s] %r",
                    stats,
                    sql_util._repr_params(
                        effective_parameters,
                        batches=10,
                        ismulti=context.executemany,
                    ),
                )
            else:
                self._log_info(
                    "[%s] [SQL parameters hidden due to hide_parameters=True]",
                    stats,
                )
    
        evt_handled: bool = False
        try:
            if context.execute_style is ExecuteStyle.EXECUTEMANY:
                effective_parameters = cast(
                    "_CoreMultiExecuteParams", effective_parameters
                )
                if self.dialect._has_events:
                    for fn in self.dialect.dispatch.do_executemany:
                        if fn(
                            cursor,
                            str_statement,
                            effective_parameters,
                            context,
                        ):
                            evt_handled = True
                            break
                if not evt_handled:
                    self.dialect.do_executemany(
                        cursor,
                        str_statement,
                        effective_parameters,
                        context,
                    )
            elif not effective_parameters and context.no_parameters:
                if self.dialect._has_events:
                    for fn in self.dialect.dispatch.do_execute_no_params:
                        if fn(cursor, str_statement, context):
                            evt_handled = True
                            break
                if not evt_handled:
                    self.dialect.do_execute_no_params(
                        cursor, str_statement, context
                    )
            else:
                effective_parameters = cast(
                    "_CoreSingleExecuteParams", effective_parameters
                )
                if self.dialect._has_events:
                    for fn in self.dialect.dispatch.do_execute:
                        if fn(
                            cursor,
                            str_statement,
                            effective_parameters,
                            context,
                        ):
                            evt_handled = True
                            break
                if not evt_handled:
>                   self.dialect.do_execute(
                        cursor, str_statement, effective_parameters, context
                    )

..\..\AppData\Roaming\Python\Python313\site-packages\sqlalchemy\engine\base.py:1967: 
_ _ _ _ _ _ _ _ _ _ _ _ _ _ _ _ _ _ _ _ _ _ _ _ _ _ _ _ _ _ _ _ _ _ _ _ _ _ _ _

self = <sqlalchemy.dialects.sqlite.aiosqlite.SQLiteDialect_aiosqlite object at 0x0000022A9FB5A710>
cursor = <sqlalchemy.dialects.sqlite.aiosqlite.AsyncAdapt_aiosqlite_cursor object at 0x0000022AA184AC80>
statement = 'INSERT INTO tasks (id, title, description, status, priority, due_date, tags, created_at, updated_at, completed_at) VALUES (?, ?, ?, ?, ?, ?, ?, ?, ?, ?)'
parameters = ('e618a570-6b47-467d-9820-290414447917', 'Buy groceries', '', 'todo', 'low', None, ...)
context = <sqlalchemy.dialects.sqlite.aiosqlite.SQLiteExecutionContext_aiosqlite object at 0x0000022A9FD12510>

    def do_execute(self, cursor, statement, parameters, context=None):
>       cursor.execute(statement, parameters)

..\..\AppData\Roaming\Python\Python313\site-packages\sqlalchemy\engine\default.py:952: 
_ _ _ _ _ _ _ _ _ _ _ _ _ _ _ _ _ _ _ _ _ _ _ _ _ _ _ _ _ _ _ _ _ _ _ _ _ _ _ _

self = <sqlalchemy.dialects.sqlite.aiosqlite.AsyncAdapt_aiosqlite_cursor object at 0x0000022AA184AC80>
operation = 'INSERT INTO tasks (id, title, description, status, priority, due_date, tags, created_at, updated_at, completed_at) VALUES (?, ?, ?, ?, ?, ?, ?, ?, ?, ?)'
parameters = ('e618a570-6b47-467d-9820-290414447917', 'Buy groceries', '', 'todo', 'low', None, ...)

    def execute(
        self,
        operation: Any,
        parameters: Optional[_DBAPISingleExecuteParams] = None,
    ) -> Any:
    
        try:
            _cursor: AsyncIODBAPICursor = self.await_(self._connection.cursor())  # type: ignore[arg-type] # noqa: E501
    
            if parameters is None:
                self.await_(_cursor.execute(operation))
            else:
                self.await_(_cursor.execute(operation, parameters))
    
            if _cursor.description:
                self.description = _cursor.description
                self.lastrowid = self.rowcount = -1
    
                if not self.server_side:
                    self._rows = deque(self.await_(_cursor.fetchall()))
            else:
                self.description = None
                self.lastrowid = _cursor.lastrowid
                self.rowcount = _cursor.rowcount
    
            if not self.server_side:
                self.await_(_cursor.close())
            else:
                self._cursor = _cursor  # type: ignore[misc]
        except Exception as error:
>           self._adapt_connection._handle_exception(error)

..\..\AppData\Roaming\Python\Python313\site-packages\sqlalchemy\dialects\sqlite\aiosqlite.py:182: 
_ _ _ _ _ _ _ _ _ _ _ _ _ _ _ _ _ _ _ _ _ _ _ _ _ _ _ _ _ _ _ _ _ _ _ _ _ _ _ _

self = <AdaptedConnection <aiosqlite.core.Connection object at 0x0000022AA0E3B4D0>>
error = OperationalError('no such table: tasks')

    def _handle_exception(self, error: Exception) -> NoReturn:
        if (
            isinstance(error, ValueError)
            and error.args[0] == "no active connection"
        ):
            raise self.dbapi.sqlite.OperationalError(
                "no active connection"
            ) from error
        else:
>           raise error

..\..\AppData\Roaming\Python\Python313\site-packages\sqlalchemy\dialects\sqlite\aiosqlite.py:342: 
_ _ _ _ _ _ _ _ _ _ _ _ _ _ _ _ _ _ _ _ _ _ _ _ _ _ _ _ _ _ _ _ _ _ _ _ _ _ _ _

self = <sqlalchemy.dialects.sqlite.aiosqlite.AsyncAdapt_aiosqlite_cursor object at 0x0000022AA184AC80>
operation = 'INSERT INTO tasks (id, title, description, status, priority, due_date, tags, created_at, updated_at, completed_at) VALUES (?, ?, ?, ?, ?, ?, ?, ?, ?, ?)'
parameters = ('e618a570-6b47-467d-9820-290414447917', 'Buy groceries', '', 'todo', 'low', None, ...)

    def execute(
        self,
        operation: Any,
        parameters: Optional[_DBAPISingleExecuteParams] = None,
    ) -> Any:
    
        try:
            _cursor: AsyncIODBAPICursor = self.await_(self._connection.cursor())  # type: ignore[arg-type] # noqa: E501
    
            if parameters is None:
                self.await_(_cursor.execute(operation))
            else:
>               self.await_(_cursor.execute(operation, parameters))

..\..\AppData\Roaming\Python\Python313\site-packages\sqlalchemy\dialects\sqlite\aiosqlite.py:164: 
_ _ _ _ _ _ _ _ _ _ _ _ _ _ _ _ _ _ _ _ _ _ _ _ _ _ _ _ _ _ _ _ _ _ _ _ _ _ _ _

awaitable = <coroutine object Cursor.execute at 0x0000022A9FD12960>

    def await_only(awaitable: Awaitable[_T]) -> _T:
        """Awaits an async function in a sync method.
    
        The sync method must be inside a :func:`greenlet_spawn` context.
        :func:`await_only` calls cannot be nested.
    
        :param awaitable: The coroutine to call.
    
        """
        # this is called in the context greenlet while running fn
        current = getcurrent()
        if not getattr(current, "__sqlalchemy_greenlet_provider__", False):
            _safe_cancel_awaitable(awaitable)
    
            raise exc.MissingGreenlet(
                "greenlet_spawn has not been called; can't call await_only() "
                "here. Was IO attempted in an unexpected place?"
            )
    
        # returns the control to the driver greenlet passing it
        # a coroutine to run. Once the awaitable is done, the driver greenlet
        # switches back to this greenlet with the result of awaitable that is
        # then returned to the caller (or raised as error)
>       return current.parent.switch(awaitable)  # type: ignore[no-any-return,attr-defined] # noqa: E501
               ^^^^^^^^^^^^^^^^^^^^^^^^^^^^^^^^

..\..\AppData\Roaming\Python\Python313\site-packages\sqlalchemy\util\_concurrency_py3k.py:132: 
_ _ _ _ _ _ _ _ _ _ _ _ _ _ _ _ _ _ _ _ _ _ _ _ _ _ _ _ _ _ _ _ _ _ _ _ _ _ _ _

fn = <bound method Session.flush of <sqlalchemy.orm.session.Session object at 0x0000022A9FCE2030>>
_require_await = False, args = (), kwargs = {'objects': None}
context = <_AsyncIoGreenlet object at 0x0000022AA1E93B00 (otid=0x0000022A9E4E1470) dead>
switch_occurred = True
result = <coroutine object Connection.rollback at 0x0000022AA1DA9FC0>
value = None

    async def greenlet_spawn(
        fn: Callable[..., _T],
        *args: Any,
        _require_await: bool = False,
        **kwargs: Any,
    ) -> _T:
        """Runs a sync function ``fn`` in a new greenlet.
    
        The sync function can then use :func:`await_only` to wait for async
        functions.
    
        :param fn: The sync callable to call.
        :param \\*args: Positional arguments to pass to the ``fn`` callable.
        :param \\*\\*kwargs: Keyword arguments to pass to the ``fn`` callable.
        """
    
        result: Any
        context = _AsyncIoGreenlet(fn, getcurrent())
        # runs the function synchronously in gl greenlet. If the execution
        # is interrupted by await_only, context is not dead and result is a
        # coroutine to wait. If the context is dead the function has
        # returned, and its result can be returned.
        switch_occurred = False
        result = context.switch(*args, **kwargs)
        while not context.dead:
            switch_occurred = True
            try:
                # wait for a coroutine from await_only and then return its
                # result back to it.
>               value = await result
                        ^^^^^^^^^^^^

..\..\AppData\Roaming\Python\Python313\site-packages\sqlalchemy\util\_concurrency_py3k.py:196: 
_ _ _ _ _ _ _ _ _ _ _ _ _ _ _ _ _ _ _ _ _ _ _ _ _ _ _ _ _ _ _ _ _ _ _ _ _ _ _ _

self = <aiosqlite.cursor.Cursor object at 0x0000022AA184AED0>
sql = 'INSERT INTO tasks (id, title, description, status, priority, due_date, tags, created_at, updated_at, completed_at) VALUES (?, ?, ?, ?, ?, ?, ?, ?, ?, ?)'
parameters = ('e618a570-6b47-467d-9820-290414447917', 'Buy groceries', '', 'todo', 'low', None, ...)

    async def execute(
        self, sql: str, parameters: Optional[Iterable[Any]] = None
    ) -> "Cursor":
        """Execute the given query."""
        if parameters is None:
            parameters = []
>       await self._execute(self._cursor.execute, sql, parameters)

..\..\AppData\Roaming\Python\Python313\site-packages\aiosqlite\cursor.py:40: 
_ _ _ _ _ _ _ _ _ _ _ _ _ _ _ _ _ _ _ _ _ _ _ _ _ _ _ _ _ _ _ _ _ _ _ _ _ _ _ _

self = <aiosqlite.cursor.Cursor object at 0x0000022AA184AED0>
fn = <built-in method execute of sqlite3.Cursor object at 0x0000022AA22D79C0>
args = ('INSERT INTO tasks (id, title, description, status, priority, due_date, tags, created_at, updated_at, completed_at) V..., ?, ?, ?, ?, ?, ?, ?, ?, ?)', ('e618a570-6b47-467d-9820-290414447917', 'Buy groceries', '', 'todo', 'low', None, ...))
kwargs = {}

    async def _execute(self, fn, *args, **kwargs):
        """Execute the given function on the shared connection's thread."""
>       return await self._conn._execute(fn, *args, **kwargs)
               ^^^^^^^^^^^^^^^^^^^^^^^^^^^^^^^^^^^^^^^^^^^^^^

..\..\AppData\Roaming\Python\Python313\site-packages\aiosqlite\cursor.py:32: 
_ _ _ _ _ _ _ _ _ _ _ _ _ _ _ _ _ _ _ _ _ _ _ _ _ _ _ _ _ _ _ _ _ _ _ _ _ _ _ _

self = <aiosqlite.core.Connection object at 0x0000022AA0E3B4D0>
fn = <built-in method execute of sqlite3.Cursor object at 0x0000022AA22D79C0>
args = ('INSERT INTO tasks (id, title, description, status, priority, due_date, tags, created_at, updated_at, completed_at) V..., ?, ?, ?, ?, ?, ?, ?, ?, ?)', ('e618a570-6b47-467d-9820-290414447917', 'Buy groceries', '', 'todo', 'low', None, ...))
kwargs = {}
function = functools.partial(<built-in method execute of sqlite3.Cursor object at 0x0000022AA22D79C0>, 'INSERT INTO tasks (id, ti... groceries', '', 'todo', 'low', None, '["errands"]', '2026-04-05 17:53:32.786630', '2026-04-05 17:53:32.786635', None))
future = <Future finished exception=OperationalError('no such table: tasks')>

    async def _execute(self, fn, *args, **kwargs):
        """Queue a function with the given arguments for execution."""
        if not self._running or not self._connection:
            raise ValueError("Connection closed")
    
        function = partial(fn, *args, **kwargs)
        future = asyncio.get_event_loop().create_future()
    
        self._tx.put_nowait((future, function))
    
>       return await future
               ^^^^^^^^^^^^

..\..\AppData\Roaming\Python\Python313\site-packages\aiosqlite\core.py:160: 
_ _ _ _ _ _ _ _ _ _ _ _ _ _ _ _ _ _ _ _ _ _ _ _ _ _ _ _ _ _ _ _ _ _ _ _ _ _ _ _

tx = <_queue.SimpleQueue object at 0x0000022AA0DF9DE0>

    def _connection_worker_thread(tx: _TxQueue):
        """
        Execute function calls on a separate thread.
    
        :meta private:
        """
        while True:
            # Continues running until all queue items are processed,
            # even after connection is closed (so we can finalize all
            # futures)
    
            future, function = tx.get()
    
            try:
                LOG.debug("executing %s", function)
>               result = function()
                         ^^^^^^^^^^
E               sqlite3.OperationalError: no such table: tasks

..\..\AppData\Roaming\Python\Python313\site-packages\aiosqlite\core.py:63: OperationalError

The above exception was the direct cause of the following exception:

    @pytest_asyncio.fixture(autouse=True)
    async def seed_data():
        """Seed the DB with test data before each test."""
        from backend.database import crud
        async with _TestSession() as db:
>           await crud.create_task(db, title="Buy groceries", priority="low", tags=["errands"])

test_multi_agent.py:56: 
_ _ _ _ _ _ _ _ _ _ _ _ _ _ _ _ _ _ _ _ _ _ _ _ _ _ _ _ _ _ _ _ _ _ _ _ _ _ _ _

db = <sqlalchemy.ext.asyncio.session.AsyncSession object at 0x0000022AA184B170>
title = 'Buy groceries', description = '', priority = 'low', due_date = None
tags = ['errands']

    async def create_task(
        db: AsyncSession, title: str, description: str = "",
        priority: str = "medium", due_date: str = None, tags: list = None,
    ):
        parsed_due = None
        if due_date:
            try:
                parsed_due = datetime.fromisoformat(due_date)
            except ValueError:
                pass
        task = Task(
            id=str(uuid.uuid4()), title=title, description=description,
            priority=priority, due_date=parsed_due, tags=tags or [],
        )
        db.add(task)
>       await db.flush()

backend\database\crud.py:90: 
_ _ _ _ _ _ _ _ _ _ _ _ _ _ _ _ _ _ _ _ _ _ _ _ _ _ _ _ _ _ _ _ _ _ _ _ _ _ _ _

self = <sqlalchemy.ext.asyncio.session.AsyncSession object at 0x0000022AA184B170>
objects = None

    async def flush(self, objects: Optional[Sequence[Any]] = None) -> None:
        """Flush all the object changes to the database.
    
        .. seealso::
    
            :meth:`_orm.Session.flush` - main documentation for flush
    
        """
>       await greenlet_spawn(self.sync_session.flush, objects=objects)

..\..\AppData\Roaming\Python\Python313\site-packages\sqlalchemy\ext\asyncio\session.py:787: 
_ _ _ _ _ _ _ _ _ _ _ _ _ _ _ _ _ _ _ _ _ _ _ _ _ _ _ _ _ _ _ _ _ _ _ _ _ _ _ _

fn = <bound method Session.flush of <sqlalchemy.orm.session.Session object at 0x0000022A9FCE2030>>
_require_await = False, args = (), kwargs = {'objects': None}
context = <_AsyncIoGreenlet object at 0x0000022AA1E93B00 (otid=0x0000022A9E4E1470) dead>
switch_occurred = True
result = <coroutine object Connection.rollback at 0x0000022AA1DA9FC0>
value = None

    async def greenlet_spawn(
        fn: Callable[..., _T],
        *args: Any,
        _require_await: bool = False,
        **kwargs: Any,
    ) -> _T:
        """Runs a sync function ``fn`` in a new greenlet.
    
        The sync function can then use :func:`await_only` to wait for async
        functions.
    
        :param fn: The sync callable to call.
        :param \\*args: Positional arguments to pass to the ``fn`` callable.
        :param \\*\\*kwargs: Keyword arguments to pass to the ``fn`` callable.
        """
    
        result: Any
        context = _AsyncIoGreenlet(fn, getcurrent())
        # runs the function synchronously in gl greenlet. If the execution
        # is interrupted by await_only, context is not dead and result is a
        # coroutine to wait. If the context is dead the function has
        # returned, and its result can be returned.
        switch_occurred = False
        result = context.switch(*args, **kwargs)
        while not context.dead:
            switch_occurred = True
            try:
                # wait for a coroutine from await_only and then return its
                # result back to it.
                value = await result
            except BaseException:
                # this allows an exception to be raised within
                # the moderated greenlet so that it can continue
                # its expected flow.
                result = context.throw(*sys.exc_info())
            else:
>               result = context.switch(value)
                         ^^^^^^^^^^^^^^^^^^^^^

..\..\AppData\Roaming\Python\Python313\site-packages\sqlalchemy\util\_concurrency_py3k.py:203: 
_ _ _ _ _ _ _ _ _ _ _ _ _ _ _ _ _ _ _ _ _ _ _ _ _ _ _ _ _ _ _ _ _ _ _ _ _ _ _ _

self = <sqlalchemy.orm.session.Session object at 0x0000022A9FCE2030>
objects = None

    def flush(self, objects: Optional[Sequence[Any]] = None) -> None:
        """Flush all the object changes to the database.
    
        Writes out all pending object creations, deletions and modifications
        to the database as INSERTs, DELETEs, UPDATEs, etc.  Operations are
        automatically ordered by the Session's unit of work dependency
        solver.
    
        Database operations will be issued in the current transactional
        context and do not affect the state of the transaction, unless an
        error occurs, in which case the entire transaction is rolled back.
        You may flush() as often as you like within a transaction to move
        changes from Python to the database's transaction buffer.
    
        :param objects: Optional; restricts the flush operation to operate
          only on elements that are in the given collection.
    
          This feature is for an extremely narrow set of use cases where
          particular objects may need to be operated upon before the
          full flush() occurs.  It is not intended for general use.
    
        """
    
        if self._flushing:
            raise sa_exc.InvalidRequestError("Session is already flushing")
    
        if self._is_clean():
            return
        try:
            self._flushing = True
>           self._flush(objects)

..\..\AppData\Roaming\Python\Python313\site-packages\sqlalchemy\orm\session.py:4331: 
_ _ _ _ _ _ _ _ _ _ _ _ _ _ _ _ _ _ _ _ _ _ _ _ _ _ _ _ _ _ _ _ _ _ _ _ _ _ _ _

self = <sqlalchemy.orm.session.Session object at 0x0000022A9FCE2030>
objects = None

    def _flush(self, objects: Optional[Sequence[object]] = None) -> None:
        dirty = self._dirty_states
        if not dirty and not self._deleted and not self._new:
            self.identity_map._modified.clear()
            return
    
        flush_context = UOWTransaction(self)
    
        if self.dispatch.before_flush:
            self.dispatch.before_flush(self, flush_context, objects)
            # re-establish "dirty states" in case the listeners
            # added
            dirty = self._dirty_states
    
        deleted = set(self._deleted)
        new = set(self._new)
    
        dirty = set(dirty).difference(deleted)
    
        # create the set of all objects we want to operate upon
        if objects:
            # specific list passed in
            objset = set()
            for o in objects:
                try:
                    state = attributes.instance_state(o)
    
                except exc.NO_STATE as err:
                    raise exc.UnmappedInstanceError(o) from err
                objset.add(state)
        else:
            objset = None
    
        # store objects whose fate has been decided
        processed = set()
    
        # put all saves/updates into the flush context.  detect top-level
        # orphans and throw them into deleted.
        if objset:
            proc = new.union(dirty).intersection(objset).difference(deleted)
        else:
            proc = new.union(dirty).difference(deleted)
    
        for state in proc:
            is_orphan = _state_mapper(state)._is_orphan(state)
    
            is_persistent_orphan = is_orphan and state.has_identity
    
            if (
                is_orphan
                and not is_persistent_orphan
                and state._orphaned_outside_of_session
            ):
                self._expunge_states([state])
            else:
                _reg = flush_context.register_object(
                    state, isdelete=is_persistent_orphan
                )
                assert _reg, "Failed to add object to the flush context!"
                processed.add(state)
    
        # put all remaining deletes into the flush context.
        if objset:
            proc = deleted.intersection(objset).difference(processed)
        else:
            proc = deleted.difference(processed)
        for state in proc:
            _reg = flush_context.register_object(state, isdelete=True)
            assert _reg, "Failed to add object to the flush context!"
    
        if not flush_context.has_work:
            return
    
        flush_context.transaction = transaction = self._autobegin_t()._begin()
        try:
            self._warn_on_events = True
            try:
                flush_context.execute()
            finally:
                self._warn_on_events = False
    
            self.dispatch.after_flush(self, flush_context)
    
            flush_context.finalize_flush_changes()
    
            if not objects and self.identity_map._modified:
                len_ = len(self.identity_map._modified)
    
                statelib.InstanceState._commit_all_states(
                    [
                        (state, state.dict)
                        for state in self.identity_map._modified
                    ],
                    instance_dict=self.identity_map,
                )
                util.warn(
                    "Attribute history events accumulated on %d "
                    "previously clean instances "
                    "within inner-flush event handlers have been "
                    "reset, and will not result in database updates. "
                    "Consider using set_committed_value() within "
                    "inner-flush event handlers to avoid this warning." % len_
                )
    
            # useful assertions:
            # if not objects:
            #    assert not self.identity_map._modified
            # else:
            #    assert self.identity_map._modified == \
            #            self.identity_map._modified.difference(objects)
    
            self.dispatch.after_flush_postexec(self, flush_context)
    
            transaction.commit()
    
        except:
>           with util.safe_reraise():
                 ^^^^^^^^^^^^^^^^^^^

..\..\AppData\Roaming\Python\Python313\site-packages\sqlalchemy\orm\session.py:4466: 
_ _ _ _ _ _ _ _ _ _ _ _ _ _ _ _ _ _ _ _ _ _ _ _ _ _ _ _ _ _ _ _ _ _ _ _ _ _ _ _

self = <sqlalchemy.util.langhelpers.safe_reraise object at 0x0000022A9FD44820>
type_ = None, value = None, traceback = None

    def __exit__(
        self,
        type_: Optional[Type[BaseException]],
        value: Optional[BaseException],
        traceback: Optional[types.TracebackType],
    ) -> NoReturn:
        assert self._exc_info is not None
        # see #2703 for notes
        if type_ is None:
            exc_type, exc_value, exc_tb = self._exc_info
            assert exc_value is not None
            self._exc_info = None  # remove potential circular references
>           raise exc_value.with_traceback(exc_tb)

..\..\AppData\Roaming\Python\Python313\site-packages\sqlalchemy\util\langhelpers.py:121: 
_ _ _ _ _ _ _ _ _ _ _ _ _ _ _ _ _ _ _ _ _ _ _ _ _ _ _ _ _ _ _ _ _ _ _ _ _ _ _ _

self = <sqlalchemy.orm.session.Session object at 0x0000022A9FCE2030>
objects = None

    def _flush(self, objects: Optional[Sequence[object]] = None) -> None:
        dirty = self._dirty_states
        if not dirty and not self._deleted and not self._new:
            self.identity_map._modified.clear()
            return
    
        flush_context = UOWTransaction(self)
    
        if self.dispatch.before_flush:
            self.dispatch.before_flush(self, flush_context, objects)
            # re-establish "dirty states" in case the listeners
            # added
            dirty = self._dirty_states
    
        deleted = set(self._deleted)
        new = set(self._new)
    
        dirty = set(dirty).difference(deleted)
    
        # create the set of all objects we want to operate upon
        if objects:
            # specific list passed in
            objset = set()
            for o in objects:
                try:
                    state = attributes.instance_state(o)
    
                except exc.NO_STATE as err:
                    raise exc.UnmappedInstanceError(o) from err
                objset.add(state)
        else:
            objset = None
    
        # store objects whose fate has been decided
        processed = set()
    
        # put all saves/updates into the flush context.  detect top-level
        # orphans and throw them into deleted.
        if objset:
            proc = new.union(dirty).intersection(objset).difference(deleted)
        else:
            proc = new.union(dirty).difference(deleted)
    
        for state in proc:
            is_orphan = _state_mapper(state)._is_orphan(state)
    
            is_persistent_orphan = is_orphan and state.has_identity
    
            if (
                is_orphan
                and not is_persistent_orphan
                and state._orphaned_outside_of_session
            ):
                self._expunge_states([state])
            else:
                _reg = flush_context.register_object(
                    state, isdelete=is_persistent_orphan
                )
                assert _reg, "Failed to add object to the flush context!"
                processed.add(state)
    
        # put all remaining deletes into the flush context.
        if objset:
            proc = deleted.intersection(objset).difference(processed)
        else:
            proc = deleted.difference(processed)
        for state in proc:
            _reg = flush_context.register_object(state, isdelete=True)
            assert _reg, "Failed to add object to the flush context!"
    
        if not flush_context.has_work:
            return
    
        flush_context.transaction = transaction = self._autobegin_t()._begin()
        try:
            self._warn_on_events = True
            try:
>               flush_context.execute()

..\..\AppData\Roaming\Python\Python313\site-packages\sqlalchemy\orm\session.py:4427: 
_ _ _ _ _ _ _ _ _ _ _ _ _ _ _ _ _ _ _ _ _ _ _ _ _ _ _ _ _ _ _ _ _ _ _ _ _ _ _ _

self = <sqlalchemy.orm.unitofwork.UOWTransaction object at 0x0000022AA22BEC50>

    def execute(self) -> None:
        postsort_actions = self._generate_actions()
    
        postsort_actions = sorted(
            postsort_actions,
            key=lambda item: item.sort_key,
        )
        # sort = topological.sort(self.dependencies, postsort_actions)
        # print "--------------"
        # print "\ndependencies:", self.dependencies
        # print "\ncycles:", self.cycles
        # print "\nsort:", list(sort)
        # print "\nCOUNT OF POSTSORT ACTIONS", len(postsort_actions)
    
        # execute
        if self.cycles:
            for subset in topological.sort_as_subsets(
                self.dependencies, postsort_actions
            ):
                set_ = set(subset)
                while set_:
                    n = set_.pop()
                    n.execute_aggregate(self, set_)
        else:
            for rec in topological.sort(self.dependencies, postsort_actions):
>               rec.execute(self)

..\..\AppData\Roaming\Python\Python313\site-packages\sqlalchemy\orm\unitofwork.py:466: 
_ _ _ _ _ _ _ _ _ _ _ _ _ _ _ _ _ _ _ _ _ _ _ _ _ _ _ _ _ _ _ _ _ _ _ _ _ _ _ _

self = SaveUpdateAll(Mapper[Task(tasks)])
uow = <sqlalchemy.orm.unitofwork.UOWTransaction object at 0x0000022AA22BEC50>

    @util.preload_module("sqlalchemy.orm.persistence")
    def execute(self, uow):
>       util.preloaded.orm_persistence.save_obj(
            self.mapper,
            uow.states_for_mapper_hierarchy(self.mapper, False, False),
            uow,
        )

..\..\AppData\Roaming\Python\Python313\site-packages\sqlalchemy\orm\unitofwork.py:642: 
_ _ _ _ _ _ _ _ _ _ _ _ _ _ _ _ _ _ _ _ _ _ _ _ _ _ _ _ _ _ _ _ _ _ _ _ _ _ _ _

base_mapper = <Mapper at 0x22a9ef81010; Task>
states = <generator object UOWTransaction.states_for_mapper_hierarchy at 0x0000022A9FCE1C60>
uowtransaction = <sqlalchemy.orm.unitofwork.UOWTransaction object at 0x0000022AA22BEC50>
single = False

    def save_obj(base_mapper, states, uowtransaction, single=False):
        """Issue ``INSERT`` and/or ``UPDATE`` statements for a list
        of objects.
    
        This is called within the context of a UOWTransaction during a
        flush operation, given a list of states to be flushed.  The
        base mapper in an inheritance hierarchy handles the inserts/
        updates for all descendant mappers.
    
        """
    
        # if batch=false, call _save_obj separately for each object
        if not single and not base_mapper.batch:
            for state in _sort_states(base_mapper, states):
                save_obj(base_mapper, [state], uowtransaction, single=True)
            return
    
        states_to_update = []
        states_to_insert = []
    
        for (
            state,
            dict_,
            mapper,
            connection,
            has_identity,
            row_switch,
            update_version_id,
        ) in _organize_states_for_save(base_mapper, states, uowtransaction):
            if has_identity or row_switch:
                states_to_update.append(
                    (state, dict_, mapper, connection, update_version_id)
                )
            else:
                states_to_insert.append((state, dict_, mapper, connection))
    
        for table, mapper in base_mapper._sorted_tables.items():
            if table not in mapper._pks_by_table:
                continue
            insert = _collect_insert_commands(table, states_to_insert)
    
            update = _collect_update_commands(
                uowtransaction, table, states_to_update
            )
    
            _emit_update_statements(
                base_mapper,
                uowtransaction,
                mapper,
                table,
                update,
            )
    
>           _emit_insert_statements(
                base_mapper,
                uowtransaction,
                mapper,
                table,
                insert,
            )

..\..\AppData\Roaming\Python\Python313\site-packages\sqlalchemy\orm\persistence.py:93: 
_ _ _ _ _ _ _ _ _ _ _ _ _ _ _ _ _ _ _ _ _ _ _ _ _ _ _ _ _ _ _ _ _ _ _ _ _ _ _ _

base_mapper = <Mapper at 0x22a9ef81010; Task>
uowtransaction = <sqlalchemy.orm.unitofwork.UOWTransaction object at 0x0000022AA22BEC50>
mapper = <Mapper at 0x22a9ef81010; Task>
table = Table('tasks', MetaData(), Column('id', String(), table=<tasks>, primary_key=True, nullable=False), Column('title', St...lumnDefault(<function _utcnow at 0x0000022A9EFBECA0>)), Column('completed_at', DateTime(), table=<tasks>), schema=None)
insert = <generator object _collect_insert_commands at 0x0000022AA20E1490>

    def _emit_insert_statements(
        base_mapper,
        uowtransaction,
        mapper,
        table,
        insert,
        *,
        bookkeeping=True,
        use_orm_insert_stmt=None,
        execution_options=None,
    ):
        """Emit INSERT statements corresponding to value lists collected
        by _collect_insert_commands()."""
    
        if use_orm_insert_stmt is not None:
            cached_stmt = use_orm_insert_stmt
            exec_opt = util.EMPTY_DICT
    
            # if a user query with RETURNING was passed, we definitely need
            # to use RETURNING.
            returning_is_required_anyway = bool(use_orm_insert_stmt._returning)
            deterministic_results_reqd = (
                returning_is_required_anyway
                and use_orm_insert_stmt._sort_by_parameter_order
            ) or bookkeeping
        else:
            returning_is_required_anyway = False
            deterministic_results_reqd = bookkeeping
            cached_stmt = base_mapper._memo(("insert", table), table.insert)
            exec_opt = {"compiled_cache": base_mapper._compiled_cache}
    
        if execution_options:
            execution_options = util.EMPTY_DICT.merge_with(
                exec_opt, execution_options
            )
        else:
            execution_options = exec_opt
    
        return_result = None
    
        for (
            (connection, _, hasvalue, has_all_pks, has_all_defaults),
            records,
        ) in groupby(
            insert,
            lambda rec: (
                rec[4],  # connection
                set(rec[2]),  # parameter keys
                bool(rec[5]),  # whether we have "value" parameters
                rec[6],
                rec[7],
            ),
        ):
            statement = cached_stmt
    
            if use_orm_insert_stmt is not None:
                statement = statement._annotate(
                    {
                        "_emit_insert_table": table,
                        "_emit_insert_mapper": mapper,
                    }
                )
    
            if (
                (
                    not bookkeeping
                    or (
                        has_all_defaults
                        or not base_mapper._prefer_eager_defaults(
                            connection.dialect, table
                        )
                        or not table.implicit_returning
                        or not connection.dialect.insert_returning
                    )
                )
                and not returning_is_required_anyway
                and has_all_pks
                and not hasvalue
            ):
                # the "we don't need newly generated values back" section.
                # here we have all the PKs, all the defaults or we don't want
                # to fetch them, or the dialect doesn't support RETURNING at all
                # so we have to post-fetch / use lastrowid anyway.
                records = list(records)
                multiparams = [rec[2] for rec in records]
    
>               result = connection.execute(
                    statement, multiparams, execution_options=execution_options
                )

..\..\AppData\Roaming\Python\Python313\site-packages\sqlalchemy\orm\persistence.py:1048: 
_ _ _ _ _ _ _ _ _ _ _ _ _ _ _ _ _ _ _ _ _ _ _ _ _ _ _ _ _ _ _ _ _ _ _ _ _ _ _ _

self = <sqlalchemy.engine.base.Connection object at 0x0000022A9FD12350>
statement = <sqlalchemy.sql.dml.Insert object at 0x0000022A9FBD5E80>
parameters = [{'completed_at': None, 'description': '', 'due_date': None, 'id': 'e618a570-6b47-467d-9820-290414447917', ...}]

    def execute(
        self,
        statement: Executable,
        parameters: Optional[_CoreAnyExecuteParams] = None,
        *,
        execution_options: Optional[CoreExecuteOptionsParameter] = None,
    ) -> CursorResult[Any]:
        r"""Executes a SQL statement construct and returns a
        :class:`_engine.CursorResult`.
    
        :param statement: The statement to be executed.  This is always
         an object that is in both the :class:`_expression.ClauseElement` and
         :class:`_expression.Executable` hierarchies, including:
    
         * :class:`_expression.Select`
         * :class:`_expression.Insert`, :class:`_expression.Update`,
           :class:`_expression.Delete`
         * :class:`_expression.TextClause` and
           :class:`_expression.TextualSelect`
         * :class:`_schema.DDL` and objects which inherit from
           :class:`_schema.ExecutableDDLElement`
    
        :param parameters: parameters which will be bound into the statement.
         This may be either a dictionary of parameter names to values,
         or a mutable sequence (e.g. a list) of dictionaries.  When a
         list of dictionaries is passed, the underlying statement execution
         will make use of the DBAPI ``cursor.executemany()`` method.
         When a single dictionary is passed, the DBAPI ``cursor.execute()``
         method will be used.
    
        :param execution_options: optional dictionary of execution options,
         which will be associated with the statement execution.  This
         dictionary can provide a subset of the options that are accepted
         by :meth:`_engine.Connection.execution_options`.
    
        :return: a :class:`_engine.Result` object.
    
        """
        distilled_parameters = _distill_params_20(parameters)
        try:
            meth = statement._execute_on_connection
        except AttributeError as err:
            raise exc.ObjectNotExecutableError(statement) from err
        else:
>           return meth(
                self,
                distilled_parameters,
                execution_options or NO_OPTIONS,
            )

..\..\AppData\Roaming\Python\Python313\site-packages\sqlalchemy\engine\base.py:1419: 
_ _ _ _ _ _ _ _ _ _ _ _ _ _ _ _ _ _ _ _ _ _ _ _ _ _ _ _ _ _ _ _ _ _ _ _ _ _ _ _

self = <sqlalchemy.sql.dml.Insert object at 0x0000022A9FBD5E80>
connection = <sqlalchemy.engine.base.Connection object at 0x0000022A9FD12350>
distilled_params = [{'completed_at': None, 'description': '', 'due_date': None, 'id': 'e618a570-6b47-467d-9820-290414447917', ...}]
execution_options = {'compiled_cache': <sqlalchemy.util._collections.LRUCache object at 0x0000022A9FC2C810>}

    def _execute_on_connection(
        self,
        connection: Connection,
        distilled_params: _CoreMultiExecuteParams,
        execution_options: CoreExecuteOptionsParameter,
    ) -> Result[Any]:
        if self.supports_execution:
            if TYPE_CHECKING:
                assert isinstance(self, Executable)
>           return connection._execute_clauseelement(
                self, distilled_params, execution_options
            )

..\..\AppData\Roaming\Python\Python313\site-packages\sqlalchemy\sql\elements.py:527: 
_ _ _ _ _ _ _ _ _ _ _ _ _ _ _ _ _ _ _ _ _ _ _ _ _ _ _ _ _ _ _ _ _ _ _ _ _ _ _ _

self = <sqlalchemy.engine.base.Connection object at 0x0000022A9FD12350>
elem = <sqlalchemy.sql.dml.Insert object at 0x0000022A9FBD5E80>
distilled_parameters = [{'completed_at': None, 'description': '', 'due_date': None, 'id': 'e618a570-6b47-467d-9820-290414447917', ...}]
execution_options = immutabledict({'compiled_cache': <sqlalchemy.util._collections.LRUCache object at 0x0000022A9FC2C810>})

    def _execute_clauseelement(
        self,
        elem: Executable,
        distilled_parameters: _CoreMultiExecuteParams,
        execution_options: CoreExecuteOptionsParameter,
    ) -> CursorResult[Any]:
        """Execute a sql.ClauseElement object."""
    
        execution_options = elem._execution_options.merge_with(
            self._execution_options, execution_options
        )
    
        has_events = self._has_events or self.engine._has_events
        if has_events:
            (
                elem,
                distilled_parameters,
                event_multiparams,
                event_params,
            ) = self._invoke_before_exec_event(
                elem, distilled_parameters, execution_options
            )
    
        if distilled_parameters:
            # ensure we don't retain a link to the view object for keys()
            # which links to the values, which we don't want to cache
            keys = sorted(distilled_parameters[0])
            for_executemany = len(distilled_parameters) > 1
        else:
            keys = []
            for_executemany = False
    
        dialect = self.dialect
    
        schema_translate_map = execution_options.get(
            "schema_translate_map", None
        )
    
        compiled_cache: Optional[CompiledCacheType] = execution_options.get(
            "compiled_cache", self.engine._compiled_cache
        )
    
        compiled_sql, extracted_params, cache_hit = elem._compile_w_cache(
            dialect=dialect,
            compiled_cache=compiled_cache,
            column_keys=keys,
            for_executemany=for_executemany,
            schema_translate_map=schema_translate_map,
            linting=self.dialect.compiler_linting | compiler.WARN_LINTING,
        )
>       ret = self._execute_context(
            dialect,
            dialect.execution_ctx_cls._init_compiled,
            compiled_sql,
            distilled_parameters,
            execution_options,
            compiled_sql,
            distilled_parameters,
            elem,
            extracted_params,
            cache_hit=cache_hit,
        )

..\..\AppData\Roaming\Python\Python313\site-packages\sqlalchemy\engine\base.py:1641: 
_ _ _ _ _ _ _ _ _ _ _ _ _ _ _ _ _ _ _ _ _ _ _ _ _ _ _ _ _ _ _ _ _ _ _ _ _ _ _ _

self = <sqlalchemy.engine.base.Connection object at 0x0000022A9FD12350>
dialect = <sqlalchemy.dialects.sqlite.aiosqlite.SQLiteDialect_aiosqlite object at 0x0000022A9FB5A710>
constructor = <bound method DefaultExecutionContext._init_compiled of <class 'sqlalchemy.dialects.sqlite.aiosqlite.SQLiteExecutionContext_aiosqlite'>>
statement = <sqlalchemy.dialects.sqlite.base.SQLiteCompiler object at 0x0000022A9FC0CB90>
parameters = [{'completed_at': None, 'description': '', 'due_date': None, 'id': 'e618a570-6b47-467d-9820-290414447917', ...}]
execution_options = immutabledict({'compiled_cache': <sqlalchemy.util._collections.LRUCache object at 0x0000022A9FC2C810>})
args = (<sqlalchemy.dialects.sqlite.base.SQLiteCompiler object at 0x0000022A9FC0CB90>, [{'completed_at': None, 'description':...one, 'id': 'e618a570-6b47-467d-9820-290414447917', ...}], <sqlalchemy.sql.dml.Insert object at 0x0000022A9FBD5E80>, [])
kw = {'cache_hit': <CacheStats.CACHE_HIT: 0>}, yp = None
conn = <sqlalchemy.pool.base._ConnectionFairy object at 0x0000022AA184BFB0>
context = <sqlalchemy.dialects.sqlite.aiosqlite.SQLiteExecutionContext_aiosqlite object at 0x0000022A9FD12510>

    def _execute_context(
        self,
        dialect: Dialect,
        constructor: Callable[..., ExecutionContext],
        statement: Union[str, Compiled],
        parameters: Optional[_AnyMultiExecuteParams],
        execution_options: _ExecuteOptions,
        *args: Any,
        **kw: Any,
    ) -> CursorResult[Any]:
        """Create an :class:`.ExecutionContext` and execute, returning
        a :class:`_engine.CursorResult`."""
    
        if execution_options:
            yp = execution_options.get("yield_per", None)
            if yp:
                execution_options = execution_options.union(
                    {"stream_results": True, "max_row_buffer": yp}
                )
        try:
            conn = self._dbapi_connection
            if conn is None:
                conn = self._revalidate_connection()
    
            context = constructor(
                dialect, self, conn, execution_options, *args, **kw
            )
        except (exc.PendingRollbackError, exc.ResourceClosedError):
            raise
        except BaseException as e:
            self._handle_dbapi_exception(
                e, str(statement), parameters, None, None
            )
    
        if (
            self._transaction
            and not self._transaction.is_active
            or (
                self._nested_transaction
                and not self._nested_transaction.is_active
            )
        ):
            self._invalid_transaction()
    
        elif self._trans_context_manager:
            TransactionalContext._trans_ctx_check(self)
    
        if self._transaction is None:
            self._autobegin()
    
        context.pre_exec()
    
        if context.execute_style is ExecuteStyle.INSERTMANYVALUES:
            return self._exec_insertmany_context(dialect, context)
        else:
>           return self._exec_single_context(
                dialect, context, statement, parameters
            )

..\..\AppData\Roaming\Python\Python313\site-packages\sqlalchemy\engine\base.py:1846: 
_ _ _ _ _ _ _ _ _ _ _ _ _ _ _ _ _ _ _ _ _ _ _ _ _ _ _ _ _ _ _ _ _ _ _ _ _ _ _ _

self = <sqlalchemy.engine.base.Connection object at 0x0000022A9FD12350>
dialect = <sqlalchemy.dialects.sqlite.aiosqlite.SQLiteDialect_aiosqlite object at 0x0000022A9FB5A710>
context = <sqlalchemy.dialects.sqlite.aiosqlite.SQLiteExecutionContext_aiosqlite object at 0x0000022A9FD12510>
statement = <sqlalchemy.dialects.sqlite.base.SQLiteCompiler object at 0x0000022A9FC0CB90>
parameters = [('e618a570-6b47-467d-9820-290414447917', 'Buy groceries', '', 'todo', 'low', None, ...)]

    def _exec_single_context(
        self,
        dialect: Dialect,
        context: ExecutionContext,
        statement: Union[str, Compiled],
        parameters: Optional[_AnyMultiExecuteParams],
    ) -> CursorResult[Any]:
        """continue the _execute_context() method for a single DBAPI
        cursor.execute() or cursor.executemany() call.
    
        """
        if dialect.bind_typing is BindTyping.SETINPUTSIZES:
            generic_setinputsizes = context._prepare_set_input_sizes()
    
            if generic_setinputsizes:
                try:
                    dialect.do_set_input_sizes(
                        context.cursor, generic_setinputsizes, context
                    )
                except BaseException as e:
                    self._handle_dbapi_exception(
                        e, str(statement), parameters, None, context
                    )
    
        cursor, str_statement, parameters = (
            context.cursor,
            context.statement,
            context.parameters,
        )
    
        effective_parameters: Optional[_AnyExecuteParams]
    
        if not context.executemany:
            effective_parameters = parameters[0]
        else:
            effective_parameters = parameters
    
        if self._has_events or self.engine._has_events:
            for fn in self.dispatch.before_cursor_execute:
                str_statement, effective_parameters = fn(
                    self,
                    cursor,
                    str_statement,
                    effective_parameters,
                    context,
                    context.executemany,
                )
    
        if self._echo:
            self._log_info(str_statement)
    
            stats = context._get_cache_stats()
    
            if not self.engine.hide_parameters:
                self._log_info(
                    "[%s] %r",
                    stats,
                    sql_util._repr_params(
                        effective_parameters,
                        batches=10,
                        ismulti=context.executemany,
                    ),
                )
            else:
                self._log_info(
                    "[%s] [SQL parameters hidden due to hide_parameters=True]",
                    stats,
                )
    
        evt_handled: bool = False
        try:
            if context.execute_style is ExecuteStyle.EXECUTEMANY:
                effective_parameters = cast(
                    "_CoreMultiExecuteParams", effective_parameters
                )
                if self.dialect._has_events:
                    for fn in self.dialect.dispatch.do_executemany:
                        if fn(
                            cursor,
                            str_statement,
                            effective_parameters,
                            context,
                        ):
                            evt_handled = True
                            break
                if not evt_handled:
                    self.dialect.do_executemany(
                        cursor,
                        str_statement,
                        effective_parameters,
                        context,
                    )
            elif not effective_parameters and context.no_parameters:
                if self.dialect._has_events:
                    for fn in self.dialect.dispatch.do_execute_no_params:
                        if fn(cursor, str_statement, context):
                            evt_handled = True
                            break
                if not evt_handled:
                    self.dialect.do_execute_no_params(
                        cursor, str_statement, context
                    )
            else:
                effective_parameters = cast(
                    "_CoreSingleExecuteParams", effective_parameters
                )
                if self.dialect._has_events:
                    for fn in self.dialect.dispatch.do_execute:
                        if fn(
                            cursor,
                            str_statement,
                            effective_parameters,
                            context,
                        ):
                            evt_handled = True
                            break
                if not evt_handled:
                    self.dialect.do_execute(
                        cursor, str_statement, effective_parameters, context
                    )
    
            if self._has_events or self.engine._has_events:
                self.dispatch.after_cursor_execute(
                    self,
                    cursor,
                    str_statement,
                    effective_parameters,
                    context,
                    context.executemany,
                )
    
            context.post_exec()
    
            result = context._setup_result_proxy()
    
        except BaseException as e:
>           self._handle_dbapi_exception(
                e, str_statement, effective_parameters, cursor, context
            )

..\..\AppData\Roaming\Python\Python313\site-packages\sqlalchemy\engine\base.py:1986: 
_ _ _ _ _ _ _ _ _ _ _ _ _ _ _ _ _ _ _ _ _ _ _ _ _ _ _ _ _ _ _ _ _ _ _ _ _ _ _ _

self = <sqlalchemy.engine.base.Connection object at 0x0000022A9FD12350>
e = OperationalError('no such table: tasks')
statement = 'INSERT INTO tasks (id, title, description, status, priority, due_date, tags, created_at, updated_at, completed_at) VALUES (?, ?, ?, ?, ?, ?, ?, ?, ?, ?)'
parameters = ('e618a570-6b47-467d-9820-290414447917', 'Buy groceries', '', 'todo', 'low', None, ...)
cursor = <sqlalchemy.dialects.sqlite.aiosqlite.AsyncAdapt_aiosqlite_cursor object at 0x0000022AA184AC80>
context = <sqlalchemy.dialects.sqlite.aiosqlite.SQLiteExecutionContext_aiosqlite object at 0x0000022A9FD12510>
is_sub_exec = False

    def _handle_dbapi_exception(
        self,
        e: BaseException,
        statement: Optional[str],
        parameters: Optional[_AnyExecuteParams],
        cursor: Optional[DBAPICursor],
        context: Optional[ExecutionContext],
        is_sub_exec: bool = False,
    ) -> NoReturn:
        exc_info = sys.exc_info()
    
        is_exit_exception = util.is_exit_exception(e)
    
        if not self._is_disconnect:
            self._is_disconnect = (
                isinstance(e, self.dialect.loaded_dbapi.Error)
                and not self.closed
                and self.dialect.is_disconnect(
                    e,
                    self._dbapi_connection if not self.invalidated else None,
                    cursor,
                )
            ) or (is_exit_exception and not self.closed)
    
        invalidate_pool_on_disconnect = not is_exit_exception
    
        ismulti: bool = (
            not is_sub_exec and context.executemany
            if context is not None
            else False
        )
        if self._reentrant_error:
            raise exc.DBAPIError.instance(
                statement,
                parameters,
                e,
                self.dialect.loaded_dbapi.Error,
                hide_parameters=self.engine.hide_parameters,
                dialect=self.dialect,
                ismulti=ismulti,
            ).with_traceback(exc_info[2]) from e
        self._reentrant_error = True
        try:
            # non-DBAPI error - if we already got a context,
            # or there's no string statement, don't wrap it
            should_wrap = isinstance(e, self.dialect.loaded_dbapi.Error) or (
                statement is not None
                and context is None
                and not is_exit_exception
            )
    
            if should_wrap:
                sqlalchemy_exception = exc.DBAPIError.instance(
                    statement,
                    parameters,
                    cast(Exception, e),
                    self.dialect.loaded_dbapi.Error,
                    hide_parameters=self.engine.hide_parameters,
                    connection_invalidated=self._is_disconnect,
                    dialect=self.dialect,
                    ismulti=ismulti,
                )
            else:
                sqlalchemy_exception = None
    
            newraise = None
    
            if (self.dialect._has_events) and not self._execution_options.get(
                "skip_user_error_events", False
            ):
                ctx = ExceptionContextImpl(
                    e,
                    sqlalchemy_exception,
                    self.engine,
                    self.dialect,
                    self,
                    cursor,
                    statement,
                    parameters,
                    context,
                    self._is_disconnect,
                    invalidate_pool_on_disconnect,
                    False,
                )
    
                for fn in self.dialect.dispatch.handle_error:
                    try:
                        # handler returns an exception;
                        # call next handler in a chain
                        per_fn = fn(ctx)
                        if per_fn is not None:
                            ctx.chained_exception = newraise = per_fn
                    except Exception as _raised:
                        # handler raises an exception - stop processing
                        newraise = _raised
                        break
    
                if self._is_disconnect != ctx.is_disconnect:
                    self._is_disconnect = ctx.is_disconnect
                    if sqlalchemy_exception:
                        sqlalchemy_exception.connection_invalidated = (
                            ctx.is_disconnect
                        )
    
                # set up potentially user-defined value for
                # invalidate pool.
                invalidate_pool_on_disconnect = (
                    ctx.invalidate_pool_on_disconnect
                )
    
            if should_wrap and context:
                context.handle_dbapi_exception(e)
    
            if not self._is_disconnect:
                if cursor:
                    self._safe_close_cursor(cursor)
                # "autorollback" was mostly relevant in 1.x series.
                # It's very unlikely to reach here, as the connection
                # does autobegin so when we are here, we are usually
                # in an explicit / semi-explicit transaction.
                # however we have a test which manufactures this
                # scenario in any case using an event handler.
                # test/engine/test_execute.py-> test_actual_autorollback
                if not self.in_transaction():
                    self._rollback_impl()
    
            if newraise:
                raise newraise.with_traceback(exc_info[2]) from e
            elif should_wrap:
                assert sqlalchemy_exception is not None
>               raise sqlalchemy_exception.with_traceback(exc_info[2]) from e

..\..\AppData\Roaming\Python\Python313\site-packages\sqlalchemy\engine\base.py:2363: 
_ _ _ _ _ _ _ _ _ _ _ _ _ _ _ _ _ _ _ _ _ _ _ _ _ _ _ _ _ _ _ _ _ _ _ _ _ _ _ _

self = <sqlalchemy.engine.base.Connection object at 0x0000022A9FD12350>
dialect = <sqlalchemy.dialects.sqlite.aiosqlite.SQLiteDialect_aiosqlite object at 0x0000022A9FB5A710>
context = <sqlalchemy.dialects.sqlite.aiosqlite.SQLiteExecutionContext_aiosqlite object at 0x0000022A9FD12510>
statement = <sqlalchemy.dialects.sqlite.base.SQLiteCompiler object at 0x0000022A9FC0CB90>
parameters = [('e618a570-6b47-467d-9820-290414447917', 'Buy groceries', '', 'todo', 'low', None, ...)]

    def _exec_single_context(
        self,
        dialect: Dialect,
        context: ExecutionContext,
        statement: Union[str, Compiled],
        parameters: Optional[_AnyMultiExecuteParams],
    ) -> CursorResult[Any]:
        """continue the _execute_context() method for a single DBAPI
        cursor.execute() or cursor.executemany() call.
    
        """
        if dialect.bind_typing is BindTyping.SETINPUTSIZES:
            generic_setinputsizes = context._prepare_set_input_sizes()
    
            if generic_setinputsizes:
                try:
                    dialect.do_set_input_sizes(
                        context.cursor, generic_setinputsizes, context
                    )
                except BaseException as e:
                    self._handle_dbapi_exception(
                        e, str(statement), parameters, None, context
                    )
    
        cursor, str_statement, parameters = (
            context.cursor,
            context.statement,
            context.parameters,
        )
    
        effective_parameters: Optional[_AnyExecuteParams]
    
        if not context.executemany:
            effective_parameters = parameters[0]
        else:
            effective_parameters = parameters
    
        if self._has_events or self.engine._has_events:
            for fn in self.dispatch.before_cursor_execute:
                str_statement, effective_parameters = fn(
                    self,
                    cursor,
                    str_statement,
                    effective_parameters,
                    context,
                    context.executemany,
                )
    
        if self._echo:
            self._log_info(str_statement)
    
            stats = context._get_cache_stats()
    
            if not self.engine.hide_parameters:
                self._log_info(
                    "[%s] %r",
                    stats,
                    sql_util._repr_params(
                        effective_parameters,
                        batches=10,
                        ismulti=context.executemany,
                    ),
                )
            else:
                self._log_info(
                    "[%s] [SQL parameters hidden due to hide_parameters=True]",
                    stats,
                )
    
        evt_handled: bool = False
        try:
            if context.execute_style is ExecuteStyle.EXECUTEMANY:
                effective_parameters = cast(
                    "_CoreMultiExecuteParams", effective_parameters
                )
                if self.dialect._has_events:
                    for fn in self.dialect.dispatch.do_executemany:
                        if fn(
                            cursor,
                            str_statement,
                            effective_parameters,
                            context,
                        ):
                            evt_handled = True
                            break
                if not evt_handled:
                    self.dialect.do_executemany(
                        cursor,
                        str_statement,
                        effective_parameters,
                        context,
                    )
            elif not effective_parameters and context.no_parameters:
                if self.dialect._has_events:
                    for fn in self.dialect.dispatch.do_execute_no_params:
                        if fn(cursor, str_statement, context):
                            evt_handled = True
                            break
                if not evt_handled:
                    self.dialect.do_execute_no_params(
                        cursor, str_statement, context
                    )
            else:
                effective_parameters = cast(
                    "_CoreSingleExecuteParams", effective_parameters
                )
                if self.dialect._has_events:
                    for fn in self.dialect.dispatch.do_execute:
                        if fn(
                            cursor,
                            str_statement,
                            effective_parameters,
                            context,
                        ):
                            evt_handled = True
                            break
                if not evt_handled:
>                   self.dialect.do_execute(
                        cursor, str_statement, effective_parameters, context
                    )

..\..\AppData\Roaming\Python\Python313\site-packages\sqlalchemy\engine\base.py:1967: 
_ _ _ _ _ _ _ _ _ _ _ _ _ _ _ _ _ _ _ _ _ _ _ _ _ _ _ _ _ _ _ _ _ _ _ _ _ _ _ _

self = <sqlalchemy.dialects.sqlite.aiosqlite.SQLiteDialect_aiosqlite object at 0x0000022A9FB5A710>
cursor = <sqlalchemy.dialects.sqlite.aiosqlite.AsyncAdapt_aiosqlite_cursor object at 0x0000022AA184AC80>
statement = 'INSERT INTO tasks (id, title, description, status, priority, due_date, tags, created_at, updated_at, completed_at) VALUES (?, ?, ?, ?, ?, ?, ?, ?, ?, ?)'
parameters = ('e618a570-6b47-467d-9820-290414447917', 'Buy groceries', '', 'todo', 'low', None, ...)
context = <sqlalchemy.dialects.sqlite.aiosqlite.SQLiteExecutionContext_aiosqlite object at 0x0000022A9FD12510>

    def do_execute(self, cursor, statement, parameters, context=None):
>       cursor.execute(statement, parameters)

..\..\AppData\Roaming\Python\Python313\site-packages\sqlalchemy\engine\default.py:952: 
_ _ _ _ _ _ _ _ _ _ _ _ _ _ _ _ _ _ _ _ _ _ _ _ _ _ _ _ _ _ _ _ _ _ _ _ _ _ _ _

self = <sqlalchemy.dialects.sqlite.aiosqlite.AsyncAdapt_aiosqlite_cursor object at 0x0000022AA184AC80>
operation = 'INSERT INTO tasks (id, title, description, status, priority, due_date, tags, created_at, updated_at, completed_at) VALUES (?, ?, ?, ?, ?, ?, ?, ?, ?, ?)'
parameters = ('e618a570-6b47-467d-9820-290414447917', 'Buy groceries', '', 'todo', 'low', None, ...)

    def execute(
        self,
        operation: Any,
        parameters: Optional[_DBAPISingleExecuteParams] = None,
    ) -> Any:
    
        try:
            _cursor: AsyncIODBAPICursor = self.await_(self._connection.cursor())  # type: ignore[arg-type] # noqa: E501
    
            if parameters is None:
                self.await_(_cursor.execute(operation))
            else:
                self.await_(_cursor.execute(operation, parameters))
    
            if _cursor.description:
                self.description = _cursor.description
                self.lastrowid = self.rowcount = -1
    
                if not self.server_side:
                    self._rows = deque(self.await_(_cursor.fetchall()))
            else:
                self.description = None
                self.lastrowid = _cursor.lastrowid
                self.rowcount = _cursor.rowcount
    
            if not self.server_side:
                self.await_(_cursor.close())
            else:
                self._cursor = _cursor  # type: ignore[misc]
        except Exception as error:
>           self._adapt_connection._handle_exception(error)

..\..\AppData\Roaming\Python\Python313\site-packages\sqlalchemy\dialects\sqlite\aiosqlite.py:182: 
_ _ _ _ _ _ _ _ _ _ _ _ _ _ _ _ _ _ _ _ _ _ _ _ _ _ _ _ _ _ _ _ _ _ _ _ _ _ _ _

self = <AdaptedConnection <aiosqlite.core.Connection object at 0x0000022AA0E3B4D0>>
error = OperationalError('no such table: tasks')

    def _handle_exception(self, error: Exception) -> NoReturn:
        if (
            isinstance(error, ValueError)
            and error.args[0] == "no active connection"
        ):
            raise self.dbapi.sqlite.OperationalError(
                "no active connection"
            ) from error
        else:
>           raise error

..\..\AppData\Roaming\Python\Python313\site-packages\sqlalchemy\dialects\sqlite\aiosqlite.py:342: 
_ _ _ _ _ _ _ _ _ _ _ _ _ _ _ _ _ _ _ _ _ _ _ _ _ _ _ _ _ _ _ _ _ _ _ _ _ _ _ _

self = <sqlalchemy.dialects.sqlite.aiosqlite.AsyncAdapt_aiosqlite_cursor object at 0x0000022AA184AC80>
operation = 'INSERT INTO tasks (id, title, description, status, priority, due_date, tags, created_at, updated_at, completed_at) VALUES (?, ?, ?, ?, ?, ?, ?, ?, ?, ?)'
parameters = ('e618a570-6b47-467d-9820-290414447917', 'Buy groceries', '', 'todo', 'low', None, ...)

    def execute(
        self,
        operation: Any,
        parameters: Optional[_DBAPISingleExecuteParams] = None,
    ) -> Any:
    
        try:
            _cursor: AsyncIODBAPICursor = self.await_(self._connection.cursor())  # type: ignore[arg-type] # noqa: E501
    
            if parameters is None:
                self.await_(_cursor.execute(operation))
            else:
>               self.await_(_cursor.execute(operation, parameters))

..\..\AppData\Roaming\Python\Python313\site-packages\sqlalchemy\dialects\sqlite\aiosqlite.py:164: 
_ _ _ _ _ _ _ _ _ _ _ _ _ _ _ _ _ _ _ _ _ _ _ _ _ _ _ _ _ _ _ _ _ _ _ _ _ _ _ _

awaitable = <coroutine object Cursor.execute at 0x0000022A9FD12960>

    def await_only(awaitable: Awaitable[_T]) -> _T:
        """Awaits an async function in a sync method.
    
        The sync method must be inside a :func:`greenlet_spawn` context.
        :func:`await_only` calls cannot be nested.
    
        :param awaitable: The coroutine to call.
    
        """
        # this is called in the context greenlet while running fn
        current = getcurrent()
        if not getattr(current, "__sqlalchemy_greenlet_provider__", False):
            _safe_cancel_awaitable(awaitable)
    
            raise exc.MissingGreenlet(
                "greenlet_spawn has not been called; can't call await_only() "
                "here. Was IO attempted in an unexpected place?"
            )
    
        # returns the control to the driver greenlet passing it
        # a coroutine to run. Once the awaitable is done, the driver greenlet
        # switches back to this greenlet with the result of awaitable that is
        # then returned to the caller (or raised as error)
>       return current.parent.switch(awaitable)  # type: ignore[no-any-return,attr-defined] # noqa: E501
               ^^^^^^^^^^^^^^^^^^^^^^^^^^^^^^^^

..\..\AppData\Roaming\Python\Python313\site-packages\sqlalchemy\util\_concurrency_py3k.py:132: 
_ _ _ _ _ _ _ _ _ _ _ _ _ _ _ _ _ _ _ _ _ _ _ _ _ _ _ _ _ _ _ _ _ _ _ _ _ _ _ _

fn = <bound method Session.flush of <sqlalchemy.orm.session.Session object at 0x0000022A9FCE2030>>
_require_await = False, args = (), kwargs = {'objects': None}
context = <_AsyncIoGreenlet object at 0x0000022AA1E93B00 (otid=0x0000022A9E4E1470) dead>
switch_occurred = True
result = <coroutine object Connection.rollback at 0x0000022AA1DA9FC0>
value = None

    async def greenlet_spawn(
        fn: Callable[..., _T],
        *args: Any,
        _require_await: bool = False,
        **kwargs: Any,
    ) -> _T:
        """Runs a sync function ``fn`` in a new greenlet.
    
        The sync function can then use :func:`await_only` to wait for async
        functions.
    
        :param fn: The sync callable to call.
        :param \\*args: Positional arguments to pass to the ``fn`` callable.
        :param \\*\\*kwargs: Keyword arguments to pass to the ``fn`` callable.
        """
    
        result: Any
        context = _AsyncIoGreenlet(fn, getcurrent())
        # runs the function synchronously in gl greenlet. If the execution
        # is interrupted by await_only, context is not dead and result is a
        # coroutine to wait. If the context is dead the function has
        # returned, and its result can be returned.
        switch_occurred = False
        result = context.switch(*args, **kwargs)
        while not context.dead:
            switch_occurred = True
            try:
                # wait for a coroutine from await_only and then return its
                # result back to it.
>               value = await result
                        ^^^^^^^^^^^^

..\..\AppData\Roaming\Python\Python313\site-packages\sqlalchemy\util\_concurrency_py3k.py:196: 
_ _ _ _ _ _ _ _ _ _ _ _ _ _ _ _ _ _ _ _ _ _ _ _ _ _ _ _ _ _ _ _ _ _ _ _ _ _ _ _

self = <aiosqlite.cursor.Cursor object at 0x0000022AA184AED0>
sql = 'INSERT INTO tasks (id, title, description, status, priority, due_date, tags, created_at, updated_at, completed_at) VALUES (?, ?, ?, ?, ?, ?, ?, ?, ?, ?)'
parameters = ('e618a570-6b47-467d-9820-290414447917', 'Buy groceries', '', 'todo', 'low', None, ...)

    async def execute(
        self, sql: str, parameters: Optional[Iterable[Any]] = None
    ) -> "Cursor":
        """Execute the given query."""
        if parameters is None:
            parameters = []
>       await self._execute(self._cursor.execute, sql, parameters)

..\..\AppData\Roaming\Python\Python313\site-packages\aiosqlite\cursor.py:40: 
_ _ _ _ _ _ _ _ _ _ _ _ _ _ _ _ _ _ _ _ _ _ _ _ _ _ _ _ _ _ _ _ _ _ _ _ _ _ _ _

self = <aiosqlite.cursor.Cursor object at 0x0000022AA184AED0>
fn = <built-in method execute of sqlite3.Cursor object at 0x0000022AA22D79C0>
args = ('INSERT INTO tasks (id, title, description, status, priority, due_date, tags, created_at, updated_at, completed_at) V..., ?, ?, ?, ?, ?, ?, ?, ?, ?)', ('e618a570-6b47-467d-9820-290414447917', 'Buy groceries', '', 'todo', 'low', None, ...))
kwargs = {}

    async def _execute(self, fn, *args, **kwargs):
        """Execute the given function on the shared connection's thread."""
>       return await self._conn._execute(fn, *args, **kwargs)
               ^^^^^^^^^^^^^^^^^^^^^^^^^^^^^^^^^^^^^^^^^^^^^^

..\..\AppData\Roaming\Python\Python313\site-packages\aiosqlite\cursor.py:32: 
_ _ _ _ _ _ _ _ _ _ _ _ _ _ _ _ _ _ _ _ _ _ _ _ _ _ _ _ _ _ _ _ _ _ _ _ _ _ _ _

self = <aiosqlite.core.Connection object at 0x0000022AA0E3B4D0>
fn = <built-in method execute of sqlite3.Cursor object at 0x0000022AA22D79C0>
args = ('INSERT INTO tasks (id, title, description, status, priority, due_date, tags, created_at, updated_at, completed_at) V..., ?, ?, ?, ?, ?, ?, ?, ?, ?)', ('e618a570-6b47-467d-9820-290414447917', 'Buy groceries', '', 'todo', 'low', None, ...))
kwargs = {}
function = functools.partial(<built-in method execute of sqlite3.Cursor object at 0x0000022AA22D79C0>, 'INSERT INTO tasks (id, ti... groceries', '', 'todo', 'low', None, '["errands"]', '2026-04-05 17:53:32.786630', '2026-04-05 17:53:32.786635', None))
future = <Future finished exception=OperationalError('no such table: tasks')>

    async def _execute(self, fn, *args, **kwargs):
        """Queue a function with the given arguments for execution."""
        if not self._running or not self._connection:
            raise ValueError("Connection closed")
    
        function = partial(fn, *args, **kwargs)
        future = asyncio.get_event_loop().create_future()
    
        self._tx.put_nowait((future, function))
    
>       return await future
               ^^^^^^^^^^^^

..\..\AppData\Roaming\Python\Python313\site-packages\aiosqlite\core.py:160: 
_ _ _ _ _ _ _ _ _ _ _ _ _ _ _ _ _ _ _ _ _ _ _ _ _ _ _ _ _ _ _ _ _ _ _ _ _ _ _ _

tx = <_queue.SimpleQueue object at 0x0000022AA0DF9DE0>

    def _connection_worker_thread(tx: _TxQueue):
        """
        Execute function calls on a separate thread.
    
        :meta private:
        """
        while True:
            # Continues running until all queue items are processed,
            # even after connection is closed (so we can finalize all
            # futures)
    
            future, function = tx.get()
    
            try:
                LOG.debug("executing %s", function)
>               result = function()
                         ^^^^^^^^^^
E               sqlalchemy.exc.OperationalError: (sqlite3.OperationalError) no such table: tasks
E               [SQL: INSERT INTO tasks (id, title, description, status, priority, due_date, tags, created_at, updated_at, completed_at) VALUES (?, ?, ?, ?, ?, ?, ?, ?, ?, ?)]
E               [parameters: ('e618a570-6b47-467d-9820-290414447917', 'Buy groceries', '', 'todo', 'low', None, '["errands"]', '2026-04-05 17:53:32.786630', '2026-04-05 17:53:32.786635', None)]
E               (Background on this error at: https://sqlalche.me/e/20/e3q8)

..\..\AppData\Roaming\Python\Python313\site-packages\aiosqlite\core.py:63: OperationalError
================================== FAILURES ===================================
__________________________ test_task_mcp_create_tool __________________________

self = <sqlalchemy.engine.base.Connection object at 0x0000022A9FAF7230>
dialect = <sqlalchemy.dialects.sqlite.aiosqlite.SQLiteDialect_aiosqlite object at 0x0000022A9EF82F90>
context = <sqlalchemy.dialects.sqlite.aiosqlite.SQLiteExecutionContext_aiosqlite object at 0x0000022A9FC5BCB0>
statement = <sqlalchemy.dialects.sqlite.base.SQLiteCompiler object at 0x0000022A9FC0F4D0>
parameters = [('fafd20a8-5e1d-4ddf-b9a9-a038cdcbf866', 'MCP Created Task', '', 'todo', 'high', None, ...)]

    def _exec_single_context(
        self,
        dialect: Dialect,
        context: ExecutionContext,
        statement: Union[str, Compiled],
        parameters: Optional[_AnyMultiExecuteParams],
    ) -> CursorResult[Any]:
        """continue the _execute_context() method for a single DBAPI
        cursor.execute() or cursor.executemany() call.
    
        """
        if dialect.bind_typing is BindTyping.SETINPUTSIZES:
            generic_setinputsizes = context._prepare_set_input_sizes()
    
            if generic_setinputsizes:
                try:
                    dialect.do_set_input_sizes(
                        context.cursor, generic_setinputsizes, context
                    )
                except BaseException as e:
                    self._handle_dbapi_exception(
                        e, str(statement), parameters, None, context
                    )
    
        cursor, str_statement, parameters = (
            context.cursor,
            context.statement,
            context.parameters,
        )
    
        effective_parameters: Optional[_AnyExecuteParams]
    
        if not context.executemany:
            effective_parameters = parameters[0]
        else:
            effective_parameters = parameters
    
        if self._has_events or self.engine._has_events:
            for fn in self.dispatch.before_cursor_execute:
                str_statement, effective_parameters = fn(
                    self,
                    cursor,
                    str_statement,
                    effective_parameters,
                    context,
                    context.executemany,
                )
    
        if self._echo:
            self._log_info(str_statement)
    
            stats = context._get_cache_stats()
    
            if not self.engine.hide_parameters:
                self._log_info(
                    "[%s] %r",
                    stats,
                    sql_util._repr_params(
                        effective_parameters,
                        batches=10,
                        ismulti=context.executemany,
                    ),
                )
            else:
                self._log_info(
                    "[%s] [SQL parameters hidden due to hide_parameters=True]",
                    stats,
                )
    
        evt_handled: bool = False
        try:
            if context.execute_style is ExecuteStyle.EXECUTEMANY:
                effective_parameters = cast(
                    "_CoreMultiExecuteParams", effective_parameters
                )
                if self.dialect._has_events:
                    for fn in self.dialect.dispatch.do_executemany:
                        if fn(
                            cursor,
                            str_statement,
                            effective_parameters,
                            context,
                        ):
                            evt_handled = True
                            break
                if not evt_handled:
                    self.dialect.do_executemany(
                        cursor,
                        str_statement,
                        effective_parameters,
                        context,
                    )
            elif not effective_parameters and context.no_parameters:
                if self.dialect._has_events:
                    for fn in self.dialect.dispatch.do_execute_no_params:
                        if fn(cursor, str_statement, context):
                            evt_handled = True
                            break
                if not evt_handled:
                    self.dialect.do_execute_no_params(
                        cursor, str_statement, context
                    )
            else:
                effective_parameters = cast(
                    "_CoreSingleExecuteParams", effective_parameters
                )
                if self.dialect._has_events:
                    for fn in self.dialect.dispatch.do_execute:
                        if fn(
                            cursor,
                            str_statement,
                            effective_parameters,
                            context,
                        ):
                            evt_handled = True
                            break
                if not evt_handled:
>                   self.dialect.do_execute(
                        cursor, str_statement, effective_parameters, context
                    )

..\..\AppData\Roaming\Python\Python313\site-packages\sqlalchemy\engine\base.py:1967: 
_ _ _ _ _ _ _ _ _ _ _ _ _ _ _ _ _ _ _ _ _ _ _ _ _ _ _ _ _ _ _ _ _ _ _ _ _ _ _ _

self = <sqlalchemy.dialects.sqlite.aiosqlite.SQLiteDialect_aiosqlite object at 0x0000022A9EF82F90>
cursor = <sqlalchemy.dialects.sqlite.aiosqlite.AsyncAdapt_aiosqlite_cursor object at 0x0000022A9FC19AE0>
statement = 'INSERT INTO tasks (id, title, description, status, priority, due_date, tags, created_at, updated_at, completed_at) VALUES (?, ?, ?, ?, ?, ?, ?, ?, ?, ?)'
parameters = ('fafd20a8-5e1d-4ddf-b9a9-a038cdcbf866', 'MCP Created Task', '', 'todo', 'high', None, ...)
context = <sqlalchemy.dialects.sqlite.aiosqlite.SQLiteExecutionContext_aiosqlite object at 0x0000022A9FC5BCB0>

    def do_execute(self, cursor, statement, parameters, context=None):
>       cursor.execute(statement, parameters)

..\..\AppData\Roaming\Python\Python313\site-packages\sqlalchemy\engine\default.py:952: 
_ _ _ _ _ _ _ _ _ _ _ _ _ _ _ _ _ _ _ _ _ _ _ _ _ _ _ _ _ _ _ _ _ _ _ _ _ _ _ _

self = <sqlalchemy.dialects.sqlite.aiosqlite.AsyncAdapt_aiosqlite_cursor object at 0x0000022A9FC19AE0>
operation = 'INSERT INTO tasks (id, title, description, status, priority, due_date, tags, created_at, updated_at, completed_at) VALUES (?, ?, ?, ?, ?, ?, ?, ?, ?, ?)'
parameters = ('fafd20a8-5e1d-4ddf-b9a9-a038cdcbf866', 'MCP Created Task', '', 'todo', 'high', None, ...)

    def execute(
        self,
        operation: Any,
        parameters: Optional[_DBAPISingleExecuteParams] = None,
    ) -> Any:
    
        try:
            _cursor: AsyncIODBAPICursor = self.await_(self._connection.cursor())  # type: ignore[arg-type] # noqa: E501
    
            if parameters is None:
                self.await_(_cursor.execute(operation))
            else:
                self.await_(_cursor.execute(operation, parameters))
    
            if _cursor.description:
                self.description = _cursor.description
                self.lastrowid = self.rowcount = -1
    
                if not self.server_side:
                    self._rows = deque(self.await_(_cursor.fetchall()))
            else:
                self.description = None
                self.lastrowid = _cursor.lastrowid
                self.rowcount = _cursor.rowcount
    
            if not self.server_side:
                self.await_(_cursor.close())
            else:
                self._cursor = _cursor  # type: ignore[misc]
        except Exception as error:
>           self._adapt_connection._handle_exception(error)

..\..\AppData\Roaming\Python\Python313\site-packages\sqlalchemy\dialects\sqlite\aiosqlite.py:182: 
_ _ _ _ _ _ _ _ _ _ _ _ _ _ _ _ _ _ _ _ _ _ _ _ _ _ _ _ _ _ _ _ _ _ _ _ _ _ _ _

self = <AdaptedConnection <aiosqlite.core.Connection object at 0x0000022A9FC0EFD0>>
error = OperationalError('no such table: tasks')

    def _handle_exception(self, error: Exception) -> NoReturn:
        if (
            isinstance(error, ValueError)
            and error.args[0] == "no active connection"
        ):
            raise self.dbapi.sqlite.OperationalError(
                "no active connection"
            ) from error
        else:
>           raise error

..\..\AppData\Roaming\Python\Python313\site-packages\sqlalchemy\dialects\sqlite\aiosqlite.py:342: 
_ _ _ _ _ _ _ _ _ _ _ _ _ _ _ _ _ _ _ _ _ _ _ _ _ _ _ _ _ _ _ _ _ _ _ _ _ _ _ _

self = <sqlalchemy.dialects.sqlite.aiosqlite.AsyncAdapt_aiosqlite_cursor object at 0x0000022A9FC19AE0>
operation = 'INSERT INTO tasks (id, title, description, status, priority, due_date, tags, created_at, updated_at, completed_at) VALUES (?, ?, ?, ?, ?, ?, ?, ?, ?, ?)'
parameters = ('fafd20a8-5e1d-4ddf-b9a9-a038cdcbf866', 'MCP Created Task', '', 'todo', 'high', None, ...)

    def execute(
        self,
        operation: Any,
        parameters: Optional[_DBAPISingleExecuteParams] = None,
    ) -> Any:
    
        try:
            _cursor: AsyncIODBAPICursor = self.await_(self._connection.cursor())  # type: ignore[arg-type] # noqa: E501
    
            if parameters is None:
                self.await_(_cursor.execute(operation))
            else:
>               self.await_(_cursor.execute(operation, parameters))

..\..\AppData\Roaming\Python\Python313\site-packages\sqlalchemy\dialects\sqlite\aiosqlite.py:164: 
_ _ _ _ _ _ _ _ _ _ _ _ _ _ _ _ _ _ _ _ _ _ _ _ _ _ _ _ _ _ _ _ _ _ _ _ _ _ _ _

awaitable = <coroutine object Cursor.execute at 0x0000022A9FC68900>

    def await_only(awaitable: Awaitable[_T]) -> _T:
        """Awaits an async function in a sync method.
    
        The sync method must be inside a :func:`greenlet_spawn` context.
        :func:`await_only` calls cannot be nested.
    
        :param awaitable: The coroutine to call.
    
        """
        # this is called in the context greenlet while running fn
        current = getcurrent()
        if not getattr(current, "__sqlalchemy_greenlet_provider__", False):
            _safe_cancel_awaitable(awaitable)
    
            raise exc.MissingGreenlet(
                "greenlet_spawn has not been called; can't call await_only() "
                "here. Was IO attempted in an unexpected place?"
            )
    
        # returns the control to the driver greenlet passing it
        # a coroutine to run. Once the awaitable is done, the driver greenlet
        # switches back to this greenlet with the result of awaitable that is
        # then returned to the caller (or raised as error)
>       return current.parent.switch(awaitable)  # type: ignore[no-any-return,attr-defined] # noqa: E501
               ^^^^^^^^^^^^^^^^^^^^^^^^^^^^^^^^

..\..\AppData\Roaming\Python\Python313\site-packages\sqlalchemy\util\_concurrency_py3k.py:132: 
_ _ _ _ _ _ _ _ _ _ _ _ _ _ _ _ _ _ _ _ _ _ _ _ _ _ _ _ _ _ _ _ _ _ _ _ _ _ _ _

fn = <bound method Session.flush of <sqlalchemy.orm.session.Session object at 0x0000022A9FC0EC10>>
_require_await = False, args = (), kwargs = {'objects': None}
context = <_AsyncIoGreenlet object at 0x0000022A9FC53D00 (otid=0x0000022A9E4E1470) dead>
switch_occurred = True
result = <coroutine object Connection.rollback at 0x0000022A9FBA1480>
value = None

    async def greenlet_spawn(
        fn: Callable[..., _T],
        *args: Any,
        _require_await: bool = False,
        **kwargs: Any,
    ) -> _T:
        """Runs a sync function ``fn`` in a new greenlet.
    
        The sync function can then use :func:`await_only` to wait for async
        functions.
    
        :param fn: The sync callable to call.
        :param \\*args: Positional arguments to pass to the ``fn`` callable.
        :param \\*\\*kwargs: Keyword arguments to pass to the ``fn`` callable.
        """
    
        result: Any
        context = _AsyncIoGreenlet(fn, getcurrent())
        # runs the function synchronously in gl greenlet. If the execution
        # is interrupted by await_only, context is not dead and result is a
        # coroutine to wait. If the context is dead the function has
        # returned, and its result can be returned.
        switch_occurred = False
        result = context.switch(*args, **kwargs)
        while not context.dead:
            switch_occurred = True
            try:
                # wait for a coroutine from await_only and then return its
                # result back to it.
>               value = await result
                        ^^^^^^^^^^^^

..\..\AppData\Roaming\Python\Python313\site-packages\sqlalchemy\util\_concurrency_py3k.py:196: 
_ _ _ _ _ _ _ _ _ _ _ _ _ _ _ _ _ _ _ _ _ _ _ _ _ _ _ _ _ _ _ _ _ _ _ _ _ _ _ _

self = <aiosqlite.cursor.Cursor object at 0x0000022A9FC3A650>
sql = 'INSERT INTO tasks (id, title, description, status, priority, due_date, tags, created_at, updated_at, completed_at) VALUES (?, ?, ?, ?, ?, ?, ?, ?, ?, ?)'
parameters = ('fafd20a8-5e1d-4ddf-b9a9-a038cdcbf866', 'MCP Created Task', '', 'todo', 'high', None, ...)

    async def execute(
        self, sql: str, parameters: Optional[Iterable[Any]] = None
    ) -> "Cursor":
        """Execute the given query."""
        if parameters is None:
            parameters = []
>       await self._execute(self._cursor.execute, sql, parameters)

..\..\AppData\Roaming\Python\Python313\site-packages\aiosqlite\cursor.py:40: 
_ _ _ _ _ _ _ _ _ _ _ _ _ _ _ _ _ _ _ _ _ _ _ _ _ _ _ _ _ _ _ _ _ _ _ _ _ _ _ _

self = <aiosqlite.cursor.Cursor object at 0x0000022A9FC3A650>
fn = <built-in method execute of sqlite3.Cursor object at 0x0000022A9FC14E40>
args = ('INSERT INTO tasks (id, title, description, status, priority, due_date, tags, created_at, updated_at, completed_at) V... ?, ?, ?, ?, ?, ?, ?, ?)', ('fafd20a8-5e1d-4ddf-b9a9-a038cdcbf866', 'MCP Created Task', '', 'todo', 'high', None, ...))
kwargs = {}

    async def _execute(self, fn, *args, **kwargs):
        """Execute the given function on the shared connection's thread."""
>       return await self._conn._execute(fn, *args, **kwargs)
               ^^^^^^^^^^^^^^^^^^^^^^^^^^^^^^^^^^^^^^^^^^^^^^

..\..\AppData\Roaming\Python\Python313\site-packages\aiosqlite\cursor.py:32: 
_ _ _ _ _ _ _ _ _ _ _ _ _ _ _ _ _ _ _ _ _ _ _ _ _ _ _ _ _ _ _ _ _ _ _ _ _ _ _ _

self = <aiosqlite.core.Connection object at 0x0000022A9FC0EFD0>
fn = <built-in method execute of sqlite3.Cursor object at 0x0000022A9FC14E40>
args = ('INSERT INTO tasks (id, title, description, status, priority, due_date, tags, created_at, updated_at, completed_at) V... ?, ?, ?, ?, ?, ?, ?, ?)', ('fafd20a8-5e1d-4ddf-b9a9-a038cdcbf866', 'MCP Created Task', '', 'todo', 'high', None, ...))
kwargs = {}
function = functools.partial(<built-in method execute of sqlite3.Cursor object at 0x0000022A9FC14E40>, 'INSERT INTO tasks (id, ti... 'MCP Created Task', '', 'todo', 'high', None, '[]', '2026-04-05 17:53:21.137106', '2026-04-05 17:53:21.137109', None))
future = <Future finished exception=OperationalError('no such table: tasks')>

    async def _execute(self, fn, *args, **kwargs):
        """Queue a function with the given arguments for execution."""
        if not self._running or not self._connection:
            raise ValueError("Connection closed")
    
        function = partial(fn, *args, **kwargs)
        future = asyncio.get_event_loop().create_future()
    
        self._tx.put_nowait((future, function))
    
>       return await future
               ^^^^^^^^^^^^

..\..\AppData\Roaming\Python\Python313\site-packages\aiosqlite\core.py:160: 
_ _ _ _ _ _ _ _ _ _ _ _ _ _ _ _ _ _ _ _ _ _ _ _ _ _ _ _ _ _ _ _ _ _ _ _ _ _ _ _

tx = <_queue.SimpleQueue object at 0x0000022A9FC19960>

    def _connection_worker_thread(tx: _TxQueue):
        """
        Execute function calls on a separate thread.
    
        :meta private:
        """
        while True:
            # Continues running until all queue items are processed,
            # even after connection is closed (so we can finalize all
            # futures)
    
            future, function = tx.get()
    
            try:
                LOG.debug("executing %s", function)
>               result = function()
                         ^^^^^^^^^^
E               sqlite3.OperationalError: no such table: tasks

..\..\AppData\Roaming\Python\Python313\site-packages\aiosqlite\core.py:63: OperationalError

The above exception was the direct cause of the following exception:

    @pytest.mark.asyncio
    async def test_task_mcp_create_tool():
        """Task MCP create_task tool should write to DB and return confirmation."""
        from backend.mcp_servers.tasks_server import handle_call_tool
>       results = await handle_call_tool("create_task", {
            "title": "MCP Created Task",
            "priority": "high",
        })

test_multi_agent.py:78: 
_ _ _ _ _ _ _ _ _ _ _ _ _ _ _ _ _ _ _ _ _ _ _ _ _ _ _ _ _ _ _ _ _ _ _ _ _ _ _ _

name = 'create_task'
arguments = {'priority': 'high', 'title': 'MCP Created Task'}

    @tasks_server.call_tool()
    async def handle_call_tool(name: str, arguments: dict | None) -> list[types.TextContent]:
        if not arguments:
            arguments = {}
    
        if name == "create_task":
            async with AsyncSessionLocal() as db:
>               task = await crud.create_task(
                    db,
                    title=arguments.get("title", "Untitled"),
                    description=arguments.get("description", ""),
                    priority=arguments.get("priority", "medium"),
                    due_date=arguments.get("due_date"),
                    tags=arguments.get("tags", []),
                )

backend\mcp_servers\tasks_server.py:87: 
_ _ _ _ _ _ _ _ _ _ _ _ _ _ _ _ _ _ _ _ _ _ _ _ _ _ _ _ _ _ _ _ _ _ _ _ _ _ _ _

db = <sqlalchemy.ext.asyncio.session.AsyncSession object at 0x0000022A9FB5A850>
title = 'MCP Created Task', description = '', priority = 'high', due_date = None
tags = []

    async def create_task(
        db: AsyncSession, title: str, description: str = "",
        priority: str = "medium", due_date: str = None, tags: list = None,
    ):
        parsed_due = None
        if due_date:
            try:
                parsed_due = datetime.fromisoformat(due_date)
            except ValueError:
                pass
        task = Task(
            id=str(uuid.uuid4()), title=title, description=description,
            priority=priority, due_date=parsed_due, tags=tags or [],
        )
        db.add(task)
>       await db.flush()

backend\database\crud.py:90: 
_ _ _ _ _ _ _ _ _ _ _ _ _ _ _ _ _ _ _ _ _ _ _ _ _ _ _ _ _ _ _ _ _ _ _ _ _ _ _ _

self = <sqlalchemy.ext.asyncio.session.AsyncSession object at 0x0000022A9FB5A850>
objects = None

    async def flush(self, objects: Optional[Sequence[Any]] = None) -> None:
        """Flush all the object changes to the database.
    
        .. seealso::
    
            :meth:`_orm.Session.flush` - main documentation for flush
    
        """
>       await greenlet_spawn(self.sync_session.flush, objects=objects)

..\..\AppData\Roaming\Python\Python313\site-packages\sqlalchemy\ext\asyncio\session.py:787: 
_ _ _ _ _ _ _ _ _ _ _ _ _ _ _ _ _ _ _ _ _ _ _ _ _ _ _ _ _ _ _ _ _ _ _ _ _ _ _ _

fn = <bound method Session.flush of <sqlalchemy.orm.session.Session object at 0x0000022A9FC0EC10>>
_require_await = False, args = (), kwargs = {'objects': None}
context = <_AsyncIoGreenlet object at 0x0000022A9FC53D00 (otid=0x0000022A9E4E1470) dead>
switch_occurred = True
result = <coroutine object Connection.rollback at 0x0000022A9FBA1480>
value = None

    async def greenlet_spawn(
        fn: Callable[..., _T],
        *args: Any,
        _require_await: bool = False,
        **kwargs: Any,
    ) -> _T:
        """Runs a sync function ``fn`` in a new greenlet.
    
        The sync function can then use :func:`await_only` to wait for async
        functions.
    
        :param fn: The sync callable to call.
        :param \\*args: Positional arguments to pass to the ``fn`` callable.
        :param \\*\\*kwargs: Keyword arguments to pass to the ``fn`` callable.
        """
    
        result: Any
        context = _AsyncIoGreenlet(fn, getcurrent())
        # runs the function synchronously in gl greenlet. If the execution
        # is interrupted by await_only, context is not dead and result is a
        # coroutine to wait. If the context is dead the function has
        # returned, and its result can be returned.
        switch_occurred = False
        result = context.switch(*args, **kwargs)
        while not context.dead:
            switch_occurred = True
            try:
                # wait for a coroutine from await_only and then return its
                # result back to it.
                value = await result
            except BaseException:
                # this allows an exception to be raised within
                # the moderated greenlet so that it can continue
                # its expected flow.
                result = context.throw(*sys.exc_info())
            else:
>               result = context.switch(value)
                         ^^^^^^^^^^^^^^^^^^^^^

..\..\AppData\Roaming\Python\Python313\site-packages\sqlalchemy\util\_concurrency_py3k.py:203: 
_ _ _ _ _ _ _ _ _ _ _ _ _ _ _ _ _ _ _ _ _ _ _ _ _ _ _ _ _ _ _ _ _ _ _ _ _ _ _ _

self = <sqlalchemy.orm.session.Session object at 0x0000022A9FC0EC10>
objects = None

    def flush(self, objects: Optional[Sequence[Any]] = None) -> None:
        """Flush all the object changes to the database.
    
        Writes out all pending object creations, deletions and modifications
        to the database as INSERTs, DELETEs, UPDATEs, etc.  Operations are
        automatically ordered by the Session's unit of work dependency
        solver.
    
        Database operations will be issued in the current transactional
        context and do not affect the state of the transaction, unless an
        error occurs, in which case the entire transaction is rolled back.
        You may flush() as often as you like within a transaction to move
        changes from Python to the database's transaction buffer.
    
        :param objects: Optional; restricts the flush operation to operate
          only on elements that are in the given collection.
    
          This feature is for an extremely narrow set of use cases where
          particular objects may need to be operated upon before the
          full flush() occurs.  It is not intended for general use.
    
        """
    
        if self._flushing:
            raise sa_exc.InvalidRequestError("Session is already flushing")
    
        if self._is_clean():
            return
        try:
            self._flushing = True
>           self._flush(objects)

..\..\AppData\Roaming\Python\Python313\site-packages\sqlalchemy\orm\session.py:4331: 
_ _ _ _ _ _ _ _ _ _ _ _ _ _ _ _ _ _ _ _ _ _ _ _ _ _ _ _ _ _ _ _ _ _ _ _ _ _ _ _

self = <sqlalchemy.orm.session.Session object at 0x0000022A9FC0EC10>
objects = None

    def _flush(self, objects: Optional[Sequence[object]] = None) -> None:
        dirty = self._dirty_states
        if not dirty and not self._deleted and not self._new:
            self.identity_map._modified.clear()
            return
    
        flush_context = UOWTransaction(self)
    
        if self.dispatch.before_flush:
            self.dispatch.before_flush(self, flush_context, objects)
            # re-establish "dirty states" in case the listeners
            # added
            dirty = self._dirty_states
    
        deleted = set(self._deleted)
        new = set(self._new)
    
        dirty = set(dirty).difference(deleted)
    
        # create the set of all objects we want to operate upon
        if objects:
            # specific list passed in
            objset = set()
            for o in objects:
                try:
                    state = attributes.instance_state(o)
    
                except exc.NO_STATE as err:
                    raise exc.UnmappedInstanceError(o) from err
                objset.add(state)
        else:
            objset = None
    
        # store objects whose fate has been decided
        processed = set()
    
        # put all saves/updates into the flush context.  detect top-level
        # orphans and throw them into deleted.
        if objset:
            proc = new.union(dirty).intersection(objset).difference(deleted)
        else:
            proc = new.union(dirty).difference(deleted)
    
        for state in proc:
            is_orphan = _state_mapper(state)._is_orphan(state)
    
            is_persistent_orphan = is_orphan and state.has_identity
    
            if (
                is_orphan
                and not is_persistent_orphan
                and state._orphaned_outside_of_session
            ):
                self._expunge_states([state])
            else:
                _reg = flush_context.register_object(
                    state, isdelete=is_persistent_orphan
                )
                assert _reg, "Failed to add object to the flush context!"
                processed.add(state)
    
        # put all remaining deletes into the flush context.
        if objset:
            proc = deleted.intersection(objset).difference(processed)
        else:
            proc = deleted.difference(processed)
        for state in proc:
            _reg = flush_context.register_object(state, isdelete=True)
            assert _reg, "Failed to add object to the flush context!"
    
        if not flush_context.has_work:
            return
    
        flush_context.transaction = transaction = self._autobegin_t()._begin()
        try:
            self._warn_on_events = True
            try:
                flush_context.execute()
            finally:
                self._warn_on_events = False
    
            self.dispatch.after_flush(self, flush_context)
    
            flush_context.finalize_flush_changes()
    
            if not objects and self.identity_map._modified:
                len_ = len(self.identity_map._modified)
    
                statelib.InstanceState._commit_all_states(
                    [
                        (state, state.dict)
                        for state in self.identity_map._modified
                    ],
                    instance_dict=self.identity_map,
                )
                util.warn(
                    "Attribute history events accumulated on %d "
                    "previously clean instances "
                    "within inner-flush event handlers have been "
                    "reset, and will not result in database updates. "
                    "Consider using set_committed_value() within "
                    "inner-flush event handlers to avoid this warning." % len_
                )
    
            # useful assertions:
            # if not objects:
            #    assert not self.identity_map._modified
            # else:
            #    assert self.identity_map._modified == \
            #            self.identity_map._modified.difference(objects)
    
            self.dispatch.after_flush_postexec(self, flush_context)
    
            transaction.commit()
    
        except:
>           with util.safe_reraise():
                 ^^^^^^^^^^^^^^^^^^^

..\..\AppData\Roaming\Python\Python313\site-packages\sqlalchemy\orm\session.py:4466: 
_ _ _ _ _ _ _ _ _ _ _ _ _ _ _ _ _ _ _ _ _ _ _ _ _ _ _ _ _ _ _ _ _ _ _ _ _ _ _ _

self = <sqlalchemy.util.langhelpers.safe_reraise object at 0x0000022A9FBDE0B0>
type_ = None, value = None, traceback = None

    def __exit__(
        self,
        type_: Optional[Type[BaseException]],
        value: Optional[BaseException],
        traceback: Optional[types.TracebackType],
    ) -> NoReturn:
        assert self._exc_info is not None
        # see #2703 for notes
        if type_ is None:
            exc_type, exc_value, exc_tb = self._exc_info
            assert exc_value is not None
            self._exc_info = None  # remove potential circular references
>           raise exc_value.with_traceback(exc_tb)

..\..\AppData\Roaming\Python\Python313\site-packages\sqlalchemy\util\langhelpers.py:121: 
_ _ _ _ _ _ _ _ _ _ _ _ _ _ _ _ _ _ _ _ _ _ _ _ _ _ _ _ _ _ _ _ _ _ _ _ _ _ _ _

self = <sqlalchemy.orm.session.Session object at 0x0000022A9FC0EC10>
objects = None

    def _flush(self, objects: Optional[Sequence[object]] = None) -> None:
        dirty = self._dirty_states
        if not dirty and not self._deleted and not self._new:
            self.identity_map._modified.clear()
            return
    
        flush_context = UOWTransaction(self)
    
        if self.dispatch.before_flush:
            self.dispatch.before_flush(self, flush_context, objects)
            # re-establish "dirty states" in case the listeners
            # added
            dirty = self._dirty_states
    
        deleted = set(self._deleted)
        new = set(self._new)
    
        dirty = set(dirty).difference(deleted)
    
        # create the set of all objects we want to operate upon
        if objects:
            # specific list passed in
            objset = set()
            for o in objects:
                try:
                    state = attributes.instance_state(o)
    
                except exc.NO_STATE as err:
                    raise exc.UnmappedInstanceError(o) from err
                objset.add(state)
        else:
            objset = None
    
        # store objects whose fate has been decided
        processed = set()
    
        # put all saves/updates into the flush context.  detect top-level
        # orphans and throw them into deleted.
        if objset:
            proc = new.union(dirty).intersection(objset).difference(deleted)
        else:
            proc = new.union(dirty).difference(deleted)
    
        for state in proc:
            is_orphan = _state_mapper(state)._is_orphan(state)
    
            is_persistent_orphan = is_orphan and state.has_identity
    
            if (
                is_orphan
                and not is_persistent_orphan
                and state._orphaned_outside_of_session
            ):
                self._expunge_states([state])
            else:
                _reg = flush_context.register_object(
                    state, isdelete=is_persistent_orphan
                )
                assert _reg, "Failed to add object to the flush context!"
                processed.add(state)
    
        # put all remaining deletes into the flush context.
        if objset:
            proc = deleted.intersection(objset).difference(processed)
        else:
            proc = deleted.difference(processed)
        for state in proc:
            _reg = flush_context.register_object(state, isdelete=True)
            assert _reg, "Failed to add object to the flush context!"
    
        if not flush_context.has_work:
            return
    
        flush_context.transaction = transaction = self._autobegin_t()._begin()
        try:
            self._warn_on_events = True
            try:
>               flush_context.execute()

..\..\AppData\Roaming\Python\Python313\site-packages\sqlalchemy\orm\session.py:4427: 
_ _ _ _ _ _ _ _ _ _ _ _ _ _ _ _ _ _ _ _ _ _ _ _ _ _ _ _ _ _ _ _ _ _ _ _ _ _ _ _

self = <sqlalchemy.orm.unitofwork.UOWTransaction object at 0x0000022A9FAF76F0>

    def execute(self) -> None:
        postsort_actions = self._generate_actions()
    
        postsort_actions = sorted(
            postsort_actions,
            key=lambda item: item.sort_key,
        )
        # sort = topological.sort(self.dependencies, postsort_actions)
        # print "--------------"
        # print "\ndependencies:", self.dependencies
        # print "\ncycles:", self.cycles
        # print "\nsort:", list(sort)
        # print "\nCOUNT OF POSTSORT ACTIONS", len(postsort_actions)
    
        # execute
        if self.cycles:
            for subset in topological.sort_as_subsets(
                self.dependencies, postsort_actions
            ):
                set_ = set(subset)
                while set_:
                    n = set_.pop()
                    n.execute_aggregate(self, set_)
        else:
            for rec in topological.sort(self.dependencies, postsort_actions):
>               rec.execute(self)

..\..\AppData\Roaming\Python\Python313\site-packages\sqlalchemy\orm\unitofwork.py:466: 
_ _ _ _ _ _ _ _ _ _ _ _ _ _ _ _ _ _ _ _ _ _ _ _ _ _ _ _ _ _ _ _ _ _ _ _ _ _ _ _

self = SaveUpdateAll(Mapper[Task(tasks)])
uow = <sqlalchemy.orm.unitofwork.UOWTransaction object at 0x0000022A9FAF76F0>

    @util.preload_module("sqlalchemy.orm.persistence")
    def execute(self, uow):
>       util.preloaded.orm_persistence.save_obj(
            self.mapper,
            uow.states_for_mapper_hierarchy(self.mapper, False, False),
            uow,
        )

..\..\AppData\Roaming\Python\Python313\site-packages\sqlalchemy\orm\unitofwork.py:642: 
_ _ _ _ _ _ _ _ _ _ _ _ _ _ _ _ _ _ _ _ _ _ _ _ _ _ _ _ _ _ _ _ _ _ _ _ _ _ _ _

base_mapper = <Mapper at 0x22a9ef81010; Task>
states = <generator object UOWTransaction.states_for_mapper_hierarchy at 0x0000022A9FC0A2F0>
uowtransaction = <sqlalchemy.orm.unitofwork.UOWTransaction object at 0x0000022A9FAF76F0>
single = False

    def save_obj(base_mapper, states, uowtransaction, single=False):
        """Issue ``INSERT`` and/or ``UPDATE`` statements for a list
        of objects.
    
        This is called within the context of a UOWTransaction during a
        flush operation, given a list of states to be flushed.  The
        base mapper in an inheritance hierarchy handles the inserts/
        updates for all descendant mappers.
    
        """
    
        # if batch=false, call _save_obj separately for each object
        if not single and not base_mapper.batch:
            for state in _sort_states(base_mapper, states):
                save_obj(base_mapper, [state], uowtransaction, single=True)
            return
    
        states_to_update = []
        states_to_insert = []
    
        for (
            state,
            dict_,
            mapper,
            connection,
            has_identity,
            row_switch,
            update_version_id,
        ) in _organize_states_for_save(base_mapper, states, uowtransaction):
            if has_identity or row_switch:
                states_to_update.append(
                    (state, dict_, mapper, connection, update_version_id)
                )
            else:
                states_to_insert.append((state, dict_, mapper, connection))
    
        for table, mapper in base_mapper._sorted_tables.items():
            if table not in mapper._pks_by_table:
                continue
            insert = _collect_insert_commands(table, states_to_insert)
    
            update = _collect_update_commands(
                uowtransaction, table, states_to_update
            )
    
            _emit_update_statements(
                base_mapper,
                uowtransaction,
                mapper,
                table,
                update,
            )
    
>           _emit_insert_statements(
                base_mapper,
                uowtransaction,
                mapper,
                table,
                insert,
            )

..\..\AppData\Roaming\Python\Python313\site-packages\sqlalchemy\orm\persistence.py:93: 
_ _ _ _ _ _ _ _ _ _ _ _ _ _ _ _ _ _ _ _ _ _ _ _ _ _ _ _ _ _ _ _ _ _ _ _ _ _ _ _

base_mapper = <Mapper at 0x22a9ef81010; Task>
uowtransaction = <sqlalchemy.orm.unitofwork.UOWTransaction object at 0x0000022A9FAF76F0>
mapper = <Mapper at 0x22a9ef81010; Task>
table = Table('tasks', MetaData(), Column('id', String(), table=<tasks>, primary_key=True, nullable=False), Column('title', St...lumnDefault(<function _utcnow at 0x0000022A9EFBECA0>)), Column('completed_at', DateTime(), table=<tasks>), schema=None)
insert = <generator object _collect_insert_commands at 0x0000022A9FB65F80>

    def _emit_insert_statements(
        base_mapper,
        uowtransaction,
        mapper,
        table,
        insert,
        *,
        bookkeeping=True,
        use_orm_insert_stmt=None,
        execution_options=None,
    ):
        """Emit INSERT statements corresponding to value lists collected
        by _collect_insert_commands()."""
    
        if use_orm_insert_stmt is not None:
            cached_stmt = use_orm_insert_stmt
            exec_opt = util.EMPTY_DICT
    
            # if a user query with RETURNING was passed, we definitely need
            # to use RETURNING.
            returning_is_required_anyway = bool(use_orm_insert_stmt._returning)
            deterministic_results_reqd = (
                returning_is_required_anyway
                and use_orm_insert_stmt._sort_by_parameter_order
            ) or bookkeeping
        else:
            returning_is_required_anyway = False
            deterministic_results_reqd = bookkeeping
            cached_stmt = base_mapper._memo(("insert", table), table.insert)
            exec_opt = {"compiled_cache": base_mapper._compiled_cache}
    
        if execution_options:
            execution_options = util.EMPTY_DICT.merge_with(
                exec_opt, execution_options
            )
        else:
            execution_options = exec_opt
    
        return_result = None
    
        for (
            (connection, _, hasvalue, has_all_pks, has_all_defaults),
            records,
        ) in groupby(
            insert,
            lambda rec: (
                rec[4],  # connection
                set(rec[2]),  # parameter keys
                bool(rec[5]),  # whether we have "value" parameters
                rec[6],
                rec[7],
            ),
        ):
            statement = cached_stmt
    
            if use_orm_insert_stmt is not None:
                statement = statement._annotate(
                    {
                        "_emit_insert_table": table,
                        "_emit_insert_mapper": mapper,
                    }
                )
    
            if (
                (
                    not bookkeeping
                    or (
                        has_all_defaults
                        or not base_mapper._prefer_eager_defaults(
                            connection.dialect, table
                        )
                        or not table.implicit_returning
                        or not connection.dialect.insert_returning
                    )
                )
                and not returning_is_required_anyway
                and has_all_pks
                and not hasvalue
            ):
                # the "we don't need newly generated values back" section.
                # here we have all the PKs, all the defaults or we don't want
                # to fetch them, or the dialect doesn't support RETURNING at all
                # so we have to post-fetch / use lastrowid anyway.
                records = list(records)
                multiparams = [rec[2] for rec in records]
    
>               result = connection.execute(
                    statement, multiparams, execution_options=execution_options
                )

..\..\AppData\Roaming\Python\Python313\site-packages\sqlalchemy\orm\persistence.py:1048: 
_ _ _ _ _ _ _ _ _ _ _ _ _ _ _ _ _ _ _ _ _ _ _ _ _ _ _ _ _ _ _ _ _ _ _ _ _ _ _ _

self = <sqlalchemy.engine.base.Connection object at 0x0000022A9FAF7230>
statement = <sqlalchemy.sql.dml.Insert object at 0x0000022A9FBD5E80>
parameters = [{'completed_at': None, 'description': '', 'due_date': None, 'id': 'fafd20a8-5e1d-4ddf-b9a9-a038cdcbf866', ...}]

    def execute(
        self,
        statement: Executable,
        parameters: Optional[_CoreAnyExecuteParams] = None,
        *,
        execution_options: Optional[CoreExecuteOptionsParameter] = None,
    ) -> CursorResult[Any]:
        r"""Executes a SQL statement construct and returns a
        :class:`_engine.CursorResult`.
    
        :param statement: The statement to be executed.  This is always
         an object that is in both the :class:`_expression.ClauseElement` and
         :class:`_expression.Executable` hierarchies, including:
    
         * :class:`_expression.Select`
         * :class:`_expression.Insert`, :class:`_expression.Update`,
           :class:`_expression.Delete`
         * :class:`_expression.TextClause` and
           :class:`_expression.TextualSelect`
         * :class:`_schema.DDL` and objects which inherit from
           :class:`_schema.ExecutableDDLElement`
    
        :param parameters: parameters which will be bound into the statement.
         This may be either a dictionary of parameter names to values,
         or a mutable sequence (e.g. a list) of dictionaries.  When a
         list of dictionaries is passed, the underlying statement execution
         will make use of the DBAPI ``cursor.executemany()`` method.
         When a single dictionary is passed, the DBAPI ``cursor.execute()``
         method will be used.
    
        :param execution_options: optional dictionary of execution options,
         which will be associated with the statement execution.  This
         dictionary can provide a subset of the options that are accepted
         by :meth:`_engine.Connection.execution_options`.
    
        :return: a :class:`_engine.Result` object.
    
        """
        distilled_parameters = _distill_params_20(parameters)
        try:
            meth = statement._execute_on_connection
        except AttributeError as err:
            raise exc.ObjectNotExecutableError(statement) from err
        else:
>           return meth(
                self,
                distilled_parameters,
                execution_options or NO_OPTIONS,
            )

..\..\AppData\Roaming\Python\Python313\site-packages\sqlalchemy\engine\base.py:1419: 
_ _ _ _ _ _ _ _ _ _ _ _ _ _ _ _ _ _ _ _ _ _ _ _ _ _ _ _ _ _ _ _ _ _ _ _ _ _ _ _

self = <sqlalchemy.sql.dml.Insert object at 0x0000022A9FBD5E80>
connection = <sqlalchemy.engine.base.Connection object at 0x0000022A9FAF7230>
distilled_params = [{'completed_at': None, 'description': '', 'due_date': None, 'id': 'fafd20a8-5e1d-4ddf-b9a9-a038cdcbf866', ...}]
execution_options = {'compiled_cache': <sqlalchemy.util._collections.LRUCache object at 0x0000022A9FC2C810>}

    def _execute_on_connection(
        self,
        connection: Connection,
        distilled_params: _CoreMultiExecuteParams,
        execution_options: CoreExecuteOptionsParameter,
    ) -> Result[Any]:
        if self.supports_execution:
            if TYPE_CHECKING:
                assert isinstance(self, Executable)
>           return connection._execute_clauseelement(
                self, distilled_params, execution_options
            )

..\..\AppData\Roaming\Python\Python313\site-packages\sqlalchemy\sql\elements.py:527: 
_ _ _ _ _ _ _ _ _ _ _ _ _ _ _ _ _ _ _ _ _ _ _ _ _ _ _ _ _ _ _ _ _ _ _ _ _ _ _ _

self = <sqlalchemy.engine.base.Connection object at 0x0000022A9FAF7230>
elem = <sqlalchemy.sql.dml.Insert object at 0x0000022A9FBD5E80>
distilled_parameters = [{'completed_at': None, 'description': '', 'due_date': None, 'id': 'fafd20a8-5e1d-4ddf-b9a9-a038cdcbf866', ...}]
execution_options = immutabledict({'compiled_cache': <sqlalchemy.util._collections.LRUCache object at 0x0000022A9FC2C810>})

    def _execute_clauseelement(
        self,
        elem: Executable,
        distilled_parameters: _CoreMultiExecuteParams,
        execution_options: CoreExecuteOptionsParameter,
    ) -> CursorResult[Any]:
        """Execute a sql.ClauseElement object."""
    
        execution_options = elem._execution_options.merge_with(
            self._execution_options, execution_options
        )
    
        has_events = self._has_events or self.engine._has_events
        if has_events:
            (
                elem,
                distilled_parameters,
                event_multiparams,
                event_params,
            ) = self._invoke_before_exec_event(
                elem, distilled_parameters, execution_options
            )
    
        if distilled_parameters:
            # ensure we don't retain a link to the view object for keys()
            # which links to the values, which we don't want to cache
            keys = sorted(distilled_parameters[0])
            for_executemany = len(distilled_parameters) > 1
        else:
            keys = []
            for_executemany = False
    
        dialect = self.dialect
    
        schema_translate_map = execution_options.get(
            "schema_translate_map", None
        )
    
        compiled_cache: Optional[CompiledCacheType] = execution_options.get(
            "compiled_cache", self.engine._compiled_cache
        )
    
        compiled_sql, extracted_params, cache_hit = elem._compile_w_cache(
            dialect=dialect,
            compiled_cache=compiled_cache,
            column_keys=keys,
            for_executemany=for_executemany,
            schema_translate_map=schema_translate_map,
            linting=self.dialect.compiler_linting | compiler.WARN_LINTING,
        )
>       ret = self._execute_context(
            dialect,
            dialect.execution_ctx_cls._init_compiled,
            compiled_sql,
            distilled_parameters,
            execution_options,
            compiled_sql,
            distilled_parameters,
            elem,
            extracted_params,
            cache_hit=cache_hit,
        )

..\..\AppData\Roaming\Python\Python313\site-packages\sqlalchemy\engine\base.py:1641: 
_ _ _ _ _ _ _ _ _ _ _ _ _ _ _ _ _ _ _ _ _ _ _ _ _ _ _ _ _ _ _ _ _ _ _ _ _ _ _ _

self = <sqlalchemy.engine.base.Connection object at 0x0000022A9FAF7230>
dialect = <sqlalchemy.dialects.sqlite.aiosqlite.SQLiteDialect_aiosqlite object at 0x0000022A9EF82F90>
constructor = <bound method DefaultExecutionContext._init_compiled of <class 'sqlalchemy.dialects.sqlite.aiosqlite.SQLiteExecutionContext_aiosqlite'>>
statement = <sqlalchemy.dialects.sqlite.base.SQLiteCompiler object at 0x0000022A9FC0F4D0>
parameters = [{'completed_at': None, 'description': '', 'due_date': None, 'id': 'fafd20a8-5e1d-4ddf-b9a9-a038cdcbf866', ...}]
execution_options = immutabledict({'compiled_cache': <sqlalchemy.util._collections.LRUCache object at 0x0000022A9FC2C810>})
args = (<sqlalchemy.dialects.sqlite.base.SQLiteCompiler object at 0x0000022A9FC0F4D0>, [{'completed_at': None, 'description':...one, 'id': 'fafd20a8-5e1d-4ddf-b9a9-a038cdcbf866', ...}], <sqlalchemy.sql.dml.Insert object at 0x0000022A9FBD5E80>, [])
kw = {'cache_hit': <CacheStats.CACHE_MISS: 1>}, yp = None
conn = <sqlalchemy.pool.base._ConnectionFairy object at 0x0000022A9FC19A30>
context = <sqlalchemy.dialects.sqlite.aiosqlite.SQLiteExecutionContext_aiosqlite object at 0x0000022A9FC5BCB0>

    def _execute_context(
        self,
        dialect: Dialect,
        constructor: Callable[..., ExecutionContext],
        statement: Union[str, Compiled],
        parameters: Optional[_AnyMultiExecuteParams],
        execution_options: _ExecuteOptions,
        *args: Any,
        **kw: Any,
    ) -> CursorResult[Any]:
        """Create an :class:`.ExecutionContext` and execute, returning
        a :class:`_engine.CursorResult`."""
    
        if execution_options:
            yp = execution_options.get("yield_per", None)
            if yp:
                execution_options = execution_options.union(
                    {"stream_results": True, "max_row_buffer": yp}
                )
        try:
            conn = self._dbapi_connection
            if conn is None:
                conn = self._revalidate_connection()
    
            context = constructor(
                dialect, self, conn, execution_options, *args, **kw
            )
        except (exc.PendingRollbackError, exc.ResourceClosedError):
            raise
        except BaseException as e:
            self._handle_dbapi_exception(
                e, str(statement), parameters, None, None
            )
    
        if (
            self._transaction
            and not self._transaction.is_active
            or (
                self._nested_transaction
                and not self._nested_transaction.is_active
            )
        ):
            self._invalid_transaction()
    
        elif self._trans_context_manager:
            TransactionalContext._trans_ctx_check(self)
    
        if self._transaction is None:
            self._autobegin()
    
        context.pre_exec()
    
        if context.execute_style is ExecuteStyle.INSERTMANYVALUES:
            return self._exec_insertmany_context(dialect, context)
        else:
>           return self._exec_single_context(
                dialect, context, statement, parameters
            )

..\..\AppData\Roaming\Python\Python313\site-packages\sqlalchemy\engine\base.py:1846: 
_ _ _ _ _ _ _ _ _ _ _ _ _ _ _ _ _ _ _ _ _ _ _ _ _ _ _ _ _ _ _ _ _ _ _ _ _ _ _ _

self = <sqlalchemy.engine.base.Connection object at 0x0000022A9FAF7230>
dialect = <sqlalchemy.dialects.sqlite.aiosqlite.SQLiteDialect_aiosqlite object at 0x0000022A9EF82F90>
context = <sqlalchemy.dialects.sqlite.aiosqlite.SQLiteExecutionContext_aiosqlite object at 0x0000022A9FC5BCB0>
statement = <sqlalchemy.dialects.sqlite.base.SQLiteCompiler object at 0x0000022A9FC0F4D0>
parameters = [('fafd20a8-5e1d-4ddf-b9a9-a038cdcbf866', 'MCP Created Task', '', 'todo', 'high', None, ...)]

    def _exec_single_context(
        self,
        dialect: Dialect,
        context: ExecutionContext,
        statement: Union[str, Compiled],
        parameters: Optional[_AnyMultiExecuteParams],
    ) -> CursorResult[Any]:
        """continue the _execute_context() method for a single DBAPI
        cursor.execute() or cursor.executemany() call.
    
        """
        if dialect.bind_typing is BindTyping.SETINPUTSIZES:
            generic_setinputsizes = context._prepare_set_input_sizes()
    
            if generic_setinputsizes:
                try:
                    dialect.do_set_input_sizes(
                        context.cursor, generic_setinputsizes, context
                    )
                except BaseException as e:
                    self._handle_dbapi_exception(
                        e, str(statement), parameters, None, context
                    )
    
        cursor, str_statement, parameters = (
            context.cursor,
            context.statement,
            context.parameters,
        )
    
        effective_parameters: Optional[_AnyExecuteParams]
    
        if not context.executemany:
            effective_parameters = parameters[0]
        else:
            effective_parameters = parameters
    
        if self._has_events or self.engine._has_events:
            for fn in self.dispatch.before_cursor_execute:
                str_statement, effective_parameters = fn(
                    self,
                    cursor,
                    str_statement,
                    effective_parameters,
                    context,
                    context.executemany,
                )
    
        if self._echo:
            self._log_info(str_statement)
    
            stats = context._get_cache_stats()
    
            if not self.engine.hide_parameters:
                self._log_info(
                    "[%s] %r",
                    stats,
                    sql_util._repr_params(
                        effective_parameters,
                        batches=10,
                        ismulti=context.executemany,
                    ),
                )
            else:
                self._log_info(
                    "[%s] [SQL parameters hidden due to hide_parameters=True]",
                    stats,
                )
    
        evt_handled: bool = False
        try:
            if context.execute_style is ExecuteStyle.EXECUTEMANY:
                effective_parameters = cast(
                    "_CoreMultiExecuteParams", effective_parameters
                )
                if self.dialect._has_events:
                    for fn in self.dialect.dispatch.do_executemany:
                        if fn(
                            cursor,
                            str_statement,
                            effective_parameters,
                            context,
                        ):
                            evt_handled = True
                            break
                if not evt_handled:
                    self.dialect.do_executemany(
                        cursor,
                        str_statement,
                        effective_parameters,
                        context,
                    )
            elif not effective_parameters and context.no_parameters:
                if self.dialect._has_events:
                    for fn in self.dialect.dispatch.do_execute_no_params:
                        if fn(cursor, str_statement, context):
                            evt_handled = True
                            break
                if not evt_handled:
                    self.dialect.do_execute_no_params(
                        cursor, str_statement, context
                    )
            else:
                effective_parameters = cast(
                    "_CoreSingleExecuteParams", effective_parameters
                )
                if self.dialect._has_events:
                    for fn in self.dialect.dispatch.do_execute:
                        if fn(
                            cursor,
                            str_statement,
                            effective_parameters,
                            context,
                        ):
                            evt_handled = True
                            break
                if not evt_handled:
                    self.dialect.do_execute(
                        cursor, str_statement, effective_parameters, context
                    )
    
            if self._has_events or self.engine._has_events:
                self.dispatch.after_cursor_execute(
                    self,
                    cursor,
                    str_statement,
                    effective_parameters,
                    context,
                    context.executemany,
                )
    
            context.post_exec()
    
            result = context._setup_result_proxy()
    
        except BaseException as e:
>           self._handle_dbapi_exception(
                e, str_statement, effective_parameters, cursor, context
            )

..\..\AppData\Roaming\Python\Python313\site-packages\sqlalchemy\engine\base.py:1986: 
_ _ _ _ _ _ _ _ _ _ _ _ _ _ _ _ _ _ _ _ _ _ _ _ _ _ _ _ _ _ _ _ _ _ _ _ _ _ _ _

self = <sqlalchemy.engine.base.Connection object at 0x0000022A9FAF7230>
e = OperationalError('no such table: tasks')
statement = 'INSERT INTO tasks (id, title, description, status, priority, due_date, tags, created_at, updated_at, completed_at) VALUES (?, ?, ?, ?, ?, ?, ?, ?, ?, ?)'
parameters = ('fafd20a8-5e1d-4ddf-b9a9-a038cdcbf866', 'MCP Created Task', '', 'todo', 'high', None, ...)
cursor = <sqlalchemy.dialects.sqlite.aiosqlite.AsyncAdapt_aiosqlite_cursor object at 0x0000022A9FC19AE0>
context = <sqlalchemy.dialects.sqlite.aiosqlite.SQLiteExecutionContext_aiosqlite object at 0x0000022A9FC5BCB0>
is_sub_exec = False

    def _handle_dbapi_exception(
        self,
        e: BaseException,
        statement: Optional[str],
        parameters: Optional[_AnyExecuteParams],
        cursor: Optional[DBAPICursor],
        context: Optional[ExecutionContext],
        is_sub_exec: bool = False,
    ) -> NoReturn:
        exc_info = sys.exc_info()
    
        is_exit_exception = util.is_exit_exception(e)
    
        if not self._is_disconnect:
            self._is_disconnect = (
                isinstance(e, self.dialect.loaded_dbapi.Error)
                and not self.closed
                and self.dialect.is_disconnect(
                    e,
                    self._dbapi_connection if not self.invalidated else None,
                    cursor,
                )
            ) or (is_exit_exception and not self.closed)
    
        invalidate_pool_on_disconnect = not is_exit_exception
    
        ismulti: bool = (
            not is_sub_exec and context.executemany
            if context is not None
            else False
        )
        if self._reentrant_error:
            raise exc.DBAPIError.instance(
                statement,
                parameters,
                e,
                self.dialect.loaded_dbapi.Error,
                hide_parameters=self.engine.hide_parameters,
                dialect=self.dialect,
                ismulti=ismulti,
            ).with_traceback(exc_info[2]) from e
        self._reentrant_error = True
        try:
            # non-DBAPI error - if we already got a context,
            # or there's no string statement, don't wrap it
            should_wrap = isinstance(e, self.dialect.loaded_dbapi.Error) or (
                statement is not None
                and context is None
                and not is_exit_exception
            )
    
            if should_wrap:
                sqlalchemy_exception = exc.DBAPIError.instance(
                    statement,
                    parameters,
                    cast(Exception, e),
                    self.dialect.loaded_dbapi.Error,
                    hide_parameters=self.engine.hide_parameters,
                    connection_invalidated=self._is_disconnect,
                    dialect=self.dialect,
                    ismulti=ismulti,
                )
            else:
                sqlalchemy_exception = None
    
            newraise = None
    
            if (self.dialect._has_events) and not self._execution_options.get(
                "skip_user_error_events", False
            ):
                ctx = ExceptionContextImpl(
                    e,
                    sqlalchemy_exception,
                    self.engine,
                    self.dialect,
                    self,
                    cursor,
                    statement,
                    parameters,
                    context,
                    self._is_disconnect,
                    invalidate_pool_on_disconnect,
                    False,
                )
    
                for fn in self.dialect.dispatch.handle_error:
                    try:
                        # handler returns an exception;
                        # call next handler in a chain
                        per_fn = fn(ctx)
                        if per_fn is not None:
                            ctx.chained_exception = newraise = per_fn
                    except Exception as _raised:
                        # handler raises an exception - stop processing
                        newraise = _raised
                        break
    
                if self._is_disconnect != ctx.is_disconnect:
                    self._is_disconnect = ctx.is_disconnect
                    if sqlalchemy_exception:
                        sqlalchemy_exception.connection_invalidated = (
                            ctx.is_disconnect
                        )
    
                # set up potentially user-defined value for
                # invalidate pool.
                invalidate_pool_on_disconnect = (
                    ctx.invalidate_pool_on_disconnect
                )
    
            if should_wrap and context:
                context.handle_dbapi_exception(e)
    
            if not self._is_disconnect:
                if cursor:
                    self._safe_close_cursor(cursor)
                # "autorollback" was mostly relevant in 1.x series.
                # It's very unlikely to reach here, as the connection
                # does autobegin so when we are here, we are usually
                # in an explicit / semi-explicit transaction.
                # however we have a test which manufactures this
                # scenario in any case using an event handler.
                # test/engine/test_execute.py-> test_actual_autorollback
                if not self.in_transaction():
                    self._rollback_impl()
    
            if newraise:
                raise newraise.with_traceback(exc_info[2]) from e
            elif should_wrap:
                assert sqlalchemy_exception is not None
>               raise sqlalchemy_exception.with_traceback(exc_info[2]) from e

..\..\AppData\Roaming\Python\Python313\site-packages\sqlalchemy\engine\base.py:2363: 
_ _ _ _ _ _ _ _ _ _ _ _ _ _ _ _ _ _ _ _ _ _ _ _ _ _ _ _ _ _ _ _ _ _ _ _ _ _ _ _

self = <sqlalchemy.engine.base.Connection object at 0x0000022A9FAF7230>
dialect = <sqlalchemy.dialects.sqlite.aiosqlite.SQLiteDialect_aiosqlite object at 0x0000022A9EF82F90>
context = <sqlalchemy.dialects.sqlite.aiosqlite.SQLiteExecutionContext_aiosqlite object at 0x0000022A9FC5BCB0>
statement = <sqlalchemy.dialects.sqlite.base.SQLiteCompiler object at 0x0000022A9FC0F4D0>
parameters = [('fafd20a8-5e1d-4ddf-b9a9-a038cdcbf866', 'MCP Created Task', '', 'todo', 'high', None, ...)]

    def _exec_single_context(
        self,
        dialect: Dialect,
        context: ExecutionContext,
        statement: Union[str, Compiled],
        parameters: Optional[_AnyMultiExecuteParams],
    ) -> CursorResult[Any]:
        """continue the _execute_context() method for a single DBAPI
        cursor.execute() or cursor.executemany() call.
    
        """
        if dialect.bind_typing is BindTyping.SETINPUTSIZES:
            generic_setinputsizes = context._prepare_set_input_sizes()
    
            if generic_setinputsizes:
                try:
                    dialect.do_set_input_sizes(
                        context.cursor, generic_setinputsizes, context
                    )
                except BaseException as e:
                    self._handle_dbapi_exception(
                        e, str(statement), parameters, None, context
                    )
    
        cursor, str_statement, parameters = (
            context.cursor,
            context.statement,
            context.parameters,
        )
    
        effective_parameters: Optional[_AnyExecuteParams]
    
        if not context.executemany:
            effective_parameters = parameters[0]
        else:
            effective_parameters = parameters
    
        if self._has_events or self.engine._has_events:
            for fn in self.dispatch.before_cursor_execute:
                str_statement, effective_parameters = fn(
                    self,
                    cursor,
                    str_statement,
                    effective_parameters,
                    context,
                    context.executemany,
                )
    
        if self._echo:
            self._log_info(str_statement)
    
            stats = context._get_cache_stats()
    
            if not self.engine.hide_parameters:
                self._log_info(
                    "[%s] %r",
                    stats,
                    sql_util._repr_params(
                        effective_parameters,
                        batches=10,
                        ismulti=context.executemany,
                    ),
                )
            else:
                self._log_info(
                    "[%s] [SQL parameters hidden due to hide_parameters=True]",
                    stats,
                )
    
        evt_handled: bool = False
        try:
            if context.execute_style is ExecuteStyle.EXECUTEMANY:
                effective_parameters = cast(
                    "_CoreMultiExecuteParams", effective_parameters
                )
                if self.dialect._has_events:
                    for fn in self.dialect.dispatch.do_executemany:
                        if fn(
                            cursor,
                            str_statement,
                            effective_parameters,
                            context,
                        ):
                            evt_handled = True
                            break
                if not evt_handled:
                    self.dialect.do_executemany(
                        cursor,
                        str_statement,
                        effective_parameters,
                        context,
                    )
            elif not effective_parameters and context.no_parameters:
                if self.dialect._has_events:
                    for fn in self.dialect.dispatch.do_execute_no_params:
                        if fn(cursor, str_statement, context):
                            evt_handled = True
                            break
                if not evt_handled:
                    self.dialect.do_execute_no_params(
                        cursor, str_statement, context
                    )
            else:
                effective_parameters = cast(
                    "_CoreSingleExecuteParams", effective_parameters
                )
                if self.dialect._has_events:
                    for fn in self.dialect.dispatch.do_execute:
                        if fn(
                            cursor,
                            str_statement,
                            effective_parameters,
                            context,
                        ):
                            evt_handled = True
                            break
                if not evt_handled:
>                   self.dialect.do_execute(
                        cursor, str_statement, effective_parameters, context
                    )

..\..\AppData\Roaming\Python\Python313\site-packages\sqlalchemy\engine\base.py:1967: 
_ _ _ _ _ _ _ _ _ _ _ _ _ _ _ _ _ _ _ _ _ _ _ _ _ _ _ _ _ _ _ _ _ _ _ _ _ _ _ _

self = <sqlalchemy.dialects.sqlite.aiosqlite.SQLiteDialect_aiosqlite object at 0x0000022A9EF82F90>
cursor = <sqlalchemy.dialects.sqlite.aiosqlite.AsyncAdapt_aiosqlite_cursor object at 0x0000022A9FC19AE0>
statement = 'INSERT INTO tasks (id, title, description, status, priority, due_date, tags, created_at, updated_at, completed_at) VALUES (?, ?, ?, ?, ?, ?, ?, ?, ?, ?)'
parameters = ('fafd20a8-5e1d-4ddf-b9a9-a038cdcbf866', 'MCP Created Task', '', 'todo', 'high', None, ...)
context = <sqlalchemy.dialects.sqlite.aiosqlite.SQLiteExecutionContext_aiosqlite object at 0x0000022A9FC5BCB0>

    def do_execute(self, cursor, statement, parameters, context=None):
>       cursor.execute(statement, parameters)

..\..\AppData\Roaming\Python\Python313\site-packages\sqlalchemy\engine\default.py:952: 
_ _ _ _ _ _ _ _ _ _ _ _ _ _ _ _ _ _ _ _ _ _ _ _ _ _ _ _ _ _ _ _ _ _ _ _ _ _ _ _

self = <sqlalchemy.dialects.sqlite.aiosqlite.AsyncAdapt_aiosqlite_cursor object at 0x0000022A9FC19AE0>
operation = 'INSERT INTO tasks (id, title, description, status, priority, due_date, tags, created_at, updated_at, completed_at) VALUES (?, ?, ?, ?, ?, ?, ?, ?, ?, ?)'
parameters = ('fafd20a8-5e1d-4ddf-b9a9-a038cdcbf866', 'MCP Created Task', '', 'todo', 'high', None, ...)

    def execute(
        self,
        operation: Any,
        parameters: Optional[_DBAPISingleExecuteParams] = None,
    ) -> Any:
    
        try:
            _cursor: AsyncIODBAPICursor = self.await_(self._connection.cursor())  # type: ignore[arg-type] # noqa: E501
    
            if parameters is None:
                self.await_(_cursor.execute(operation))
            else:
                self.await_(_cursor.execute(operation, parameters))
    
            if _cursor.description:
                self.description = _cursor.description
                self.lastrowid = self.rowcount = -1
    
                if not self.server_side:
                    self._rows = deque(self.await_(_cursor.fetchall()))
            else:
                self.description = None
                self.lastrowid = _cursor.lastrowid
                self.rowcount = _cursor.rowcount
    
            if not self.server_side:
                self.await_(_cursor.close())
            else:
                self._cursor = _cursor  # type: ignore[misc]
        except Exception as error:
>           self._adapt_connection._handle_exception(error)

..\..\AppData\Roaming\Python\Python313\site-packages\sqlalchemy\dialects\sqlite\aiosqlite.py:182: 
_ _ _ _ _ _ _ _ _ _ _ _ _ _ _ _ _ _ _ _ _ _ _ _ _ _ _ _ _ _ _ _ _ _ _ _ _ _ _ _

self = <AdaptedConnection <aiosqlite.core.Connection object at 0x0000022A9FC0EFD0>>
error = OperationalError('no such table: tasks')

    def _handle_exception(self, error: Exception) -> NoReturn:
        if (
            isinstance(error, ValueError)
            and error.args[0] == "no active connection"
        ):
            raise self.dbapi.sqlite.OperationalError(
                "no active connection"
            ) from error
        else:
>           raise error

..\..\AppData\Roaming\Python\Python313\site-packages\sqlalchemy\dialects\sqlite\aiosqlite.py:342: 
_ _ _ _ _ _ _ _ _ _ _ _ _ _ _ _ _ _ _ _ _ _ _ _ _ _ _ _ _ _ _ _ _ _ _ _ _ _ _ _

self = <sqlalchemy.dialects.sqlite.aiosqlite.AsyncAdapt_aiosqlite_cursor object at 0x0000022A9FC19AE0>
operation = 'INSERT INTO tasks (id, title, description, status, priority, due_date, tags, created_at, updated_at, completed_at) VALUES (?, ?, ?, ?, ?, ?, ?, ?, ?, ?)'
parameters = ('fafd20a8-5e1d-4ddf-b9a9-a038cdcbf866', 'MCP Created Task', '', 'todo', 'high', None, ...)

    def execute(
        self,
        operation: Any,
        parameters: Optional[_DBAPISingleExecuteParams] = None,
    ) -> Any:
    
        try:
            _cursor: AsyncIODBAPICursor = self.await_(self._connection.cursor())  # type: ignore[arg-type] # noqa: E501
    
            if parameters is None:
                self.await_(_cursor.execute(operation))
            else:
>               self.await_(_cursor.execute(operation, parameters))

..\..\AppData\Roaming\Python\Python313\site-packages\sqlalchemy\dialects\sqlite\aiosqlite.py:164: 
_ _ _ _ _ _ _ _ _ _ _ _ _ _ _ _ _ _ _ _ _ _ _ _ _ _ _ _ _ _ _ _ _ _ _ _ _ _ _ _

awaitable = <coroutine object Cursor.execute at 0x0000022A9FC68900>

    def await_only(awaitable: Awaitable[_T]) -> _T:
        """Awaits an async function in a sync method.
    
        The sync method must be inside a :func:`greenlet_spawn` context.
        :func:`await_only` calls cannot be nested.
    
        :param awaitable: The coroutine to call.
    
        """
        # this is called in the context greenlet while running fn
        current = getcurrent()
        if not getattr(current, "__sqlalchemy_greenlet_provider__", False):
            _safe_cancel_awaitable(awaitable)
    
            raise exc.MissingGreenlet(
                "greenlet_spawn has not been called; can't call await_only() "
                "here. Was IO attempted in an unexpected place?"
            )
    
        # returns the control to the driver greenlet passing it
        # a coroutine to run. Once the awaitable is done, the driver greenlet
        # switches back to this greenlet with the result of awaitable that is
        # then returned to the caller (or raised as error)
>       return current.parent.switch(awaitable)  # type: ignore[no-any-return,attr-defined] # noqa: E501
               ^^^^^^^^^^^^^^^^^^^^^^^^^^^^^^^^

..\..\AppData\Roaming\Python\Python313\site-packages\sqlalchemy\util\_concurrency_py3k.py:132: 
_ _ _ _ _ _ _ _ _ _ _ _ _ _ _ _ _ _ _ _ _ _ _ _ _ _ _ _ _ _ _ _ _ _ _ _ _ _ _ _

fn = <bound method Session.flush of <sqlalchemy.orm.session.Session object at 0x0000022A9FC0EC10>>
_require_await = False, args = (), kwargs = {'objects': None}
context = <_AsyncIoGreenlet object at 0x0000022A9FC53D00 (otid=0x0000022A9E4E1470) dead>
switch_occurred = True
result = <coroutine object Connection.rollback at 0x0000022A9FBA1480>
value = None

    async def greenlet_spawn(
        fn: Callable[..., _T],
        *args: Any,
        _require_await: bool = False,
        **kwargs: Any,
    ) -> _T:
        """Runs a sync function ``fn`` in a new greenlet.
    
        The sync function can then use :func:`await_only` to wait for async
        functions.
    
        :param fn: The sync callable to call.
        :param \\*args: Positional arguments to pass to the ``fn`` callable.
        :param \\*\\*kwargs: Keyword arguments to pass to the ``fn`` callable.
        """
    
        result: Any
        context = _AsyncIoGreenlet(fn, getcurrent())
        # runs the function synchronously in gl greenlet. If the execution
        # is interrupted by await_only, context is not dead and result is a
        # coroutine to wait. If the context is dead the function has
        # returned, and its result can be returned.
        switch_occurred = False
        result = context.switch(*args, **kwargs)
        while not context.dead:
            switch_occurred = True
            try:
                # wait for a coroutine from await_only and then return its
                # result back to it.
>               value = await result
                        ^^^^^^^^^^^^

..\..\AppData\Roaming\Python\Python313\site-packages\sqlalchemy\util\_concurrency_py3k.py:196: 
_ _ _ _ _ _ _ _ _ _ _ _ _ _ _ _ _ _ _ _ _ _ _ _ _ _ _ _ _ _ _ _ _ _ _ _ _ _ _ _

self = <aiosqlite.cursor.Cursor object at 0x0000022A9FC3A650>
sql = 'INSERT INTO tasks (id, title, description, status, priority, due_date, tags, created_at, updated_at, completed_at) VALUES (?, ?, ?, ?, ?, ?, ?, ?, ?, ?)'
parameters = ('fafd20a8-5e1d-4ddf-b9a9-a038cdcbf866', 'MCP Created Task', '', 'todo', 'high', None, ...)

    async def execute(
        self, sql: str, parameters: Optional[Iterable[Any]] = None
    ) -> "Cursor":
        """Execute the given query."""
        if parameters is None:
            parameters = []
>       await self._execute(self._cursor.execute, sql, parameters)

..\..\AppData\Roaming\Python\Python313\site-packages\aiosqlite\cursor.py:40: 
_ _ _ _ _ _ _ _ _ _ _ _ _ _ _ _ _ _ _ _ _ _ _ _ _ _ _ _ _ _ _ _ _ _ _ _ _ _ _ _

self = <aiosqlite.cursor.Cursor object at 0x0000022A9FC3A650>
fn = <built-in method execute of sqlite3.Cursor object at 0x0000022A9FC14E40>
args = ('INSERT INTO tasks (id, title, description, status, priority, due_date, tags, created_at, updated_at, completed_at) V... ?, ?, ?, ?, ?, ?, ?, ?)', ('fafd20a8-5e1d-4ddf-b9a9-a038cdcbf866', 'MCP Created Task', '', 'todo', 'high', None, ...))
kwargs = {}

    async def _execute(self, fn, *args, **kwargs):
        """Execute the given function on the shared connection's thread."""
>       return await self._conn._execute(fn, *args, **kwargs)
               ^^^^^^^^^^^^^^^^^^^^^^^^^^^^^^^^^^^^^^^^^^^^^^

..\..\AppData\Roaming\Python\Python313\site-packages\aiosqlite\cursor.py:32: 
_ _ _ _ _ _ _ _ _ _ _ _ _ _ _ _ _ _ _ _ _ _ _ _ _ _ _ _ _ _ _ _ _ _ _ _ _ _ _ _

self = <aiosqlite.core.Connection object at 0x0000022A9FC0EFD0>
fn = <built-in method execute of sqlite3.Cursor object at 0x0000022A9FC14E40>
args = ('INSERT INTO tasks (id, title, description, status, priority, due_date, tags, created_at, updated_at, completed_at) V... ?, ?, ?, ?, ?, ?, ?, ?)', ('fafd20a8-5e1d-4ddf-b9a9-a038cdcbf866', 'MCP Created Task', '', 'todo', 'high', None, ...))
kwargs = {}
function = functools.partial(<built-in method execute of sqlite3.Cursor object at 0x0000022A9FC14E40>, 'INSERT INTO tasks (id, ti... 'MCP Created Task', '', 'todo', 'high', None, '[]', '2026-04-05 17:53:21.137106', '2026-04-05 17:53:21.137109', None))
future = <Future finished exception=OperationalError('no such table: tasks')>

    async def _execute(self, fn, *args, **kwargs):
        """Queue a function with the given arguments for execution."""
        if not self._running or not self._connection:
            raise ValueError("Connection closed")
    
        function = partial(fn, *args, **kwargs)
        future = asyncio.get_event_loop().create_future()
    
        self._tx.put_nowait((future, function))
    
>       return await future
               ^^^^^^^^^^^^

..\..\AppData\Roaming\Python\Python313\site-packages\aiosqlite\core.py:160: 
_ _ _ _ _ _ _ _ _ _ _ _ _ _ _ _ _ _ _ _ _ _ _ _ _ _ _ _ _ _ _ _ _ _ _ _ _ _ _ _

tx = <_queue.SimpleQueue object at 0x0000022A9FC19960>

    def _connection_worker_thread(tx: _TxQueue):
        """
        Execute function calls on a separate thread.
    
        :meta private:
        """
        while True:
            # Continues running until all queue items are processed,
            # even after connection is closed (so we can finalize all
            # futures)
    
            future, function = tx.get()
    
            try:
                LOG.debug("executing %s", function)
>               result = function()
                         ^^^^^^^^^^
E               sqlalchemy.exc.OperationalError: (sqlite3.OperationalError) no such table: tasks
E               [SQL: INSERT INTO tasks (id, title, description, status, priority, due_date, tags, created_at, updated_at, completed_at) VALUES (?, ?, ?, ?, ?, ?, ?, ?, ?, ?)]
E               [parameters: ('fafd20a8-5e1d-4ddf-b9a9-a038cdcbf866', 'MCP Created Task', '', 'todo', 'high', None, '[]', '2026-04-05 17:53:21.137106', '2026-04-05 17:53:21.137109', None)]
E               (Background on this error at: https://sqlalche.me/e/20/e3q8)

..\..\AppData\Roaming\Python\Python313\site-packages\aiosqlite\core.py:63: OperationalError
___________________________ test_task_mcp_list_tool ___________________________

self = <sqlalchemy.engine.base.Connection object at 0x0000022A9FBCAF10>
dialect = <sqlalchemy.dialects.sqlite.aiosqlite.SQLiteDialect_aiosqlite object at 0x0000022A9EF82F90>
context = <sqlalchemy.dialects.sqlite.aiosqlite.SQLiteExecutionContext_aiosqlite object at 0x0000022A9FC6B930>
statement = <sqlalchemy.dialects.sqlite.base.SQLiteCompiler object at 0x0000022A9FC0C910>
parameters = [(10, 0)]

    def _exec_single_context(
        self,
        dialect: Dialect,
        context: ExecutionContext,
        statement: Union[str, Compiled],
        parameters: Optional[_AnyMultiExecuteParams],
    ) -> CursorResult[Any]:
        """continue the _execute_context() method for a single DBAPI
        cursor.execute() or cursor.executemany() call.
    
        """
        if dialect.bind_typing is BindTyping.SETINPUTSIZES:
            generic_setinputsizes = context._prepare_set_input_sizes()
    
            if generic_setinputsizes:
                try:
                    dialect.do_set_input_sizes(
                        context.cursor, generic_setinputsizes, context
                    )
                except BaseException as e:
                    self._handle_dbapi_exception(
                        e, str(statement), parameters, None, context
                    )
    
        cursor, str_statement, parameters = (
            context.cursor,
            context.statement,
            context.parameters,
        )
    
        effective_parameters: Optional[_AnyExecuteParams]
    
        if not context.executemany:
            effective_parameters = parameters[0]
        else:
            effective_parameters = parameters
    
        if self._has_events or self.engine._has_events:
            for fn in self.dispatch.before_cursor_execute:
                str_statement, effective_parameters = fn(
                    self,
                    cursor,
                    str_statement,
                    effective_parameters,
                    context,
                    context.executemany,
                )
    
        if self._echo:
            self._log_info(str_statement)
    
            stats = context._get_cache_stats()
    
            if not self.engine.hide_parameters:
                self._log_info(
                    "[%s] %r",
                    stats,
                    sql_util._repr_params(
                        effective_parameters,
                        batches=10,
                        ismulti=context.executemany,
                    ),
                )
            else:
                self._log_info(
                    "[%s] [SQL parameters hidden due to hide_parameters=True]",
                    stats,
                )
    
        evt_handled: bool = False
        try:
            if context.execute_style is ExecuteStyle.EXECUTEMANY:
                effective_parameters = cast(
                    "_CoreMultiExecuteParams", effective_parameters
                )
                if self.dialect._has_events:
                    for fn in self.dialect.dispatch.do_executemany:
                        if fn(
                            cursor,
                            str_statement,
                            effective_parameters,
                            context,
                        ):
                            evt_handled = True
                            break
                if not evt_handled:
                    self.dialect.do_executemany(
                        cursor,
                        str_statement,
                        effective_parameters,
                        context,
                    )
            elif not effective_parameters and context.no_parameters:
                if self.dialect._has_events:
                    for fn in self.dialect.dispatch.do_execute_no_params:
                        if fn(cursor, str_statement, context):
                            evt_handled = True
                            break
                if not evt_handled:
                    self.dialect.do_execute_no_params(
                        cursor, str_statement, context
                    )
            else:
                effective_parameters = cast(
                    "_CoreSingleExecuteParams", effective_parameters
                )
                if self.dialect._has_events:
                    for fn in self.dialect.dispatch.do_execute:
                        if fn(
                            cursor,
                            str_statement,
                            effective_parameters,
                            context,
                        ):
                            evt_handled = True
                            break
                if not evt_handled:
>                   self.dialect.do_execute(
                        cursor, str_statement, effective_parameters, context
                    )

..\..\AppData\Roaming\Python\Python313\site-packages\sqlalchemy\engine\base.py:1967: 
_ _ _ _ _ _ _ _ _ _ _ _ _ _ _ _ _ _ _ _ _ _ _ _ _ _ _ _ _ _ _ _ _ _ _ _ _ _ _ _

self = <sqlalchemy.dialects.sqlite.aiosqlite.SQLiteDialect_aiosqlite object at 0x0000022A9EF82F90>
cursor = <sqlalchemy.dialects.sqlite.aiosqlite.AsyncAdapt_aiosqlite_cursor object at 0x0000022AA1BDA140>
statement = 'SELECT tasks.id, tasks.title, tasks.description, tasks.status, tasks.priority, tasks.due_date, tasks.tags, tasks.created_at, tasks.updated_at, tasks.completed_at \nFROM tasks ORDER BY tasks.created_at DESC\n LIMIT ? OFFSET ?'
parameters = (10, 0)
context = <sqlalchemy.dialects.sqlite.aiosqlite.SQLiteExecutionContext_aiosqlite object at 0x0000022A9FC6B930>

    def do_execute(self, cursor, statement, parameters, context=None):
>       cursor.execute(statement, parameters)

..\..\AppData\Roaming\Python\Python313\site-packages\sqlalchemy\engine\default.py:952: 
_ _ _ _ _ _ _ _ _ _ _ _ _ _ _ _ _ _ _ _ _ _ _ _ _ _ _ _ _ _ _ _ _ _ _ _ _ _ _ _

self = <sqlalchemy.dialects.sqlite.aiosqlite.AsyncAdapt_aiosqlite_cursor object at 0x0000022AA1BDA140>
operation = 'SELECT tasks.id, tasks.title, tasks.description, tasks.status, tasks.priority, tasks.due_date, tasks.tags, tasks.created_at, tasks.updated_at, tasks.completed_at \nFROM tasks ORDER BY tasks.created_at DESC\n LIMIT ? OFFSET ?'
parameters = (10, 0)

    def execute(
        self,
        operation: Any,
        parameters: Optional[_DBAPISingleExecuteParams] = None,
    ) -> Any:
    
        try:
            _cursor: AsyncIODBAPICursor = self.await_(self._connection.cursor())  # type: ignore[arg-type] # noqa: E501
    
            if parameters is None:
                self.await_(_cursor.execute(operation))
            else:
                self.await_(_cursor.execute(operation, parameters))
    
            if _cursor.description:
                self.description = _cursor.description
                self.lastrowid = self.rowcount = -1
    
                if not self.server_side:
                    self._rows = deque(self.await_(_cursor.fetchall()))
            else:
                self.description = None
                self.lastrowid = _cursor.lastrowid
                self.rowcount = _cursor.rowcount
    
            if not self.server_side:
                self.await_(_cursor.close())
            else:
                self._cursor = _cursor  # type: ignore[misc]
        except Exception as error:
>           self._adapt_connection._handle_exception(error)

..\..\AppData\Roaming\Python\Python313\site-packages\sqlalchemy\dialects\sqlite\aiosqlite.py:182: 
_ _ _ _ _ _ _ _ _ _ _ _ _ _ _ _ _ _ _ _ _ _ _ _ _ _ _ _ _ _ _ _ _ _ _ _ _ _ _ _

self = <AdaptedConnection <aiosqlite.core.Connection object at 0x0000022A9FC0EFD0>>
error = OperationalError('no such table: tasks')

    def _handle_exception(self, error: Exception) -> NoReturn:
        if (
            isinstance(error, ValueError)
            and error.args[0] == "no active connection"
        ):
            raise self.dbapi.sqlite.OperationalError(
                "no active connection"
            ) from error
        else:
>           raise error

..\..\AppData\Roaming\Python\Python313\site-packages\sqlalchemy\dialects\sqlite\aiosqlite.py:342: 
_ _ _ _ _ _ _ _ _ _ _ _ _ _ _ _ _ _ _ _ _ _ _ _ _ _ _ _ _ _ _ _ _ _ _ _ _ _ _ _

self = <sqlalchemy.dialects.sqlite.aiosqlite.AsyncAdapt_aiosqlite_cursor object at 0x0000022AA1BDA140>
operation = 'SELECT tasks.id, tasks.title, tasks.description, tasks.status, tasks.priority, tasks.due_date, tasks.tags, tasks.created_at, tasks.updated_at, tasks.completed_at \nFROM tasks ORDER BY tasks.created_at DESC\n LIMIT ? OFFSET ?'
parameters = (10, 0)

    def execute(
        self,
        operation: Any,
        parameters: Optional[_DBAPISingleExecuteParams] = None,
    ) -> Any:
    
        try:
            _cursor: AsyncIODBAPICursor = self.await_(self._connection.cursor())  # type: ignore[arg-type] # noqa: E501
    
            if parameters is None:
                self.await_(_cursor.execute(operation))
            else:
>               self.await_(_cursor.execute(operation, parameters))

..\..\AppData\Roaming\Python\Python313\site-packages\sqlalchemy\dialects\sqlite\aiosqlite.py:164: 
_ _ _ _ _ _ _ _ _ _ _ _ _ _ _ _ _ _ _ _ _ _ _ _ _ _ _ _ _ _ _ _ _ _ _ _ _ _ _ _

awaitable = <coroutine object Cursor.execute at 0x0000022AA1CFC900>

    def await_only(awaitable: Awaitable[_T]) -> _T:
        """Awaits an async function in a sync method.
    
        The sync method must be inside a :func:`greenlet_spawn` context.
        :func:`await_only` calls cannot be nested.
    
        :param awaitable: The coroutine to call.
    
        """
        # this is called in the context greenlet while running fn
        current = getcurrent()
        if not getattr(current, "__sqlalchemy_greenlet_provider__", False):
            _safe_cancel_awaitable(awaitable)
    
            raise exc.MissingGreenlet(
                "greenlet_spawn has not been called; can't call await_only() "
                "here. Was IO attempted in an unexpected place?"
            )
    
        # returns the control to the driver greenlet passing it
        # a coroutine to run. Once the awaitable is done, the driver greenlet
        # switches back to this greenlet with the result of awaitable that is
        # then returned to the caller (or raised as error)
>       return current.parent.switch(awaitable)  # type: ignore[no-any-return,attr-defined] # noqa: E501
               ^^^^^^^^^^^^^^^^^^^^^^^^^^^^^^^^

..\..\AppData\Roaming\Python\Python313\site-packages\sqlalchemy\util\_concurrency_py3k.py:132: 
_ _ _ _ _ _ _ _ _ _ _ _ _ _ _ _ _ _ _ _ _ _ _ _ _ _ _ _ _ _ _ _ _ _ _ _ _ _ _ _

fn = <bound method Session.execute of <sqlalchemy.orm.session.Session object at 0x0000022A9FC3E520>>
_require_await = False
args = (<sqlalchemy.sql.selectable.Select object at 0x0000022A9FC0BC50>,)
kwargs = {'bind_arguments': None, 'execution_options': immutabledict({'prebuffer_rows': True}), 'params': None}
context = <_AsyncIoGreenlet object at 0x0000022AA2430B80 (otid=0x0000022A9E4E1470) dead>
switch_occurred = True
result = <coroutine object Cursor.execute at 0x0000022AA1CFC900>
value = <aiosqlite.cursor.Cursor object at 0x0000022AA19036B0>

    async def greenlet_spawn(
        fn: Callable[..., _T],
        *args: Any,
        _require_await: bool = False,
        **kwargs: Any,
    ) -> _T:
        """Runs a sync function ``fn`` in a new greenlet.
    
        The sync function can then use :func:`await_only` to wait for async
        functions.
    
        :param fn: The sync callable to call.
        :param \\*args: Positional arguments to pass to the ``fn`` callable.
        :param \\*\\*kwargs: Keyword arguments to pass to the ``fn`` callable.
        """
    
        result: Any
        context = _AsyncIoGreenlet(fn, getcurrent())
        # runs the function synchronously in gl greenlet. If the execution
        # is interrupted by await_only, context is not dead and result is a
        # coroutine to wait. If the context is dead the function has
        # returned, and its result can be returned.
        switch_occurred = False
        result = context.switch(*args, **kwargs)
        while not context.dead:
            switch_occurred = True
            try:
                # wait for a coroutine from await_only and then return its
                # result back to it.
>               value = await result
                        ^^^^^^^^^^^^

..\..\AppData\Roaming\Python\Python313\site-packages\sqlalchemy\util\_concurrency_py3k.py:196: 
_ _ _ _ _ _ _ _ _ _ _ _ _ _ _ _ _ _ _ _ _ _ _ _ _ _ _ _ _ _ _ _ _ _ _ _ _ _ _ _

self = <aiosqlite.cursor.Cursor object at 0x0000022AA19036B0>
sql = 'SELECT tasks.id, tasks.title, tasks.description, tasks.status, tasks.priority, tasks.due_date, tasks.tags, tasks.created_at, tasks.updated_at, tasks.completed_at \nFROM tasks ORDER BY tasks.created_at DESC\n LIMIT ? OFFSET ?'
parameters = (10, 0)

    async def execute(
        self, sql: str, parameters: Optional[Iterable[Any]] = None
    ) -> "Cursor":
        """Execute the given query."""
        if parameters is None:
            parameters = []
>       await self._execute(self._cursor.execute, sql, parameters)

..\..\AppData\Roaming\Python\Python313\site-packages\aiosqlite\cursor.py:40: 
_ _ _ _ _ _ _ _ _ _ _ _ _ _ _ _ _ _ _ _ _ _ _ _ _ _ _ _ _ _ _ _ _ _ _ _ _ _ _ _

self = <aiosqlite.cursor.Cursor object at 0x0000022AA19036B0>
fn = <built-in method execute of sqlite3.Cursor object at 0x0000022AA1BB2AC0>
args = ('SELECT tasks.id, tasks.title, tasks.description, tasks.status, tasks.priority, tasks.due_date, tasks.tags, tasks.created_at, tasks.updated_at, tasks.completed_at \nFROM tasks ORDER BY tasks.created_at DESC\n LIMIT ? OFFSET ?', (10, 0))
kwargs = {}

    async def _execute(self, fn, *args, **kwargs):
        """Execute the given function on the shared connection's thread."""
>       return await self._conn._execute(fn, *args, **kwargs)
               ^^^^^^^^^^^^^^^^^^^^^^^^^^^^^^^^^^^^^^^^^^^^^^

..\..\AppData\Roaming\Python\Python313\site-packages\aiosqlite\cursor.py:32: 
_ _ _ _ _ _ _ _ _ _ _ _ _ _ _ _ _ _ _ _ _ _ _ _ _ _ _ _ _ _ _ _ _ _ _ _ _ _ _ _

self = <aiosqlite.core.Connection object at 0x0000022A9FC0EFD0>
fn = <built-in method execute of sqlite3.Cursor object at 0x0000022AA1BB2AC0>
args = ('SELECT tasks.id, tasks.title, tasks.description, tasks.status, tasks.priority, tasks.due_date, tasks.tags, tasks.created_at, tasks.updated_at, tasks.completed_at \nFROM tasks ORDER BY tasks.created_at DESC\n LIMIT ? OFFSET ?', (10, 0))
kwargs = {}
function = functools.partial(<built-in method execute of sqlite3.Cursor object at 0x0000022AA1BB2AC0>, 'SELECT tasks.id, tasks.ti...ated_at, tasks.updated_at, tasks.completed_at \nFROM tasks ORDER BY tasks.created_at DESC\n LIMIT ? OFFSET ?', (10, 0))
future = <Future finished exception=OperationalError('no such table: tasks')>

    async def _execute(self, fn, *args, **kwargs):
        """Queue a function with the given arguments for execution."""
        if not self._running or not self._connection:
            raise ValueError("Connection closed")
    
        function = partial(fn, *args, **kwargs)
        future = asyncio.get_event_loop().create_future()
    
        self._tx.put_nowait((future, function))
    
>       return await future
               ^^^^^^^^^^^^

..\..\AppData\Roaming\Python\Python313\site-packages\aiosqlite\core.py:160: 
_ _ _ _ _ _ _ _ _ _ _ _ _ _ _ _ _ _ _ _ _ _ _ _ _ _ _ _ _ _ _ _ _ _ _ _ _ _ _ _

tx = <_queue.SimpleQueue object at 0x0000022A9FC19960>

    def _connection_worker_thread(tx: _TxQueue):
        """
        Execute function calls on a separate thread.
    
        :meta private:
        """
        while True:
            # Continues running until all queue items are processed,
            # even after connection is closed (so we can finalize all
            # futures)
    
            future, function = tx.get()
    
            try:
                LOG.debug("executing %s", function)
>               result = function()
                         ^^^^^^^^^^
E               sqlite3.OperationalError: no such table: tasks

..\..\AppData\Roaming\Python\Python313\site-packages\aiosqlite\core.py:63: OperationalError

The above exception was the direct cause of the following exception:

    @pytest.mark.asyncio
    async def test_task_mcp_list_tool():
        """Task MCP list_tasks tool should return seeded tasks."""
        from backend.mcp_servers.tasks_server import handle_call_tool
>       results = await handle_call_tool("list_tasks", {"limit": 10})
                  ^^^^^^^^^^^^^^^^^^^^^^^^^^^^^^^^^^^^^^^^^^^^^^^^^^^

test_multi_agent.py:91: 
_ _ _ _ _ _ _ _ _ _ _ _ _ _ _ _ _ _ _ _ _ _ _ _ _ _ _ _ _ _ _ _ _ _ _ _ _ _ _ _

name = 'list_tasks', arguments = {'limit': 10}

    @tasks_server.call_tool()
    async def handle_call_tool(name: str, arguments: dict | None) -> list[types.TextContent]:
        if not arguments:
            arguments = {}
    
        if name == "create_task":
            async with AsyncSessionLocal() as db:
                task = await crud.create_task(
                    db,
                    title=arguments.get("title", "Untitled"),
                    description=arguments.get("description", ""),
                    priority=arguments.get("priority", "medium"),
                    due_date=arguments.get("due_date"),
                    tags=arguments.get("tags", []),
                )
                await db.commit()
            return [types.TextContent(
                type="text",
                text=f"Task created: '{task.title}' (ID: {task.id}, Priority: {task.priority})"
            )]
    
        elif name == "list_tasks":
            async with AsyncSessionLocal() as db:
>               tasks = await crud.get_tasks(
                    db,
                    status=arguments.get("status"),
                    priority=arguments.get("priority"),
                    limit=arguments.get("limit", 10),
                )

backend\mcp_servers\tasks_server.py:103: 
_ _ _ _ _ _ _ _ _ _ _ _ _ _ _ _ _ _ _ _ _ _ _ _ _ _ _ _ _ _ _ _ _ _ _ _ _ _ _ _

db = <sqlalchemy.ext.asyncio.session.AsyncSession object at 0x0000022A9FC3E190>
status = None, priority = None, limit = 10

    async def get_tasks(
        db: AsyncSession, status: str = None, priority: str = None, limit: int = 50,
    ) -> list[Task]:
        stmt = select(Task)
        if status:
            stmt = stmt.where(Task.status == status)
        if priority:
            stmt = stmt.where(Task.priority == priority)
        stmt = stmt.order_by(desc(Task.created_at)).limit(limit)
>       result = await db.execute(stmt)
                 ^^^^^^^^^^^^^^^^^^^^^^

backend\database\crud.py:104: 
_ _ _ _ _ _ _ _ _ _ _ _ _ _ _ _ _ _ _ _ _ _ _ _ _ _ _ _ _ _ _ _ _ _ _ _ _ _ _ _

self = <sqlalchemy.ext.asyncio.session.AsyncSession object at 0x0000022A9FC3E190>
statement = <sqlalchemy.sql.selectable.Select object at 0x0000022A9FC0BC50>
params = None, execution_options = immutabledict({'prebuffer_rows': True})
bind_arguments = None, kw = {}

    async def execute(
        self,
        statement: Executable,
        params: Optional[_CoreAnyExecuteParams] = None,
        *,
        execution_options: OrmExecuteOptionsParameter = util.EMPTY_DICT,
        bind_arguments: Optional[_BindArguments] = None,
        **kw: Any,
    ) -> Result[Any]:
        """Execute a statement and return a buffered
        :class:`_engine.Result` object.
    
        .. seealso::
    
            :meth:`_orm.Session.execute` - main documentation for execute
    
        """
    
        if execution_options:
            execution_options = util.immutabledict(execution_options).union(
                _EXECUTE_OPTIONS
            )
        else:
            execution_options = _EXECUTE_OPTIONS
    
>       result = await greenlet_spawn(
            self.sync_session.execute,
            statement,
            params=params,
            execution_options=execution_options,
            bind_arguments=bind_arguments,
            **kw,
        )

..\..\AppData\Roaming\Python\Python313\site-packages\sqlalchemy\ext\asyncio\session.py:449: 
_ _ _ _ _ _ _ _ _ _ _ _ _ _ _ _ _ _ _ _ _ _ _ _ _ _ _ _ _ _ _ _ _ _ _ _ _ _ _ _

fn = <bound method Session.execute of <sqlalchemy.orm.session.Session object at 0x0000022A9FC3E520>>
_require_await = False
args = (<sqlalchemy.sql.selectable.Select object at 0x0000022A9FC0BC50>,)
kwargs = {'bind_arguments': None, 'execution_options': immutabledict({'prebuffer_rows': True}), 'params': None}
context = <_AsyncIoGreenlet object at 0x0000022AA2430B80 (otid=0x0000022A9E4E1470) dead>
switch_occurred = True
result = <coroutine object Cursor.execute at 0x0000022AA1CFC900>
value = <aiosqlite.cursor.Cursor object at 0x0000022AA19036B0>

    async def greenlet_spawn(
        fn: Callable[..., _T],
        *args: Any,
        _require_await: bool = False,
        **kwargs: Any,
    ) -> _T:
        """Runs a sync function ``fn`` in a new greenlet.
    
        The sync function can then use :func:`await_only` to wait for async
        functions.
    
        :param fn: The sync callable to call.
        :param \\*args: Positional arguments to pass to the ``fn`` callable.
        :param \\*\\*kwargs: Keyword arguments to pass to the ``fn`` callable.
        """
    
        result: Any
        context = _AsyncIoGreenlet(fn, getcurrent())
        # runs the function synchronously in gl greenlet. If the execution
        # is interrupted by await_only, context is not dead and result is a
        # coroutine to wait. If the context is dead the function has
        # returned, and its result can be returned.
        switch_occurred = False
        result = context.switch(*args, **kwargs)
        while not context.dead:
            switch_occurred = True
            try:
                # wait for a coroutine from await_only and then return its
                # result back to it.
                value = await result
            except BaseException:
                # this allows an exception to be raised within
                # the moderated greenlet so that it can continue
                # its expected flow.
>               result = context.throw(*sys.exc_info())
                         ^^^^^^^^^^^^^^^^^^^^^^^^^^^^^^

..\..\AppData\Roaming\Python\Python313\site-packages\sqlalchemy\util\_concurrency_py3k.py:201: 
_ _ _ _ _ _ _ _ _ _ _ _ _ _ _ _ _ _ _ _ _ _ _ _ _ _ _ _ _ _ _ _ _ _ _ _ _ _ _ _

self = <sqlalchemy.orm.session.Session object at 0x0000022A9FC3E520>
statement = <sqlalchemy.sql.selectable.Select object at 0x0000022A9FC0BC50>
params = None

    def execute(
        self,
        statement: Executable,
        params: Optional[_CoreAnyExecuteParams] = None,
        *,
        execution_options: OrmExecuteOptionsParameter = util.EMPTY_DICT,
        bind_arguments: Optional[_BindArguments] = None,
        _parent_execute_state: Optional[Any] = None,
        _add_event: Optional[Any] = None,
    ) -> Result[Any]:
        r"""Execute a SQL expression construct.
    
        Returns a :class:`_engine.Result` object representing
        results of the statement execution.
    
        E.g.::
    
            from sqlalchemy import select
    
            result = session.execute(select(User).where(User.id == 5))
    
        The API contract of :meth:`_orm.Session.execute` is similar to that
        of :meth:`_engine.Connection.execute`, the :term:`2.0 style` version
        of :class:`_engine.Connection`.
    
        .. versionchanged:: 1.4 the :meth:`_orm.Session.execute` method is
           now the primary point of ORM statement execution when using
           :term:`2.0 style` ORM usage.
    
        :param statement:
            An executable statement (i.e. an :class:`.Executable` expression
            such as :func:`_expression.select`).
    
        :param params:
            Optional dictionary, or list of dictionaries, containing
            bound parameter values.   If a single dictionary, single-row
            execution occurs; if a list of dictionaries, an
            "executemany" will be invoked.  The keys in each dictionary
            must correspond to parameter names present in the statement.
    
        :param execution_options: optional dictionary of execution options,
         which will be associated with the statement execution.  This
         dictionary can provide a subset of the options that are accepted
         by :meth:`_engine.Connection.execution_options`, and may also
         provide additional options understood only in an ORM context.
    
         .. seealso::
    
            :ref:`orm_queryguide_execution_options` - ORM-specific execution
            options
    
        :param bind_arguments: dictionary of additional arguments to determine
         the bind.  May include "mapper", "bind", or other custom arguments.
         Contents of this dictionary are passed to the
         :meth:`.Session.get_bind` method.
    
        :return: a :class:`_engine.Result` object.
    
    
        """
>       return self._execute_internal(
            statement,
            params,
            execution_options=execution_options,
            bind_arguments=bind_arguments,
            _parent_execute_state=_parent_execute_state,
            _add_event=_add_event,
        )

..\..\AppData\Roaming\Python\Python313\site-packages\sqlalchemy\orm\session.py:2351: 
_ _ _ _ _ _ _ _ _ _ _ _ _ _ _ _ _ _ _ _ _ _ _ _ _ _ _ _ _ _ _ _ _ _ _ _ _ _ _ _

self = <sqlalchemy.orm.session.Session object at 0x0000022A9FC3E520>
statement = <sqlalchemy.sql.selectable.Select object at 0x0000022A9FC0BC50>
params = None

    def _execute_internal(
        self,
        statement: Executable,
        params: Optional[_CoreAnyExecuteParams] = None,
        *,
        execution_options: OrmExecuteOptionsParameter = util.EMPTY_DICT,
        bind_arguments: Optional[_BindArguments] = None,
        _parent_execute_state: Optional[Any] = None,
        _add_event: Optional[Any] = None,
        _scalar_result: bool = False,
    ) -> Any:
        statement = coercions.expect(roles.StatementRole, statement)
    
        if not bind_arguments:
            bind_arguments = {}
        else:
            bind_arguments = dict(bind_arguments)
    
        if (
            statement._propagate_attrs.get("compile_state_plugin", None)
            == "orm"
        ):
            compile_state_cls = CompileState._get_plugin_class_for_plugin(
                statement, "orm"
            )
            if TYPE_CHECKING:
                assert isinstance(
                    compile_state_cls, context.AbstractORMCompileState
                )
        else:
            compile_state_cls = None
            bind_arguments.setdefault("clause", statement)
    
        execution_options = util.coerce_to_immutabledict(execution_options)
    
        if _parent_execute_state:
            events_todo = _parent_execute_state._remaining_events()
        else:
            events_todo = self.dispatch.do_orm_execute
            if _add_event:
                events_todo = list(events_todo) + [_add_event]
    
        if events_todo:
            if compile_state_cls is not None:
                # for event handlers, do the orm_pre_session_exec
                # pass ahead of the event handlers, so that things like
                # .load_options, .update_delete_options etc. are populated.
                # is_pre_event=True allows the hook to hold off on things
                # it doesn't want to do twice, including autoflush as well
                # as "pre fetch" for DML, etc.
                (
                    statement,
                    execution_options,
                ) = compile_state_cls.orm_pre_session_exec(
                    self,
                    statement,
                    params,
                    execution_options,
                    bind_arguments,
                    True,
                )
    
            orm_exec_state = ORMExecuteState(
                self,
                statement,
                params,
                execution_options,
                bind_arguments,
                compile_state_cls,
                events_todo,
            )
            for idx, fn in enumerate(events_todo):
                orm_exec_state._starting_event_idx = idx
                fn_result: Optional[Result[Any]] = fn(orm_exec_state)
                if fn_result:
                    if _scalar_result:
                        return fn_result.scalar()
                    else:
                        return fn_result
    
            statement = orm_exec_state.statement
            execution_options = orm_exec_state.local_execution_options
    
        if compile_state_cls is not None:
            # now run orm_pre_session_exec() "for real".   if there were
            # event hooks, this will re-run the steps that interpret
            # new execution_options into load_options / update_delete_options,
            # which we assume the event hook might have updated.
            # autoflush will also be invoked in this step if enabled.
            (
                statement,
                execution_options,
            ) = compile_state_cls.orm_pre_session_exec(
                self,
                statement,
                params,
                execution_options,
                bind_arguments,
                False,
            )
    
        bind = self.get_bind(**bind_arguments)
    
        conn = self._connection_for_bind(bind)
    
        if _scalar_result and not compile_state_cls:
            if TYPE_CHECKING:
                params = cast(_CoreSingleExecuteParams, params)
            return conn.scalar(
                statement, params or {}, execution_options=execution_options
            )
    
        if compile_state_cls:
>           result: Result[Any] = compile_state_cls.orm_execute_statement(
                self,
                statement,
                params or {},
                execution_options,
                bind_arguments,
                conn,
            )

..\..\AppData\Roaming\Python\Python313\site-packages\sqlalchemy\orm\session.py:2249: 
_ _ _ _ _ _ _ _ _ _ _ _ _ _ _ _ _ _ _ _ _ _ _ _ _ _ _ _ _ _ _ _ _ _ _ _ _ _ _ _

cls = <class 'sqlalchemy.orm.context.ORMSelectCompileState'>
session = <sqlalchemy.orm.session.Session object at 0x0000022A9FC3E520>
statement = <sqlalchemy.sql.selectable.Select object at 0x0000022A9FC0BC50>
params = {}
execution_options = immutabledict({'prebuffer_rows': True, '_result_disable_adapt_to_context': True})
bind_arguments = {'clause': <sqlalchemy.sql.selectable.Select object at 0x0000022A9FC0BC50>, 'mapper': <Mapper at 0x22a9ef81010; Task>}
conn = <sqlalchemy.engine.base.Connection object at 0x0000022A9FBCAF10>

    @classmethod
    def orm_execute_statement(
        cls,
        session,
        statement,
        params,
        execution_options,
        bind_arguments,
        conn,
    ) -> Result:
>       result = conn.execute(
            statement, params or {}, execution_options=execution_options
        )

..\..\AppData\Roaming\Python\Python313\site-packages\sqlalchemy\orm\context.py:306: 
_ _ _ _ _ _ _ _ _ _ _ _ _ _ _ _ _ _ _ _ _ _ _ _ _ _ _ _ _ _ _ _ _ _ _ _ _ _ _ _

self = <sqlalchemy.engine.base.Connection object at 0x0000022A9FBCAF10>
statement = <sqlalchemy.sql.selectable.Select object at 0x0000022A9FC0BC50>
parameters = {}

    def execute(
        self,
        statement: Executable,
        parameters: Optional[_CoreAnyExecuteParams] = None,
        *,
        execution_options: Optional[CoreExecuteOptionsParameter] = None,
    ) -> CursorResult[Any]:
        r"""Executes a SQL statement construct and returns a
        :class:`_engine.CursorResult`.
    
        :param statement: The statement to be executed.  This is always
         an object that is in both the :class:`_expression.ClauseElement` and
         :class:`_expression.Executable` hierarchies, including:
    
         * :class:`_expression.Select`
         * :class:`_expression.Insert`, :class:`_expression.Update`,
           :class:`_expression.Delete`
         * :class:`_expression.TextClause` and
           :class:`_expression.TextualSelect`
         * :class:`_schema.DDL` and objects which inherit from
           :class:`_schema.ExecutableDDLElement`
    
        :param parameters: parameters which will be bound into the statement.
         This may be either a dictionary of parameter names to values,
         or a mutable sequence (e.g. a list) of dictionaries.  When a
         list of dictionaries is passed, the underlying statement execution
         will make use of the DBAPI ``cursor.executemany()`` method.
         When a single dictionary is passed, the DBAPI ``cursor.execute()``
         method will be used.
    
        :param execution_options: optional dictionary of execution options,
         which will be associated with the statement execution.  This
         dictionary can provide a subset of the options that are accepted
         by :meth:`_engine.Connection.execution_options`.
    
        :return: a :class:`_engine.Result` object.
    
        """
        distilled_parameters = _distill_params_20(parameters)
        try:
            meth = statement._execute_on_connection
        except AttributeError as err:
            raise exc.ObjectNotExecutableError(statement) from err
        else:
>           return meth(
                self,
                distilled_parameters,
                execution_options or NO_OPTIONS,
            )

..\..\AppData\Roaming\Python\Python313\site-packages\sqlalchemy\engine\base.py:1419: 
_ _ _ _ _ _ _ _ _ _ _ _ _ _ _ _ _ _ _ _ _ _ _ _ _ _ _ _ _ _ _ _ _ _ _ _ _ _ _ _

self = <sqlalchemy.sql.selectable.Select object at 0x0000022A9FC0BC50>
connection = <sqlalchemy.engine.base.Connection object at 0x0000022A9FBCAF10>
distilled_params = [{}]
execution_options = immutabledict({'prebuffer_rows': True, '_result_disable_adapt_to_context': True})

    def _execute_on_connection(
        self,
        connection: Connection,
        distilled_params: _CoreMultiExecuteParams,
        execution_options: CoreExecuteOptionsParameter,
    ) -> Result[Any]:
        if self.supports_execution:
            if TYPE_CHECKING:
                assert isinstance(self, Executable)
>           return connection._execute_clauseelement(
                self, distilled_params, execution_options
            )

..\..\AppData\Roaming\Python\Python313\site-packages\sqlalchemy\sql\elements.py:527: 
_ _ _ _ _ _ _ _ _ _ _ _ _ _ _ _ _ _ _ _ _ _ _ _ _ _ _ _ _ _ _ _ _ _ _ _ _ _ _ _

self = <sqlalchemy.engine.base.Connection object at 0x0000022A9FBCAF10>
elem = <sqlalchemy.sql.selectable.Select object at 0x0000022A9FC0BC50>
distilled_parameters = [{}]
execution_options = immutabledict({'prebuffer_rows': True, '_result_disable_adapt_to_context': True})

    def _execute_clauseelement(
        self,
        elem: Executable,
        distilled_parameters: _CoreMultiExecuteParams,
        execution_options: CoreExecuteOptionsParameter,
    ) -> CursorResult[Any]:
        """Execute a sql.ClauseElement object."""
    
        execution_options = elem._execution_options.merge_with(
            self._execution_options, execution_options
        )
    
        has_events = self._has_events or self.engine._has_events
        if has_events:
            (
                elem,
                distilled_parameters,
                event_multiparams,
                event_params,
            ) = self._invoke_before_exec_event(
                elem, distilled_parameters, execution_options
            )
    
        if distilled_parameters:
            # ensure we don't retain a link to the view object for keys()
            # which links to the values, which we don't want to cache
            keys = sorted(distilled_parameters[0])
            for_executemany = len(distilled_parameters) > 1
        else:
            keys = []
            for_executemany = False
    
        dialect = self.dialect
    
        schema_translate_map = execution_options.get(
            "schema_translate_map", None
        )
    
        compiled_cache: Optional[CompiledCacheType] = execution_options.get(
            "compiled_cache", self.engine._compiled_cache
        )
    
        compiled_sql, extracted_params, cache_hit = elem._compile_w_cache(
            dialect=dialect,
            compiled_cache=compiled_cache,
            column_keys=keys,
            for_executemany=for_executemany,
            schema_translate_map=schema_translate_map,
            linting=self.dialect.compiler_linting | compiler.WARN_LINTING,
        )
>       ret = self._execute_context(
            dialect,
            dialect.execution_ctx_cls._init_compiled,
            compiled_sql,
            distilled_parameters,
            execution_options,
            compiled_sql,
            distilled_parameters,
            elem,
            extracted_params,
            cache_hit=cache_hit,
        )

..\..\AppData\Roaming\Python\Python313\site-packages\sqlalchemy\engine\base.py:1641: 
_ _ _ _ _ _ _ _ _ _ _ _ _ _ _ _ _ _ _ _ _ _ _ _ _ _ _ _ _ _ _ _ _ _ _ _ _ _ _ _

self = <sqlalchemy.engine.base.Connection object at 0x0000022A9FBCAF10>
dialect = <sqlalchemy.dialects.sqlite.aiosqlite.SQLiteDialect_aiosqlite object at 0x0000022A9EF82F90>
constructor = <bound method DefaultExecutionContext._init_compiled of <class 'sqlalchemy.dialects.sqlite.aiosqlite.SQLiteExecutionContext_aiosqlite'>>
statement = <sqlalchemy.dialects.sqlite.base.SQLiteCompiler object at 0x0000022A9FC0C910>
parameters = [{}]
execution_options = immutabledict({'prebuffer_rows': True, '_result_disable_adapt_to_context': True})
args = (<sqlalchemy.dialects.sqlite.base.SQLiteCompiler object at 0x0000022A9FC0C910>, [{}], <sqlalchemy.sql.selectable.Select object at 0x0000022A9FC0BC50>, [_OffsetLimitParam('%(2382091866128 param)s', 10, type_=Integer())])
kw = {'cache_hit': <CacheStats.CACHE_MISS: 1>}, yp = None
conn = <sqlalchemy.pool.base._ConnectionFairy object at 0x0000022AA1BD9190>
context = <sqlalchemy.dialects.sqlite.aiosqlite.SQLiteExecutionContext_aiosqlite object at 0x0000022A9FC6B930>

    def _execute_context(
        self,
        dialect: Dialect,
        constructor: Callable[..., ExecutionContext],
        statement: Union[str, Compiled],
        parameters: Optional[_AnyMultiExecuteParams],
        execution_options: _ExecuteOptions,
        *args: Any,
        **kw: Any,
    ) -> CursorResult[Any]:
        """Create an :class:`.ExecutionContext` and execute, returning
        a :class:`_engine.CursorResult`."""
    
        if execution_options:
            yp = execution_options.get("yield_per", None)
            if yp:
                execution_options = execution_options.union(
                    {"stream_results": True, "max_row_buffer": yp}
                )
        try:
            conn = self._dbapi_connection
            if conn is None:
                conn = self._revalidate_connection()
    
            context = constructor(
                dialect, self, conn, execution_options, *args, **kw
            )
        except (exc.PendingRollbackError, exc.ResourceClosedError):
            raise
        except BaseException as e:
            self._handle_dbapi_exception(
                e, str(statement), parameters, None, None
            )
    
        if (
            self._transaction
            and not self._transaction.is_active
            or (
                self._nested_transaction
                and not self._nested_transaction.is_active
            )
        ):
            self._invalid_transaction()
    
        elif self._trans_context_manager:
            TransactionalContext._trans_ctx_check(self)
    
        if self._transaction is None:
            self._autobegin()
    
        context.pre_exec()
    
        if context.execute_style is ExecuteStyle.INSERTMANYVALUES:
            return self._exec_insertmany_context(dialect, context)
        else:
>           return self._exec_single_context(
                dialect, context, statement, parameters
            )

..\..\AppData\Roaming\Python\Python313\site-packages\sqlalchemy\engine\base.py:1846: 
_ _ _ _ _ _ _ _ _ _ _ _ _ _ _ _ _ _ _ _ _ _ _ _ _ _ _ _ _ _ _ _ _ _ _ _ _ _ _ _

self = <sqlalchemy.engine.base.Connection object at 0x0000022A9FBCAF10>
dialect = <sqlalchemy.dialects.sqlite.aiosqlite.SQLiteDialect_aiosqlite object at 0x0000022A9EF82F90>
context = <sqlalchemy.dialects.sqlite.aiosqlite.SQLiteExecutionContext_aiosqlite object at 0x0000022A9FC6B930>
statement = <sqlalchemy.dialects.sqlite.base.SQLiteCompiler object at 0x0000022A9FC0C910>
parameters = [(10, 0)]

    def _exec_single_context(
        self,
        dialect: Dialect,
        context: ExecutionContext,
        statement: Union[str, Compiled],
        parameters: Optional[_AnyMultiExecuteParams],
    ) -> CursorResult[Any]:
        """continue the _execute_context() method for a single DBAPI
        cursor.execute() or cursor.executemany() call.
    
        """
        if dialect.bind_typing is BindTyping.SETINPUTSIZES:
            generic_setinputsizes = context._prepare_set_input_sizes()
    
            if generic_setinputsizes:
                try:
                    dialect.do_set_input_sizes(
                        context.cursor, generic_setinputsizes, context
                    )
                except BaseException as e:
                    self._handle_dbapi_exception(
                        e, str(statement), parameters, None, context
                    )
    
        cursor, str_statement, parameters = (
            context.cursor,
            context.statement,
            context.parameters,
        )
    
        effective_parameters: Optional[_AnyExecuteParams]
    
        if not context.executemany:
            effective_parameters = parameters[0]
        else:
            effective_parameters = parameters
    
        if self._has_events or self.engine._has_events:
            for fn in self.dispatch.before_cursor_execute:
                str_statement, effective_parameters = fn(
                    self,
                    cursor,
                    str_statement,
                    effective_parameters,
                    context,
                    context.executemany,
                )
    
        if self._echo:
            self._log_info(str_statement)
    
            stats = context._get_cache_stats()
    
            if not self.engine.hide_parameters:
                self._log_info(
                    "[%s] %r",
                    stats,
                    sql_util._repr_params(
                        effective_parameters,
                        batches=10,
                        ismulti=context.executemany,
                    ),
                )
            else:
                self._log_info(
                    "[%s] [SQL parameters hidden due to hide_parameters=True]",
                    stats,
                )
    
        evt_handled: bool = False
        try:
            if context.execute_style is ExecuteStyle.EXECUTEMANY:
                effective_parameters = cast(
                    "_CoreMultiExecuteParams", effective_parameters
                )
                if self.dialect._has_events:
                    for fn in self.dialect.dispatch.do_executemany:
                        if fn(
                            cursor,
                            str_statement,
                            effective_parameters,
                            context,
                        ):
                            evt_handled = True
                            break
                if not evt_handled:
                    self.dialect.do_executemany(
                        cursor,
                        str_statement,
                        effective_parameters,
                        context,
                    )
            elif not effective_parameters and context.no_parameters:
                if self.dialect._has_events:
                    for fn in self.dialect.dispatch.do_execute_no_params:
                        if fn(cursor, str_statement, context):
                            evt_handled = True
                            break
                if not evt_handled:
                    self.dialect.do_execute_no_params(
                        cursor, str_statement, context
                    )
            else:
                effective_parameters = cast(
                    "_CoreSingleExecuteParams", effective_parameters
                )
                if self.dialect._has_events:
                    for fn in self.dialect.dispatch.do_execute:
                        if fn(
                            cursor,
                            str_statement,
                            effective_parameters,
                            context,
                        ):
                            evt_handled = True
                            break
                if not evt_handled:
                    self.dialect.do_execute(
                        cursor, str_statement, effective_parameters, context
                    )
    
            if self._has_events or self.engine._has_events:
                self.dispatch.after_cursor_execute(
                    self,
                    cursor,
                    str_statement,
                    effective_parameters,
                    context,
                    context.executemany,
                )
    
            context.post_exec()
    
            result = context._setup_result_proxy()
    
        except BaseException as e:
>           self._handle_dbapi_exception(
                e, str_statement, effective_parameters, cursor, context
            )

..\..\AppData\Roaming\Python\Python313\site-packages\sqlalchemy\engine\base.py:1986: 
_ _ _ _ _ _ _ _ _ _ _ _ _ _ _ _ _ _ _ _ _ _ _ _ _ _ _ _ _ _ _ _ _ _ _ _ _ _ _ _

self = <sqlalchemy.engine.base.Connection object at 0x0000022A9FBCAF10>
e = OperationalError('no such table: tasks')
statement = 'SELECT tasks.id, tasks.title, tasks.description, tasks.status, tasks.priority, tasks.due_date, tasks.tags, tasks.created_at, tasks.updated_at, tasks.completed_at \nFROM tasks ORDER BY tasks.created_at DESC\n LIMIT ? OFFSET ?'
parameters = (10, 0)
cursor = <sqlalchemy.dialects.sqlite.aiosqlite.AsyncAdapt_aiosqlite_cursor object at 0x0000022AA1BDA140>
context = <sqlalchemy.dialects.sqlite.aiosqlite.SQLiteExecutionContext_aiosqlite object at 0x0000022A9FC6B930>
is_sub_exec = False

    def _handle_dbapi_exception(
        self,
        e: BaseException,
        statement: Optional[str],
        parameters: Optional[_AnyExecuteParams],
        cursor: Optional[DBAPICursor],
        context: Optional[ExecutionContext],
        is_sub_exec: bool = False,
    ) -> NoReturn:
        exc_info = sys.exc_info()
    
        is_exit_exception = util.is_exit_exception(e)
    
        if not self._is_disconnect:
            self._is_disconnect = (
                isinstance(e, self.dialect.loaded_dbapi.Error)
                and not self.closed
                and self.dialect.is_disconnect(
                    e,
                    self._dbapi_connection if not self.invalidated else None,
                    cursor,
                )
            ) or (is_exit_exception and not self.closed)
    
        invalidate_pool_on_disconnect = not is_exit_exception
    
        ismulti: bool = (
            not is_sub_exec and context.executemany
            if context is not None
            else False
        )
        if self._reentrant_error:
            raise exc.DBAPIError.instance(
                statement,
                parameters,
                e,
                self.dialect.loaded_dbapi.Error,
                hide_parameters=self.engine.hide_parameters,
                dialect=self.dialect,
                ismulti=ismulti,
            ).with_traceback(exc_info[2]) from e
        self._reentrant_error = True
        try:
            # non-DBAPI error - if we already got a context,
            # or there's no string statement, don't wrap it
            should_wrap = isinstance(e, self.dialect.loaded_dbapi.Error) or (
                statement is not None
                and context is None
                and not is_exit_exception
            )
    
            if should_wrap:
                sqlalchemy_exception = exc.DBAPIError.instance(
                    statement,
                    parameters,
                    cast(Exception, e),
                    self.dialect.loaded_dbapi.Error,
                    hide_parameters=self.engine.hide_parameters,
                    connection_invalidated=self._is_disconnect,
                    dialect=self.dialect,
                    ismulti=ismulti,
                )
            else:
                sqlalchemy_exception = None
    
            newraise = None
    
            if (self.dialect._has_events) and not self._execution_options.get(
                "skip_user_error_events", False
            ):
                ctx = ExceptionContextImpl(
                    e,
                    sqlalchemy_exception,
                    self.engine,
                    self.dialect,
                    self,
                    cursor,
                    statement,
                    parameters,
                    context,
                    self._is_disconnect,
                    invalidate_pool_on_disconnect,
                    False,
                )
    
                for fn in self.dialect.dispatch.handle_error:
                    try:
                        # handler returns an exception;
                        # call next handler in a chain
                        per_fn = fn(ctx)
                        if per_fn is not None:
                            ctx.chained_exception = newraise = per_fn
                    except Exception as _raised:
                        # handler raises an exception - stop processing
                        newraise = _raised
                        break
    
                if self._is_disconnect != ctx.is_disconnect:
                    self._is_disconnect = ctx.is_disconnect
                    if sqlalchemy_exception:
                        sqlalchemy_exception.connection_invalidated = (
                            ctx.is_disconnect
                        )
    
                # set up potentially user-defined value for
                # invalidate pool.
                invalidate_pool_on_disconnect = (
                    ctx.invalidate_pool_on_disconnect
                )
    
            if should_wrap and context:
                context.handle_dbapi_exception(e)
    
            if not self._is_disconnect:
                if cursor:
                    self._safe_close_cursor(cursor)
                # "autorollback" was mostly relevant in 1.x series.
                # It's very unlikely to reach here, as the connection
                # does autobegin so when we are here, we are usually
                # in an explicit / semi-explicit transaction.
                # however we have a test which manufactures this
                # scenario in any case using an event handler.
                # test/engine/test_execute.py-> test_actual_autorollback
                if not self.in_transaction():
                    self._rollback_impl()
    
            if newraise:
                raise newraise.with_traceback(exc_info[2]) from e
            elif should_wrap:
                assert sqlalchemy_exception is not None
>               raise sqlalchemy_exception.with_traceback(exc_info[2]) from e

..\..\AppData\Roaming\Python\Python313\site-packages\sqlalchemy\engine\base.py:2363: 
_ _ _ _ _ _ _ _ _ _ _ _ _ _ _ _ _ _ _ _ _ _ _ _ _ _ _ _ _ _ _ _ _ _ _ _ _ _ _ _

self = <sqlalchemy.engine.base.Connection object at 0x0000022A9FBCAF10>
dialect = <sqlalchemy.dialects.sqlite.aiosqlite.SQLiteDialect_aiosqlite object at 0x0000022A9EF82F90>
context = <sqlalchemy.dialects.sqlite.aiosqlite.SQLiteExecutionContext_aiosqlite object at 0x0000022A9FC6B930>
statement = <sqlalchemy.dialects.sqlite.base.SQLiteCompiler object at 0x0000022A9FC0C910>
parameters = [(10, 0)]

    def _exec_single_context(
        self,
        dialect: Dialect,
        context: ExecutionContext,
        statement: Union[str, Compiled],
        parameters: Optional[_AnyMultiExecuteParams],
    ) -> CursorResult[Any]:
        """continue the _execute_context() method for a single DBAPI
        cursor.execute() or cursor.executemany() call.
    
        """
        if dialect.bind_typing is BindTyping.SETINPUTSIZES:
            generic_setinputsizes = context._prepare_set_input_sizes()
    
            if generic_setinputsizes:
                try:
                    dialect.do_set_input_sizes(
                        context.cursor, generic_setinputsizes, context
                    )
                except BaseException as e:
                    self._handle_dbapi_exception(
                        e, str(statement), parameters, None, context
                    )
    
        cursor, str_statement, parameters = (
            context.cursor,
            context.statement,
            context.parameters,
        )
    
        effective_parameters: Optional[_AnyExecuteParams]
    
        if not context.executemany:
            effective_parameters = parameters[0]
        else:
            effective_parameters = parameters
    
        if self._has_events or self.engine._has_events:
            for fn in self.dispatch.before_cursor_execute:
                str_statement, effective_parameters = fn(
                    self,
                    cursor,
                    str_statement,
                    effective_parameters,
                    context,
                    context.executemany,
                )
    
        if self._echo:
            self._log_info(str_statement)
    
            stats = context._get_cache_stats()
    
            if not self.engine.hide_parameters:
                self._log_info(
                    "[%s] %r",
                    stats,
                    sql_util._repr_params(
                        effective_parameters,
                        batches=10,
                        ismulti=context.executemany,
                    ),
                )
            else:
                self._log_info(
                    "[%s] [SQL parameters hidden due to hide_parameters=True]",
                    stats,
                )
    
        evt_handled: bool = False
        try:
            if context.execute_style is ExecuteStyle.EXECUTEMANY:
                effective_parameters = cast(
                    "_CoreMultiExecuteParams", effective_parameters
                )
                if self.dialect._has_events:
                    for fn in self.dialect.dispatch.do_executemany:
                        if fn(
                            cursor,
                            str_statement,
                            effective_parameters,
                            context,
                        ):
                            evt_handled = True
                            break
                if not evt_handled:
                    self.dialect.do_executemany(
                        cursor,
                        str_statement,
                        effective_parameters,
                        context,
                    )
            elif not effective_parameters and context.no_parameters:
                if self.dialect._has_events:
                    for fn in self.dialect.dispatch.do_execute_no_params:
                        if fn(cursor, str_statement, context):
                            evt_handled = True
                            break
                if not evt_handled:
                    self.dialect.do_execute_no_params(
                        cursor, str_statement, context
                    )
            else:
                effective_parameters = cast(
                    "_CoreSingleExecuteParams", effective_parameters
                )
                if self.dialect._has_events:
                    for fn in self.dialect.dispatch.do_execute:
                        if fn(
                            cursor,
                            str_statement,
                            effective_parameters,
                            context,
                        ):
                            evt_handled = True
                            break
                if not evt_handled:
>                   self.dialect.do_execute(
                        cursor, str_statement, effective_parameters, context
                    )

..\..\AppData\Roaming\Python\Python313\site-packages\sqlalchemy\engine\base.py:1967: 
_ _ _ _ _ _ _ _ _ _ _ _ _ _ _ _ _ _ _ _ _ _ _ _ _ _ _ _ _ _ _ _ _ _ _ _ _ _ _ _

self = <sqlalchemy.dialects.sqlite.aiosqlite.SQLiteDialect_aiosqlite object at 0x0000022A9EF82F90>
cursor = <sqlalchemy.dialects.sqlite.aiosqlite.AsyncAdapt_aiosqlite_cursor object at 0x0000022AA1BDA140>
statement = 'SELECT tasks.id, tasks.title, tasks.description, tasks.status, tasks.priority, tasks.due_date, tasks.tags, tasks.created_at, tasks.updated_at, tasks.completed_at \nFROM tasks ORDER BY tasks.created_at DESC\n LIMIT ? OFFSET ?'
parameters = (10, 0)
context = <sqlalchemy.dialects.sqlite.aiosqlite.SQLiteExecutionContext_aiosqlite object at 0x0000022A9FC6B930>

    def do_execute(self, cursor, statement, parameters, context=None):
>       cursor.execute(statement, parameters)

..\..\AppData\Roaming\Python\Python313\site-packages\sqlalchemy\engine\default.py:952: 
_ _ _ _ _ _ _ _ _ _ _ _ _ _ _ _ _ _ _ _ _ _ _ _ _ _ _ _ _ _ _ _ _ _ _ _ _ _ _ _

self = <sqlalchemy.dialects.sqlite.aiosqlite.AsyncAdapt_aiosqlite_cursor object at 0x0000022AA1BDA140>
operation = 'SELECT tasks.id, tasks.title, tasks.description, tasks.status, tasks.priority, tasks.due_date, tasks.tags, tasks.created_at, tasks.updated_at, tasks.completed_at \nFROM tasks ORDER BY tasks.created_at DESC\n LIMIT ? OFFSET ?'
parameters = (10, 0)

    def execute(
        self,
        operation: Any,
        parameters: Optional[_DBAPISingleExecuteParams] = None,
    ) -> Any:
    
        try:
            _cursor: AsyncIODBAPICursor = self.await_(self._connection.cursor())  # type: ignore[arg-type] # noqa: E501
    
            if parameters is None:
                self.await_(_cursor.execute(operation))
            else:
                self.await_(_cursor.execute(operation, parameters))
    
            if _cursor.description:
                self.description = _cursor.description
                self.lastrowid = self.rowcount = -1
    
                if not self.server_side:
                    self._rows = deque(self.await_(_cursor.fetchall()))
            else:
                self.description = None
                self.lastrowid = _cursor.lastrowid
                self.rowcount = _cursor.rowcount
    
            if not self.server_side:
                self.await_(_cursor.close())
            else:
                self._cursor = _cursor  # type: ignore[misc]
        except Exception as error:
>           self._adapt_connection._handle_exception(error)

..\..\AppData\Roaming\Python\Python313\site-packages\sqlalchemy\dialects\sqlite\aiosqlite.py:182: 
_ _ _ _ _ _ _ _ _ _ _ _ _ _ _ _ _ _ _ _ _ _ _ _ _ _ _ _ _ _ _ _ _ _ _ _ _ _ _ _

self = <AdaptedConnection <aiosqlite.core.Connection object at 0x0000022A9FC0EFD0>>
error = OperationalError('no such table: tasks')

    def _handle_exception(self, error: Exception) -> NoReturn:
        if (
            isinstance(error, ValueError)
            and error.args[0] == "no active connection"
        ):
            raise self.dbapi.sqlite.OperationalError(
                "no active connection"
            ) from error
        else:
>           raise error

..\..\AppData\Roaming\Python\Python313\site-packages\sqlalchemy\dialects\sqlite\aiosqlite.py:342: 
_ _ _ _ _ _ _ _ _ _ _ _ _ _ _ _ _ _ _ _ _ _ _ _ _ _ _ _ _ _ _ _ _ _ _ _ _ _ _ _

self = <sqlalchemy.dialects.sqlite.aiosqlite.AsyncAdapt_aiosqlite_cursor object at 0x0000022AA1BDA140>
operation = 'SELECT tasks.id, tasks.title, tasks.description, tasks.status, tasks.priority, tasks.due_date, tasks.tags, tasks.created_at, tasks.updated_at, tasks.completed_at \nFROM tasks ORDER BY tasks.created_at DESC\n LIMIT ? OFFSET ?'
parameters = (10, 0)

    def execute(
        self,
        operation: Any,
        parameters: Optional[_DBAPISingleExecuteParams] = None,
    ) -> Any:
    
        try:
            _cursor: AsyncIODBAPICursor = self.await_(self._connection.cursor())  # type: ignore[arg-type] # noqa: E501
    
            if parameters is None:
                self.await_(_cursor.execute(operation))
            else:
>               self.await_(_cursor.execute(operation, parameters))

..\..\AppData\Roaming\Python\Python313\site-packages\sqlalchemy\dialects\sqlite\aiosqlite.py:164: 
_ _ _ _ _ _ _ _ _ _ _ _ _ _ _ _ _ _ _ _ _ _ _ _ _ _ _ _ _ _ _ _ _ _ _ _ _ _ _ _

awaitable = <coroutine object Cursor.execute at 0x0000022AA1CFC900>

    def await_only(awaitable: Awaitable[_T]) -> _T:
        """Awaits an async function in a sync method.
    
        The sync method must be inside a :func:`greenlet_spawn` context.
        :func:`await_only` calls cannot be nested.
    
        :param awaitable: The coroutine to call.
    
        """
        # this is called in the context greenlet while running fn
        current = getcurrent()
        if not getattr(current, "__sqlalchemy_greenlet_provider__", False):
            _safe_cancel_awaitable(awaitable)
    
            raise exc.MissingGreenlet(
                "greenlet_spawn has not been called; can't call await_only() "
                "here. Was IO attempted in an unexpected place?"
            )
    
        # returns the control to the driver greenlet passing it
        # a coroutine to run. Once the awaitable is done, the driver greenlet
        # switches back to this greenlet with the result of awaitable that is
        # then returned to the caller (or raised as error)
>       return current.parent.switch(awaitable)  # type: ignore[no-any-return,attr-defined] # noqa: E501
               ^^^^^^^^^^^^^^^^^^^^^^^^^^^^^^^^

..\..\AppData\Roaming\Python\Python313\site-packages\sqlalchemy\util\_concurrency_py3k.py:132: 
_ _ _ _ _ _ _ _ _ _ _ _ _ _ _ _ _ _ _ _ _ _ _ _ _ _ _ _ _ _ _ _ _ _ _ _ _ _ _ _

fn = <bound method Session.execute of <sqlalchemy.orm.session.Session object at 0x0000022A9FC3E520>>
_require_await = False
args = (<sqlalchemy.sql.selectable.Select object at 0x0000022A9FC0BC50>,)
kwargs = {'bind_arguments': None, 'execution_options': immutabledict({'prebuffer_rows': True}), 'params': None}
context = <_AsyncIoGreenlet object at 0x0000022AA2430B80 (otid=0x0000022A9E4E1470) dead>
switch_occurred = True
result = <coroutine object Cursor.execute at 0x0000022AA1CFC900>
value = <aiosqlite.cursor.Cursor object at 0x0000022AA19036B0>

    async def greenlet_spawn(
        fn: Callable[..., _T],
        *args: Any,
        _require_await: bool = False,
        **kwargs: Any,
    ) -> _T:
        """Runs a sync function ``fn`` in a new greenlet.
    
        The sync function can then use :func:`await_only` to wait for async
        functions.
    
        :param fn: The sync callable to call.
        :param \\*args: Positional arguments to pass to the ``fn`` callable.
        :param \\*\\*kwargs: Keyword arguments to pass to the ``fn`` callable.
        """
    
        result: Any
        context = _AsyncIoGreenlet(fn, getcurrent())
        # runs the function synchronously in gl greenlet. If the execution
        # is interrupted by await_only, context is not dead and result is a
        # coroutine to wait. If the context is dead the function has
        # returned, and its result can be returned.
        switch_occurred = False
        result = context.switch(*args, **kwargs)
        while not context.dead:
            switch_occurred = True
            try:
                # wait for a coroutine from await_only and then return its
                # result back to it.
>               value = await result
                        ^^^^^^^^^^^^

..\..\AppData\Roaming\Python\Python313\site-packages\sqlalchemy\util\_concurrency_py3k.py:196: 
_ _ _ _ _ _ _ _ _ _ _ _ _ _ _ _ _ _ _ _ _ _ _ _ _ _ _ _ _ _ _ _ _ _ _ _ _ _ _ _

self = <aiosqlite.cursor.Cursor object at 0x0000022AA19036B0>
sql = 'SELECT tasks.id, tasks.title, tasks.description, tasks.status, tasks.priority, tasks.due_date, tasks.tags, tasks.created_at, tasks.updated_at, tasks.completed_at \nFROM tasks ORDER BY tasks.created_at DESC\n LIMIT ? OFFSET ?'
parameters = (10, 0)

    async def execute(
        self, sql: str, parameters: Optional[Iterable[Any]] = None
    ) -> "Cursor":
        """Execute the given query."""
        if parameters is None:
            parameters = []
>       await self._execute(self._cursor.execute, sql, parameters)

..\..\AppData\Roaming\Python\Python313\site-packages\aiosqlite\cursor.py:40: 
_ _ _ _ _ _ _ _ _ _ _ _ _ _ _ _ _ _ _ _ _ _ _ _ _ _ _ _ _ _ _ _ _ _ _ _ _ _ _ _

self = <aiosqlite.cursor.Cursor object at 0x0000022AA19036B0>
fn = <built-in method execute of sqlite3.Cursor object at 0x0000022AA1BB2AC0>
args = ('SELECT tasks.id, tasks.title, tasks.description, tasks.status, tasks.priority, tasks.due_date, tasks.tags, tasks.created_at, tasks.updated_at, tasks.completed_at \nFROM tasks ORDER BY tasks.created_at DESC\n LIMIT ? OFFSET ?', (10, 0))
kwargs = {}

    async def _execute(self, fn, *args, **kwargs):
        """Execute the given function on the shared connection's thread."""
>       return await self._conn._execute(fn, *args, **kwargs)
               ^^^^^^^^^^^^^^^^^^^^^^^^^^^^^^^^^^^^^^^^^^^^^^

..\..\AppData\Roaming\Python\Python313\site-packages\aiosqlite\cursor.py:32: 
_ _ _ _ _ _ _ _ _ _ _ _ _ _ _ _ _ _ _ _ _ _ _ _ _ _ _ _ _ _ _ _ _ _ _ _ _ _ _ _

self = <aiosqlite.core.Connection object at 0x0000022A9FC0EFD0>
fn = <built-in method execute of sqlite3.Cursor object at 0x0000022AA1BB2AC0>
args = ('SELECT tasks.id, tasks.title, tasks.description, tasks.status, tasks.priority, tasks.due_date, tasks.tags, tasks.created_at, tasks.updated_at, tasks.completed_at \nFROM tasks ORDER BY tasks.created_at DESC\n LIMIT ? OFFSET ?', (10, 0))
kwargs = {}
function = functools.partial(<built-in method execute of sqlite3.Cursor object at 0x0000022AA1BB2AC0>, 'SELECT tasks.id, tasks.ti...ated_at, tasks.updated_at, tasks.completed_at \nFROM tasks ORDER BY tasks.created_at DESC\n LIMIT ? OFFSET ?', (10, 0))
future = <Future finished exception=OperationalError('no such table: tasks')>

    async def _execute(self, fn, *args, **kwargs):
        """Queue a function with the given arguments for execution."""
        if not self._running or not self._connection:
            raise ValueError("Connection closed")
    
        function = partial(fn, *args, **kwargs)
        future = asyncio.get_event_loop().create_future()
    
        self._tx.put_nowait((future, function))
    
>       return await future
               ^^^^^^^^^^^^

..\..\AppData\Roaming\Python\Python313\site-packages\aiosqlite\core.py:160: 
_ _ _ _ _ _ _ _ _ _ _ _ _ _ _ _ _ _ _ _ _ _ _ _ _ _ _ _ _ _ _ _ _ _ _ _ _ _ _ _

tx = <_queue.SimpleQueue object at 0x0000022A9FC19960>

    def _connection_worker_thread(tx: _TxQueue):
        """
        Execute function calls on a separate thread.
    
        :meta private:
        """
        while True:
            # Continues running until all queue items are processed,
            # even after connection is closed (so we can finalize all
            # futures)
    
            future, function = tx.get()
    
            try:
                LOG.debug("executing %s", function)
>               result = function()
                         ^^^^^^^^^^
E               sqlalchemy.exc.OperationalError: (sqlite3.OperationalError) no such table: tasks
E               [SQL: SELECT tasks.id, tasks.title, tasks.description, tasks.status, tasks.priority, tasks.due_date, tasks.tags, tasks.created_at, tasks.updated_at, tasks.completed_at 
E               FROM tasks ORDER BY tasks.created_at DESC
E                LIMIT ? OFFSET ?]
E               [parameters: (10, 0)]
E               (Background on this error at: https://sqlalche.me/e/20/e3q8)

..\..\AppData\Roaming\Python\Python313\site-packages\aiosqlite\core.py:63: OperationalError
_________________________ test_calendar_mcp_list_tool _________________________

self = <sqlalchemy.engine.base.Connection object at 0x0000022A9FC65550>
dialect = <sqlalchemy.dialects.sqlite.aiosqlite.SQLiteDialect_aiosqlite object at 0x0000022A9EF82F90>
context = <sqlalchemy.dialects.sqlite.aiosqlite.SQLiteExecutionContext_aiosqlite object at 0x0000022A9FBE59B0>
statement = <sqlalchemy.dialects.sqlite.base.SQLiteCompiler object at 0x0000022AA0E39450>
parameters = [('2026-04-05 17:53:22.414421', '2026-04-12 17:53:22.414434', 10, 0)]

    def _exec_single_context(
        self,
        dialect: Dialect,
        context: ExecutionContext,
        statement: Union[str, Compiled],
        parameters: Optional[_AnyMultiExecuteParams],
    ) -> CursorResult[Any]:
        """continue the _execute_context() method for a single DBAPI
        cursor.execute() or cursor.executemany() call.
    
        """
        if dialect.bind_typing is BindTyping.SETINPUTSIZES:
            generic_setinputsizes = context._prepare_set_input_sizes()
    
            if generic_setinputsizes:
                try:
                    dialect.do_set_input_sizes(
                        context.cursor, generic_setinputsizes, context
                    )
                except BaseException as e:
                    self._handle_dbapi_exception(
                        e, str(statement), parameters, None, context
                    )
    
        cursor, str_statement, parameters = (
            context.cursor,
            context.statement,
            context.parameters,
        )
    
        effective_parameters: Optional[_AnyExecuteParams]
    
        if not context.executemany:
            effective_parameters = parameters[0]
        else:
            effective_parameters = parameters
    
        if self._has_events or self.engine._has_events:
            for fn in self.dispatch.before_cursor_execute:
                str_statement, effective_parameters = fn(
                    self,
                    cursor,
                    str_statement,
                    effective_parameters,
                    context,
                    context.executemany,
                )
    
        if self._echo:
            self._log_info(str_statement)
    
            stats = context._get_cache_stats()
    
            if not self.engine.hide_parameters:
                self._log_info(
                    "[%s] %r",
                    stats,
                    sql_util._repr_params(
                        effective_parameters,
                        batches=10,
                        ismulti=context.executemany,
                    ),
                )
            else:
                self._log_info(
                    "[%s] [SQL parameters hidden due to hide_parameters=True]",
                    stats,
                )
    
        evt_handled: bool = False
        try:
            if context.execute_style is ExecuteStyle.EXECUTEMANY:
                effective_parameters = cast(
                    "_CoreMultiExecuteParams", effective_parameters
                )
                if self.dialect._has_events:
                    for fn in self.dialect.dispatch.do_executemany:
                        if fn(
                            cursor,
                            str_statement,
                            effective_parameters,
                            context,
                        ):
                            evt_handled = True
                            break
                if not evt_handled:
                    self.dialect.do_executemany(
                        cursor,
                        str_statement,
                        effective_parameters,
                        context,
                    )
            elif not effective_parameters and context.no_parameters:
                if self.dialect._has_events:
                    for fn in self.dialect.dispatch.do_execute_no_params:
                        if fn(cursor, str_statement, context):
                            evt_handled = True
                            break
                if not evt_handled:
                    self.dialect.do_execute_no_params(
                        cursor, str_statement, context
                    )
            else:
                effective_parameters = cast(
                    "_CoreSingleExecuteParams", effective_parameters
                )
                if self.dialect._has_events:
                    for fn in self.dialect.dispatch.do_execute:
                        if fn(
                            cursor,
                            str_statement,
                            effective_parameters,
                            context,
                        ):
                            evt_handled = True
                            break
                if not evt_handled:
>                   self.dialect.do_execute(
                        cursor, str_statement, effective_parameters, context
                    )

..\..\AppData\Roaming\Python\Python313\site-packages\sqlalchemy\engine\base.py:1967: 
_ _ _ _ _ _ _ _ _ _ _ _ _ _ _ _ _ _ _ _ _ _ _ _ _ _ _ _ _ _ _ _ _ _ _ _ _ _ _ _

self = <sqlalchemy.dialects.sqlite.aiosqlite.SQLiteDialect_aiosqlite object at 0x0000022A9EF82F90>
cursor = <sqlalchemy.dialects.sqlite.aiosqlite.AsyncAdapt_aiosqlite_cursor object at 0x0000022AA1B3BE20>
statement = 'SELECT calendar_events.id, calendar_events.title, calendar_events.description, calendar_events.start_time, calendar_e..._events.start_time >= ? AND calendar_events.start_time <= ? ORDER BY calendar_events.start_time ASC\n LIMIT ? OFFSET ?'
parameters = ('2026-04-05 17:53:22.414421', '2026-04-12 17:53:22.414434', 10, 0)
context = <sqlalchemy.dialects.sqlite.aiosqlite.SQLiteExecutionContext_aiosqlite object at 0x0000022A9FBE59B0>

    def do_execute(self, cursor, statement, parameters, context=None):
>       cursor.execute(statement, parameters)

..\..\AppData\Roaming\Python\Python313\site-packages\sqlalchemy\engine\default.py:952: 
_ _ _ _ _ _ _ _ _ _ _ _ _ _ _ _ _ _ _ _ _ _ _ _ _ _ _ _ _ _ _ _ _ _ _ _ _ _ _ _

self = <sqlalchemy.dialects.sqlite.aiosqlite.AsyncAdapt_aiosqlite_cursor object at 0x0000022AA1B3BE20>
operation = 'SELECT calendar_events.id, calendar_events.title, calendar_events.description, calendar_events.start_time, calendar_e..._events.start_time >= ? AND calendar_events.start_time <= ? ORDER BY calendar_events.start_time ASC\n LIMIT ? OFFSET ?'
parameters = ('2026-04-05 17:53:22.414421', '2026-04-12 17:53:22.414434', 10, 0)

    def execute(
        self,
        operation: Any,
        parameters: Optional[_DBAPISingleExecuteParams] = None,
    ) -> Any:
    
        try:
            _cursor: AsyncIODBAPICursor = self.await_(self._connection.cursor())  # type: ignore[arg-type] # noqa: E501
    
            if parameters is None:
                self.await_(_cursor.execute(operation))
            else:
                self.await_(_cursor.execute(operation, parameters))
    
            if _cursor.description:
                self.description = _cursor.description
                self.lastrowid = self.rowcount = -1
    
                if not self.server_side:
                    self._rows = deque(self.await_(_cursor.fetchall()))
            else:
                self.description = None
                self.lastrowid = _cursor.lastrowid
                self.rowcount = _cursor.rowcount
    
            if not self.server_side:
                self.await_(_cursor.close())
            else:
                self._cursor = _cursor  # type: ignore[misc]
        except Exception as error:
>           self._adapt_connection._handle_exception(error)

..\..\AppData\Roaming\Python\Python313\site-packages\sqlalchemy\dialects\sqlite\aiosqlite.py:182: 
_ _ _ _ _ _ _ _ _ _ _ _ _ _ _ _ _ _ _ _ _ _ _ _ _ _ _ _ _ _ _ _ _ _ _ _ _ _ _ _

self = <AdaptedConnection <aiosqlite.core.Connection object at 0x0000022A9FC0EFD0>>
error = OperationalError('no such table: calendar_events')

    def _handle_exception(self, error: Exception) -> NoReturn:
        if (
            isinstance(error, ValueError)
            and error.args[0] == "no active connection"
        ):
            raise self.dbapi.sqlite.OperationalError(
                "no active connection"
            ) from error
        else:
>           raise error

..\..\AppData\Roaming\Python\Python313\site-packages\sqlalchemy\dialects\sqlite\aiosqlite.py:342: 
_ _ _ _ _ _ _ _ _ _ _ _ _ _ _ _ _ _ _ _ _ _ _ _ _ _ _ _ _ _ _ _ _ _ _ _ _ _ _ _

self = <sqlalchemy.dialects.sqlite.aiosqlite.AsyncAdapt_aiosqlite_cursor object at 0x0000022AA1B3BE20>
operation = 'SELECT calendar_events.id, calendar_events.title, calendar_events.description, calendar_events.start_time, calendar_e..._events.start_time >= ? AND calendar_events.start_time <= ? ORDER BY calendar_events.start_time ASC\n LIMIT ? OFFSET ?'
parameters = ('2026-04-05 17:53:22.414421', '2026-04-12 17:53:22.414434', 10, 0)

    def execute(
        self,
        operation: Any,
        parameters: Optional[_DBAPISingleExecuteParams] = None,
    ) -> Any:
    
        try:
            _cursor: AsyncIODBAPICursor = self.await_(self._connection.cursor())  # type: ignore[arg-type] # noqa: E501
    
            if parameters is None:
                self.await_(_cursor.execute(operation))
            else:
>               self.await_(_cursor.execute(operation, parameters))

..\..\AppData\Roaming\Python\Python313\site-packages\sqlalchemy\dialects\sqlite\aiosqlite.py:164: 
_ _ _ _ _ _ _ _ _ _ _ _ _ _ _ _ _ _ _ _ _ _ _ _ _ _ _ _ _ _ _ _ _ _ _ _ _ _ _ _

awaitable = <coroutine object Cursor.execute at 0x0000022AA1CFEEA0>

    def await_only(awaitable: Awaitable[_T]) -> _T:
        """Awaits an async function in a sync method.
    
        The sync method must be inside a :func:`greenlet_spawn` context.
        :func:`await_only` calls cannot be nested.
    
        :param awaitable: The coroutine to call.
    
        """
        # this is called in the context greenlet while running fn
        current = getcurrent()
        if not getattr(current, "__sqlalchemy_greenlet_provider__", False):
            _safe_cancel_awaitable(awaitable)
    
            raise exc.MissingGreenlet(
                "greenlet_spawn has not been called; can't call await_only() "
                "here. Was IO attempted in an unexpected place?"
            )
    
        # returns the control to the driver greenlet passing it
        # a coroutine to run. Once the awaitable is done, the driver greenlet
        # switches back to this greenlet with the result of awaitable that is
        # then returned to the caller (or raised as error)
>       return current.parent.switch(awaitable)  # type: ignore[no-any-return,attr-defined] # noqa: E501
               ^^^^^^^^^^^^^^^^^^^^^^^^^^^^^^^^

..\..\AppData\Roaming\Python\Python313\site-packages\sqlalchemy\util\_concurrency_py3k.py:132: 
_ _ _ _ _ _ _ _ _ _ _ _ _ _ _ _ _ _ _ _ _ _ _ _ _ _ _ _ _ _ _ _ _ _ _ _ _ _ _ _

fn = <bound method Session.execute of <sqlalchemy.orm.session.Session object at 0x0000022A9FC6D250>>
_require_await = False
args = (<sqlalchemy.sql.selectable.Select object at 0x0000022AA0E2DB80>,)
kwargs = {'bind_arguments': None, 'execution_options': immutabledict({'prebuffer_rows': True}), 'params': None}
context = <_AsyncIoGreenlet object at 0x0000022AA1AD66C0 (otid=0x0000022A9E4E1470) dead>
switch_occurred = True
result = <coroutine object Cursor.execute at 0x0000022AA1CFEEA0>
value = <aiosqlite.cursor.Cursor object at 0x0000022AA1B3BE90>

    async def greenlet_spawn(
        fn: Callable[..., _T],
        *args: Any,
        _require_await: bool = False,
        **kwargs: Any,
    ) -> _T:
        """Runs a sync function ``fn`` in a new greenlet.
    
        The sync function can then use :func:`await_only` to wait for async
        functions.
    
        :param fn: The sync callable to call.
        :param \\*args: Positional arguments to pass to the ``fn`` callable.
        :param \\*\\*kwargs: Keyword arguments to pass to the ``fn`` callable.
        """
    
        result: Any
        context = _AsyncIoGreenlet(fn, getcurrent())
        # runs the function synchronously in gl greenlet. If the execution
        # is interrupted by await_only, context is not dead and result is a
        # coroutine to wait. If the context is dead the function has
        # returned, and its result can be returned.
        switch_occurred = False
        result = context.switch(*args, **kwargs)
        while not context.dead:
            switch_occurred = True
            try:
                # wait for a coroutine from await_only and then return its
                # result back to it.
>               value = await result
                        ^^^^^^^^^^^^

..\..\AppData\Roaming\Python\Python313\site-packages\sqlalchemy\util\_concurrency_py3k.py:196: 
_ _ _ _ _ _ _ _ _ _ _ _ _ _ _ _ _ _ _ _ _ _ _ _ _ _ _ _ _ _ _ _ _ _ _ _ _ _ _ _

self = <aiosqlite.cursor.Cursor object at 0x0000022AA1B3BE90>
sql = 'SELECT calendar_events.id, calendar_events.title, calendar_events.description, calendar_events.start_time, calendar_e..._events.start_time >= ? AND calendar_events.start_time <= ? ORDER BY calendar_events.start_time ASC\n LIMIT ? OFFSET ?'
parameters = ('2026-04-05 17:53:22.414421', '2026-04-12 17:53:22.414434', 10, 0)

    async def execute(
        self, sql: str, parameters: Optional[Iterable[Any]] = None
    ) -> "Cursor":
        """Execute the given query."""
        if parameters is None:
            parameters = []
>       await self._execute(self._cursor.execute, sql, parameters)

..\..\AppData\Roaming\Python\Python313\site-packages\aiosqlite\cursor.py:40: 
_ _ _ _ _ _ _ _ _ _ _ _ _ _ _ _ _ _ _ _ _ _ _ _ _ _ _ _ _ _ _ _ _ _ _ _ _ _ _ _

self = <aiosqlite.cursor.Cursor object at 0x0000022AA1B3BE90>
fn = <built-in method execute of sqlite3.Cursor object at 0x0000022AA0D8CD40>
args = ('SELECT calendar_events.id, calendar_events.title, calendar_events.description, calendar_events.start_time, calendar_...alendar_events.start_time ASC\n LIMIT ? OFFSET ?', ('2026-04-05 17:53:22.414421', '2026-04-12 17:53:22.414434', 10, 0))
kwargs = {}

    async def _execute(self, fn, *args, **kwargs):
        """Execute the given function on the shared connection's thread."""
>       return await self._conn._execute(fn, *args, **kwargs)
               ^^^^^^^^^^^^^^^^^^^^^^^^^^^^^^^^^^^^^^^^^^^^^^

..\..\AppData\Roaming\Python\Python313\site-packages\aiosqlite\cursor.py:32: 
_ _ _ _ _ _ _ _ _ _ _ _ _ _ _ _ _ _ _ _ _ _ _ _ _ _ _ _ _ _ _ _ _ _ _ _ _ _ _ _

self = <aiosqlite.core.Connection object at 0x0000022A9FC0EFD0>
fn = <built-in method execute of sqlite3.Cursor object at 0x0000022AA0D8CD40>
args = ('SELECT calendar_events.id, calendar_events.title, calendar_events.description, calendar_events.start_time, calendar_...alendar_events.start_time ASC\n LIMIT ? OFFSET ?', ('2026-04-05 17:53:22.414421', '2026-04-12 17:53:22.414434', 10, 0))
kwargs = {}
function = functools.partial(<built-in method execute of sqlite3.Cursor object at 0x0000022AA0D8CD40>, 'SELECT calendar_events.id...alendar_events.start_time ASC\n LIMIT ? OFFSET ?', ('2026-04-05 17:53:22.414421', '2026-04-12 17:53:22.414434', 10, 0))
future = <Future finished exception=OperationalError('no such table: calendar_events')>

    async def _execute(self, fn, *args, **kwargs):
        """Queue a function with the given arguments for execution."""
        if not self._running or not self._connection:
            raise ValueError("Connection closed")
    
        function = partial(fn, *args, **kwargs)
        future = asyncio.get_event_loop().create_future()
    
        self._tx.put_nowait((future, function))
    
>       return await future
               ^^^^^^^^^^^^

..\..\AppData\Roaming\Python\Python313\site-packages\aiosqlite\core.py:160: 
_ _ _ _ _ _ _ _ _ _ _ _ _ _ _ _ _ _ _ _ _ _ _ _ _ _ _ _ _ _ _ _ _ _ _ _ _ _ _ _

tx = <_queue.SimpleQueue object at 0x0000022A9FC19960>

    def _connection_worker_thread(tx: _TxQueue):
        """
        Execute function calls on a separate thread.
    
        :meta private:
        """
        while True:
            # Continues running until all queue items are processed,
            # even after connection is closed (so we can finalize all
            # futures)
    
            future, function = tx.get()
    
            try:
                LOG.debug("executing %s", function)
>               result = function()
                         ^^^^^^^^^^
E               sqlite3.OperationalError: no such table: calendar_events

..\..\AppData\Roaming\Python\Python313\site-packages\aiosqlite\core.py:63: OperationalError

The above exception was the direct cause of the following exception:

    @pytest.mark.asyncio
    async def test_calendar_mcp_list_tool():
        """Calendar MCP list_events tool should return seeded events."""
        from backend.mcp_servers.calendar_server import handle_call_tool
>       results = await handle_call_tool("list_events", {})
                  ^^^^^^^^^^^^^^^^^^^^^^^^^^^^^^^^^^^^^^^^^

test_multi_agent.py:100: 
_ _ _ _ _ _ _ _ _ _ _ _ _ _ _ _ _ _ _ _ _ _ _ _ _ _ _ _ _ _ _ _ _ _ _ _ _ _ _ _

name = 'list_events', arguments = {}

    @calendar_server.call_tool()
    async def handle_call_tool(name: str, arguments: dict | None) -> list[types.TextContent]:
        if not arguments:
            arguments = {}
    
        if name == "create_event":
            async with AsyncSessionLocal() as db:
                event = await crud.create_event(
                    db,
                    title=arguments.get("title", "Untitled Event"),
                    start_time=arguments.get("start_time"),
                    end_time=arguments.get("end_time"),
                    description=arguments.get("description", ""),
                    location=arguments.get("location", ""),
                    attendees=arguments.get("attendees", []),
                )
                await db.commit()
            return [types.TextContent(
                type="text",
                text=(
                    f"Event scheduled: '{event.title}'\n"
                    f"  \U0001f4c5 {event.start_time.strftime('%Y-%m-%d %H:%M')} \u2192 {event.end_time.strftime('%H:%M')}\\n"
                    f"  \U0001f4cd {event.location or 'No location'}\\n"
                    f"  ID: {event.id}"
                ),
            )]
    
        elif name == "list_events":
            start_from = arguments.get("start_from")
            start_until = arguments.get("start_until")
            # Default: show events from now to 7 days ahead
            if not start_from:
                start_from = datetime.now(timezone.utc).isoformat()
            if not start_until:
                start_until = (datetime.now(timezone.utc) + timedelta(days=7)).isoformat()
    
            async with AsyncSessionLocal() as db:
>               events = await crud.get_events(
                    db,
                    start_from=start_from,
                    start_until=start_until,
                    limit=arguments.get("limit", 10),
                )

backend\mcp_servers\calendar_server.py:104: 
_ _ _ _ _ _ _ _ _ _ _ _ _ _ _ _ _ _ _ _ _ _ _ _ _ _ _ _ _ _ _ _ _ _ _ _ _ _ _ _

db = <sqlalchemy.ext.asyncio.session.AsyncSession object at 0x0000022A9FC6DC70>
start_from = '2026-04-05T17:53:22.414421+00:00'
start_until = '2026-04-12T17:53:22.414434+00:00', limit = 10

    async def get_events(
        db: AsyncSession, start_from: str = None, start_until: str = None, limit: int = 50,
    ) -> list[CalendarEvent]:
        stmt = select(CalendarEvent)
        if start_from:
            try:
                stmt = stmt.where(CalendarEvent.start_time >= datetime.fromisoformat(start_from))
            except ValueError:
                pass
        if start_until:
            try:
                stmt = stmt.where(CalendarEvent.start_time <= datetime.fromisoformat(start_until))
            except ValueError:
                pass
        stmt = stmt.order_by(asc(CalendarEvent.start_time)).limit(limit)
>       result = await db.execute(stmt)
                 ^^^^^^^^^^^^^^^^^^^^^^

backend\database\crud.py:174: 
_ _ _ _ _ _ _ _ _ _ _ _ _ _ _ _ _ _ _ _ _ _ _ _ _ _ _ _ _ _ _ _ _ _ _ _ _ _ _ _

self = <sqlalchemy.ext.asyncio.session.AsyncSession object at 0x0000022A9FC6DC70>
statement = <sqlalchemy.sql.selectable.Select object at 0x0000022AA0E2DB80>
params = None, execution_options = immutabledict({'prebuffer_rows': True})
bind_arguments = None, kw = {}

    async def execute(
        self,
        statement: Executable,
        params: Optional[_CoreAnyExecuteParams] = None,
        *,
        execution_options: OrmExecuteOptionsParameter = util.EMPTY_DICT,
        bind_arguments: Optional[_BindArguments] = None,
        **kw: Any,
    ) -> Result[Any]:
        """Execute a statement and return a buffered
        :class:`_engine.Result` object.
    
        .. seealso::
    
            :meth:`_orm.Session.execute` - main documentation for execute
    
        """
    
        if execution_options:
            execution_options = util.immutabledict(execution_options).union(
                _EXECUTE_OPTIONS
            )
        else:
            execution_options = _EXECUTE_OPTIONS
    
>       result = await greenlet_spawn(
            self.sync_session.execute,
            statement,
            params=params,
            execution_options=execution_options,
            bind_arguments=bind_arguments,
            **kw,
        )

..\..\AppData\Roaming\Python\Python313\site-packages\sqlalchemy\ext\asyncio\session.py:449: 
_ _ _ _ _ _ _ _ _ _ _ _ _ _ _ _ _ _ _ _ _ _ _ _ _ _ _ _ _ _ _ _ _ _ _ _ _ _ _ _

fn = <bound method Session.execute of <sqlalchemy.orm.session.Session object at 0x0000022A9FC6D250>>
_require_await = False
args = (<sqlalchemy.sql.selectable.Select object at 0x0000022AA0E2DB80>,)
kwargs = {'bind_arguments': None, 'execution_options': immutabledict({'prebuffer_rows': True}), 'params': None}
context = <_AsyncIoGreenlet object at 0x0000022AA1AD66C0 (otid=0x0000022A9E4E1470) dead>
switch_occurred = True
result = <coroutine object Cursor.execute at 0x0000022AA1CFEEA0>
value = <aiosqlite.cursor.Cursor object at 0x0000022AA1B3BE90>

    async def greenlet_spawn(
        fn: Callable[..., _T],
        *args: Any,
        _require_await: bool = False,
        **kwargs: Any,
    ) -> _T:
        """Runs a sync function ``fn`` in a new greenlet.
    
        The sync function can then use :func:`await_only` to wait for async
        functions.
    
        :param fn: The sync callable to call.
        :param \\*args: Positional arguments to pass to the ``fn`` callable.
        :param \\*\\*kwargs: Keyword arguments to pass to the ``fn`` callable.
        """
    
        result: Any
        context = _AsyncIoGreenlet(fn, getcurrent())
        # runs the function synchronously in gl greenlet. If the execution
        # is interrupted by await_only, context is not dead and result is a
        # coroutine to wait. If the context is dead the function has
        # returned, and its result can be returned.
        switch_occurred = False
        result = context.switch(*args, **kwargs)
        while not context.dead:
            switch_occurred = True
            try:
                # wait for a coroutine from await_only and then return its
                # result back to it.
                value = await result
            except BaseException:
                # this allows an exception to be raised within
                # the moderated greenlet so that it can continue
                # its expected flow.
>               result = context.throw(*sys.exc_info())
                         ^^^^^^^^^^^^^^^^^^^^^^^^^^^^^^

..\..\AppData\Roaming\Python\Python313\site-packages\sqlalchemy\util\_concurrency_py3k.py:201: 
_ _ _ _ _ _ _ _ _ _ _ _ _ _ _ _ _ _ _ _ _ _ _ _ _ _ _ _ _ _ _ _ _ _ _ _ _ _ _ _

self = <sqlalchemy.orm.session.Session object at 0x0000022A9FC6D250>
statement = <sqlalchemy.sql.selectable.Select object at 0x0000022AA0E2DB80>
params = None

    def execute(
        self,
        statement: Executable,
        params: Optional[_CoreAnyExecuteParams] = None,
        *,
        execution_options: OrmExecuteOptionsParameter = util.EMPTY_DICT,
        bind_arguments: Optional[_BindArguments] = None,
        _parent_execute_state: Optional[Any] = None,
        _add_event: Optional[Any] = None,
    ) -> Result[Any]:
        r"""Execute a SQL expression construct.
    
        Returns a :class:`_engine.Result` object representing
        results of the statement execution.
    
        E.g.::
    
            from sqlalchemy import select
    
            result = session.execute(select(User).where(User.id == 5))
    
        The API contract of :meth:`_orm.Session.execute` is similar to that
        of :meth:`_engine.Connection.execute`, the :term:`2.0 style` version
        of :class:`_engine.Connection`.
    
        .. versionchanged:: 1.4 the :meth:`_orm.Session.execute` method is
           now the primary point of ORM statement execution when using
           :term:`2.0 style` ORM usage.
    
        :param statement:
            An executable statement (i.e. an :class:`.Executable` expression
            such as :func:`_expression.select`).
    
        :param params:
            Optional dictionary, or list of dictionaries, containing
            bound parameter values.   If a single dictionary, single-row
            execution occurs; if a list of dictionaries, an
            "executemany" will be invoked.  The keys in each dictionary
            must correspond to parameter names present in the statement.
    
        :param execution_options: optional dictionary of execution options,
         which will be associated with the statement execution.  This
         dictionary can provide a subset of the options that are accepted
         by :meth:`_engine.Connection.execution_options`, and may also
         provide additional options understood only in an ORM context.
    
         .. seealso::
    
            :ref:`orm_queryguide_execution_options` - ORM-specific execution
            options
    
        :param bind_arguments: dictionary of additional arguments to determine
         the bind.  May include "mapper", "bind", or other custom arguments.
         Contents of this dictionary are passed to the
         :meth:`.Session.get_bind` method.
    
        :return: a :class:`_engine.Result` object.
    
    
        """
>       return self._execute_internal(
            statement,
            params,
            execution_options=execution_options,
            bind_arguments=bind_arguments,
            _parent_execute_state=_parent_execute_state,
            _add_event=_add_event,
        )

..\..\AppData\Roaming\Python\Python313\site-packages\sqlalchemy\orm\session.py:2351: 
_ _ _ _ _ _ _ _ _ _ _ _ _ _ _ _ _ _ _ _ _ _ _ _ _ _ _ _ _ _ _ _ _ _ _ _ _ _ _ _

self = <sqlalchemy.orm.session.Session object at 0x0000022A9FC6D250>
statement = <sqlalchemy.sql.selectable.Select object at 0x0000022AA0E2DB80>
params = None

    def _execute_internal(
        self,
        statement: Executable,
        params: Optional[_CoreAnyExecuteParams] = None,
        *,
        execution_options: OrmExecuteOptionsParameter = util.EMPTY_DICT,
        bind_arguments: Optional[_BindArguments] = None,
        _parent_execute_state: Optional[Any] = None,
        _add_event: Optional[Any] = None,
        _scalar_result: bool = False,
    ) -> Any:
        statement = coercions.expect(roles.StatementRole, statement)
    
        if not bind_arguments:
            bind_arguments = {}
        else:
            bind_arguments = dict(bind_arguments)
    
        if (
            statement._propagate_attrs.get("compile_state_plugin", None)
            == "orm"
        ):
            compile_state_cls = CompileState._get_plugin_class_for_plugin(
                statement, "orm"
            )
            if TYPE_CHECKING:
                assert isinstance(
                    compile_state_cls, context.AbstractORMCompileState
                )
        else:
            compile_state_cls = None
            bind_arguments.setdefault("clause", statement)
    
        execution_options = util.coerce_to_immutabledict(execution_options)
    
        if _parent_execute_state:
            events_todo = _parent_execute_state._remaining_events()
        else:
            events_todo = self.dispatch.do_orm_execute
            if _add_event:
                events_todo = list(events_todo) + [_add_event]
    
        if events_todo:
            if compile_state_cls is not None:
                # for event handlers, do the orm_pre_session_exec
                # pass ahead of the event handlers, so that things like
                # .load_options, .update_delete_options etc. are populated.
                # is_pre_event=True allows the hook to hold off on things
                # it doesn't want to do twice, including autoflush as well
                # as "pre fetch" for DML, etc.
                (
                    statement,
                    execution_options,
                ) = compile_state_cls.orm_pre_session_exec(
                    self,
                    statement,
                    params,
                    execution_options,
                    bind_arguments,
                    True,
                )
    
            orm_exec_state = ORMExecuteState(
                self,
                statement,
                params,
                execution_options,
                bind_arguments,
                compile_state_cls,
                events_todo,
            )
            for idx, fn in enumerate(events_todo):
                orm_exec_state._starting_event_idx = idx
                fn_result: Optional[Result[Any]] = fn(orm_exec_state)
                if fn_result:
                    if _scalar_result:
                        return fn_result.scalar()
                    else:
                        return fn_result
    
            statement = orm_exec_state.statement
            execution_options = orm_exec_state.local_execution_options
    
        if compile_state_cls is not None:
            # now run orm_pre_session_exec() "for real".   if there were
            # event hooks, this will re-run the steps that interpret
            # new execution_options into load_options / update_delete_options,
            # which we assume the event hook might have updated.
            # autoflush will also be invoked in this step if enabled.
            (
                statement,
                execution_options,
            ) = compile_state_cls.orm_pre_session_exec(
                self,
                statement,
                params,
                execution_options,
                bind_arguments,
                False,
            )
    
        bind = self.get_bind(**bind_arguments)
    
        conn = self._connection_for_bind(bind)
    
        if _scalar_result and not compile_state_cls:
            if TYPE_CHECKING:
                params = cast(_CoreSingleExecuteParams, params)
            return conn.scalar(
                statement, params or {}, execution_options=execution_options
            )
    
        if compile_state_cls:
>           result: Result[Any] = compile_state_cls.orm_execute_statement(
                self,
                statement,
                params or {},
                execution_options,
                bind_arguments,
                conn,
            )

..\..\AppData\Roaming\Python\Python313\site-packages\sqlalchemy\orm\session.py:2249: 
_ _ _ _ _ _ _ _ _ _ _ _ _ _ _ _ _ _ _ _ _ _ _ _ _ _ _ _ _ _ _ _ _ _ _ _ _ _ _ _

cls = <class 'sqlalchemy.orm.context.ORMSelectCompileState'>
session = <sqlalchemy.orm.session.Session object at 0x0000022A9FC6D250>
statement = <sqlalchemy.sql.selectable.Select object at 0x0000022AA0E2DB80>
params = {}
execution_options = immutabledict({'prebuffer_rows': True, '_result_disable_adapt_to_context': True})
bind_arguments = {'clause': <sqlalchemy.sql.selectable.Select object at 0x0000022AA0E2DB80>, 'mapper': <Mapper at 0x22a9ef59450; CalendarEvent>}
conn = <sqlalchemy.engine.base.Connection object at 0x0000022A9FC65550>

    @classmethod
    def orm_execute_statement(
        cls,
        session,
        statement,
        params,
        execution_options,
        bind_arguments,
        conn,
    ) -> Result:
>       result = conn.execute(
            statement, params or {}, execution_options=execution_options
        )

..\..\AppData\Roaming\Python\Python313\site-packages\sqlalchemy\orm\context.py:306: 
_ _ _ _ _ _ _ _ _ _ _ _ _ _ _ _ _ _ _ _ _ _ _ _ _ _ _ _ _ _ _ _ _ _ _ _ _ _ _ _

self = <sqlalchemy.engine.base.Connection object at 0x0000022A9FC65550>
statement = <sqlalchemy.sql.selectable.Select object at 0x0000022AA0E2DB80>
parameters = {}

    def execute(
        self,
        statement: Executable,
        parameters: Optional[_CoreAnyExecuteParams] = None,
        *,
        execution_options: Optional[CoreExecuteOptionsParameter] = None,
    ) -> CursorResult[Any]:
        r"""Executes a SQL statement construct and returns a
        :class:`_engine.CursorResult`.
    
        :param statement: The statement to be executed.  This is always
         an object that is in both the :class:`_expression.ClauseElement` and
         :class:`_expression.Executable` hierarchies, including:
    
         * :class:`_expression.Select`
         * :class:`_expression.Insert`, :class:`_expression.Update`,
           :class:`_expression.Delete`
         * :class:`_expression.TextClause` and
           :class:`_expression.TextualSelect`
         * :class:`_schema.DDL` and objects which inherit from
           :class:`_schema.ExecutableDDLElement`
    
        :param parameters: parameters which will be bound into the statement.
         This may be either a dictionary of parameter names to values,
         or a mutable sequence (e.g. a list) of dictionaries.  When a
         list of dictionaries is passed, the underlying statement execution
         will make use of the DBAPI ``cursor.executemany()`` method.
         When a single dictionary is passed, the DBAPI ``cursor.execute()``
         method will be used.
    
        :param execution_options: optional dictionary of execution options,
         which will be associated with the statement execution.  This
         dictionary can provide a subset of the options that are accepted
         by :meth:`_engine.Connection.execution_options`.
    
        :return: a :class:`_engine.Result` object.
    
        """
        distilled_parameters = _distill_params_20(parameters)
        try:
            meth = statement._execute_on_connection
        except AttributeError as err:
            raise exc.ObjectNotExecutableError(statement) from err
        else:
>           return meth(
                self,
                distilled_parameters,
                execution_options or NO_OPTIONS,
            )

..\..\AppData\Roaming\Python\Python313\site-packages\sqlalchemy\engine\base.py:1419: 
_ _ _ _ _ _ _ _ _ _ _ _ _ _ _ _ _ _ _ _ _ _ _ _ _ _ _ _ _ _ _ _ _ _ _ _ _ _ _ _

self = <sqlalchemy.sql.selectable.Select object at 0x0000022AA0E2DB80>
connection = <sqlalchemy.engine.base.Connection object at 0x0000022A9FC65550>
distilled_params = [{}]
execution_options = immutabledict({'prebuffer_rows': True, '_result_disable_adapt_to_context': True})

    def _execute_on_connection(
        self,
        connection: Connection,
        distilled_params: _CoreMultiExecuteParams,
        execution_options: CoreExecuteOptionsParameter,
    ) -> Result[Any]:
        if self.supports_execution:
            if TYPE_CHECKING:
                assert isinstance(self, Executable)
>           return connection._execute_clauseelement(
                self, distilled_params, execution_options
            )

..\..\AppData\Roaming\Python\Python313\site-packages\sqlalchemy\sql\elements.py:527: 
_ _ _ _ _ _ _ _ _ _ _ _ _ _ _ _ _ _ _ _ _ _ _ _ _ _ _ _ _ _ _ _ _ _ _ _ _ _ _ _

self = <sqlalchemy.engine.base.Connection object at 0x0000022A9FC65550>
elem = <sqlalchemy.sql.selectable.Select object at 0x0000022AA0E2DB80>
distilled_parameters = [{}]
execution_options = immutabledict({'prebuffer_rows': True, '_result_disable_adapt_to_context': True})

    def _execute_clauseelement(
        self,
        elem: Executable,
        distilled_parameters: _CoreMultiExecuteParams,
        execution_options: CoreExecuteOptionsParameter,
    ) -> CursorResult[Any]:
        """Execute a sql.ClauseElement object."""
    
        execution_options = elem._execution_options.merge_with(
            self._execution_options, execution_options
        )
    
        has_events = self._has_events or self.engine._has_events
        if has_events:
            (
                elem,
                distilled_parameters,
                event_multiparams,
                event_params,
            ) = self._invoke_before_exec_event(
                elem, distilled_parameters, execution_options
            )
    
        if distilled_parameters:
            # ensure we don't retain a link to the view object for keys()
            # which links to the values, which we don't want to cache
            keys = sorted(distilled_parameters[0])
            for_executemany = len(distilled_parameters) > 1
        else:
            keys = []
            for_executemany = False
    
        dialect = self.dialect
    
        schema_translate_map = execution_options.get(
            "schema_translate_map", None
        )
    
        compiled_cache: Optional[CompiledCacheType] = execution_options.get(
            "compiled_cache", self.engine._compiled_cache
        )
    
        compiled_sql, extracted_params, cache_hit = elem._compile_w_cache(
            dialect=dialect,
            compiled_cache=compiled_cache,
            column_keys=keys,
            for_executemany=for_executemany,
            schema_translate_map=schema_translate_map,
            linting=self.dialect.compiler_linting | compiler.WARN_LINTING,
        )
>       ret = self._execute_context(
            dialect,
            dialect.execution_ctx_cls._init_compiled,
            compiled_sql,
            distilled_parameters,
            execution_options,
            compiled_sql,
            distilled_parameters,
            elem,
            extracted_params,
            cache_hit=cache_hit,
        )

..\..\AppData\Roaming\Python\Python313\site-packages\sqlalchemy\engine\base.py:1641: 
_ _ _ _ _ _ _ _ _ _ _ _ _ _ _ _ _ _ _ _ _ _ _ _ _ _ _ _ _ _ _ _ _ _ _ _ _ _ _ _

self = <sqlalchemy.engine.base.Connection object at 0x0000022A9FC65550>
dialect = <sqlalchemy.dialects.sqlite.aiosqlite.SQLiteDialect_aiosqlite object at 0x0000022A9EF82F90>
constructor = <bound method DefaultExecutionContext._init_compiled of <class 'sqlalchemy.dialects.sqlite.aiosqlite.SQLiteExecutionContext_aiosqlite'>>
statement = <sqlalchemy.dialects.sqlite.base.SQLiteCompiler object at 0x0000022AA0E39450>
parameters = [{}]
execution_options = immutabledict({'prebuffer_rows': True, '_result_disable_adapt_to_context': True})
args = (<sqlalchemy.dialects.sqlite.base.SQLiteCompiler object at 0x0000022AA0E39450>, [{}], <sqlalchemy.sql.selectable.Selec..., tzinfo=datetime.timezone.utc), type_=DateTime()), _OffsetLimitParam('%(2382111149264 param)s', 10, type_=Integer())])
kw = {'cache_hit': <CacheStats.CACHE_MISS: 1>}, yp = None
conn = <sqlalchemy.pool.base._ConnectionFairy object at 0x0000022AA1B52990>
context = <sqlalchemy.dialects.sqlite.aiosqlite.SQLiteExecutionContext_aiosqlite object at 0x0000022A9FBE59B0>

    def _execute_context(
        self,
        dialect: Dialect,
        constructor: Callable[..., ExecutionContext],
        statement: Union[str, Compiled],
        parameters: Optional[_AnyMultiExecuteParams],
        execution_options: _ExecuteOptions,
        *args: Any,
        **kw: Any,
    ) -> CursorResult[Any]:
        """Create an :class:`.ExecutionContext` and execute, returning
        a :class:`_engine.CursorResult`."""
    
        if execution_options:
            yp = execution_options.get("yield_per", None)
            if yp:
                execution_options = execution_options.union(
                    {"stream_results": True, "max_row_buffer": yp}
                )
        try:
            conn = self._dbapi_connection
            if conn is None:
                conn = self._revalidate_connection()
    
            context = constructor(
                dialect, self, conn, execution_options, *args, **kw
            )
        except (exc.PendingRollbackError, exc.ResourceClosedError):
            raise
        except BaseException as e:
            self._handle_dbapi_exception(
                e, str(statement), parameters, None, None
            )
    
        if (
            self._transaction
            and not self._transaction.is_active
            or (
                self._nested_transaction
                and not self._nested_transaction.is_active
            )
        ):
            self._invalid_transaction()
    
        elif self._trans_context_manager:
            TransactionalContext._trans_ctx_check(self)
    
        if self._transaction is None:
            self._autobegin()
    
        context.pre_exec()
    
        if context.execute_style is ExecuteStyle.INSERTMANYVALUES:
            return self._exec_insertmany_context(dialect, context)
        else:
>           return self._exec_single_context(
                dialect, context, statement, parameters
            )

..\..\AppData\Roaming\Python\Python313\site-packages\sqlalchemy\engine\base.py:1846: 
_ _ _ _ _ _ _ _ _ _ _ _ _ _ _ _ _ _ _ _ _ _ _ _ _ _ _ _ _ _ _ _ _ _ _ _ _ _ _ _

self = <sqlalchemy.engine.base.Connection object at 0x0000022A9FC65550>
dialect = <sqlalchemy.dialects.sqlite.aiosqlite.SQLiteDialect_aiosqlite object at 0x0000022A9EF82F90>
context = <sqlalchemy.dialects.sqlite.aiosqlite.SQLiteExecutionContext_aiosqlite object at 0x0000022A9FBE59B0>
statement = <sqlalchemy.dialects.sqlite.base.SQLiteCompiler object at 0x0000022AA0E39450>
parameters = [('2026-04-05 17:53:22.414421', '2026-04-12 17:53:22.414434', 10, 0)]

    def _exec_single_context(
        self,
        dialect: Dialect,
        context: ExecutionContext,
        statement: Union[str, Compiled],
        parameters: Optional[_AnyMultiExecuteParams],
    ) -> CursorResult[Any]:
        """continue the _execute_context() method for a single DBAPI
        cursor.execute() or cursor.executemany() call.
    
        """
        if dialect.bind_typing is BindTyping.SETINPUTSIZES:
            generic_setinputsizes = context._prepare_set_input_sizes()
    
            if generic_setinputsizes:
                try:
                    dialect.do_set_input_sizes(
                        context.cursor, generic_setinputsizes, context
                    )
                except BaseException as e:
                    self._handle_dbapi_exception(
                        e, str(statement), parameters, None, context
                    )
    
        cursor, str_statement, parameters = (
            context.cursor,
            context.statement,
            context.parameters,
        )
    
        effective_parameters: Optional[_AnyExecuteParams]
    
        if not context.executemany:
            effective_parameters = parameters[0]
        else:
            effective_parameters = parameters
    
        if self._has_events or self.engine._has_events:
            for fn in self.dispatch.before_cursor_execute:
                str_statement, effective_parameters = fn(
                    self,
                    cursor,
                    str_statement,
                    effective_parameters,
                    context,
                    context.executemany,
                )
    
        if self._echo:
            self._log_info(str_statement)
    
            stats = context._get_cache_stats()
    
            if not self.engine.hide_parameters:
                self._log_info(
                    "[%s] %r",
                    stats,
                    sql_util._repr_params(
                        effective_parameters,
                        batches=10,
                        ismulti=context.executemany,
                    ),
                )
            else:
                self._log_info(
                    "[%s] [SQL parameters hidden due to hide_parameters=True]",
                    stats,
                )
    
        evt_handled: bool = False
        try:
            if context.execute_style is ExecuteStyle.EXECUTEMANY:
                effective_parameters = cast(
                    "_CoreMultiExecuteParams", effective_parameters
                )
                if self.dialect._has_events:
                    for fn in self.dialect.dispatch.do_executemany:
                        if fn(
                            cursor,
                            str_statement,
                            effective_parameters,
                            context,
                        ):
                            evt_handled = True
                            break
                if not evt_handled:
                    self.dialect.do_executemany(
                        cursor,
                        str_statement,
                        effective_parameters,
                        context,
                    )
            elif not effective_parameters and context.no_parameters:
                if self.dialect._has_events:
                    for fn in self.dialect.dispatch.do_execute_no_params:
                        if fn(cursor, str_statement, context):
                            evt_handled = True
                            break
                if not evt_handled:
                    self.dialect.do_execute_no_params(
                        cursor, str_statement, context
                    )
            else:
                effective_parameters = cast(
                    "_CoreSingleExecuteParams", effective_parameters
                )
                if self.dialect._has_events:
                    for fn in self.dialect.dispatch.do_execute:
                        if fn(
                            cursor,
                            str_statement,
                            effective_parameters,
                            context,
                        ):
                            evt_handled = True
                            break
                if not evt_handled:
                    self.dialect.do_execute(
                        cursor, str_statement, effective_parameters, context
                    )
    
            if self._has_events or self.engine._has_events:
                self.dispatch.after_cursor_execute(
                    self,
                    cursor,
                    str_statement,
                    effective_parameters,
                    context,
                    context.executemany,
                )
    
            context.post_exec()
    
            result = context._setup_result_proxy()
    
        except BaseException as e:
>           self._handle_dbapi_exception(
                e, str_statement, effective_parameters, cursor, context
            )

..\..\AppData\Roaming\Python\Python313\site-packages\sqlalchemy\engine\base.py:1986: 
_ _ _ _ _ _ _ _ _ _ _ _ _ _ _ _ _ _ _ _ _ _ _ _ _ _ _ _ _ _ _ _ _ _ _ _ _ _ _ _

self = <sqlalchemy.engine.base.Connection object at 0x0000022A9FC65550>
e = OperationalError('no such table: calendar_events')
statement = 'SELECT calendar_events.id, calendar_events.title, calendar_events.description, calendar_events.start_time, calendar_e..._events.start_time >= ? AND calendar_events.start_time <= ? ORDER BY calendar_events.start_time ASC\n LIMIT ? OFFSET ?'
parameters = ('2026-04-05 17:53:22.414421', '2026-04-12 17:53:22.414434', 10, 0)
cursor = <sqlalchemy.dialects.sqlite.aiosqlite.AsyncAdapt_aiosqlite_cursor object at 0x0000022AA1B3BE20>
context = <sqlalchemy.dialects.sqlite.aiosqlite.SQLiteExecutionContext_aiosqlite object at 0x0000022A9FBE59B0>
is_sub_exec = False

    def _handle_dbapi_exception(
        self,
        e: BaseException,
        statement: Optional[str],
        parameters: Optional[_AnyExecuteParams],
        cursor: Optional[DBAPICursor],
        context: Optional[ExecutionContext],
        is_sub_exec: bool = False,
    ) -> NoReturn:
        exc_info = sys.exc_info()
    
        is_exit_exception = util.is_exit_exception(e)
    
        if not self._is_disconnect:
            self._is_disconnect = (
                isinstance(e, self.dialect.loaded_dbapi.Error)
                and not self.closed
                and self.dialect.is_disconnect(
                    e,
                    self._dbapi_connection if not self.invalidated else None,
                    cursor,
                )
            ) or (is_exit_exception and not self.closed)
    
        invalidate_pool_on_disconnect = not is_exit_exception
    
        ismulti: bool = (
            not is_sub_exec and context.executemany
            if context is not None
            else False
        )
        if self._reentrant_error:
            raise exc.DBAPIError.instance(
                statement,
                parameters,
                e,
                self.dialect.loaded_dbapi.Error,
                hide_parameters=self.engine.hide_parameters,
                dialect=self.dialect,
                ismulti=ismulti,
            ).with_traceback(exc_info[2]) from e
        self._reentrant_error = True
        try:
            # non-DBAPI error - if we already got a context,
            # or there's no string statement, don't wrap it
            should_wrap = isinstance(e, self.dialect.loaded_dbapi.Error) or (
                statement is not None
                and context is None
                and not is_exit_exception
            )
    
            if should_wrap:
                sqlalchemy_exception = exc.DBAPIError.instance(
                    statement,
                    parameters,
                    cast(Exception, e),
                    self.dialect.loaded_dbapi.Error,
                    hide_parameters=self.engine.hide_parameters,
                    connection_invalidated=self._is_disconnect,
                    dialect=self.dialect,
                    ismulti=ismulti,
                )
            else:
                sqlalchemy_exception = None
    
            newraise = None
    
            if (self.dialect._has_events) and not self._execution_options.get(
                "skip_user_error_events", False
            ):
                ctx = ExceptionContextImpl(
                    e,
                    sqlalchemy_exception,
                    self.engine,
                    self.dialect,
                    self,
                    cursor,
                    statement,
                    parameters,
                    context,
                    self._is_disconnect,
                    invalidate_pool_on_disconnect,
                    False,
                )
    
                for fn in self.dialect.dispatch.handle_error:
                    try:
                        # handler returns an exception;
                        # call next handler in a chain
                        per_fn = fn(ctx)
                        if per_fn is not None:
                            ctx.chained_exception = newraise = per_fn
                    except Exception as _raised:
                        # handler raises an exception - stop processing
                        newraise = _raised
                        break
    
                if self._is_disconnect != ctx.is_disconnect:
                    self._is_disconnect = ctx.is_disconnect
                    if sqlalchemy_exception:
                        sqlalchemy_exception.connection_invalidated = (
                            ctx.is_disconnect
                        )
    
                # set up potentially user-defined value for
                # invalidate pool.
                invalidate_pool_on_disconnect = (
                    ctx.invalidate_pool_on_disconnect
                )
    
            if should_wrap and context:
                context.handle_dbapi_exception(e)
    
            if not self._is_disconnect:
                if cursor:
                    self._safe_close_cursor(cursor)
                # "autorollback" was mostly relevant in 1.x series.
                # It's very unlikely to reach here, as the connection
                # does autobegin so when we are here, we are usually
                # in an explicit / semi-explicit transaction.
                # however we have a test which manufactures this
                # scenario in any case using an event handler.
                # test/engine/test_execute.py-> test_actual_autorollback
                if not self.in_transaction():
                    self._rollback_impl()
    
            if newraise:
                raise newraise.with_traceback(exc_info[2]) from e
            elif should_wrap:
                assert sqlalchemy_exception is not None
>               raise sqlalchemy_exception.with_traceback(exc_info[2]) from e

..\..\AppData\Roaming\Python\Python313\site-packages\sqlalchemy\engine\base.py:2363: 
_ _ _ _ _ _ _ _ _ _ _ _ _ _ _ _ _ _ _ _ _ _ _ _ _ _ _ _ _ _ _ _ _ _ _ _ _ _ _ _

self = <sqlalchemy.engine.base.Connection object at 0x0000022A9FC65550>
dialect = <sqlalchemy.dialects.sqlite.aiosqlite.SQLiteDialect_aiosqlite object at 0x0000022A9EF82F90>
context = <sqlalchemy.dialects.sqlite.aiosqlite.SQLiteExecutionContext_aiosqlite object at 0x0000022A9FBE59B0>
statement = <sqlalchemy.dialects.sqlite.base.SQLiteCompiler object at 0x0000022AA0E39450>
parameters = [('2026-04-05 17:53:22.414421', '2026-04-12 17:53:22.414434', 10, 0)]

    def _exec_single_context(
        self,
        dialect: Dialect,
        context: ExecutionContext,
        statement: Union[str, Compiled],
        parameters: Optional[_AnyMultiExecuteParams],
    ) -> CursorResult[Any]:
        """continue the _execute_context() method for a single DBAPI
        cursor.execute() or cursor.executemany() call.
    
        """
        if dialect.bind_typing is BindTyping.SETINPUTSIZES:
            generic_setinputsizes = context._prepare_set_input_sizes()
    
            if generic_setinputsizes:
                try:
                    dialect.do_set_input_sizes(
                        context.cursor, generic_setinputsizes, context
                    )
                except BaseException as e:
                    self._handle_dbapi_exception(
                        e, str(statement), parameters, None, context
                    )
    
        cursor, str_statement, parameters = (
            context.cursor,
            context.statement,
            context.parameters,
        )
    
        effective_parameters: Optional[_AnyExecuteParams]
    
        if not context.executemany:
            effective_parameters = parameters[0]
        else:
            effective_parameters = parameters
    
        if self._has_events or self.engine._has_events:
            for fn in self.dispatch.before_cursor_execute:
                str_statement, effective_parameters = fn(
                    self,
                    cursor,
                    str_statement,
                    effective_parameters,
                    context,
                    context.executemany,
                )
    
        if self._echo:
            self._log_info(str_statement)
    
            stats = context._get_cache_stats()
    
            if not self.engine.hide_parameters:
                self._log_info(
                    "[%s] %r",
                    stats,
                    sql_util._repr_params(
                        effective_parameters,
                        batches=10,
                        ismulti=context.executemany,
                    ),
                )
            else:
                self._log_info(
                    "[%s] [SQL parameters hidden due to hide_parameters=True]",
                    stats,
                )
    
        evt_handled: bool = False
        try:
            if context.execute_style is ExecuteStyle.EXECUTEMANY:
                effective_parameters = cast(
                    "_CoreMultiExecuteParams", effective_parameters
                )
                if self.dialect._has_events:
                    for fn in self.dialect.dispatch.do_executemany:
                        if fn(
                            cursor,
                            str_statement,
                            effective_parameters,
                            context,
                        ):
                            evt_handled = True
                            break
                if not evt_handled:
                    self.dialect.do_executemany(
                        cursor,
                        str_statement,
                        effective_parameters,
                        context,
                    )
            elif not effective_parameters and context.no_parameters:
                if self.dialect._has_events:
                    for fn in self.dialect.dispatch.do_execute_no_params:
                        if fn(cursor, str_statement, context):
                            evt_handled = True
                            break
                if not evt_handled:
                    self.dialect.do_execute_no_params(
                        cursor, str_statement, context
                    )
            else:
                effective_parameters = cast(
                    "_CoreSingleExecuteParams", effective_parameters
                )
                if self.dialect._has_events:
                    for fn in self.dialect.dispatch.do_execute:
                        if fn(
                            cursor,
                            str_statement,
                            effective_parameters,
                            context,
                        ):
                            evt_handled = True
                            break
                if not evt_handled:
>                   self.dialect.do_execute(
                        cursor, str_statement, effective_parameters, context
                    )

..\..\AppData\Roaming\Python\Python313\site-packages\sqlalchemy\engine\base.py:1967: 
_ _ _ _ _ _ _ _ _ _ _ _ _ _ _ _ _ _ _ _ _ _ _ _ _ _ _ _ _ _ _ _ _ _ _ _ _ _ _ _

self = <sqlalchemy.dialects.sqlite.aiosqlite.SQLiteDialect_aiosqlite object at 0x0000022A9EF82F90>
cursor = <sqlalchemy.dialects.sqlite.aiosqlite.AsyncAdapt_aiosqlite_cursor object at 0x0000022AA1B3BE20>
statement = 'SELECT calendar_events.id, calendar_events.title, calendar_events.description, calendar_events.start_time, calendar_e..._events.start_time >= ? AND calendar_events.start_time <= ? ORDER BY calendar_events.start_time ASC\n LIMIT ? OFFSET ?'
parameters = ('2026-04-05 17:53:22.414421', '2026-04-12 17:53:22.414434', 10, 0)
context = <sqlalchemy.dialects.sqlite.aiosqlite.SQLiteExecutionContext_aiosqlite object at 0x0000022A9FBE59B0>

    def do_execute(self, cursor, statement, parameters, context=None):
>       cursor.execute(statement, parameters)

..\..\AppData\Roaming\Python\Python313\site-packages\sqlalchemy\engine\default.py:952: 
_ _ _ _ _ _ _ _ _ _ _ _ _ _ _ _ _ _ _ _ _ _ _ _ _ _ _ _ _ _ _ _ _ _ _ _ _ _ _ _

self = <sqlalchemy.dialects.sqlite.aiosqlite.AsyncAdapt_aiosqlite_cursor object at 0x0000022AA1B3BE20>
operation = 'SELECT calendar_events.id, calendar_events.title, calendar_events.description, calendar_events.start_time, calendar_e..._events.start_time >= ? AND calendar_events.start_time <= ? ORDER BY calendar_events.start_time ASC\n LIMIT ? OFFSET ?'
parameters = ('2026-04-05 17:53:22.414421', '2026-04-12 17:53:22.414434', 10, 0)

    def execute(
        self,
        operation: Any,
        parameters: Optional[_DBAPISingleExecuteParams] = None,
    ) -> Any:
    
        try:
            _cursor: AsyncIODBAPICursor = self.await_(self._connection.cursor())  # type: ignore[arg-type] # noqa: E501
    
            if parameters is None:
                self.await_(_cursor.execute(operation))
            else:
                self.await_(_cursor.execute(operation, parameters))
    
            if _cursor.description:
                self.description = _cursor.description
                self.lastrowid = self.rowcount = -1
    
                if not self.server_side:
                    self._rows = deque(self.await_(_cursor.fetchall()))
            else:
                self.description = None
                self.lastrowid = _cursor.lastrowid
                self.rowcount = _cursor.rowcount
    
            if not self.server_side:
                self.await_(_cursor.close())
            else:
                self._cursor = _cursor  # type: ignore[misc]
        except Exception as error:
>           self._adapt_connection._handle_exception(error)

..\..\AppData\Roaming\Python\Python313\site-packages\sqlalchemy\dialects\sqlite\aiosqlite.py:182: 
_ _ _ _ _ _ _ _ _ _ _ _ _ _ _ _ _ _ _ _ _ _ _ _ _ _ _ _ _ _ _ _ _ _ _ _ _ _ _ _

self = <AdaptedConnection <aiosqlite.core.Connection object at 0x0000022A9FC0EFD0>>
error = OperationalError('no such table: calendar_events')

    def _handle_exception(self, error: Exception) -> NoReturn:
        if (
            isinstance(error, ValueError)
            and error.args[0] == "no active connection"
        ):
            raise self.dbapi.sqlite.OperationalError(
                "no active connection"
            ) from error
        else:
>           raise error

..\..\AppData\Roaming\Python\Python313\site-packages\sqlalchemy\dialects\sqlite\aiosqlite.py:342: 
_ _ _ _ _ _ _ _ _ _ _ _ _ _ _ _ _ _ _ _ _ _ _ _ _ _ _ _ _ _ _ _ _ _ _ _ _ _ _ _

self = <sqlalchemy.dialects.sqlite.aiosqlite.AsyncAdapt_aiosqlite_cursor object at 0x0000022AA1B3BE20>
operation = 'SELECT calendar_events.id, calendar_events.title, calendar_events.description, calendar_events.start_time, calendar_e..._events.start_time >= ? AND calendar_events.start_time <= ? ORDER BY calendar_events.start_time ASC\n LIMIT ? OFFSET ?'
parameters = ('2026-04-05 17:53:22.414421', '2026-04-12 17:53:22.414434', 10, 0)

    def execute(
        self,
        operation: Any,
        parameters: Optional[_DBAPISingleExecuteParams] = None,
    ) -> Any:
    
        try:
            _cursor: AsyncIODBAPICursor = self.await_(self._connection.cursor())  # type: ignore[arg-type] # noqa: E501
    
            if parameters is None:
                self.await_(_cursor.execute(operation))
            else:
>               self.await_(_cursor.execute(operation, parameters))

..\..\AppData\Roaming\Python\Python313\site-packages\sqlalchemy\dialects\sqlite\aiosqlite.py:164: 
_ _ _ _ _ _ _ _ _ _ _ _ _ _ _ _ _ _ _ _ _ _ _ _ _ _ _ _ _ _ _ _ _ _ _ _ _ _ _ _

awaitable = <coroutine object Cursor.execute at 0x0000022AA1CFEEA0>

    def await_only(awaitable: Awaitable[_T]) -> _T:
        """Awaits an async function in a sync method.
    
        The sync method must be inside a :func:`greenlet_spawn` context.
        :func:`await_only` calls cannot be nested.
    
        :param awaitable: The coroutine to call.
    
        """
        # this is called in the context greenlet while running fn
        current = getcurrent()
        if not getattr(current, "__sqlalchemy_greenlet_provider__", False):
            _safe_cancel_awaitable(awaitable)
    
            raise exc.MissingGreenlet(
                "greenlet_spawn has not been called; can't call await_only() "
                "here. Was IO attempted in an unexpected place?"
            )
    
        # returns the control to the driver greenlet passing it
        # a coroutine to run. Once the awaitable is done, the driver greenlet
        # switches back to this greenlet with the result of awaitable that is
        # then returned to the caller (or raised as error)
>       return current.parent.switch(awaitable)  # type: ignore[no-any-return,attr-defined] # noqa: E501
               ^^^^^^^^^^^^^^^^^^^^^^^^^^^^^^^^

..\..\AppData\Roaming\Python\Python313\site-packages\sqlalchemy\util\_concurrency_py3k.py:132: 
_ _ _ _ _ _ _ _ _ _ _ _ _ _ _ _ _ _ _ _ _ _ _ _ _ _ _ _ _ _ _ _ _ _ _ _ _ _ _ _

fn = <bound method Session.execute of <sqlalchemy.orm.session.Session object at 0x0000022A9FC6D250>>
_require_await = False
args = (<sqlalchemy.sql.selectable.Select object at 0x0000022AA0E2DB80>,)
kwargs = {'bind_arguments': None, 'execution_options': immutabledict({'prebuffer_rows': True}), 'params': None}
context = <_AsyncIoGreenlet object at 0x0000022AA1AD66C0 (otid=0x0000022A9E4E1470) dead>
switch_occurred = True
result = <coroutine object Cursor.execute at 0x0000022AA1CFEEA0>
value = <aiosqlite.cursor.Cursor object at 0x0000022AA1B3BE90>

    async def greenlet_spawn(
        fn: Callable[..., _T],
        *args: Any,
        _require_await: bool = False,
        **kwargs: Any,
    ) -> _T:
        """Runs a sync function ``fn`` in a new greenlet.
    
        The sync function can then use :func:`await_only` to wait for async
        functions.
    
        :param fn: The sync callable to call.
        :param \\*args: Positional arguments to pass to the ``fn`` callable.
        :param \\*\\*kwargs: Keyword arguments to pass to the ``fn`` callable.
        """
    
        result: Any
        context = _AsyncIoGreenlet(fn, getcurrent())
        # runs the function synchronously in gl greenlet. If the execution
        # is interrupted by await_only, context is not dead and result is a
        # coroutine to wait. If the context is dead the function has
        # returned, and its result can be returned.
        switch_occurred = False
        result = context.switch(*args, **kwargs)
        while not context.dead:
            switch_occurred = True
            try:
                # wait for a coroutine from await_only and then return its
                # result back to it.
>               value = await result
                        ^^^^^^^^^^^^

..\..\AppData\Roaming\Python\Python313\site-packages\sqlalchemy\util\_concurrency_py3k.py:196: 
_ _ _ _ _ _ _ _ _ _ _ _ _ _ _ _ _ _ _ _ _ _ _ _ _ _ _ _ _ _ _ _ _ _ _ _ _ _ _ _

self = <aiosqlite.cursor.Cursor object at 0x0000022AA1B3BE90>
sql = 'SELECT calendar_events.id, calendar_events.title, calendar_events.description, calendar_events.start_time, calendar_e..._events.start_time >= ? AND calendar_events.start_time <= ? ORDER BY calendar_events.start_time ASC\n LIMIT ? OFFSET ?'
parameters = ('2026-04-05 17:53:22.414421', '2026-04-12 17:53:22.414434', 10, 0)

    async def execute(
        self, sql: str, parameters: Optional[Iterable[Any]] = None
    ) -> "Cursor":
        """Execute the given query."""
        if parameters is None:
            parameters = []
>       await self._execute(self._cursor.execute, sql, parameters)

..\..\AppData\Roaming\Python\Python313\site-packages\aiosqlite\cursor.py:40: 
_ _ _ _ _ _ _ _ _ _ _ _ _ _ _ _ _ _ _ _ _ _ _ _ _ _ _ _ _ _ _ _ _ _ _ _ _ _ _ _

self = <aiosqlite.cursor.Cursor object at 0x0000022AA1B3BE90>
fn = <built-in method execute of sqlite3.Cursor object at 0x0000022AA0D8CD40>
args = ('SELECT calendar_events.id, calendar_events.title, calendar_events.description, calendar_events.start_time, calendar_...alendar_events.start_time ASC\n LIMIT ? OFFSET ?', ('2026-04-05 17:53:22.414421', '2026-04-12 17:53:22.414434', 10, 0))
kwargs = {}

    async def _execute(self, fn, *args, **kwargs):
        """Execute the given function on the shared connection's thread."""
>       return await self._conn._execute(fn, *args, **kwargs)
               ^^^^^^^^^^^^^^^^^^^^^^^^^^^^^^^^^^^^^^^^^^^^^^

..\..\AppData\Roaming\Python\Python313\site-packages\aiosqlite\cursor.py:32: 
_ _ _ _ _ _ _ _ _ _ _ _ _ _ _ _ _ _ _ _ _ _ _ _ _ _ _ _ _ _ _ _ _ _ _ _ _ _ _ _

self = <aiosqlite.core.Connection object at 0x0000022A9FC0EFD0>
fn = <built-in method execute of sqlite3.Cursor object at 0x0000022AA0D8CD40>
args = ('SELECT calendar_events.id, calendar_events.title, calendar_events.description, calendar_events.start_time, calendar_...alendar_events.start_time ASC\n LIMIT ? OFFSET ?', ('2026-04-05 17:53:22.414421', '2026-04-12 17:53:22.414434', 10, 0))
kwargs = {}
function = functools.partial(<built-in method execute of sqlite3.Cursor object at 0x0000022AA0D8CD40>, 'SELECT calendar_events.id...alendar_events.start_time ASC\n LIMIT ? OFFSET ?', ('2026-04-05 17:53:22.414421', '2026-04-12 17:53:22.414434', 10, 0))
future = <Future finished exception=OperationalError('no such table: calendar_events')>

    async def _execute(self, fn, *args, **kwargs):
        """Queue a function with the given arguments for execution."""
        if not self._running or not self._connection:
            raise ValueError("Connection closed")
    
        function = partial(fn, *args, **kwargs)
        future = asyncio.get_event_loop().create_future()
    
        self._tx.put_nowait((future, function))
    
>       return await future
               ^^^^^^^^^^^^

..\..\AppData\Roaming\Python\Python313\site-packages\aiosqlite\core.py:160: 
_ _ _ _ _ _ _ _ _ _ _ _ _ _ _ _ _ _ _ _ _ _ _ _ _ _ _ _ _ _ _ _ _ _ _ _ _ _ _ _

tx = <_queue.SimpleQueue object at 0x0000022A9FC19960>

    def _connection_worker_thread(tx: _TxQueue):
        """
        Execute function calls on a separate thread.
    
        :meta private:
        """
        while True:
            # Continues running until all queue items are processed,
            # even after connection is closed (so we can finalize all
            # futures)
    
            future, function = tx.get()
    
            try:
                LOG.debug("executing %s", function)
>               result = function()
                         ^^^^^^^^^^
E               sqlalchemy.exc.OperationalError: (sqlite3.OperationalError) no such table: calendar_events
E               [SQL: SELECT calendar_events.id, calendar_events.title, calendar_events.description, calendar_events.start_time, calendar_events.end_time, calendar_events.location, calendar_events.attendees, calendar_events.is_recurring, calendar_events.recurrence_rule, calendar_events.created_at, calendar_events.updated_at 
E               FROM calendar_events 
E               WHERE calendar_events.start_time >= ? AND calendar_events.start_time <= ? ORDER BY calendar_events.start_time ASC
E                LIMIT ? OFFSET ?]
E               [parameters: ('2026-04-05 17:53:22.414421', '2026-04-12 17:53:22.414434', 10, 0)]
E               (Background on this error at: https://sqlalche.me/e/20/e3q8)

..\..\AppData\Roaming\Python\Python313\site-packages\aiosqlite\core.py:63: OperationalError
____________________ test_calendar_mcp_check_availability _____________________

self = <sqlalchemy.engine.base.Connection object at 0x0000022AA0E2E8A0>
dialect = <sqlalchemy.dialects.sqlite.aiosqlite.SQLiteDialect_aiosqlite object at 0x0000022A9EF82F90>
context = <sqlalchemy.dialects.sqlite.aiosqlite.SQLiteExecutionContext_aiosqlite object at 0x0000022A9FCE43D0>
statement = <sqlalchemy.dialects.sqlite.base.SQLiteCompiler object at 0x0000022AA0E39450>
parameters = [('2026-05-05 17:53:23.065864', '2026-05-05 18:53:23.065879', 50, 0)]

    def _exec_single_context(
        self,
        dialect: Dialect,
        context: ExecutionContext,
        statement: Union[str, Compiled],
        parameters: Optional[_AnyMultiExecuteParams],
    ) -> CursorResult[Any]:
        """continue the _execute_context() method for a single DBAPI
        cursor.execute() or cursor.executemany() call.
    
        """
        if dialect.bind_typing is BindTyping.SETINPUTSIZES:
            generic_setinputsizes = context._prepare_set_input_sizes()
    
            if generic_setinputsizes:
                try:
                    dialect.do_set_input_sizes(
                        context.cursor, generic_setinputsizes, context
                    )
                except BaseException as e:
                    self._handle_dbapi_exception(
                        e, str(statement), parameters, None, context
                    )
    
        cursor, str_statement, parameters = (
            context.cursor,
            context.statement,
            context.parameters,
        )
    
        effective_parameters: Optional[_AnyExecuteParams]
    
        if not context.executemany:
            effective_parameters = parameters[0]
        else:
            effective_parameters = parameters
    
        if self._has_events or self.engine._has_events:
            for fn in self.dispatch.before_cursor_execute:
                str_statement, effective_parameters = fn(
                    self,
                    cursor,
                    str_statement,
                    effective_parameters,
                    context,
                    context.executemany,
                )
    
        if self._echo:
            self._log_info(str_statement)
    
            stats = context._get_cache_stats()
    
            if not self.engine.hide_parameters:
                self._log_info(
                    "[%s] %r",
                    stats,
                    sql_util._repr_params(
                        effective_parameters,
                        batches=10,
                        ismulti=context.executemany,
                    ),
                )
            else:
                self._log_info(
                    "[%s] [SQL parameters hidden due to hide_parameters=True]",
                    stats,
                )
    
        evt_handled: bool = False
        try:
            if context.execute_style is ExecuteStyle.EXECUTEMANY:
                effective_parameters = cast(
                    "_CoreMultiExecuteParams", effective_parameters
                )
                if self.dialect._has_events:
                    for fn in self.dialect.dispatch.do_executemany:
                        if fn(
                            cursor,
                            str_statement,
                            effective_parameters,
                            context,
                        ):
                            evt_handled = True
                            break
                if not evt_handled:
                    self.dialect.do_executemany(
                        cursor,
                        str_statement,
                        effective_parameters,
                        context,
                    )
            elif not effective_parameters and context.no_parameters:
                if self.dialect._has_events:
                    for fn in self.dialect.dispatch.do_execute_no_params:
                        if fn(cursor, str_statement, context):
                            evt_handled = True
                            break
                if not evt_handled:
                    self.dialect.do_execute_no_params(
                        cursor, str_statement, context
                    )
            else:
                effective_parameters = cast(
                    "_CoreSingleExecuteParams", effective_parameters
                )
                if self.dialect._has_events:
                    for fn in self.dialect.dispatch.do_execute:
                        if fn(
                            cursor,
                            str_statement,
                            effective_parameters,
                            context,
                        ):
                            evt_handled = True
                            break
                if not evt_handled:
>                   self.dialect.do_execute(
                        cursor, str_statement, effective_parameters, context
                    )

..\..\AppData\Roaming\Python\Python313\site-packages\sqlalchemy\engine\base.py:1967: 
_ _ _ _ _ _ _ _ _ _ _ _ _ _ _ _ _ _ _ _ _ _ _ _ _ _ _ _ _ _ _ _ _ _ _ _ _ _ _ _

self = <sqlalchemy.dialects.sqlite.aiosqlite.SQLiteDialect_aiosqlite object at 0x0000022A9EF82F90>
cursor = <sqlalchemy.dialects.sqlite.aiosqlite.AsyncAdapt_aiosqlite_cursor object at 0x0000022AA1B45AE0>
statement = 'SELECT calendar_events.id, calendar_events.title, calendar_events.description, calendar_events.start_time, calendar_e..._events.start_time >= ? AND calendar_events.start_time <= ? ORDER BY calendar_events.start_time ASC\n LIMIT ? OFFSET ?'
parameters = ('2026-05-05 17:53:23.065864', '2026-05-05 18:53:23.065879', 50, 0)
context = <sqlalchemy.dialects.sqlite.aiosqlite.SQLiteExecutionContext_aiosqlite object at 0x0000022A9FCE43D0>

    def do_execute(self, cursor, statement, parameters, context=None):
>       cursor.execute(statement, parameters)

..\..\AppData\Roaming\Python\Python313\site-packages\sqlalchemy\engine\default.py:952: 
_ _ _ _ _ _ _ _ _ _ _ _ _ _ _ _ _ _ _ _ _ _ _ _ _ _ _ _ _ _ _ _ _ _ _ _ _ _ _ _

self = <sqlalchemy.dialects.sqlite.aiosqlite.AsyncAdapt_aiosqlite_cursor object at 0x0000022AA1B45AE0>
operation = 'SELECT calendar_events.id, calendar_events.title, calendar_events.description, calendar_events.start_time, calendar_e..._events.start_time >= ? AND calendar_events.start_time <= ? ORDER BY calendar_events.start_time ASC\n LIMIT ? OFFSET ?'
parameters = ('2026-05-05 17:53:23.065864', '2026-05-05 18:53:23.065879', 50, 0)

    def execute(
        self,
        operation: Any,
        parameters: Optional[_DBAPISingleExecuteParams] = None,
    ) -> Any:
    
        try:
            _cursor: AsyncIODBAPICursor = self.await_(self._connection.cursor())  # type: ignore[arg-type] # noqa: E501
    
            if parameters is None:
                self.await_(_cursor.execute(operation))
            else:
                self.await_(_cursor.execute(operation, parameters))
    
            if _cursor.description:
                self.description = _cursor.description
                self.lastrowid = self.rowcount = -1
    
                if not self.server_side:
                    self._rows = deque(self.await_(_cursor.fetchall()))
            else:
                self.description = None
                self.lastrowid = _cursor.lastrowid
                self.rowcount = _cursor.rowcount
    
            if not self.server_side:
                self.await_(_cursor.close())
            else:
                self._cursor = _cursor  # type: ignore[misc]
        except Exception as error:
>           self._adapt_connection._handle_exception(error)

..\..\AppData\Roaming\Python\Python313\site-packages\sqlalchemy\dialects\sqlite\aiosqlite.py:182: 
_ _ _ _ _ _ _ _ _ _ _ _ _ _ _ _ _ _ _ _ _ _ _ _ _ _ _ _ _ _ _ _ _ _ _ _ _ _ _ _

self = <AdaptedConnection <aiosqlite.core.Connection object at 0x0000022A9FC0EFD0>>
error = OperationalError('no such table: calendar_events')

    def _handle_exception(self, error: Exception) -> NoReturn:
        if (
            isinstance(error, ValueError)
            and error.args[0] == "no active connection"
        ):
            raise self.dbapi.sqlite.OperationalError(
                "no active connection"
            ) from error
        else:
>           raise error

..\..\AppData\Roaming\Python\Python313\site-packages\sqlalchemy\dialects\sqlite\aiosqlite.py:342: 
_ _ _ _ _ _ _ _ _ _ _ _ _ _ _ _ _ _ _ _ _ _ _ _ _ _ _ _ _ _ _ _ _ _ _ _ _ _ _ _

self = <sqlalchemy.dialects.sqlite.aiosqlite.AsyncAdapt_aiosqlite_cursor object at 0x0000022AA1B45AE0>
operation = 'SELECT calendar_events.id, calendar_events.title, calendar_events.description, calendar_events.start_time, calendar_e..._events.start_time >= ? AND calendar_events.start_time <= ? ORDER BY calendar_events.start_time ASC\n LIMIT ? OFFSET ?'
parameters = ('2026-05-05 17:53:23.065864', '2026-05-05 18:53:23.065879', 50, 0)

    def execute(
        self,
        operation: Any,
        parameters: Optional[_DBAPISingleExecuteParams] = None,
    ) -> Any:
    
        try:
            _cursor: AsyncIODBAPICursor = self.await_(self._connection.cursor())  # type: ignore[arg-type] # noqa: E501
    
            if parameters is None:
                self.await_(_cursor.execute(operation))
            else:
>               self.await_(_cursor.execute(operation, parameters))

..\..\AppData\Roaming\Python\Python313\site-packages\sqlalchemy\dialects\sqlite\aiosqlite.py:164: 
_ _ _ _ _ _ _ _ _ _ _ _ _ _ _ _ _ _ _ _ _ _ _ _ _ _ _ _ _ _ _ _ _ _ _ _ _ _ _ _

awaitable = <coroutine object Cursor.execute at 0x0000022A9FCE4820>

    def await_only(awaitable: Awaitable[_T]) -> _T:
        """Awaits an async function in a sync method.
    
        The sync method must be inside a :func:`greenlet_spawn` context.
        :func:`await_only` calls cannot be nested.
    
        :param awaitable: The coroutine to call.
    
        """
        # this is called in the context greenlet while running fn
        current = getcurrent()
        if not getattr(current, "__sqlalchemy_greenlet_provider__", False):
            _safe_cancel_awaitable(awaitable)
    
            raise exc.MissingGreenlet(
                "greenlet_spawn has not been called; can't call await_only() "
                "here. Was IO attempted in an unexpected place?"
            )
    
        # returns the control to the driver greenlet passing it
        # a coroutine to run. Once the awaitable is done, the driver greenlet
        # switches back to this greenlet with the result of awaitable that is
        # then returned to the caller (or raised as error)
>       return current.parent.switch(awaitable)  # type: ignore[no-any-return,attr-defined] # noqa: E501
               ^^^^^^^^^^^^^^^^^^^^^^^^^^^^^^^^

..\..\AppData\Roaming\Python\Python313\site-packages\sqlalchemy\util\_concurrency_py3k.py:132: 
_ _ _ _ _ _ _ _ _ _ _ _ _ _ _ _ _ _ _ _ _ _ _ _ _ _ _ _ _ _ _ _ _ _ _ _ _ _ _ _

fn = <bound method Session.execute of <sqlalchemy.orm.session.Session object at 0x0000022A9FCF2250>>
_require_await = False
args = (<sqlalchemy.sql.selectable.Select object at 0x0000022AA0E2EC60>,)
kwargs = {'bind_arguments': None, 'execution_options': immutabledict({'prebuffer_rows': True}), 'params': None}
context = <_AsyncIoGreenlet object at 0x0000022AA211ADC0 (otid=0x0000022A9E4E1470) dead>
switch_occurred = True
result = <coroutine object Cursor.execute at 0x0000022A9FCE4820>
value = <aiosqlite.cursor.Cursor object at 0x0000022AA1B45BB0>

    async def greenlet_spawn(
        fn: Callable[..., _T],
        *args: Any,
        _require_await: bool = False,
        **kwargs: Any,
    ) -> _T:
        """Runs a sync function ``fn`` in a new greenlet.
    
        The sync function can then use :func:`await_only` to wait for async
        functions.
    
        :param fn: The sync callable to call.
        :param \\*args: Positional arguments to pass to the ``fn`` callable.
        :param \\*\\*kwargs: Keyword arguments to pass to the ``fn`` callable.
        """
    
        result: Any
        context = _AsyncIoGreenlet(fn, getcurrent())
        # runs the function synchronously in gl greenlet. If the execution
        # is interrupted by await_only, context is not dead and result is a
        # coroutine to wait. If the context is dead the function has
        # returned, and its result can be returned.
        switch_occurred = False
        result = context.switch(*args, **kwargs)
        while not context.dead:
            switch_occurred = True
            try:
                # wait for a coroutine from await_only and then return its
                # result back to it.
>               value = await result
                        ^^^^^^^^^^^^

..\..\AppData\Roaming\Python\Python313\site-packages\sqlalchemy\util\_concurrency_py3k.py:196: 
_ _ _ _ _ _ _ _ _ _ _ _ _ _ _ _ _ _ _ _ _ _ _ _ _ _ _ _ _ _ _ _ _ _ _ _ _ _ _ _

self = <aiosqlite.cursor.Cursor object at 0x0000022AA1B45BB0>
sql = 'SELECT calendar_events.id, calendar_events.title, calendar_events.description, calendar_events.start_time, calendar_e..._events.start_time >= ? AND calendar_events.start_time <= ? ORDER BY calendar_events.start_time ASC\n LIMIT ? OFFSET ?'
parameters = ('2026-05-05 17:53:23.065864', '2026-05-05 18:53:23.065879', 50, 0)

    async def execute(
        self, sql: str, parameters: Optional[Iterable[Any]] = None
    ) -> "Cursor":
        """Execute the given query."""
        if parameters is None:
            parameters = []
>       await self._execute(self._cursor.execute, sql, parameters)

..\..\AppData\Roaming\Python\Python313\site-packages\aiosqlite\cursor.py:40: 
_ _ _ _ _ _ _ _ _ _ _ _ _ _ _ _ _ _ _ _ _ _ _ _ _ _ _ _ _ _ _ _ _ _ _ _ _ _ _ _

self = <aiosqlite.cursor.Cursor object at 0x0000022AA1B45BB0>
fn = <built-in method execute of sqlite3.Cursor object at 0x0000022AA1B41040>
args = ('SELECT calendar_events.id, calendar_events.title, calendar_events.description, calendar_events.start_time, calendar_...alendar_events.start_time ASC\n LIMIT ? OFFSET ?', ('2026-05-05 17:53:23.065864', '2026-05-05 18:53:23.065879', 50, 0))
kwargs = {}

    async def _execute(self, fn, *args, **kwargs):
        """Execute the given function on the shared connection's thread."""
>       return await self._conn._execute(fn, *args, **kwargs)
               ^^^^^^^^^^^^^^^^^^^^^^^^^^^^^^^^^^^^^^^^^^^^^^

..\..\AppData\Roaming\Python\Python313\site-packages\aiosqlite\cursor.py:32: 
_ _ _ _ _ _ _ _ _ _ _ _ _ _ _ _ _ _ _ _ _ _ _ _ _ _ _ _ _ _ _ _ _ _ _ _ _ _ _ _

self = <aiosqlite.core.Connection object at 0x0000022A9FC0EFD0>
fn = <built-in method execute of sqlite3.Cursor object at 0x0000022AA1B41040>
args = ('SELECT calendar_events.id, calendar_events.title, calendar_events.description, calendar_events.start_time, calendar_...alendar_events.start_time ASC\n LIMIT ? OFFSET ?', ('2026-05-05 17:53:23.065864', '2026-05-05 18:53:23.065879', 50, 0))
kwargs = {}
function = functools.partial(<built-in method execute of sqlite3.Cursor object at 0x0000022AA1B41040>, 'SELECT calendar_events.id...alendar_events.start_time ASC\n LIMIT ? OFFSET ?', ('2026-05-05 17:53:23.065864', '2026-05-05 18:53:23.065879', 50, 0))
future = <Future finished exception=OperationalError('no such table: calendar_events')>

    async def _execute(self, fn, *args, **kwargs):
        """Queue a function with the given arguments for execution."""
        if not self._running or not self._connection:
            raise ValueError("Connection closed")
    
        function = partial(fn, *args, **kwargs)
        future = asyncio.get_event_loop().create_future()
    
        self._tx.put_nowait((future, function))
    
>       return await future
               ^^^^^^^^^^^^

..\..\AppData\Roaming\Python\Python313\site-packages\aiosqlite\core.py:160: 
_ _ _ _ _ _ _ _ _ _ _ _ _ _ _ _ _ _ _ _ _ _ _ _ _ _ _ _ _ _ _ _ _ _ _ _ _ _ _ _

tx = <_queue.SimpleQueue object at 0x0000022A9FC19960>

    def _connection_worker_thread(tx: _TxQueue):
        """
        Execute function calls on a separate thread.
    
        :meta private:
        """
        while True:
            # Continues running until all queue items are processed,
            # even after connection is closed (so we can finalize all
            # futures)
    
            future, function = tx.get()
    
            try:
                LOG.debug("executing %s", function)
>               result = function()
                         ^^^^^^^^^^
E               sqlite3.OperationalError: no such table: calendar_events

..\..\AppData\Roaming\Python\Python313\site-packages\aiosqlite\core.py:63: OperationalError

The above exception was the direct cause of the following exception:

    @pytest.mark.asyncio
    async def test_calendar_mcp_check_availability():
        """Calendar MCP check_availability tool should return availability status."""
        from backend.mcp_servers.calendar_server import handle_call_tool
        from datetime import datetime, timedelta, timezone
        far_future = (datetime.now(timezone.utc) + timedelta(days=30)).isoformat()
        far_future_end = (datetime.now(timezone.utc) + timedelta(days=30, hours=1)).isoformat()
>       results = await handle_call_tool("check_availability", {
            "start_time": far_future,
            "end_time": far_future_end,
        })

test_multi_agent.py:113: 
_ _ _ _ _ _ _ _ _ _ _ _ _ _ _ _ _ _ _ _ _ _ _ _ _ _ _ _ _ _ _ _ _ _ _ _ _ _ _ _

name = 'check_availability'
arguments = {'end_time': '2026-05-05T18:53:23.065879+00:00', 'start_time': '2026-05-05T17:53:23.065864+00:00'}

    @calendar_server.call_tool()
    async def handle_call_tool(name: str, arguments: dict | None) -> list[types.TextContent]:
        if not arguments:
            arguments = {}
    
        if name == "create_event":
            async with AsyncSessionLocal() as db:
                event = await crud.create_event(
                    db,
                    title=arguments.get("title", "Untitled Event"),
                    start_time=arguments.get("start_time"),
                    end_time=arguments.get("end_time"),
                    description=arguments.get("description", ""),
                    location=arguments.get("location", ""),
                    attendees=arguments.get("attendees", []),
                )
                await db.commit()
            return [types.TextContent(
                type="text",
                text=(
                    f"Event scheduled: '{event.title}'\n"
                    f"  \U0001f4c5 {event.start_time.strftime('%Y-%m-%d %H:%M')} \u2192 {event.end_time.strftime('%H:%M')}\\n"
                    f"  \U0001f4cd {event.location or 'No location'}\\n"
                    f"  ID: {event.id}"
                ),
            )]
    
        elif name == "list_events":
            start_from = arguments.get("start_from")
            start_until = arguments.get("start_until")
            # Default: show events from now to 7 days ahead
            if not start_from:
                start_from = datetime.now(timezone.utc).isoformat()
            if not start_until:
                start_until = (datetime.now(timezone.utc) + timedelta(days=7)).isoformat()
    
            async with AsyncSessionLocal() as db:
                events = await crud.get_events(
                    db,
                    start_from=start_from,
                    start_until=start_until,
                    limit=arguments.get("limit", 10),
                )
            if not events:
                return [types.TextContent(type="text", text="No upcoming events found in that time range.")]
            lines = [f"Found {len(events)} upcoming event(s):\n"]
            for i, e in enumerate(events, 1):
                attendee_str = f" ({len(e.attendees or [])} attendees)" if e.attendees else ""
                lines.append(
                    f"{i}. \U0001f4c5 {e.title}\\n"
                    f"   {e.start_time.strftime('%a %b %d, %H:%M')} \u2192 {e.end_time.strftime('%H:%M')}\\n"
                    f"   \U0001f4cd {e.location or 'No location'}{attendee_str}  ID:{e.id}"
                )
            return [types.TextContent(type="text", text="\n".join(lines))]
    
        elif name == "check_availability":
            start_time = arguments.get("start_time")
            end_time = arguments.get("end_time")
            if not start_time or not end_time:
                return [types.TextContent(type="text", text="Error: start_time and end_time are required.")]
    
            async with AsyncSessionLocal() as db:
                # Find events overlapping with the requested window
>               events = await crud.get_events(
                    db, start_from=start_time, start_until=end_time, limit=50,
                )

backend\mcp_servers\calendar_server.py:130: 
_ _ _ _ _ _ _ _ _ _ _ _ _ _ _ _ _ _ _ _ _ _ _ _ _ _ _ _ _ _ _ _ _ _ _ _ _ _ _ _

db = <sqlalchemy.ext.asyncio.session.AsyncSession object at 0x0000022A9FCF28B0>
start_from = '2026-05-05T17:53:23.065864+00:00'
start_until = '2026-05-05T18:53:23.065879+00:00', limit = 50

    async def get_events(
        db: AsyncSession, start_from: str = None, start_until: str = None, limit: int = 50,
    ) -> list[CalendarEvent]:
        stmt = select(CalendarEvent)
        if start_from:
            try:
                stmt = stmt.where(CalendarEvent.start_time >= datetime.fromisoformat(start_from))
            except ValueError:
                pass
        if start_until:
            try:
                stmt = stmt.where(CalendarEvent.start_time <= datetime.fromisoformat(start_until))
            except ValueError:
                pass
        stmt = stmt.order_by(asc(CalendarEvent.start_time)).limit(limit)
>       result = await db.execute(stmt)
                 ^^^^^^^^^^^^^^^^^^^^^^

backend\database\crud.py:174: 
_ _ _ _ _ _ _ _ _ _ _ _ _ _ _ _ _ _ _ _ _ _ _ _ _ _ _ _ _ _ _ _ _ _ _ _ _ _ _ _

self = <sqlalchemy.ext.asyncio.session.AsyncSession object at 0x0000022A9FCF28B0>
statement = <sqlalchemy.sql.selectable.Select object at 0x0000022AA0E2EC60>
params = None, execution_options = immutabledict({'prebuffer_rows': True})
bind_arguments = None, kw = {}

    async def execute(
        self,
        statement: Executable,
        params: Optional[_CoreAnyExecuteParams] = None,
        *,
        execution_options: OrmExecuteOptionsParameter = util.EMPTY_DICT,
        bind_arguments: Optional[_BindArguments] = None,
        **kw: Any,
    ) -> Result[Any]:
        """Execute a statement and return a buffered
        :class:`_engine.Result` object.
    
        .. seealso::
    
            :meth:`_orm.Session.execute` - main documentation for execute
    
        """
    
        if execution_options:
            execution_options = util.immutabledict(execution_options).union(
                _EXECUTE_OPTIONS
            )
        else:
            execution_options = _EXECUTE_OPTIONS
    
>       result = await greenlet_spawn(
            self.sync_session.execute,
            statement,
            params=params,
            execution_options=execution_options,
            bind_arguments=bind_arguments,
            **kw,
        )

..\..\AppData\Roaming\Python\Python313\site-packages\sqlalchemy\ext\asyncio\session.py:449: 
_ _ _ _ _ _ _ _ _ _ _ _ _ _ _ _ _ _ _ _ _ _ _ _ _ _ _ _ _ _ _ _ _ _ _ _ _ _ _ _

fn = <bound method Session.execute of <sqlalchemy.orm.session.Session object at 0x0000022A9FCF2250>>
_require_await = False
args = (<sqlalchemy.sql.selectable.Select object at 0x0000022AA0E2EC60>,)
kwargs = {'bind_arguments': None, 'execution_options': immutabledict({'prebuffer_rows': True}), 'params': None}
context = <_AsyncIoGreenlet object at 0x0000022AA211ADC0 (otid=0x0000022A9E4E1470) dead>
switch_occurred = True
result = <coroutine object Cursor.execute at 0x0000022A9FCE4820>
value = <aiosqlite.cursor.Cursor object at 0x0000022AA1B45BB0>

    async def greenlet_spawn(
        fn: Callable[..., _T],
        *args: Any,
        _require_await: bool = False,
        **kwargs: Any,
    ) -> _T:
        """Runs a sync function ``fn`` in a new greenlet.
    
        The sync function can then use :func:`await_only` to wait for async
        functions.
    
        :param fn: The sync callable to call.
        :param \\*args: Positional arguments to pass to the ``fn`` callable.
        :param \\*\\*kwargs: Keyword arguments to pass to the ``fn`` callable.
        """
    
        result: Any
        context = _AsyncIoGreenlet(fn, getcurrent())
        # runs the function synchronously in gl greenlet. If the execution
        # is interrupted by await_only, context is not dead and result is a
        # coroutine to wait. If the context is dead the function has
        # returned, and its result can be returned.
        switch_occurred = False
        result = context.switch(*args, **kwargs)
        while not context.dead:
            switch_occurred = True
            try:
                # wait for a coroutine from await_only and then return its
                # result back to it.
                value = await result
            except BaseException:
                # this allows an exception to be raised within
                # the moderated greenlet so that it can continue
                # its expected flow.
>               result = context.throw(*sys.exc_info())
                         ^^^^^^^^^^^^^^^^^^^^^^^^^^^^^^

..\..\AppData\Roaming\Python\Python313\site-packages\sqlalchemy\util\_concurrency_py3k.py:201: 
_ _ _ _ _ _ _ _ _ _ _ _ _ _ _ _ _ _ _ _ _ _ _ _ _ _ _ _ _ _ _ _ _ _ _ _ _ _ _ _

self = <sqlalchemy.orm.session.Session object at 0x0000022A9FCF2250>
statement = <sqlalchemy.sql.selectable.Select object at 0x0000022AA0E2EC60>
params = None

    def execute(
        self,
        statement: Executable,
        params: Optional[_CoreAnyExecuteParams] = None,
        *,
        execution_options: OrmExecuteOptionsParameter = util.EMPTY_DICT,
        bind_arguments: Optional[_BindArguments] = None,
        _parent_execute_state: Optional[Any] = None,
        _add_event: Optional[Any] = None,
    ) -> Result[Any]:
        r"""Execute a SQL expression construct.
    
        Returns a :class:`_engine.Result` object representing
        results of the statement execution.
    
        E.g.::
    
            from sqlalchemy import select
    
            result = session.execute(select(User).where(User.id == 5))
    
        The API contract of :meth:`_orm.Session.execute` is similar to that
        of :meth:`_engine.Connection.execute`, the :term:`2.0 style` version
        of :class:`_engine.Connection`.
    
        .. versionchanged:: 1.4 the :meth:`_orm.Session.execute` method is
           now the primary point of ORM statement execution when using
           :term:`2.0 style` ORM usage.
    
        :param statement:
            An executable statement (i.e. an :class:`.Executable` expression
            such as :func:`_expression.select`).
    
        :param params:
            Optional dictionary, or list of dictionaries, containing
            bound parameter values.   If a single dictionary, single-row
            execution occurs; if a list of dictionaries, an
            "executemany" will be invoked.  The keys in each dictionary
            must correspond to parameter names present in the statement.
    
        :param execution_options: optional dictionary of execution options,
         which will be associated with the statement execution.  This
         dictionary can provide a subset of the options that are accepted
         by :meth:`_engine.Connection.execution_options`, and may also
         provide additional options understood only in an ORM context.
    
         .. seealso::
    
            :ref:`orm_queryguide_execution_options` - ORM-specific execution
            options
    
        :param bind_arguments: dictionary of additional arguments to determine
         the bind.  May include "mapper", "bind", or other custom arguments.
         Contents of this dictionary are passed to the
         :meth:`.Session.get_bind` method.
    
        :return: a :class:`_engine.Result` object.
    
    
        """
>       return self._execute_internal(
            statement,
            params,
            execution_options=execution_options,
            bind_arguments=bind_arguments,
            _parent_execute_state=_parent_execute_state,
            _add_event=_add_event,
        )

..\..\AppData\Roaming\Python\Python313\site-packages\sqlalchemy\orm\session.py:2351: 
_ _ _ _ _ _ _ _ _ _ _ _ _ _ _ _ _ _ _ _ _ _ _ _ _ _ _ _ _ _ _ _ _ _ _ _ _ _ _ _

self = <sqlalchemy.orm.session.Session object at 0x0000022A9FCF2250>
statement = <sqlalchemy.sql.selectable.Select object at 0x0000022AA0E2EC60>
params = None

    def _execute_internal(
        self,
        statement: Executable,
        params: Optional[_CoreAnyExecuteParams] = None,
        *,
        execution_options: OrmExecuteOptionsParameter = util.EMPTY_DICT,
        bind_arguments: Optional[_BindArguments] = None,
        _parent_execute_state: Optional[Any] = None,
        _add_event: Optional[Any] = None,
        _scalar_result: bool = False,
    ) -> Any:
        statement = coercions.expect(roles.StatementRole, statement)
    
        if not bind_arguments:
            bind_arguments = {}
        else:
            bind_arguments = dict(bind_arguments)
    
        if (
            statement._propagate_attrs.get("compile_state_plugin", None)
            == "orm"
        ):
            compile_state_cls = CompileState._get_plugin_class_for_plugin(
                statement, "orm"
            )
            if TYPE_CHECKING:
                assert isinstance(
                    compile_state_cls, context.AbstractORMCompileState
                )
        else:
            compile_state_cls = None
            bind_arguments.setdefault("clause", statement)
    
        execution_options = util.coerce_to_immutabledict(execution_options)
    
        if _parent_execute_state:
            events_todo = _parent_execute_state._remaining_events()
        else:
            events_todo = self.dispatch.do_orm_execute
            if _add_event:
                events_todo = list(events_todo) + [_add_event]
    
        if events_todo:
            if compile_state_cls is not None:
                # for event handlers, do the orm_pre_session_exec
                # pass ahead of the event handlers, so that things like
                # .load_options, .update_delete_options etc. are populated.
                # is_pre_event=True allows the hook to hold off on things
                # it doesn't want to do twice, including autoflush as well
                # as "pre fetch" for DML, etc.
                (
                    statement,
                    execution_options,
                ) = compile_state_cls.orm_pre_session_exec(
                    self,
                    statement,
                    params,
                    execution_options,
                    bind_arguments,
                    True,
                )
    
            orm_exec_state = ORMExecuteState(
                self,
                statement,
                params,
                execution_options,
                bind_arguments,
                compile_state_cls,
                events_todo,
            )
            for idx, fn in enumerate(events_todo):
                orm_exec_state._starting_event_idx = idx
                fn_result: Optional[Result[Any]] = fn(orm_exec_state)
                if fn_result:
                    if _scalar_result:
                        return fn_result.scalar()
                    else:
                        return fn_result
    
            statement = orm_exec_state.statement
            execution_options = orm_exec_state.local_execution_options
    
        if compile_state_cls is not None:
            # now run orm_pre_session_exec() "for real".   if there were
            # event hooks, this will re-run the steps that interpret
            # new execution_options into load_options / update_delete_options,
            # which we assume the event hook might have updated.
            # autoflush will also be invoked in this step if enabled.
            (
                statement,
                execution_options,
            ) = compile_state_cls.orm_pre_session_exec(
                self,
                statement,
                params,
                execution_options,
                bind_arguments,
                False,
            )
    
        bind = self.get_bind(**bind_arguments)
    
        conn = self._connection_for_bind(bind)
    
        if _scalar_result and not compile_state_cls:
            if TYPE_CHECKING:
                params = cast(_CoreSingleExecuteParams, params)
            return conn.scalar(
                statement, params or {}, execution_options=execution_options
            )
    
        if compile_state_cls:
>           result: Result[Any] = compile_state_cls.orm_execute_statement(
                self,
                statement,
                params or {},
                execution_options,
                bind_arguments,
                conn,
            )

..\..\AppData\Roaming\Python\Python313\site-packages\sqlalchemy\orm\session.py:2249: 
_ _ _ _ _ _ _ _ _ _ _ _ _ _ _ _ _ _ _ _ _ _ _ _ _ _ _ _ _ _ _ _ _ _ _ _ _ _ _ _

cls = <class 'sqlalchemy.orm.context.ORMSelectCompileState'>
session = <sqlalchemy.orm.session.Session object at 0x0000022A9FCF2250>
statement = <sqlalchemy.sql.selectable.Select object at 0x0000022AA0E2EC60>
params = {}
execution_options = immutabledict({'prebuffer_rows': True, '_result_disable_adapt_to_context': True})
bind_arguments = {'clause': <sqlalchemy.sql.selectable.Select object at 0x0000022AA0E2EC60>, 'mapper': <Mapper at 0x22a9ef59450; CalendarEvent>}
conn = <sqlalchemy.engine.base.Connection object at 0x0000022AA0E2E8A0>

    @classmethod
    def orm_execute_statement(
        cls,
        session,
        statement,
        params,
        execution_options,
        bind_arguments,
        conn,
    ) -> Result:
>       result = conn.execute(
            statement, params or {}, execution_options=execution_options
        )

..\..\AppData\Roaming\Python\Python313\site-packages\sqlalchemy\orm\context.py:306: 
_ _ _ _ _ _ _ _ _ _ _ _ _ _ _ _ _ _ _ _ _ _ _ _ _ _ _ _ _ _ _ _ _ _ _ _ _ _ _ _

self = <sqlalchemy.engine.base.Connection object at 0x0000022AA0E2E8A0>
statement = <sqlalchemy.sql.selectable.Select object at 0x0000022AA0E2EC60>
parameters = {}

    def execute(
        self,
        statement: Executable,
        parameters: Optional[_CoreAnyExecuteParams] = None,
        *,
        execution_options: Optional[CoreExecuteOptionsParameter] = None,
    ) -> CursorResult[Any]:
        r"""Executes a SQL statement construct and returns a
        :class:`_engine.CursorResult`.
    
        :param statement: The statement to be executed.  This is always
         an object that is in both the :class:`_expression.ClauseElement` and
         :class:`_expression.Executable` hierarchies, including:
    
         * :class:`_expression.Select`
         * :class:`_expression.Insert`, :class:`_expression.Update`,
           :class:`_expression.Delete`
         * :class:`_expression.TextClause` and
           :class:`_expression.TextualSelect`
         * :class:`_schema.DDL` and objects which inherit from
           :class:`_schema.ExecutableDDLElement`
    
        :param parameters: parameters which will be bound into the statement.
         This may be either a dictionary of parameter names to values,
         or a mutable sequence (e.g. a list) of dictionaries.  When a
         list of dictionaries is passed, the underlying statement execution
         will make use of the DBAPI ``cursor.executemany()`` method.
         When a single dictionary is passed, the DBAPI ``cursor.execute()``
         method will be used.
    
        :param execution_options: optional dictionary of execution options,
         which will be associated with the statement execution.  This
         dictionary can provide a subset of the options that are accepted
         by :meth:`_engine.Connection.execution_options`.
    
        :return: a :class:`_engine.Result` object.
    
        """
        distilled_parameters = _distill_params_20(parameters)
        try:
            meth = statement._execute_on_connection
        except AttributeError as err:
            raise exc.ObjectNotExecutableError(statement) from err
        else:
>           return meth(
                self,
                distilled_parameters,
                execution_options or NO_OPTIONS,
            )

..\..\AppData\Roaming\Python\Python313\site-packages\sqlalchemy\engine\base.py:1419: 
_ _ _ _ _ _ _ _ _ _ _ _ _ _ _ _ _ _ _ _ _ _ _ _ _ _ _ _ _ _ _ _ _ _ _ _ _ _ _ _

self = <sqlalchemy.sql.selectable.Select object at 0x0000022AA0E2EC60>
connection = <sqlalchemy.engine.base.Connection object at 0x0000022AA0E2E8A0>
distilled_params = [{}]
execution_options = immutabledict({'prebuffer_rows': True, '_result_disable_adapt_to_context': True})

    def _execute_on_connection(
        self,
        connection: Connection,
        distilled_params: _CoreMultiExecuteParams,
        execution_options: CoreExecuteOptionsParameter,
    ) -> Result[Any]:
        if self.supports_execution:
            if TYPE_CHECKING:
                assert isinstance(self, Executable)
>           return connection._execute_clauseelement(
                self, distilled_params, execution_options
            )

..\..\AppData\Roaming\Python\Python313\site-packages\sqlalchemy\sql\elements.py:527: 
_ _ _ _ _ _ _ _ _ _ _ _ _ _ _ _ _ _ _ _ _ _ _ _ _ _ _ _ _ _ _ _ _ _ _ _ _ _ _ _

self = <sqlalchemy.engine.base.Connection object at 0x0000022AA0E2E8A0>
elem = <sqlalchemy.sql.selectable.Select object at 0x0000022AA0E2EC60>
distilled_parameters = [{}]
execution_options = immutabledict({'prebuffer_rows': True, '_result_disable_adapt_to_context': True})

    def _execute_clauseelement(
        self,
        elem: Executable,
        distilled_parameters: _CoreMultiExecuteParams,
        execution_options: CoreExecuteOptionsParameter,
    ) -> CursorResult[Any]:
        """Execute a sql.ClauseElement object."""
    
        execution_options = elem._execution_options.merge_with(
            self._execution_options, execution_options
        )
    
        has_events = self._has_events or self.engine._has_events
        if has_events:
            (
                elem,
                distilled_parameters,
                event_multiparams,
                event_params,
            ) = self._invoke_before_exec_event(
                elem, distilled_parameters, execution_options
            )
    
        if distilled_parameters:
            # ensure we don't retain a link to the view object for keys()
            # which links to the values, which we don't want to cache
            keys = sorted(distilled_parameters[0])
            for_executemany = len(distilled_parameters) > 1
        else:
            keys = []
            for_executemany = False
    
        dialect = self.dialect
    
        schema_translate_map = execution_options.get(
            "schema_translate_map", None
        )
    
        compiled_cache: Optional[CompiledCacheType] = execution_options.get(
            "compiled_cache", self.engine._compiled_cache
        )
    
        compiled_sql, extracted_params, cache_hit = elem._compile_w_cache(
            dialect=dialect,
            compiled_cache=compiled_cache,
            column_keys=keys,
            for_executemany=for_executemany,
            schema_translate_map=schema_translate_map,
            linting=self.dialect.compiler_linting | compiler.WARN_LINTING,
        )
>       ret = self._execute_context(
            dialect,
            dialect.execution_ctx_cls._init_compiled,
            compiled_sql,
            distilled_parameters,
            execution_options,
            compiled_sql,
            distilled_parameters,
            elem,
            extracted_params,
            cache_hit=cache_hit,
        )

..\..\AppData\Roaming\Python\Python313\site-packages\sqlalchemy\engine\base.py:1641: 
_ _ _ _ _ _ _ _ _ _ _ _ _ _ _ _ _ _ _ _ _ _ _ _ _ _ _ _ _ _ _ _ _ _ _ _ _ _ _ _

self = <sqlalchemy.engine.base.Connection object at 0x0000022AA0E2E8A0>
dialect = <sqlalchemy.dialects.sqlite.aiosqlite.SQLiteDialect_aiosqlite object at 0x0000022A9EF82F90>
constructor = <bound method DefaultExecutionContext._init_compiled of <class 'sqlalchemy.dialects.sqlite.aiosqlite.SQLiteExecutionContext_aiosqlite'>>
statement = <sqlalchemy.dialects.sqlite.base.SQLiteCompiler object at 0x0000022AA0E39450>
parameters = [{}]
execution_options = immutabledict({'prebuffer_rows': True, '_result_disable_adapt_to_context': True})
args = (<sqlalchemy.dialects.sqlite.base.SQLiteCompiler object at 0x0000022AA0E39450>, [{}], <sqlalchemy.sql.selectable.Selec..., tzinfo=datetime.timezone.utc), type_=DateTime()), _OffsetLimitParam('%(2382111146704 param)s', 50, type_=Integer())])
kw = {'cache_hit': <CacheStats.CACHE_HIT: 0>}, yp = None
conn = <sqlalchemy.pool.base._ConnectionFairy object at 0x0000022AA1B45C70>
context = <sqlalchemy.dialects.sqlite.aiosqlite.SQLiteExecutionContext_aiosqlite object at 0x0000022A9FCE43D0>

    def _execute_context(
        self,
        dialect: Dialect,
        constructor: Callable[..., ExecutionContext],
        statement: Union[str, Compiled],
        parameters: Optional[_AnyMultiExecuteParams],
        execution_options: _ExecuteOptions,
        *args: Any,
        **kw: Any,
    ) -> CursorResult[Any]:
        """Create an :class:`.ExecutionContext` and execute, returning
        a :class:`_engine.CursorResult`."""
    
        if execution_options:
            yp = execution_options.get("yield_per", None)
            if yp:
                execution_options = execution_options.union(
                    {"stream_results": True, "max_row_buffer": yp}
                )
        try:
            conn = self._dbapi_connection
            if conn is None:
                conn = self._revalidate_connection()
    
            context = constructor(
                dialect, self, conn, execution_options, *args, **kw
            )
        except (exc.PendingRollbackError, exc.ResourceClosedError):
            raise
        except BaseException as e:
            self._handle_dbapi_exception(
                e, str(statement), parameters, None, None
            )
    
        if (
            self._transaction
            and not self._transaction.is_active
            or (
                self._nested_transaction
                and not self._nested_transaction.is_active
            )
        ):
            self._invalid_transaction()
    
        elif self._trans_context_manager:
            TransactionalContext._trans_ctx_check(self)
    
        if self._transaction is None:
            self._autobegin()
    
        context.pre_exec()
    
        if context.execute_style is ExecuteStyle.INSERTMANYVALUES:
            return self._exec_insertmany_context(dialect, context)
        else:
>           return self._exec_single_context(
                dialect, context, statement, parameters
            )

..\..\AppData\Roaming\Python\Python313\site-packages\sqlalchemy\engine\base.py:1846: 
_ _ _ _ _ _ _ _ _ _ _ _ _ _ _ _ _ _ _ _ _ _ _ _ _ _ _ _ _ _ _ _ _ _ _ _ _ _ _ _

self = <sqlalchemy.engine.base.Connection object at 0x0000022AA0E2E8A0>
dialect = <sqlalchemy.dialects.sqlite.aiosqlite.SQLiteDialect_aiosqlite object at 0x0000022A9EF82F90>
context = <sqlalchemy.dialects.sqlite.aiosqlite.SQLiteExecutionContext_aiosqlite object at 0x0000022A9FCE43D0>
statement = <sqlalchemy.dialects.sqlite.base.SQLiteCompiler object at 0x0000022AA0E39450>
parameters = [('2026-05-05 17:53:23.065864', '2026-05-05 18:53:23.065879', 50, 0)]

    def _exec_single_context(
        self,
        dialect: Dialect,
        context: ExecutionContext,
        statement: Union[str, Compiled],
        parameters: Optional[_AnyMultiExecuteParams],
    ) -> CursorResult[Any]:
        """continue the _execute_context() method for a single DBAPI
        cursor.execute() or cursor.executemany() call.
    
        """
        if dialect.bind_typing is BindTyping.SETINPUTSIZES:
            generic_setinputsizes = context._prepare_set_input_sizes()
    
            if generic_setinputsizes:
                try:
                    dialect.do_set_input_sizes(
                        context.cursor, generic_setinputsizes, context
                    )
                except BaseException as e:
                    self._handle_dbapi_exception(
                        e, str(statement), parameters, None, context
                    )
    
        cursor, str_statement, parameters = (
            context.cursor,
            context.statement,
            context.parameters,
        )
    
        effective_parameters: Optional[_AnyExecuteParams]
    
        if not context.executemany:
            effective_parameters = parameters[0]
        else:
            effective_parameters = parameters
    
        if self._has_events or self.engine._has_events:
            for fn in self.dispatch.before_cursor_execute:
                str_statement, effective_parameters = fn(
                    self,
                    cursor,
                    str_statement,
                    effective_parameters,
                    context,
                    context.executemany,
                )
    
        if self._echo:
            self._log_info(str_statement)
    
            stats = context._get_cache_stats()
    
            if not self.engine.hide_parameters:
                self._log_info(
                    "[%s] %r",
                    stats,
                    sql_util._repr_params(
                        effective_parameters,
                        batches=10,
                        ismulti=context.executemany,
                    ),
                )
            else:
                self._log_info(
                    "[%s] [SQL parameters hidden due to hide_parameters=True]",
                    stats,
                )
    
        evt_handled: bool = False
        try:
            if context.execute_style is ExecuteStyle.EXECUTEMANY:
                effective_parameters = cast(
                    "_CoreMultiExecuteParams", effective_parameters
                )
                if self.dialect._has_events:
                    for fn in self.dialect.dispatch.do_executemany:
                        if fn(
                            cursor,
                            str_statement,
                            effective_parameters,
                            context,
                        ):
                            evt_handled = True
                            break
                if not evt_handled:
                    self.dialect.do_executemany(
                        cursor,
                        str_statement,
                        effective_parameters,
                        context,
                    )
            elif not effective_parameters and context.no_parameters:
                if self.dialect._has_events:
                    for fn in self.dialect.dispatch.do_execute_no_params:
                        if fn(cursor, str_statement, context):
                            evt_handled = True
                            break
                if not evt_handled:
                    self.dialect.do_execute_no_params(
                        cursor, str_statement, context
                    )
            else:
                effective_parameters = cast(
                    "_CoreSingleExecuteParams", effective_parameters
                )
                if self.dialect._has_events:
                    for fn in self.dialect.dispatch.do_execute:
                        if fn(
                            cursor,
                            str_statement,
                            effective_parameters,
                            context,
                        ):
                            evt_handled = True
                            break
                if not evt_handled:
                    self.dialect.do_execute(
                        cursor, str_statement, effective_parameters, context
                    )
    
            if self._has_events or self.engine._has_events:
                self.dispatch.after_cursor_execute(
                    self,
                    cursor,
                    str_statement,
                    effective_parameters,
                    context,
                    context.executemany,
                )
    
            context.post_exec()
    
            result = context._setup_result_proxy()
    
        except BaseException as e:
>           self._handle_dbapi_exception(
                e, str_statement, effective_parameters, cursor, context
            )

..\..\AppData\Roaming\Python\Python313\site-packages\sqlalchemy\engine\base.py:1986: 
_ _ _ _ _ _ _ _ _ _ _ _ _ _ _ _ _ _ _ _ _ _ _ _ _ _ _ _ _ _ _ _ _ _ _ _ _ _ _ _

self = <sqlalchemy.engine.base.Connection object at 0x0000022AA0E2E8A0>
e = OperationalError('no such table: calendar_events')
statement = 'SELECT calendar_events.id, calendar_events.title, calendar_events.description, calendar_events.start_time, calendar_e..._events.start_time >= ? AND calendar_events.start_time <= ? ORDER BY calendar_events.start_time ASC\n LIMIT ? OFFSET ?'
parameters = ('2026-05-05 17:53:23.065864', '2026-05-05 18:53:23.065879', 50, 0)
cursor = <sqlalchemy.dialects.sqlite.aiosqlite.AsyncAdapt_aiosqlite_cursor object at 0x0000022AA1B45AE0>
context = <sqlalchemy.dialects.sqlite.aiosqlite.SQLiteExecutionContext_aiosqlite object at 0x0000022A9FCE43D0>
is_sub_exec = False

    def _handle_dbapi_exception(
        self,
        e: BaseException,
        statement: Optional[str],
        parameters: Optional[_AnyExecuteParams],
        cursor: Optional[DBAPICursor],
        context: Optional[ExecutionContext],
        is_sub_exec: bool = False,
    ) -> NoReturn:
        exc_info = sys.exc_info()
    
        is_exit_exception = util.is_exit_exception(e)
    
        if not self._is_disconnect:
            self._is_disconnect = (
                isinstance(e, self.dialect.loaded_dbapi.Error)
                and not self.closed
                and self.dialect.is_disconnect(
                    e,
                    self._dbapi_connection if not self.invalidated else None,
                    cursor,
                )
            ) or (is_exit_exception and not self.closed)
    
        invalidate_pool_on_disconnect = not is_exit_exception
    
        ismulti: bool = (
            not is_sub_exec and context.executemany
            if context is not None
            else False
        )
        if self._reentrant_error:
            raise exc.DBAPIError.instance(
                statement,
                parameters,
                e,
                self.dialect.loaded_dbapi.Error,
                hide_parameters=self.engine.hide_parameters,
                dialect=self.dialect,
                ismulti=ismulti,
            ).with_traceback(exc_info[2]) from e
        self._reentrant_error = True
        try:
            # non-DBAPI error - if we already got a context,
            # or there's no string statement, don't wrap it
            should_wrap = isinstance(e, self.dialect.loaded_dbapi.Error) or (
                statement is not None
                and context is None
                and not is_exit_exception
            )
    
            if should_wrap:
                sqlalchemy_exception = exc.DBAPIError.instance(
                    statement,
                    parameters,
                    cast(Exception, e),
                    self.dialect.loaded_dbapi.Error,
                    hide_parameters=self.engine.hide_parameters,
                    connection_invalidated=self._is_disconnect,
                    dialect=self.dialect,
                    ismulti=ismulti,
                )
            else:
                sqlalchemy_exception = None
    
            newraise = None
    
            if (self.dialect._has_events) and not self._execution_options.get(
                "skip_user_error_events", False
            ):
                ctx = ExceptionContextImpl(
                    e,
                    sqlalchemy_exception,
                    self.engine,
                    self.dialect,
                    self,
                    cursor,
                    statement,
                    parameters,
                    context,
                    self._is_disconnect,
                    invalidate_pool_on_disconnect,
                    False,
                )
    
                for fn in self.dialect.dispatch.handle_error:
                    try:
                        # handler returns an exception;
                        # call next handler in a chain
                        per_fn = fn(ctx)
                        if per_fn is not None:
                            ctx.chained_exception = newraise = per_fn
                    except Exception as _raised:
                        # handler raises an exception - stop processing
                        newraise = _raised
                        break
    
                if self._is_disconnect != ctx.is_disconnect:
                    self._is_disconnect = ctx.is_disconnect
                    if sqlalchemy_exception:
                        sqlalchemy_exception.connection_invalidated = (
                            ctx.is_disconnect
                        )
    
                # set up potentially user-defined value for
                # invalidate pool.
                invalidate_pool_on_disconnect = (
                    ctx.invalidate_pool_on_disconnect
                )
    
            if should_wrap and context:
                context.handle_dbapi_exception(e)
    
            if not self._is_disconnect:
                if cursor:
                    self._safe_close_cursor(cursor)
                # "autorollback" was mostly relevant in 1.x series.
                # It's very unlikely to reach here, as the connection
                # does autobegin so when we are here, we are usually
                # in an explicit / semi-explicit transaction.
                # however we have a test which manufactures this
                # scenario in any case using an event handler.
                # test/engine/test_execute.py-> test_actual_autorollback
                if not self.in_transaction():
                    self._rollback_impl()
    
            if newraise:
                raise newraise.with_traceback(exc_info[2]) from e
            elif should_wrap:
                assert sqlalchemy_exception is not None
>               raise sqlalchemy_exception.with_traceback(exc_info[2]) from e

..\..\AppData\Roaming\Python\Python313\site-packages\sqlalchemy\engine\base.py:2363: 
_ _ _ _ _ _ _ _ _ _ _ _ _ _ _ _ _ _ _ _ _ _ _ _ _ _ _ _ _ _ _ _ _ _ _ _ _ _ _ _

self = <sqlalchemy.engine.base.Connection object at 0x0000022AA0E2E8A0>
dialect = <sqlalchemy.dialects.sqlite.aiosqlite.SQLiteDialect_aiosqlite object at 0x0000022A9EF82F90>
context = <sqlalchemy.dialects.sqlite.aiosqlite.SQLiteExecutionContext_aiosqlite object at 0x0000022A9FCE43D0>
statement = <sqlalchemy.dialects.sqlite.base.SQLiteCompiler object at 0x0000022AA0E39450>
parameters = [('2026-05-05 17:53:23.065864', '2026-05-05 18:53:23.065879', 50, 0)]

    def _exec_single_context(
        self,
        dialect: Dialect,
        context: ExecutionContext,
        statement: Union[str, Compiled],
        parameters: Optional[_AnyMultiExecuteParams],
    ) -> CursorResult[Any]:
        """continue the _execute_context() method for a single DBAPI
        cursor.execute() or cursor.executemany() call.
    
        """
        if dialect.bind_typing is BindTyping.SETINPUTSIZES:
            generic_setinputsizes = context._prepare_set_input_sizes()
    
            if generic_setinputsizes:
                try:
                    dialect.do_set_input_sizes(
                        context.cursor, generic_setinputsizes, context
                    )
                except BaseException as e:
                    self._handle_dbapi_exception(
                        e, str(statement), parameters, None, context
                    )
    
        cursor, str_statement, parameters = (
            context.cursor,
            context.statement,
            context.parameters,
        )
    
        effective_parameters: Optional[_AnyExecuteParams]
    
        if not context.executemany:
            effective_parameters = parameters[0]
        else:
            effective_parameters = parameters
    
        if self._has_events or self.engine._has_events:
            for fn in self.dispatch.before_cursor_execute:
                str_statement, effective_parameters = fn(
                    self,
                    cursor,
                    str_statement,
                    effective_parameters,
                    context,
                    context.executemany,
                )
    
        if self._echo:
            self._log_info(str_statement)
    
            stats = context._get_cache_stats()
    
            if not self.engine.hide_parameters:
                self._log_info(
                    "[%s] %r",
                    stats,
                    sql_util._repr_params(
                        effective_parameters,
                        batches=10,
                        ismulti=context.executemany,
                    ),
                )
            else:
                self._log_info(
                    "[%s] [SQL parameters hidden due to hide_parameters=True]",
                    stats,
                )
    
        evt_handled: bool = False
        try:
            if context.execute_style is ExecuteStyle.EXECUTEMANY:
                effective_parameters = cast(
                    "_CoreMultiExecuteParams", effective_parameters
                )
                if self.dialect._has_events:
                    for fn in self.dialect.dispatch.do_executemany:
                        if fn(
                            cursor,
                            str_statement,
                            effective_parameters,
                            context,
                        ):
                            evt_handled = True
                            break
                if not evt_handled:
                    self.dialect.do_executemany(
                        cursor,
                        str_statement,
                        effective_parameters,
                        context,
                    )
            elif not effective_parameters and context.no_parameters:
                if self.dialect._has_events:
                    for fn in self.dialect.dispatch.do_execute_no_params:
                        if fn(cursor, str_statement, context):
                            evt_handled = True
                            break
                if not evt_handled:
                    self.dialect.do_execute_no_params(
                        cursor, str_statement, context
                    )
            else:
                effective_parameters = cast(
                    "_CoreSingleExecuteParams", effective_parameters
                )
                if self.dialect._has_events:
                    for fn in self.dialect.dispatch.do_execute:
                        if fn(
                            cursor,
                            str_statement,
                            effective_parameters,
                            context,
                        ):
                            evt_handled = True
                            break
                if not evt_handled:
>                   self.dialect.do_execute(
                        cursor, str_statement, effective_parameters, context
                    )

..\..\AppData\Roaming\Python\Python313\site-packages\sqlalchemy\engine\base.py:1967: 
_ _ _ _ _ _ _ _ _ _ _ _ _ _ _ _ _ _ _ _ _ _ _ _ _ _ _ _ _ _ _ _ _ _ _ _ _ _ _ _

self = <sqlalchemy.dialects.sqlite.aiosqlite.SQLiteDialect_aiosqlite object at 0x0000022A9EF82F90>
cursor = <sqlalchemy.dialects.sqlite.aiosqlite.AsyncAdapt_aiosqlite_cursor object at 0x0000022AA1B45AE0>
statement = 'SELECT calendar_events.id, calendar_events.title, calendar_events.description, calendar_events.start_time, calendar_e..._events.start_time >= ? AND calendar_events.start_time <= ? ORDER BY calendar_events.start_time ASC\n LIMIT ? OFFSET ?'
parameters = ('2026-05-05 17:53:23.065864', '2026-05-05 18:53:23.065879', 50, 0)
context = <sqlalchemy.dialects.sqlite.aiosqlite.SQLiteExecutionContext_aiosqlite object at 0x0000022A9FCE43D0>

    def do_execute(self, cursor, statement, parameters, context=None):
>       cursor.execute(statement, parameters)

..\..\AppData\Roaming\Python\Python313\site-packages\sqlalchemy\engine\default.py:952: 
_ _ _ _ _ _ _ _ _ _ _ _ _ _ _ _ _ _ _ _ _ _ _ _ _ _ _ _ _ _ _ _ _ _ _ _ _ _ _ _

self = <sqlalchemy.dialects.sqlite.aiosqlite.AsyncAdapt_aiosqlite_cursor object at 0x0000022AA1B45AE0>
operation = 'SELECT calendar_events.id, calendar_events.title, calendar_events.description, calendar_events.start_time, calendar_e..._events.start_time >= ? AND calendar_events.start_time <= ? ORDER BY calendar_events.start_time ASC\n LIMIT ? OFFSET ?'
parameters = ('2026-05-05 17:53:23.065864', '2026-05-05 18:53:23.065879', 50, 0)

    def execute(
        self,
        operation: Any,
        parameters: Optional[_DBAPISingleExecuteParams] = None,
    ) -> Any:
    
        try:
            _cursor: AsyncIODBAPICursor = self.await_(self._connection.cursor())  # type: ignore[arg-type] # noqa: E501
    
            if parameters is None:
                self.await_(_cursor.execute(operation))
            else:
                self.await_(_cursor.execute(operation, parameters))
    
            if _cursor.description:
                self.description = _cursor.description
                self.lastrowid = self.rowcount = -1
    
                if not self.server_side:
                    self._rows = deque(self.await_(_cursor.fetchall()))
            else:
                self.description = None
                self.lastrowid = _cursor.lastrowid
                self.rowcount = _cursor.rowcount
    
            if not self.server_side:
                self.await_(_cursor.close())
            else:
                self._cursor = _cursor  # type: ignore[misc]
        except Exception as error:
>           self._adapt_connection._handle_exception(error)

..\..\AppData\Roaming\Python\Python313\site-packages\sqlalchemy\dialects\sqlite\aiosqlite.py:182: 
_ _ _ _ _ _ _ _ _ _ _ _ _ _ _ _ _ _ _ _ _ _ _ _ _ _ _ _ _ _ _ _ _ _ _ _ _ _ _ _

self = <AdaptedConnection <aiosqlite.core.Connection object at 0x0000022A9FC0EFD0>>
error = OperationalError('no such table: calendar_events')

    def _handle_exception(self, error: Exception) -> NoReturn:
        if (
            isinstance(error, ValueError)
            and error.args[0] == "no active connection"
        ):
            raise self.dbapi.sqlite.OperationalError(
                "no active connection"
            ) from error
        else:
>           raise error

..\..\AppData\Roaming\Python\Python313\site-packages\sqlalchemy\dialects\sqlite\aiosqlite.py:342: 
_ _ _ _ _ _ _ _ _ _ _ _ _ _ _ _ _ _ _ _ _ _ _ _ _ _ _ _ _ _ _ _ _ _ _ _ _ _ _ _

self = <sqlalchemy.dialects.sqlite.aiosqlite.AsyncAdapt_aiosqlite_cursor object at 0x0000022AA1B45AE0>
operation = 'SELECT calendar_events.id, calendar_events.title, calendar_events.description, calendar_events.start_time, calendar_e..._events.start_time >= ? AND calendar_events.start_time <= ? ORDER BY calendar_events.start_time ASC\n LIMIT ? OFFSET ?'
parameters = ('2026-05-05 17:53:23.065864', '2026-05-05 18:53:23.065879', 50, 0)

    def execute(
        self,
        operation: Any,
        parameters: Optional[_DBAPISingleExecuteParams] = None,
    ) -> Any:
    
        try:
            _cursor: AsyncIODBAPICursor = self.await_(self._connection.cursor())  # type: ignore[arg-type] # noqa: E501
    
            if parameters is None:
                self.await_(_cursor.execute(operation))
            else:
>               self.await_(_cursor.execute(operation, parameters))

..\..\AppData\Roaming\Python\Python313\site-packages\sqlalchemy\dialects\sqlite\aiosqlite.py:164: 
_ _ _ _ _ _ _ _ _ _ _ _ _ _ _ _ _ _ _ _ _ _ _ _ _ _ _ _ _ _ _ _ _ _ _ _ _ _ _ _

awaitable = <coroutine object Cursor.execute at 0x0000022A9FCE4820>

    def await_only(awaitable: Awaitable[_T]) -> _T:
        """Awaits an async function in a sync method.
    
        The sync method must be inside a :func:`greenlet_spawn` context.
        :func:`await_only` calls cannot be nested.
    
        :param awaitable: The coroutine to call.
    
        """
        # this is called in the context greenlet while running fn
        current = getcurrent()
        if not getattr(current, "__sqlalchemy_greenlet_provider__", False):
            _safe_cancel_awaitable(awaitable)
    
            raise exc.MissingGreenlet(
                "greenlet_spawn has not been called; can't call await_only() "
                "here. Was IO attempted in an unexpected place?"
            )
    
        # returns the control to the driver greenlet passing it
        # a coroutine to run. Once the awaitable is done, the driver greenlet
        # switches back to this greenlet with the result of awaitable that is
        # then returned to the caller (or raised as error)
>       return current.parent.switch(awaitable)  # type: ignore[no-any-return,attr-defined] # noqa: E501
               ^^^^^^^^^^^^^^^^^^^^^^^^^^^^^^^^

..\..\AppData\Roaming\Python\Python313\site-packages\sqlalchemy\util\_concurrency_py3k.py:132: 
_ _ _ _ _ _ _ _ _ _ _ _ _ _ _ _ _ _ _ _ _ _ _ _ _ _ _ _ _ _ _ _ _ _ _ _ _ _ _ _

fn = <bound method Session.execute of <sqlalchemy.orm.session.Session object at 0x0000022A9FCF2250>>
_require_await = False
args = (<sqlalchemy.sql.selectable.Select object at 0x0000022AA0E2EC60>,)
kwargs = {'bind_arguments': None, 'execution_options': immutabledict({'prebuffer_rows': True}), 'params': None}
context = <_AsyncIoGreenlet object at 0x0000022AA211ADC0 (otid=0x0000022A9E4E1470) dead>
switch_occurred = True
result = <coroutine object Cursor.execute at 0x0000022A9FCE4820>
value = <aiosqlite.cursor.Cursor object at 0x0000022AA1B45BB0>

    async def greenlet_spawn(
        fn: Callable[..., _T],
        *args: Any,
        _require_await: bool = False,
        **kwargs: Any,
    ) -> _T:
        """Runs a sync function ``fn`` in a new greenlet.
    
        The sync function can then use :func:`await_only` to wait for async
        functions.
    
        :param fn: The sync callable to call.
        :param \\*args: Positional arguments to pass to the ``fn`` callable.
        :param \\*\\*kwargs: Keyword arguments to pass to the ``fn`` callable.
        """
    
        result: Any
        context = _AsyncIoGreenlet(fn, getcurrent())
        # runs the function synchronously in gl greenlet. If the execution
        # is interrupted by await_only, context is not dead and result is a
        # coroutine to wait. If the context is dead the function has
        # returned, and its result can be returned.
        switch_occurred = False
        result = context.switch(*args, **kwargs)
        while not context.dead:
            switch_occurred = True
            try:
                # wait for a coroutine from await_only and then return its
                # result back to it.
>               value = await result
                        ^^^^^^^^^^^^

..\..\AppData\Roaming\Python\Python313\site-packages\sqlalchemy\util\_concurrency_py3k.py:196: 
_ _ _ _ _ _ _ _ _ _ _ _ _ _ _ _ _ _ _ _ _ _ _ _ _ _ _ _ _ _ _ _ _ _ _ _ _ _ _ _

self = <aiosqlite.cursor.Cursor object at 0x0000022AA1B45BB0>
sql = 'SELECT calendar_events.id, calendar_events.title, calendar_events.description, calendar_events.start_time, calendar_e..._events.start_time >= ? AND calendar_events.start_time <= ? ORDER BY calendar_events.start_time ASC\n LIMIT ? OFFSET ?'
parameters = ('2026-05-05 17:53:23.065864', '2026-05-05 18:53:23.065879', 50, 0)

    async def execute(
        self, sql: str, parameters: Optional[Iterable[Any]] = None
    ) -> "Cursor":
        """Execute the given query."""
        if parameters is None:
            parameters = []
>       await self._execute(self._cursor.execute, sql, parameters)

..\..\AppData\Roaming\Python\Python313\site-packages\aiosqlite\cursor.py:40: 
_ _ _ _ _ _ _ _ _ _ _ _ _ _ _ _ _ _ _ _ _ _ _ _ _ _ _ _ _ _ _ _ _ _ _ _ _ _ _ _

self = <aiosqlite.cursor.Cursor object at 0x0000022AA1B45BB0>
fn = <built-in method execute of sqlite3.Cursor object at 0x0000022AA1B41040>
args = ('SELECT calendar_events.id, calendar_events.title, calendar_events.description, calendar_events.start_time, calendar_...alendar_events.start_time ASC\n LIMIT ? OFFSET ?', ('2026-05-05 17:53:23.065864', '2026-05-05 18:53:23.065879', 50, 0))
kwargs = {}

    async def _execute(self, fn, *args, **kwargs):
        """Execute the given function on the shared connection's thread."""
>       return await self._conn._execute(fn, *args, **kwargs)
               ^^^^^^^^^^^^^^^^^^^^^^^^^^^^^^^^^^^^^^^^^^^^^^

..\..\AppData\Roaming\Python\Python313\site-packages\aiosqlite\cursor.py:32: 
_ _ _ _ _ _ _ _ _ _ _ _ _ _ _ _ _ _ _ _ _ _ _ _ _ _ _ _ _ _ _ _ _ _ _ _ _ _ _ _

self = <aiosqlite.core.Connection object at 0x0000022A9FC0EFD0>
fn = <built-in method execute of sqlite3.Cursor object at 0x0000022AA1B41040>
args = ('SELECT calendar_events.id, calendar_events.title, calendar_events.description, calendar_events.start_time, calendar_...alendar_events.start_time ASC\n LIMIT ? OFFSET ?', ('2026-05-05 17:53:23.065864', '2026-05-05 18:53:23.065879', 50, 0))
kwargs = {}
function = functools.partial(<built-in method execute of sqlite3.Cursor object at 0x0000022AA1B41040>, 'SELECT calendar_events.id...alendar_events.start_time ASC\n LIMIT ? OFFSET ?', ('2026-05-05 17:53:23.065864', '2026-05-05 18:53:23.065879', 50, 0))
future = <Future finished exception=OperationalError('no such table: calendar_events')>

    async def _execute(self, fn, *args, **kwargs):
        """Queue a function with the given arguments for execution."""
        if not self._running or not self._connection:
            raise ValueError("Connection closed")
    
        function = partial(fn, *args, **kwargs)
        future = asyncio.get_event_loop().create_future()
    
        self._tx.put_nowait((future, function))
    
>       return await future
               ^^^^^^^^^^^^

..\..\AppData\Roaming\Python\Python313\site-packages\aiosqlite\core.py:160: 
_ _ _ _ _ _ _ _ _ _ _ _ _ _ _ _ _ _ _ _ _ _ _ _ _ _ _ _ _ _ _ _ _ _ _ _ _ _ _ _

tx = <_queue.SimpleQueue object at 0x0000022A9FC19960>

    def _connection_worker_thread(tx: _TxQueue):
        """
        Execute function calls on a separate thread.
    
        :meta private:
        """
        while True:
            # Continues running until all queue items are processed,
            # even after connection is closed (so we can finalize all
            # futures)
    
            future, function = tx.get()
    
            try:
                LOG.debug("executing %s", function)
>               result = function()
                         ^^^^^^^^^^
E               sqlalchemy.exc.OperationalError: (sqlite3.OperationalError) no such table: calendar_events
E               [SQL: SELECT calendar_events.id, calendar_events.title, calendar_events.description, calendar_events.start_time, calendar_events.end_time, calendar_events.location, calendar_events.attendees, calendar_events.is_recurring, calendar_events.recurrence_rule, calendar_events.created_at, calendar_events.updated_at 
E               FROM calendar_events 
E               WHERE calendar_events.start_time >= ? AND calendar_events.start_time <= ? ORDER BY calendar_events.start_time ASC
E                LIMIT ? OFFSET ?]
E               [parameters: ('2026-05-05 17:53:23.065864', '2026-05-05 18:53:23.065879', 50, 0)]
E               (Background on this error at: https://sqlalche.me/e/20/e3q8)

..\..\AppData\Roaming\Python\Python313\site-packages\aiosqlite\core.py:63: OperationalError
_________________________ test_notes_mcp_create_tool __________________________

self = <sqlalchemy.engine.base.Connection object at 0x0000022A9FCE6CF0>
dialect = <sqlalchemy.dialects.sqlite.aiosqlite.SQLiteDialect_aiosqlite object at 0x0000022A9EF82F90>
context = <sqlalchemy.dialects.sqlite.aiosqlite.SQLiteExecutionContext_aiosqlite object at 0x0000022A9FCE7150>
statement = <sqlalchemy.dialects.sqlite.base.SQLiteCompiler object at 0x0000022AA0E39D10>
parameters = [('7f12ea91-9111-4233-bffc-c15eb5d9ba76', 'Test Note via MCP', 'This note was created through the MCP tool interface.', '[]', 0, '2026-04-05 17:53:23.641789', ...)]

    def _exec_single_context(
        self,
        dialect: Dialect,
        context: ExecutionContext,
        statement: Union[str, Compiled],
        parameters: Optional[_AnyMultiExecuteParams],
    ) -> CursorResult[Any]:
        """continue the _execute_context() method for a single DBAPI
        cursor.execute() or cursor.executemany() call.
    
        """
        if dialect.bind_typing is BindTyping.SETINPUTSIZES:
            generic_setinputsizes = context._prepare_set_input_sizes()
    
            if generic_setinputsizes:
                try:
                    dialect.do_set_input_sizes(
                        context.cursor, generic_setinputsizes, context
                    )
                except BaseException as e:
                    self._handle_dbapi_exception(
                        e, str(statement), parameters, None, context
                    )
    
        cursor, str_statement, parameters = (
            context.cursor,
            context.statement,
            context.parameters,
        )
    
        effective_parameters: Optional[_AnyExecuteParams]
    
        if not context.executemany:
            effective_parameters = parameters[0]
        else:
            effective_parameters = parameters
    
        if self._has_events or self.engine._has_events:
            for fn in self.dispatch.before_cursor_execute:
                str_statement, effective_parameters = fn(
                    self,
                    cursor,
                    str_statement,
                    effective_parameters,
                    context,
                    context.executemany,
                )
    
        if self._echo:
            self._log_info(str_statement)
    
            stats = context._get_cache_stats()
    
            if not self.engine.hide_parameters:
                self._log_info(
                    "[%s] %r",
                    stats,
                    sql_util._repr_params(
                        effective_parameters,
                        batches=10,
                        ismulti=context.executemany,
                    ),
                )
            else:
                self._log_info(
                    "[%s] [SQL parameters hidden due to hide_parameters=True]",
                    stats,
                )
    
        evt_handled: bool = False
        try:
            if context.execute_style is ExecuteStyle.EXECUTEMANY:
                effective_parameters = cast(
                    "_CoreMultiExecuteParams", effective_parameters
                )
                if self.dialect._has_events:
                    for fn in self.dialect.dispatch.do_executemany:
                        if fn(
                            cursor,
                            str_statement,
                            effective_parameters,
                            context,
                        ):
                            evt_handled = True
                            break
                if not evt_handled:
                    self.dialect.do_executemany(
                        cursor,
                        str_statement,
                        effective_parameters,
                        context,
                    )
            elif not effective_parameters and context.no_parameters:
                if self.dialect._has_events:
                    for fn in self.dialect.dispatch.do_execute_no_params:
                        if fn(cursor, str_statement, context):
                            evt_handled = True
                            break
                if not evt_handled:
                    self.dialect.do_execute_no_params(
                        cursor, str_statement, context
                    )
            else:
                effective_parameters = cast(
                    "_CoreSingleExecuteParams", effective_parameters
                )
                if self.dialect._has_events:
                    for fn in self.dialect.dispatch.do_execute:
                        if fn(
                            cursor,
                            str_statement,
                            effective_parameters,
                            context,
                        ):
                            evt_handled = True
                            break
                if not evt_handled:
>                   self.dialect.do_execute(
                        cursor, str_statement, effective_parameters, context
                    )

..\..\AppData\Roaming\Python\Python313\site-packages\sqlalchemy\engine\base.py:1967: 
_ _ _ _ _ _ _ _ _ _ _ _ _ _ _ _ _ _ _ _ _ _ _ _ _ _ _ _ _ _ _ _ _ _ _ _ _ _ _ _

self = <sqlalchemy.dialects.sqlite.aiosqlite.SQLiteDialect_aiosqlite object at 0x0000022A9EF82F90>
cursor = <sqlalchemy.dialects.sqlite.aiosqlite.AsyncAdapt_aiosqlite_cursor object at 0x0000022AA1BF4FA0>
statement = 'INSERT INTO notes (id, title, content, tags, is_pinned, created_at, updated_at) VALUES (?, ?, ?, ?, ?, ?, ?)'
parameters = ('7f12ea91-9111-4233-bffc-c15eb5d9ba76', 'Test Note via MCP', 'This note was created through the MCP tool interface.', '[]', 0, '2026-04-05 17:53:23.641789', ...)
context = <sqlalchemy.dialects.sqlite.aiosqlite.SQLiteExecutionContext_aiosqlite object at 0x0000022A9FCE7150>

    def do_execute(self, cursor, statement, parameters, context=None):
>       cursor.execute(statement, parameters)

..\..\AppData\Roaming\Python\Python313\site-packages\sqlalchemy\engine\default.py:952: 
_ _ _ _ _ _ _ _ _ _ _ _ _ _ _ _ _ _ _ _ _ _ _ _ _ _ _ _ _ _ _ _ _ _ _ _ _ _ _ _

self = <sqlalchemy.dialects.sqlite.aiosqlite.AsyncAdapt_aiosqlite_cursor object at 0x0000022AA1BF4FA0>
operation = 'INSERT INTO notes (id, title, content, tags, is_pinned, created_at, updated_at) VALUES (?, ?, ?, ?, ?, ?, ?)'
parameters = ('7f12ea91-9111-4233-bffc-c15eb5d9ba76', 'Test Note via MCP', 'This note was created through the MCP tool interface.', '[]', 0, '2026-04-05 17:53:23.641789', ...)

    def execute(
        self,
        operation: Any,
        parameters: Optional[_DBAPISingleExecuteParams] = None,
    ) -> Any:
    
        try:
            _cursor: AsyncIODBAPICursor = self.await_(self._connection.cursor())  # type: ignore[arg-type] # noqa: E501
    
            if parameters is None:
                self.await_(_cursor.execute(operation))
            else:
                self.await_(_cursor.execute(operation, parameters))
    
            if _cursor.description:
                self.description = _cursor.description
                self.lastrowid = self.rowcount = -1
    
                if not self.server_side:
                    self._rows = deque(self.await_(_cursor.fetchall()))
            else:
                self.description = None
                self.lastrowid = _cursor.lastrowid
                self.rowcount = _cursor.rowcount
    
            if not self.server_side:
                self.await_(_cursor.close())
            else:
                self._cursor = _cursor  # type: ignore[misc]
        except Exception as error:
>           self._adapt_connection._handle_exception(error)

..\..\AppData\Roaming\Python\Python313\site-packages\sqlalchemy\dialects\sqlite\aiosqlite.py:182: 
_ _ _ _ _ _ _ _ _ _ _ _ _ _ _ _ _ _ _ _ _ _ _ _ _ _ _ _ _ _ _ _ _ _ _ _ _ _ _ _

self = <AdaptedConnection <aiosqlite.core.Connection object at 0x0000022A9FC0EFD0>>
error = OperationalError('no such table: notes')

    def _handle_exception(self, error: Exception) -> NoReturn:
        if (
            isinstance(error, ValueError)
            and error.args[0] == "no active connection"
        ):
            raise self.dbapi.sqlite.OperationalError(
                "no active connection"
            ) from error
        else:
>           raise error

..\..\AppData\Roaming\Python\Python313\site-packages\sqlalchemy\dialects\sqlite\aiosqlite.py:342: 
_ _ _ _ _ _ _ _ _ _ _ _ _ _ _ _ _ _ _ _ _ _ _ _ _ _ _ _ _ _ _ _ _ _ _ _ _ _ _ _

self = <sqlalchemy.dialects.sqlite.aiosqlite.AsyncAdapt_aiosqlite_cursor object at 0x0000022AA1BF4FA0>
operation = 'INSERT INTO notes (id, title, content, tags, is_pinned, created_at, updated_at) VALUES (?, ?, ?, ?, ?, ?, ?)'
parameters = ('7f12ea91-9111-4233-bffc-c15eb5d9ba76', 'Test Note via MCP', 'This note was created through the MCP tool interface.', '[]', 0, '2026-04-05 17:53:23.641789', ...)

    def execute(
        self,
        operation: Any,
        parameters: Optional[_DBAPISingleExecuteParams] = None,
    ) -> Any:
    
        try:
            _cursor: AsyncIODBAPICursor = self.await_(self._connection.cursor())  # type: ignore[arg-type] # noqa: E501
    
            if parameters is None:
                self.await_(_cursor.execute(operation))
            else:
>               self.await_(_cursor.execute(operation, parameters))

..\..\AppData\Roaming\Python\Python313\site-packages\sqlalchemy\dialects\sqlite\aiosqlite.py:164: 
_ _ _ _ _ _ _ _ _ _ _ _ _ _ _ _ _ _ _ _ _ _ _ _ _ _ _ _ _ _ _ _ _ _ _ _ _ _ _ _

awaitable = <coroutine object Cursor.execute at 0x0000022A9FCE7CA0>

    def await_only(awaitable: Awaitable[_T]) -> _T:
        """Awaits an async function in a sync method.
    
        The sync method must be inside a :func:`greenlet_spawn` context.
        :func:`await_only` calls cannot be nested.
    
        :param awaitable: The coroutine to call.
    
        """
        # this is called in the context greenlet while running fn
        current = getcurrent()
        if not getattr(current, "__sqlalchemy_greenlet_provider__", False):
            _safe_cancel_awaitable(awaitable)
    
            raise exc.MissingGreenlet(
                "greenlet_spawn has not been called; can't call await_only() "
                "here. Was IO attempted in an unexpected place?"
            )
    
        # returns the control to the driver greenlet passing it
        # a coroutine to run. Once the awaitable is done, the driver greenlet
        # switches back to this greenlet with the result of awaitable that is
        # then returned to the caller (or raised as error)
>       return current.parent.switch(awaitable)  # type: ignore[no-any-return,attr-defined] # noqa: E501
               ^^^^^^^^^^^^^^^^^^^^^^^^^^^^^^^^

..\..\AppData\Roaming\Python\Python313\site-packages\sqlalchemy\util\_concurrency_py3k.py:132: 
_ _ _ _ _ _ _ _ _ _ _ _ _ _ _ _ _ _ _ _ _ _ _ _ _ _ _ _ _ _ _ _ _ _ _ _ _ _ _ _

fn = <bound method Session.flush of <sqlalchemy.orm.session.Session object at 0x0000022AA1528F50>>
_require_await = False, args = (), kwargs = {'objects': None}
context = <_AsyncIoGreenlet object at 0x0000022AA1DADF00 (otid=0x0000022A9E4E1470) dead>
switch_occurred = True
result = <coroutine object Connection.rollback at 0x0000022A9FBA1840>
value = None

    async def greenlet_spawn(
        fn: Callable[..., _T],
        *args: Any,
        _require_await: bool = False,
        **kwargs: Any,
    ) -> _T:
        """Runs a sync function ``fn`` in a new greenlet.
    
        The sync function can then use :func:`await_only` to wait for async
        functions.
    
        :param fn: The sync callable to call.
        :param \\*args: Positional arguments to pass to the ``fn`` callable.
        :param \\*\\*kwargs: Keyword arguments to pass to the ``fn`` callable.
        """
    
        result: Any
        context = _AsyncIoGreenlet(fn, getcurrent())
        # runs the function synchronously in gl greenlet. If the execution
        # is interrupted by await_only, context is not dead and result is a
        # coroutine to wait. If the context is dead the function has
        # returned, and its result can be returned.
        switch_occurred = False
        result = context.switch(*args, **kwargs)
        while not context.dead:
            switch_occurred = True
            try:
                # wait for a coroutine from await_only and then return its
                # result back to it.
>               value = await result
                        ^^^^^^^^^^^^

..\..\AppData\Roaming\Python\Python313\site-packages\sqlalchemy\util\_concurrency_py3k.py:196: 
_ _ _ _ _ _ _ _ _ _ _ _ _ _ _ _ _ _ _ _ _ _ _ _ _ _ _ _ _ _ _ _ _ _ _ _ _ _ _ _

self = <aiosqlite.cursor.Cursor object at 0x0000022AA1BF6990>
sql = 'INSERT INTO notes (id, title, content, tags, is_pinned, created_at, updated_at) VALUES (?, ?, ?, ?, ?, ?, ?)'
parameters = ('7f12ea91-9111-4233-bffc-c15eb5d9ba76', 'Test Note via MCP', 'This note was created through the MCP tool interface.', '[]', 0, '2026-04-05 17:53:23.641789', ...)

    async def execute(
        self, sql: str, parameters: Optional[Iterable[Any]] = None
    ) -> "Cursor":
        """Execute the given query."""
        if parameters is None:
            parameters = []
>       await self._execute(self._cursor.execute, sql, parameters)

..\..\AppData\Roaming\Python\Python313\site-packages\aiosqlite\cursor.py:40: 
_ _ _ _ _ _ _ _ _ _ _ _ _ _ _ _ _ _ _ _ _ _ _ _ _ _ _ _ _ _ _ _ _ _ _ _ _ _ _ _

self = <aiosqlite.cursor.Cursor object at 0x0000022AA1BF6990>
fn = <built-in method execute of sqlite3.Cursor object at 0x0000022AA1B40CC0>
args = ('INSERT INTO notes (id, title, content, tags, is_pinned, created_at, updated_at) VALUES (?, ?, ?, ?, ?, ?, ?)', ('7f1...st Note via MCP', 'This note was created through the MCP tool interface.', '[]', 0, '2026-04-05 17:53:23.641789', ...))
kwargs = {}

    async def _execute(self, fn, *args, **kwargs):
        """Execute the given function on the shared connection's thread."""
>       return await self._conn._execute(fn, *args, **kwargs)
               ^^^^^^^^^^^^^^^^^^^^^^^^^^^^^^^^^^^^^^^^^^^^^^

..\..\AppData\Roaming\Python\Python313\site-packages\aiosqlite\cursor.py:32: 
_ _ _ _ _ _ _ _ _ _ _ _ _ _ _ _ _ _ _ _ _ _ _ _ _ _ _ _ _ _ _ _ _ _ _ _ _ _ _ _

self = <aiosqlite.core.Connection object at 0x0000022A9FC0EFD0>
fn = <built-in method execute of sqlite3.Cursor object at 0x0000022AA1B40CC0>
args = ('INSERT INTO notes (id, title, content, tags, is_pinned, created_at, updated_at) VALUES (?, ?, ?, ?, ?, ?, ?)', ('7f1...st Note via MCP', 'This note was created through the MCP tool interface.', '[]', 0, '2026-04-05 17:53:23.641789', ...))
kwargs = {}
function = functools.partial(<built-in method execute of sqlite3.Cursor object at 0x0000022AA1B40CC0>, 'INSERT INTO notes (id, ti...ote was created through the MCP tool interface.', '[]', 0, '2026-04-05 17:53:23.641789', '2026-04-05 17:53:23.641794'))
future = <Future finished exception=OperationalError('no such table: notes')>

    async def _execute(self, fn, *args, **kwargs):
        """Queue a function with the given arguments for execution."""
        if not self._running or not self._connection:
            raise ValueError("Connection closed")
    
        function = partial(fn, *args, **kwargs)
        future = asyncio.get_event_loop().create_future()
    
        self._tx.put_nowait((future, function))
    
>       return await future
               ^^^^^^^^^^^^

..\..\AppData\Roaming\Python\Python313\site-packages\aiosqlite\core.py:160: 
_ _ _ _ _ _ _ _ _ _ _ _ _ _ _ _ _ _ _ _ _ _ _ _ _ _ _ _ _ _ _ _ _ _ _ _ _ _ _ _

tx = <_queue.SimpleQueue object at 0x0000022A9FC19960>

    def _connection_worker_thread(tx: _TxQueue):
        """
        Execute function calls on a separate thread.
    
        :meta private:
        """
        while True:
            # Continues running until all queue items are processed,
            # even after connection is closed (so we can finalize all
            # futures)
    
            future, function = tx.get()
    
            try:
                LOG.debug("executing %s", function)
>               result = function()
                         ^^^^^^^^^^
E               sqlite3.OperationalError: no such table: notes

..\..\AppData\Roaming\Python\Python313\site-packages\aiosqlite\core.py:63: OperationalError

The above exception was the direct cause of the following exception:

    @pytest.mark.asyncio
    async def test_notes_mcp_create_tool():
        """Notes MCP create_note tool should write to DB."""
        from backend.mcp_servers.notes_server import handle_call_tool
>       results = await handle_call_tool("create_note", {
            "title": "Test Note via MCP",
            "content": "This note was created through the MCP tool interface.",
        })

test_multi_agent.py:124: 
_ _ _ _ _ _ _ _ _ _ _ _ _ _ _ _ _ _ _ _ _ _ _ _ _ _ _ _ _ _ _ _ _ _ _ _ _ _ _ _

name = 'create_note'
arguments = {'content': 'This note was created through the MCP tool interface.', 'title': 'Test Note via MCP'}

    @notes_server.call_tool()
    async def handle_call_tool(name: str, arguments: dict | None) -> list[types.TextContent]:
        if not arguments:
            arguments = {}
    
        if name == "semantic_search":
            query = arguments.get("query", "")
            limit = arguments.get("limit", 3)
            async with AsyncSessionLocal() as db:
                results = await crud.semantic_search_notes(db, query, limit=limit)
            if not results:
                return [types.TextContent(type="text", text="No semantically similar notes found.")]
            output = f"Top {len(results)} most relevant notes:\n\n"
            for i, note in enumerate(results, 1):
                preview = note.content[:500]
                output += f"{i}. {note.title}\n{preview}...\n\n"
            return [types.TextContent(type="text", text=output)]
    
        elif name == "create_note":
            title = arguments.get("title", "Untitled")
            content = arguments.get("content", "")
            tags = arguments.get("tags", [])
            async with AsyncSessionLocal() as db:
>               await crud.create_note(db, title, content, tags)

backend\mcp_servers\notes_server.py:69: 
_ _ _ _ _ _ _ _ _ _ _ _ _ _ _ _ _ _ _ _ _ _ _ _ _ _ _ _ _ _ _ _ _ _ _ _ _ _ _ _

db = <sqlalchemy.ext.asyncio.session.AsyncSession object at 0x0000022A9FC66750>
title = 'Test Note via MCP'
content = 'This note was created through the MCP tool interface.', tags = []
is_pinned = False

    async def create_note(
        db: AsyncSession, title: str, content: str,
        tags: list = None, is_pinned: bool = False,
    ):
        note_data = dict(
            id=str(uuid.uuid4()), title=title, content=content,
            tags=tags or [], is_pinned=is_pinned,
        )
        # Generate embedding if pgvector is available
        if HAS_PGVECTOR:
            text_to_embed = f"Title: {title}\n\nContent: {content}"
            vector = await _generate_embedding(text_to_embed)
            if vector is not None:
                note_data["embedding"] = vector
    
        note = Note(**note_data)
        db.add(note)
>       await db.flush()

backend\database\crud.py:228: 
_ _ _ _ _ _ _ _ _ _ _ _ _ _ _ _ _ _ _ _ _ _ _ _ _ _ _ _ _ _ _ _ _ _ _ _ _ _ _ _

self = <sqlalchemy.ext.asyncio.session.AsyncSession object at 0x0000022A9FC66750>
objects = None

    async def flush(self, objects: Optional[Sequence[Any]] = None) -> None:
        """Flush all the object changes to the database.
    
        .. seealso::
    
            :meth:`_orm.Session.flush` - main documentation for flush
    
        """
>       await greenlet_spawn(self.sync_session.flush, objects=objects)

..\..\AppData\Roaming\Python\Python313\site-packages\sqlalchemy\ext\asyncio\session.py:787: 
_ _ _ _ _ _ _ _ _ _ _ _ _ _ _ _ _ _ _ _ _ _ _ _ _ _ _ _ _ _ _ _ _ _ _ _ _ _ _ _

fn = <bound method Session.flush of <sqlalchemy.orm.session.Session object at 0x0000022AA1528F50>>
_require_await = False, args = (), kwargs = {'objects': None}
context = <_AsyncIoGreenlet object at 0x0000022AA1DADF00 (otid=0x0000022A9E4E1470) dead>
switch_occurred = True
result = <coroutine object Connection.rollback at 0x0000022A9FBA1840>
value = None

    async def greenlet_spawn(
        fn: Callable[..., _T],
        *args: Any,
        _require_await: bool = False,
        **kwargs: Any,
    ) -> _T:
        """Runs a sync function ``fn`` in a new greenlet.
    
        The sync function can then use :func:`await_only` to wait for async
        functions.
    
        :param fn: The sync callable to call.
        :param \\*args: Positional arguments to pass to the ``fn`` callable.
        :param \\*\\*kwargs: Keyword arguments to pass to the ``fn`` callable.
        """
    
        result: Any
        context = _AsyncIoGreenlet(fn, getcurrent())
        # runs the function synchronously in gl greenlet. If the execution
        # is interrupted by await_only, context is not dead and result is a
        # coroutine to wait. If the context is dead the function has
        # returned, and its result can be returned.
        switch_occurred = False
        result = context.switch(*args, **kwargs)
        while not context.dead:
            switch_occurred = True
            try:
                # wait for a coroutine from await_only and then return its
                # result back to it.
                value = await result
            except BaseException:
                # this allows an exception to be raised within
                # the moderated greenlet so that it can continue
                # its expected flow.
                result = context.throw(*sys.exc_info())
            else:
>               result = context.switch(value)
                         ^^^^^^^^^^^^^^^^^^^^^

..\..\AppData\Roaming\Python\Python313\site-packages\sqlalchemy\util\_concurrency_py3k.py:203: 
_ _ _ _ _ _ _ _ _ _ _ _ _ _ _ _ _ _ _ _ _ _ _ _ _ _ _ _ _ _ _ _ _ _ _ _ _ _ _ _

self = <sqlalchemy.orm.session.Session object at 0x0000022AA1528F50>
objects = None

    def flush(self, objects: Optional[Sequence[Any]] = None) -> None:
        """Flush all the object changes to the database.
    
        Writes out all pending object creations, deletions and modifications
        to the database as INSERTs, DELETEs, UPDATEs, etc.  Operations are
        automatically ordered by the Session's unit of work dependency
        solver.
    
        Database operations will be issued in the current transactional
        context and do not affect the state of the transaction, unless an
        error occurs, in which case the entire transaction is rolled back.
        You may flush() as often as you like within a transaction to move
        changes from Python to the database's transaction buffer.
    
        :param objects: Optional; restricts the flush operation to operate
          only on elements that are in the given collection.
    
          This feature is for an extremely narrow set of use cases where
          particular objects may need to be operated upon before the
          full flush() occurs.  It is not intended for general use.
    
        """
    
        if self._flushing:
            raise sa_exc.InvalidRequestError("Session is already flushing")
    
        if self._is_clean():
            return
        try:
            self._flushing = True
>           self._flush(objects)

..\..\AppData\Roaming\Python\Python313\site-packages\sqlalchemy\orm\session.py:4331: 
_ _ _ _ _ _ _ _ _ _ _ _ _ _ _ _ _ _ _ _ _ _ _ _ _ _ _ _ _ _ _ _ _ _ _ _ _ _ _ _

self = <sqlalchemy.orm.session.Session object at 0x0000022AA1528F50>
objects = None

    def _flush(self, objects: Optional[Sequence[object]] = None) -> None:
        dirty = self._dirty_states
        if not dirty and not self._deleted and not self._new:
            self.identity_map._modified.clear()
            return
    
        flush_context = UOWTransaction(self)
    
        if self.dispatch.before_flush:
            self.dispatch.before_flush(self, flush_context, objects)
            # re-establish "dirty states" in case the listeners
            # added
            dirty = self._dirty_states
    
        deleted = set(self._deleted)
        new = set(self._new)
    
        dirty = set(dirty).difference(deleted)
    
        # create the set of all objects we want to operate upon
        if objects:
            # specific list passed in
            objset = set()
            for o in objects:
                try:
                    state = attributes.instance_state(o)
    
                except exc.NO_STATE as err:
                    raise exc.UnmappedInstanceError(o) from err
                objset.add(state)
        else:
            objset = None
    
        # store objects whose fate has been decided
        processed = set()
    
        # put all saves/updates into the flush context.  detect top-level
        # orphans and throw them into deleted.
        if objset:
            proc = new.union(dirty).intersection(objset).difference(deleted)
        else:
            proc = new.union(dirty).difference(deleted)
    
        for state in proc:
            is_orphan = _state_mapper(state)._is_orphan(state)
    
            is_persistent_orphan = is_orphan and state.has_identity
    
            if (
                is_orphan
                and not is_persistent_orphan
                and state._orphaned_outside_of_session
            ):
                self._expunge_states([state])
            else:
                _reg = flush_context.register_object(
                    state, isdelete=is_persistent_orphan
                )
                assert _reg, "Failed to add object to the flush context!"
                processed.add(state)
    
        # put all remaining deletes into the flush context.
        if objset:
            proc = deleted.intersection(objset).difference(processed)
        else:
            proc = deleted.difference(processed)
        for state in proc:
            _reg = flush_context.register_object(state, isdelete=True)
            assert _reg, "Failed to add object to the flush context!"
    
        if not flush_context.has_work:
            return
    
        flush_context.transaction = transaction = self._autobegin_t()._begin()
        try:
            self._warn_on_events = True
            try:
                flush_context.execute()
            finally:
                self._warn_on_events = False
    
            self.dispatch.after_flush(self, flush_context)
    
            flush_context.finalize_flush_changes()
    
            if not objects and self.identity_map._modified:
                len_ = len(self.identity_map._modified)
    
                statelib.InstanceState._commit_all_states(
                    [
                        (state, state.dict)
                        for state in self.identity_map._modified
                    ],
                    instance_dict=self.identity_map,
                )
                util.warn(
                    "Attribute history events accumulated on %d "
                    "previously clean instances "
                    "within inner-flush event handlers have been "
                    "reset, and will not result in database updates. "
                    "Consider using set_committed_value() within "
                    "inner-flush event handlers to avoid this warning." % len_
                )
    
            # useful assertions:
            # if not objects:
            #    assert not self.identity_map._modified
            # else:
            #    assert self.identity_map._modified == \
            #            self.identity_map._modified.difference(objects)
    
            self.dispatch.after_flush_postexec(self, flush_context)
    
            transaction.commit()
    
        except:
>           with util.safe_reraise():
                 ^^^^^^^^^^^^^^^^^^^

..\..\AppData\Roaming\Python\Python313\site-packages\sqlalchemy\orm\session.py:4466: 
_ _ _ _ _ _ _ _ _ _ _ _ _ _ _ _ _ _ _ _ _ _ _ _ _ _ _ _ _ _ _ _ _ _ _ _ _ _ _ _

self = <sqlalchemy.util.langhelpers.safe_reraise object at 0x0000022A9FCD8910>
type_ = None, value = None, traceback = None

    def __exit__(
        self,
        type_: Optional[Type[BaseException]],
        value: Optional[BaseException],
        traceback: Optional[types.TracebackType],
    ) -> NoReturn:
        assert self._exc_info is not None
        # see #2703 for notes
        if type_ is None:
            exc_type, exc_value, exc_tb = self._exc_info
            assert exc_value is not None
            self._exc_info = None  # remove potential circular references
>           raise exc_value.with_traceback(exc_tb)

..\..\AppData\Roaming\Python\Python313\site-packages\sqlalchemy\util\langhelpers.py:121: 
_ _ _ _ _ _ _ _ _ _ _ _ _ _ _ _ _ _ _ _ _ _ _ _ _ _ _ _ _ _ _ _ _ _ _ _ _ _ _ _

self = <sqlalchemy.orm.session.Session object at 0x0000022AA1528F50>
objects = None

    def _flush(self, objects: Optional[Sequence[object]] = None) -> None:
        dirty = self._dirty_states
        if not dirty and not self._deleted and not self._new:
            self.identity_map._modified.clear()
            return
    
        flush_context = UOWTransaction(self)
    
        if self.dispatch.before_flush:
            self.dispatch.before_flush(self, flush_context, objects)
            # re-establish "dirty states" in case the listeners
            # added
            dirty = self._dirty_states
    
        deleted = set(self._deleted)
        new = set(self._new)
    
        dirty = set(dirty).difference(deleted)
    
        # create the set of all objects we want to operate upon
        if objects:
            # specific list passed in
            objset = set()
            for o in objects:
                try:
                    state = attributes.instance_state(o)
    
                except exc.NO_STATE as err:
                    raise exc.UnmappedInstanceError(o) from err
                objset.add(state)
        else:
            objset = None
    
        # store objects whose fate has been decided
        processed = set()
    
        # put all saves/updates into the flush context.  detect top-level
        # orphans and throw them into deleted.
        if objset:
            proc = new.union(dirty).intersection(objset).difference(deleted)
        else:
            proc = new.union(dirty).difference(deleted)
    
        for state in proc:
            is_orphan = _state_mapper(state)._is_orphan(state)
    
            is_persistent_orphan = is_orphan and state.has_identity
    
            if (
                is_orphan
                and not is_persistent_orphan
                and state._orphaned_outside_of_session
            ):
                self._expunge_states([state])
            else:
                _reg = flush_context.register_object(
                    state, isdelete=is_persistent_orphan
                )
                assert _reg, "Failed to add object to the flush context!"
                processed.add(state)
    
        # put all remaining deletes into the flush context.
        if objset:
            proc = deleted.intersection(objset).difference(processed)
        else:
            proc = deleted.difference(processed)
        for state in proc:
            _reg = flush_context.register_object(state, isdelete=True)
            assert _reg, "Failed to add object to the flush context!"
    
        if not flush_context.has_work:
            return
    
        flush_context.transaction = transaction = self._autobegin_t()._begin()
        try:
            self._warn_on_events = True
            try:
>               flush_context.execute()

..\..\AppData\Roaming\Python\Python313\site-packages\sqlalchemy\orm\session.py:4427: 
_ _ _ _ _ _ _ _ _ _ _ _ _ _ _ _ _ _ _ _ _ _ _ _ _ _ _ _ _ _ _ _ _ _ _ _ _ _ _ _

self = <sqlalchemy.orm.unitofwork.UOWTransaction object at 0x0000022A9FBAF070>

    def execute(self) -> None:
        postsort_actions = self._generate_actions()
    
        postsort_actions = sorted(
            postsort_actions,
            key=lambda item: item.sort_key,
        )
        # sort = topological.sort(self.dependencies, postsort_actions)
        # print "--------------"
        # print "\ndependencies:", self.dependencies
        # print "\ncycles:", self.cycles
        # print "\nsort:", list(sort)
        # print "\nCOUNT OF POSTSORT ACTIONS", len(postsort_actions)
    
        # execute
        if self.cycles:
            for subset in topological.sort_as_subsets(
                self.dependencies, postsort_actions
            ):
                set_ = set(subset)
                while set_:
                    n = set_.pop()
                    n.execute_aggregate(self, set_)
        else:
            for rec in topological.sort(self.dependencies, postsort_actions):
>               rec.execute(self)

..\..\AppData\Roaming\Python\Python313\site-packages\sqlalchemy\orm\unitofwork.py:466: 
_ _ _ _ _ _ _ _ _ _ _ _ _ _ _ _ _ _ _ _ _ _ _ _ _ _ _ _ _ _ _ _ _ _ _ _ _ _ _ _

self = SaveUpdateAll(Mapper[Note(notes)])
uow = <sqlalchemy.orm.unitofwork.UOWTransaction object at 0x0000022A9FBAF070>

    @util.preload_module("sqlalchemy.orm.persistence")
    def execute(self, uow):
>       util.preloaded.orm_persistence.save_obj(
            self.mapper,
            uow.states_for_mapper_hierarchy(self.mapper, False, False),
            uow,
        )

..\..\AppData\Roaming\Python\Python313\site-packages\sqlalchemy\orm\unitofwork.py:642: 
_ _ _ _ _ _ _ _ _ _ _ _ _ _ _ _ _ _ _ _ _ _ _ _ _ _ _ _ _ _ _ _ _ _ _ _ _ _ _ _

base_mapper = <Mapper at 0x22a9ef59e50; Note>
states = <generator object UOWTransaction.states_for_mapper_hierarchy at 0x0000022AA0E2FA60>
uowtransaction = <sqlalchemy.orm.unitofwork.UOWTransaction object at 0x0000022A9FBAF070>
single = False

    def save_obj(base_mapper, states, uowtransaction, single=False):
        """Issue ``INSERT`` and/or ``UPDATE`` statements for a list
        of objects.
    
        This is called within the context of a UOWTransaction during a
        flush operation, given a list of states to be flushed.  The
        base mapper in an inheritance hierarchy handles the inserts/
        updates for all descendant mappers.
    
        """
    
        # if batch=false, call _save_obj separately for each object
        if not single and not base_mapper.batch:
            for state in _sort_states(base_mapper, states):
                save_obj(base_mapper, [state], uowtransaction, single=True)
            return
    
        states_to_update = []
        states_to_insert = []
    
        for (
            state,
            dict_,
            mapper,
            connection,
            has_identity,
            row_switch,
            update_version_id,
        ) in _organize_states_for_save(base_mapper, states, uowtransaction):
            if has_identity or row_switch:
                states_to_update.append(
                    (state, dict_, mapper, connection, update_version_id)
                )
            else:
                states_to_insert.append((state, dict_, mapper, connection))
    
        for table, mapper in base_mapper._sorted_tables.items():
            if table not in mapper._pks_by_table:
                continue
            insert = _collect_insert_commands(table, states_to_insert)
    
            update = _collect_update_commands(
                uowtransaction, table, states_to_update
            )
    
            _emit_update_statements(
                base_mapper,
                uowtransaction,
                mapper,
                table,
                update,
            )
    
>           _emit_insert_statements(
                base_mapper,
                uowtransaction,
                mapper,
                table,
                insert,
            )

..\..\AppData\Roaming\Python\Python313\site-packages\sqlalchemy\orm\persistence.py:93: 
_ _ _ _ _ _ _ _ _ _ _ _ _ _ _ _ _ _ _ _ _ _ _ _ _ _ _ _ _ _ _ _ _ _ _ _ _ _ _ _

base_mapper = <Mapper at 0x22a9ef59e50; Note>
uowtransaction = <sqlalchemy.orm.unitofwork.UOWTransaction object at 0x0000022A9FBAF070>
mapper = <Mapper at 0x22a9ef59e50; Note>
table = Table('notes', MetaData(), Column('id', String(), table=<notes>, primary_key=True, nullable=False), Column('title', St..._utcnow at 0x0000022A9EFD5F80>), default=CallableColumnDefault(<function _utcnow at 0x0000022A9EFD5EE0>)), schema=None)
insert = <generator object _collect_insert_commands at 0x0000022A9FB67560>

    def _emit_insert_statements(
        base_mapper,
        uowtransaction,
        mapper,
        table,
        insert,
        *,
        bookkeeping=True,
        use_orm_insert_stmt=None,
        execution_options=None,
    ):
        """Emit INSERT statements corresponding to value lists collected
        by _collect_insert_commands()."""
    
        if use_orm_insert_stmt is not None:
            cached_stmt = use_orm_insert_stmt
            exec_opt = util.EMPTY_DICT
    
            # if a user query with RETURNING was passed, we definitely need
            # to use RETURNING.
            returning_is_required_anyway = bool(use_orm_insert_stmt._returning)
            deterministic_results_reqd = (
                returning_is_required_anyway
                and use_orm_insert_stmt._sort_by_parameter_order
            ) or bookkeeping
        else:
            returning_is_required_anyway = False
            deterministic_results_reqd = bookkeeping
            cached_stmt = base_mapper._memo(("insert", table), table.insert)
            exec_opt = {"compiled_cache": base_mapper._compiled_cache}
    
        if execution_options:
            execution_options = util.EMPTY_DICT.merge_with(
                exec_opt, execution_options
            )
        else:
            execution_options = exec_opt
    
        return_result = None
    
        for (
            (connection, _, hasvalue, has_all_pks, has_all_defaults),
            records,
        ) in groupby(
            insert,
            lambda rec: (
                rec[4],  # connection
                set(rec[2]),  # parameter keys
                bool(rec[5]),  # whether we have "value" parameters
                rec[6],
                rec[7],
            ),
        ):
            statement = cached_stmt
    
            if use_orm_insert_stmt is not None:
                statement = statement._annotate(
                    {
                        "_emit_insert_table": table,
                        "_emit_insert_mapper": mapper,
                    }
                )
    
            if (
                (
                    not bookkeeping
                    or (
                        has_all_defaults
                        or not base_mapper._prefer_eager_defaults(
                            connection.dialect, table
                        )
                        or not table.implicit_returning
                        or not connection.dialect.insert_returning
                    )
                )
                and not returning_is_required_anyway
                and has_all_pks
                and not hasvalue
            ):
                # the "we don't need newly generated values back" section.
                # here we have all the PKs, all the defaults or we don't want
                # to fetch them, or the dialect doesn't support RETURNING at all
                # so we have to post-fetch / use lastrowid anyway.
                records = list(records)
                multiparams = [rec[2] for rec in records]
    
>               result = connection.execute(
                    statement, multiparams, execution_options=execution_options
                )

..\..\AppData\Roaming\Python\Python313\site-packages\sqlalchemy\orm\persistence.py:1048: 
_ _ _ _ _ _ _ _ _ _ _ _ _ _ _ _ _ _ _ _ _ _ _ _ _ _ _ _ _ _ _ _ _ _ _ _ _ _ _ _

self = <sqlalchemy.engine.base.Connection object at 0x0000022A9FCE6CF0>
statement = <sqlalchemy.sql.dml.Insert object at 0x0000022A9FC0DF90>
parameters = [{'content': 'This note was created through the MCP tool interface.', 'id': '7f12ea91-9111-4233-bffc-c15eb5d9ba76', 'is_pinned': False, 'tags': [], ...}]

    def execute(
        self,
        statement: Executable,
        parameters: Optional[_CoreAnyExecuteParams] = None,
        *,
        execution_options: Optional[CoreExecuteOptionsParameter] = None,
    ) -> CursorResult[Any]:
        r"""Executes a SQL statement construct and returns a
        :class:`_engine.CursorResult`.
    
        :param statement: The statement to be executed.  This is always
         an object that is in both the :class:`_expression.ClauseElement` and
         :class:`_expression.Executable` hierarchies, including:
    
         * :class:`_expression.Select`
         * :class:`_expression.Insert`, :class:`_expression.Update`,
           :class:`_expression.Delete`
         * :class:`_expression.TextClause` and
           :class:`_expression.TextualSelect`
         * :class:`_schema.DDL` and objects which inherit from
           :class:`_schema.ExecutableDDLElement`
    
        :param parameters: parameters which will be bound into the statement.
         This may be either a dictionary of parameter names to values,
         or a mutable sequence (e.g. a list) of dictionaries.  When a
         list of dictionaries is passed, the underlying statement execution
         will make use of the DBAPI ``cursor.executemany()`` method.
         When a single dictionary is passed, the DBAPI ``cursor.execute()``
         method will be used.
    
        :param execution_options: optional dictionary of execution options,
         which will be associated with the statement execution.  This
         dictionary can provide a subset of the options that are accepted
         by :meth:`_engine.Connection.execution_options`.
    
        :return: a :class:`_engine.Result` object.
    
        """
        distilled_parameters = _distill_params_20(parameters)
        try:
            meth = statement._execute_on_connection
        except AttributeError as err:
            raise exc.ObjectNotExecutableError(statement) from err
        else:
>           return meth(
                self,
                distilled_parameters,
                execution_options or NO_OPTIONS,
            )

..\..\AppData\Roaming\Python\Python313\site-packages\sqlalchemy\engine\base.py:1419: 
_ _ _ _ _ _ _ _ _ _ _ _ _ _ _ _ _ _ _ _ _ _ _ _ _ _ _ _ _ _ _ _ _ _ _ _ _ _ _ _

self = <sqlalchemy.sql.dml.Insert object at 0x0000022A9FC0DF90>
connection = <sqlalchemy.engine.base.Connection object at 0x0000022A9FCE6CF0>
distilled_params = [{'content': 'This note was created through the MCP tool interface.', 'id': '7f12ea91-9111-4233-bffc-c15eb5d9ba76', 'is_pinned': False, 'tags': [], ...}]
execution_options = {'compiled_cache': <sqlalchemy.util._collections.LRUCache object at 0x0000022A9FC24450>}

    def _execute_on_connection(
        self,
        connection: Connection,
        distilled_params: _CoreMultiExecuteParams,
        execution_options: CoreExecuteOptionsParameter,
    ) -> Result[Any]:
        if self.supports_execution:
            if TYPE_CHECKING:
                assert isinstance(self, Executable)
>           return connection._execute_clauseelement(
                self, distilled_params, execution_options
            )

..\..\AppData\Roaming\Python\Python313\site-packages\sqlalchemy\sql\elements.py:527: 
_ _ _ _ _ _ _ _ _ _ _ _ _ _ _ _ _ _ _ _ _ _ _ _ _ _ _ _ _ _ _ _ _ _ _ _ _ _ _ _

self = <sqlalchemy.engine.base.Connection object at 0x0000022A9FCE6CF0>
elem = <sqlalchemy.sql.dml.Insert object at 0x0000022A9FC0DF90>
distilled_parameters = [{'content': 'This note was created through the MCP tool interface.', 'id': '7f12ea91-9111-4233-bffc-c15eb5d9ba76', 'is_pinned': False, 'tags': [], ...}]
execution_options = immutabledict({'compiled_cache': <sqlalchemy.util._collections.LRUCache object at 0x0000022A9FC24450>})

    def _execute_clauseelement(
        self,
        elem: Executable,
        distilled_parameters: _CoreMultiExecuteParams,
        execution_options: CoreExecuteOptionsParameter,
    ) -> CursorResult[Any]:
        """Execute a sql.ClauseElement object."""
    
        execution_options = elem._execution_options.merge_with(
            self._execution_options, execution_options
        )
    
        has_events = self._has_events or self.engine._has_events
        if has_events:
            (
                elem,
                distilled_parameters,
                event_multiparams,
                event_params,
            ) = self._invoke_before_exec_event(
                elem, distilled_parameters, execution_options
            )
    
        if distilled_parameters:
            # ensure we don't retain a link to the view object for keys()
            # which links to the values, which we don't want to cache
            keys = sorted(distilled_parameters[0])
            for_executemany = len(distilled_parameters) > 1
        else:
            keys = []
            for_executemany = False
    
        dialect = self.dialect
    
        schema_translate_map = execution_options.get(
            "schema_translate_map", None
        )
    
        compiled_cache: Optional[CompiledCacheType] = execution_options.get(
            "compiled_cache", self.engine._compiled_cache
        )
    
        compiled_sql, extracted_params, cache_hit = elem._compile_w_cache(
            dialect=dialect,
            compiled_cache=compiled_cache,
            column_keys=keys,
            for_executemany=for_executemany,
            schema_translate_map=schema_translate_map,
            linting=self.dialect.compiler_linting | compiler.WARN_LINTING,
        )
>       ret = self._execute_context(
            dialect,
            dialect.execution_ctx_cls._init_compiled,
            compiled_sql,
            distilled_parameters,
            execution_options,
            compiled_sql,
            distilled_parameters,
            elem,
            extracted_params,
            cache_hit=cache_hit,
        )

..\..\AppData\Roaming\Python\Python313\site-packages\sqlalchemy\engine\base.py:1641: 
_ _ _ _ _ _ _ _ _ _ _ _ _ _ _ _ _ _ _ _ _ _ _ _ _ _ _ _ _ _ _ _ _ _ _ _ _ _ _ _

self = <sqlalchemy.engine.base.Connection object at 0x0000022A9FCE6CF0>
dialect = <sqlalchemy.dialects.sqlite.aiosqlite.SQLiteDialect_aiosqlite object at 0x0000022A9EF82F90>
constructor = <bound method DefaultExecutionContext._init_compiled of <class 'sqlalchemy.dialects.sqlite.aiosqlite.SQLiteExecutionContext_aiosqlite'>>
statement = <sqlalchemy.dialects.sqlite.base.SQLiteCompiler object at 0x0000022AA0E39D10>
parameters = [{'content': 'This note was created through the MCP tool interface.', 'id': '7f12ea91-9111-4233-bffc-c15eb5d9ba76', 'is_pinned': False, 'tags': [], ...}]
execution_options = immutabledict({'compiled_cache': <sqlalchemy.util._collections.LRUCache object at 0x0000022A9FC24450>})
args = (<sqlalchemy.dialects.sqlite.base.SQLiteCompiler object at 0x0000022AA0E39D10>, [{'content': 'This note was created th...ffc-c15eb5d9ba76', 'is_pinned': False, 'tags': [], ...}], <sqlalchemy.sql.dml.Insert object at 0x0000022A9FC0DF90>, [])
kw = {'cache_hit': <CacheStats.CACHE_MISS: 1>}, yp = None
conn = <sqlalchemy.pool.base._ConnectionFairy object at 0x0000022AA1BF7D70>
context = <sqlalchemy.dialects.sqlite.aiosqlite.SQLiteExecutionContext_aiosqlite object at 0x0000022A9FCE7150>

    def _execute_context(
        self,
        dialect: Dialect,
        constructor: Callable[..., ExecutionContext],
        statement: Union[str, Compiled],
        parameters: Optional[_AnyMultiExecuteParams],
        execution_options: _ExecuteOptions,
        *args: Any,
        **kw: Any,
    ) -> CursorResult[Any]:
        """Create an :class:`.ExecutionContext` and execute, returning
        a :class:`_engine.CursorResult`."""
    
        if execution_options:
            yp = execution_options.get("yield_per", None)
            if yp:
                execution_options = execution_options.union(
                    {"stream_results": True, "max_row_buffer": yp}
                )
        try:
            conn = self._dbapi_connection
            if conn is None:
                conn = self._revalidate_connection()
    
            context = constructor(
                dialect, self, conn, execution_options, *args, **kw
            )
        except (exc.PendingRollbackError, exc.ResourceClosedError):
            raise
        except BaseException as e:
            self._handle_dbapi_exception(
                e, str(statement), parameters, None, None
            )
    
        if (
            self._transaction
            and not self._transaction.is_active
            or (
                self._nested_transaction
                and not self._nested_transaction.is_active
            )
        ):
            self._invalid_transaction()
    
        elif self._trans_context_manager:
            TransactionalContext._trans_ctx_check(self)
    
        if self._transaction is None:
            self._autobegin()
    
        context.pre_exec()
    
        if context.execute_style is ExecuteStyle.INSERTMANYVALUES:
            return self._exec_insertmany_context(dialect, context)
        else:
>           return self._exec_single_context(
                dialect, context, statement, parameters
            )

..\..\AppData\Roaming\Python\Python313\site-packages\sqlalchemy\engine\base.py:1846: 
_ _ _ _ _ _ _ _ _ _ _ _ _ _ _ _ _ _ _ _ _ _ _ _ _ _ _ _ _ _ _ _ _ _ _ _ _ _ _ _

self = <sqlalchemy.engine.base.Connection object at 0x0000022A9FCE6CF0>
dialect = <sqlalchemy.dialects.sqlite.aiosqlite.SQLiteDialect_aiosqlite object at 0x0000022A9EF82F90>
context = <sqlalchemy.dialects.sqlite.aiosqlite.SQLiteExecutionContext_aiosqlite object at 0x0000022A9FCE7150>
statement = <sqlalchemy.dialects.sqlite.base.SQLiteCompiler object at 0x0000022AA0E39D10>
parameters = [('7f12ea91-9111-4233-bffc-c15eb5d9ba76', 'Test Note via MCP', 'This note was created through the MCP tool interface.', '[]', 0, '2026-04-05 17:53:23.641789', ...)]

    def _exec_single_context(
        self,
        dialect: Dialect,
        context: ExecutionContext,
        statement: Union[str, Compiled],
        parameters: Optional[_AnyMultiExecuteParams],
    ) -> CursorResult[Any]:
        """continue the _execute_context() method for a single DBAPI
        cursor.execute() or cursor.executemany() call.
    
        """
        if dialect.bind_typing is BindTyping.SETINPUTSIZES:
            generic_setinputsizes = context._prepare_set_input_sizes()
    
            if generic_setinputsizes:
                try:
                    dialect.do_set_input_sizes(
                        context.cursor, generic_setinputsizes, context
                    )
                except BaseException as e:
                    self._handle_dbapi_exception(
                        e, str(statement), parameters, None, context
                    )
    
        cursor, str_statement, parameters = (
            context.cursor,
            context.statement,
            context.parameters,
        )
    
        effective_parameters: Optional[_AnyExecuteParams]
    
        if not context.executemany:
            effective_parameters = parameters[0]
        else:
            effective_parameters = parameters
    
        if self._has_events or self.engine._has_events:
            for fn in self.dispatch.before_cursor_execute:
                str_statement, effective_parameters = fn(
                    self,
                    cursor,
                    str_statement,
                    effective_parameters,
                    context,
                    context.executemany,
                )
    
        if self._echo:
            self._log_info(str_statement)
    
            stats = context._get_cache_stats()
    
            if not self.engine.hide_parameters:
                self._log_info(
                    "[%s] %r",
                    stats,
                    sql_util._repr_params(
                        effective_parameters,
                        batches=10,
                        ismulti=context.executemany,
                    ),
                )
            else:
                self._log_info(
                    "[%s] [SQL parameters hidden due to hide_parameters=True]",
                    stats,
                )
    
        evt_handled: bool = False
        try:
            if context.execute_style is ExecuteStyle.EXECUTEMANY:
                effective_parameters = cast(
                    "_CoreMultiExecuteParams", effective_parameters
                )
                if self.dialect._has_events:
                    for fn in self.dialect.dispatch.do_executemany:
                        if fn(
                            cursor,
                            str_statement,
                            effective_parameters,
                            context,
                        ):
                            evt_handled = True
                            break
                if not evt_handled:
                    self.dialect.do_executemany(
                        cursor,
                        str_statement,
                        effective_parameters,
                        context,
                    )
            elif not effective_parameters and context.no_parameters:
                if self.dialect._has_events:
                    for fn in self.dialect.dispatch.do_execute_no_params:
                        if fn(cursor, str_statement, context):
                            evt_handled = True
                            break
                if not evt_handled:
                    self.dialect.do_execute_no_params(
                        cursor, str_statement, context
                    )
            else:
                effective_parameters = cast(
                    "_CoreSingleExecuteParams", effective_parameters
                )
                if self.dialect._has_events:
                    for fn in self.dialect.dispatch.do_execute:
                        if fn(
                            cursor,
                            str_statement,
                            effective_parameters,
                            context,
                        ):
                            evt_handled = True
                            break
                if not evt_handled:
                    self.dialect.do_execute(
                        cursor, str_statement, effective_parameters, context
                    )
    
            if self._has_events or self.engine._has_events:
                self.dispatch.after_cursor_execute(
                    self,
                    cursor,
                    str_statement,
                    effective_parameters,
                    context,
                    context.executemany,
                )
    
            context.post_exec()
    
            result = context._setup_result_proxy()
    
        except BaseException as e:
>           self._handle_dbapi_exception(
                e, str_statement, effective_parameters, cursor, context
            )

..\..\AppData\Roaming\Python\Python313\site-packages\sqlalchemy\engine\base.py:1986: 
_ _ _ _ _ _ _ _ _ _ _ _ _ _ _ _ _ _ _ _ _ _ _ _ _ _ _ _ _ _ _ _ _ _ _ _ _ _ _ _

self = <sqlalchemy.engine.base.Connection object at 0x0000022A9FCE6CF0>
e = OperationalError('no such table: notes')
statement = 'INSERT INTO notes (id, title, content, tags, is_pinned, created_at, updated_at) VALUES (?, ?, ?, ?, ?, ?, ?)'
parameters = ('7f12ea91-9111-4233-bffc-c15eb5d9ba76', 'Test Note via MCP', 'This note was created through the MCP tool interface.', '[]', 0, '2026-04-05 17:53:23.641789', ...)
cursor = <sqlalchemy.dialects.sqlite.aiosqlite.AsyncAdapt_aiosqlite_cursor object at 0x0000022AA1BF4FA0>
context = <sqlalchemy.dialects.sqlite.aiosqlite.SQLiteExecutionContext_aiosqlite object at 0x0000022A9FCE7150>
is_sub_exec = False

    def _handle_dbapi_exception(
        self,
        e: BaseException,
        statement: Optional[str],
        parameters: Optional[_AnyExecuteParams],
        cursor: Optional[DBAPICursor],
        context: Optional[ExecutionContext],
        is_sub_exec: bool = False,
    ) -> NoReturn:
        exc_info = sys.exc_info()
    
        is_exit_exception = util.is_exit_exception(e)
    
        if not self._is_disconnect:
            self._is_disconnect = (
                isinstance(e, self.dialect.loaded_dbapi.Error)
                and not self.closed
                and self.dialect.is_disconnect(
                    e,
                    self._dbapi_connection if not self.invalidated else None,
                    cursor,
                )
            ) or (is_exit_exception and not self.closed)
    
        invalidate_pool_on_disconnect = not is_exit_exception
    
        ismulti: bool = (
            not is_sub_exec and context.executemany
            if context is not None
            else False
        )
        if self._reentrant_error:
            raise exc.DBAPIError.instance(
                statement,
                parameters,
                e,
                self.dialect.loaded_dbapi.Error,
                hide_parameters=self.engine.hide_parameters,
                dialect=self.dialect,
                ismulti=ismulti,
            ).with_traceback(exc_info[2]) from e
        self._reentrant_error = True
        try:
            # non-DBAPI error - if we already got a context,
            # or there's no string statement, don't wrap it
            should_wrap = isinstance(e, self.dialect.loaded_dbapi.Error) or (
                statement is not None
                and context is None
                and not is_exit_exception
            )
    
            if should_wrap:
                sqlalchemy_exception = exc.DBAPIError.instance(
                    statement,
                    parameters,
                    cast(Exception, e),
                    self.dialect.loaded_dbapi.Error,
                    hide_parameters=self.engine.hide_parameters,
                    connection_invalidated=self._is_disconnect,
                    dialect=self.dialect,
                    ismulti=ismulti,
                )
            else:
                sqlalchemy_exception = None
    
            newraise = None
    
            if (self.dialect._has_events) and not self._execution_options.get(
                "skip_user_error_events", False
            ):
                ctx = ExceptionContextImpl(
                    e,
                    sqlalchemy_exception,
                    self.engine,
                    self.dialect,
                    self,
                    cursor,
                    statement,
                    parameters,
                    context,
                    self._is_disconnect,
                    invalidate_pool_on_disconnect,
                    False,
                )
    
                for fn in self.dialect.dispatch.handle_error:
                    try:
                        # handler returns an exception;
                        # call next handler in a chain
                        per_fn = fn(ctx)
                        if per_fn is not None:
                            ctx.chained_exception = newraise = per_fn
                    except Exception as _raised:
                        # handler raises an exception - stop processing
                        newraise = _raised
                        break
    
                if self._is_disconnect != ctx.is_disconnect:
                    self._is_disconnect = ctx.is_disconnect
                    if sqlalchemy_exception:
                        sqlalchemy_exception.connection_invalidated = (
                            ctx.is_disconnect
                        )
    
                # set up potentially user-defined value for
                # invalidate pool.
                invalidate_pool_on_disconnect = (
                    ctx.invalidate_pool_on_disconnect
                )
    
            if should_wrap and context:
                context.handle_dbapi_exception(e)
    
            if not self._is_disconnect:
                if cursor:
                    self._safe_close_cursor(cursor)
                # "autorollback" was mostly relevant in 1.x series.
                # It's very unlikely to reach here, as the connection
                # does autobegin so when we are here, we are usually
                # in an explicit / semi-explicit transaction.
                # however we have a test which manufactures this
                # scenario in any case using an event handler.
                # test/engine/test_execute.py-> test_actual_autorollback
                if not self.in_transaction():
                    self._rollback_impl()
    
            if newraise:
                raise newraise.with_traceback(exc_info[2]) from e
            elif should_wrap:
                assert sqlalchemy_exception is not None
>               raise sqlalchemy_exception.with_traceback(exc_info[2]) from e

..\..\AppData\Roaming\Python\Python313\site-packages\sqlalchemy\engine\base.py:2363: 
_ _ _ _ _ _ _ _ _ _ _ _ _ _ _ _ _ _ _ _ _ _ _ _ _ _ _ _ _ _ _ _ _ _ _ _ _ _ _ _

self = <sqlalchemy.engine.base.Connection object at 0x0000022A9FCE6CF0>
dialect = <sqlalchemy.dialects.sqlite.aiosqlite.SQLiteDialect_aiosqlite object at 0x0000022A9EF82F90>
context = <sqlalchemy.dialects.sqlite.aiosqlite.SQLiteExecutionContext_aiosqlite object at 0x0000022A9FCE7150>
statement = <sqlalchemy.dialects.sqlite.base.SQLiteCompiler object at 0x0000022AA0E39D10>
parameters = [('7f12ea91-9111-4233-bffc-c15eb5d9ba76', 'Test Note via MCP', 'This note was created through the MCP tool interface.', '[]', 0, '2026-04-05 17:53:23.641789', ...)]

    def _exec_single_context(
        self,
        dialect: Dialect,
        context: ExecutionContext,
        statement: Union[str, Compiled],
        parameters: Optional[_AnyMultiExecuteParams],
    ) -> CursorResult[Any]:
        """continue the _execute_context() method for a single DBAPI
        cursor.execute() or cursor.executemany() call.
    
        """
        if dialect.bind_typing is BindTyping.SETINPUTSIZES:
            generic_setinputsizes = context._prepare_set_input_sizes()
    
            if generic_setinputsizes:
                try:
                    dialect.do_set_input_sizes(
                        context.cursor, generic_setinputsizes, context
                    )
                except BaseException as e:
                    self._handle_dbapi_exception(
                        e, str(statement), parameters, None, context
                    )
    
        cursor, str_statement, parameters = (
            context.cursor,
            context.statement,
            context.parameters,
        )
    
        effective_parameters: Optional[_AnyExecuteParams]
    
        if not context.executemany:
            effective_parameters = parameters[0]
        else:
            effective_parameters = parameters
    
        if self._has_events or self.engine._has_events:
            for fn in self.dispatch.before_cursor_execute:
                str_statement, effective_parameters = fn(
                    self,
                    cursor,
                    str_statement,
                    effective_parameters,
                    context,
                    context.executemany,
                )
    
        if self._echo:
            self._log_info(str_statement)
    
            stats = context._get_cache_stats()
    
            if not self.engine.hide_parameters:
                self._log_info(
                    "[%s] %r",
                    stats,
                    sql_util._repr_params(
                        effective_parameters,
                        batches=10,
                        ismulti=context.executemany,
                    ),
                )
            else:
                self._log_info(
                    "[%s] [SQL parameters hidden due to hide_parameters=True]",
                    stats,
                )
    
        evt_handled: bool = False
        try:
            if context.execute_style is ExecuteStyle.EXECUTEMANY:
                effective_parameters = cast(
                    "_CoreMultiExecuteParams", effective_parameters
                )
                if self.dialect._has_events:
                    for fn in self.dialect.dispatch.do_executemany:
                        if fn(
                            cursor,
                            str_statement,
                            effective_parameters,
                            context,
                        ):
                            evt_handled = True
                            break
                if not evt_handled:
                    self.dialect.do_executemany(
                        cursor,
                        str_statement,
                        effective_parameters,
                        context,
                    )
            elif not effective_parameters and context.no_parameters:
                if self.dialect._has_events:
                    for fn in self.dialect.dispatch.do_execute_no_params:
                        if fn(cursor, str_statement, context):
                            evt_handled = True
                            break
                if not evt_handled:
                    self.dialect.do_execute_no_params(
                        cursor, str_statement, context
                    )
            else:
                effective_parameters = cast(
                    "_CoreSingleExecuteParams", effective_parameters
                )
                if self.dialect._has_events:
                    for fn in self.dialect.dispatch.do_execute:
                        if fn(
                            cursor,
                            str_statement,
                            effective_parameters,
                            context,
                        ):
                            evt_handled = True
                            break
                if not evt_handled:
>                   self.dialect.do_execute(
                        cursor, str_statement, effective_parameters, context
                    )

..\..\AppData\Roaming\Python\Python313\site-packages\sqlalchemy\engine\base.py:1967: 
_ _ _ _ _ _ _ _ _ _ _ _ _ _ _ _ _ _ _ _ _ _ _ _ _ _ _ _ _ _ _ _ _ _ _ _ _ _ _ _

self = <sqlalchemy.dialects.sqlite.aiosqlite.SQLiteDialect_aiosqlite object at 0x0000022A9EF82F90>
cursor = <sqlalchemy.dialects.sqlite.aiosqlite.AsyncAdapt_aiosqlite_cursor object at 0x0000022AA1BF4FA0>
statement = 'INSERT INTO notes (id, title, content, tags, is_pinned, created_at, updated_at) VALUES (?, ?, ?, ?, ?, ?, ?)'
parameters = ('7f12ea91-9111-4233-bffc-c15eb5d9ba76', 'Test Note via MCP', 'This note was created through the MCP tool interface.', '[]', 0, '2026-04-05 17:53:23.641789', ...)
context = <sqlalchemy.dialects.sqlite.aiosqlite.SQLiteExecutionContext_aiosqlite object at 0x0000022A9FCE7150>

    def do_execute(self, cursor, statement, parameters, context=None):
>       cursor.execute(statement, parameters)

..\..\AppData\Roaming\Python\Python313\site-packages\sqlalchemy\engine\default.py:952: 
_ _ _ _ _ _ _ _ _ _ _ _ _ _ _ _ _ _ _ _ _ _ _ _ _ _ _ _ _ _ _ _ _ _ _ _ _ _ _ _

self = <sqlalchemy.dialects.sqlite.aiosqlite.AsyncAdapt_aiosqlite_cursor object at 0x0000022AA1BF4FA0>
operation = 'INSERT INTO notes (id, title, content, tags, is_pinned, created_at, updated_at) VALUES (?, ?, ?, ?, ?, ?, ?)'
parameters = ('7f12ea91-9111-4233-bffc-c15eb5d9ba76', 'Test Note via MCP', 'This note was created through the MCP tool interface.', '[]', 0, '2026-04-05 17:53:23.641789', ...)

    def execute(
        self,
        operation: Any,
        parameters: Optional[_DBAPISingleExecuteParams] = None,
    ) -> Any:
    
        try:
            _cursor: AsyncIODBAPICursor = self.await_(self._connection.cursor())  # type: ignore[arg-type] # noqa: E501
    
            if parameters is None:
                self.await_(_cursor.execute(operation))
            else:
                self.await_(_cursor.execute(operation, parameters))
    
            if _cursor.description:
                self.description = _cursor.description
                self.lastrowid = self.rowcount = -1
    
                if not self.server_side:
                    self._rows = deque(self.await_(_cursor.fetchall()))
            else:
                self.description = None
                self.lastrowid = _cursor.lastrowid
                self.rowcount = _cursor.rowcount
    
            if not self.server_side:
                self.await_(_cursor.close())
            else:
                self._cursor = _cursor  # type: ignore[misc]
        except Exception as error:
>           self._adapt_connection._handle_exception(error)

..\..\AppData\Roaming\Python\Python313\site-packages\sqlalchemy\dialects\sqlite\aiosqlite.py:182: 
_ _ _ _ _ _ _ _ _ _ _ _ _ _ _ _ _ _ _ _ _ _ _ _ _ _ _ _ _ _ _ _ _ _ _ _ _ _ _ _

self = <AdaptedConnection <aiosqlite.core.Connection object at 0x0000022A9FC0EFD0>>
error = OperationalError('no such table: notes')

    def _handle_exception(self, error: Exception) -> NoReturn:
        if (
            isinstance(error, ValueError)
            and error.args[0] == "no active connection"
        ):
            raise self.dbapi.sqlite.OperationalError(
                "no active connection"
            ) from error
        else:
>           raise error

..\..\AppData\Roaming\Python\Python313\site-packages\sqlalchemy\dialects\sqlite\aiosqlite.py:342: 
_ _ _ _ _ _ _ _ _ _ _ _ _ _ _ _ _ _ _ _ _ _ _ _ _ _ _ _ _ _ _ _ _ _ _ _ _ _ _ _

self = <sqlalchemy.dialects.sqlite.aiosqlite.AsyncAdapt_aiosqlite_cursor object at 0x0000022AA1BF4FA0>
operation = 'INSERT INTO notes (id, title, content, tags, is_pinned, created_at, updated_at) VALUES (?, ?, ?, ?, ?, ?, ?)'
parameters = ('7f12ea91-9111-4233-bffc-c15eb5d9ba76', 'Test Note via MCP', 'This note was created through the MCP tool interface.', '[]', 0, '2026-04-05 17:53:23.641789', ...)

    def execute(
        self,
        operation: Any,
        parameters: Optional[_DBAPISingleExecuteParams] = None,
    ) -> Any:
    
        try:
            _cursor: AsyncIODBAPICursor = self.await_(self._connection.cursor())  # type: ignore[arg-type] # noqa: E501
    
            if parameters is None:
                self.await_(_cursor.execute(operation))
            else:
>               self.await_(_cursor.execute(operation, parameters))

..\..\AppData\Roaming\Python\Python313\site-packages\sqlalchemy\dialects\sqlite\aiosqlite.py:164: 
_ _ _ _ _ _ _ _ _ _ _ _ _ _ _ _ _ _ _ _ _ _ _ _ _ _ _ _ _ _ _ _ _ _ _ _ _ _ _ _

awaitable = <coroutine object Cursor.execute at 0x0000022A9FCE7CA0>

    def await_only(awaitable: Awaitable[_T]) -> _T:
        """Awaits an async function in a sync method.
    
        The sync method must be inside a :func:`greenlet_spawn` context.
        :func:`await_only` calls cannot be nested.
    
        :param awaitable: The coroutine to call.
    
        """
        # this is called in the context greenlet while running fn
        current = getcurrent()
        if not getattr(current, "__sqlalchemy_greenlet_provider__", False):
            _safe_cancel_awaitable(awaitable)
    
            raise exc.MissingGreenlet(
                "greenlet_spawn has not been called; can't call await_only() "
                "here. Was IO attempted in an unexpected place?"
            )
    
        # returns the control to the driver greenlet passing it
        # a coroutine to run. Once the awaitable is done, the driver greenlet
        # switches back to this greenlet with the result of awaitable that is
        # then returned to the caller (or raised as error)
>       return current.parent.switch(awaitable)  # type: ignore[no-any-return,attr-defined] # noqa: E501
               ^^^^^^^^^^^^^^^^^^^^^^^^^^^^^^^^

..\..\AppData\Roaming\Python\Python313\site-packages\sqlalchemy\util\_concurrency_py3k.py:132: 
_ _ _ _ _ _ _ _ _ _ _ _ _ _ _ _ _ _ _ _ _ _ _ _ _ _ _ _ _ _ _ _ _ _ _ _ _ _ _ _

fn = <bound method Session.flush of <sqlalchemy.orm.session.Session object at 0x0000022AA1528F50>>
_require_await = False, args = (), kwargs = {'objects': None}
context = <_AsyncIoGreenlet object at 0x0000022AA1DADF00 (otid=0x0000022A9E4E1470) dead>
switch_occurred = True
result = <coroutine object Connection.rollback at 0x0000022A9FBA1840>
value = None

    async def greenlet_spawn(
        fn: Callable[..., _T],
        *args: Any,
        _require_await: bool = False,
        **kwargs: Any,
    ) -> _T:
        """Runs a sync function ``fn`` in a new greenlet.
    
        The sync function can then use :func:`await_only` to wait for async
        functions.
    
        :param fn: The sync callable to call.
        :param \\*args: Positional arguments to pass to the ``fn`` callable.
        :param \\*\\*kwargs: Keyword arguments to pass to the ``fn`` callable.
        """
    
        result: Any
        context = _AsyncIoGreenlet(fn, getcurrent())
        # runs the function synchronously in gl greenlet. If the execution
        # is interrupted by await_only, context is not dead and result is a
        # coroutine to wait. If the context is dead the function has
        # returned, and its result can be returned.
        switch_occurred = False
        result = context.switch(*args, **kwargs)
        while not context.dead:
            switch_occurred = True
            try:
                # wait for a coroutine from await_only and then return its
                # result back to it.
>               value = await result
                        ^^^^^^^^^^^^

..\..\AppData\Roaming\Python\Python313\site-packages\sqlalchemy\util\_concurrency_py3k.py:196: 
_ _ _ _ _ _ _ _ _ _ _ _ _ _ _ _ _ _ _ _ _ _ _ _ _ _ _ _ _ _ _ _ _ _ _ _ _ _ _ _

self = <aiosqlite.cursor.Cursor object at 0x0000022AA1BF6990>
sql = 'INSERT INTO notes (id, title, content, tags, is_pinned, created_at, updated_at) VALUES (?, ?, ?, ?, ?, ?, ?)'
parameters = ('7f12ea91-9111-4233-bffc-c15eb5d9ba76', 'Test Note via MCP', 'This note was created through the MCP tool interface.', '[]', 0, '2026-04-05 17:53:23.641789', ...)

    async def execute(
        self, sql: str, parameters: Optional[Iterable[Any]] = None
    ) -> "Cursor":
        """Execute the given query."""
        if parameters is None:
            parameters = []
>       await self._execute(self._cursor.execute, sql, parameters)

..\..\AppData\Roaming\Python\Python313\site-packages\aiosqlite\cursor.py:40: 
_ _ _ _ _ _ _ _ _ _ _ _ _ _ _ _ _ _ _ _ _ _ _ _ _ _ _ _ _ _ _ _ _ _ _ _ _ _ _ _

self = <aiosqlite.cursor.Cursor object at 0x0000022AA1BF6990>
fn = <built-in method execute of sqlite3.Cursor object at 0x0000022AA1B40CC0>
args = ('INSERT INTO notes (id, title, content, tags, is_pinned, created_at, updated_at) VALUES (?, ?, ?, ?, ?, ?, ?)', ('7f1...st Note via MCP', 'This note was created through the MCP tool interface.', '[]', 0, '2026-04-05 17:53:23.641789', ...))
kwargs = {}

    async def _execute(self, fn, *args, **kwargs):
        """Execute the given function on the shared connection's thread."""
>       return await self._conn._execute(fn, *args, **kwargs)
               ^^^^^^^^^^^^^^^^^^^^^^^^^^^^^^^^^^^^^^^^^^^^^^

..\..\AppData\Roaming\Python\Python313\site-packages\aiosqlite\cursor.py:32: 
_ _ _ _ _ _ _ _ _ _ _ _ _ _ _ _ _ _ _ _ _ _ _ _ _ _ _ _ _ _ _ _ _ _ _ _ _ _ _ _

self = <aiosqlite.core.Connection object at 0x0000022A9FC0EFD0>
fn = <built-in method execute of sqlite3.Cursor object at 0x0000022AA1B40CC0>
args = ('INSERT INTO notes (id, title, content, tags, is_pinned, created_at, updated_at) VALUES (?, ?, ?, ?, ?, ?, ?)', ('7f1...st Note via MCP', 'This note was created through the MCP tool interface.', '[]', 0, '2026-04-05 17:53:23.641789', ...))
kwargs = {}
function = functools.partial(<built-in method execute of sqlite3.Cursor object at 0x0000022AA1B40CC0>, 'INSERT INTO notes (id, ti...ote was created through the MCP tool interface.', '[]', 0, '2026-04-05 17:53:23.641789', '2026-04-05 17:53:23.641794'))
future = <Future finished exception=OperationalError('no such table: notes')>

    async def _execute(self, fn, *args, **kwargs):
        """Queue a function with the given arguments for execution."""
        if not self._running or not self._connection:
            raise ValueError("Connection closed")
    
        function = partial(fn, *args, **kwargs)
        future = asyncio.get_event_loop().create_future()
    
        self._tx.put_nowait((future, function))
    
>       return await future
               ^^^^^^^^^^^^

..\..\AppData\Roaming\Python\Python313\site-packages\aiosqlite\core.py:160: 
_ _ _ _ _ _ _ _ _ _ _ _ _ _ _ _ _ _ _ _ _ _ _ _ _ _ _ _ _ _ _ _ _ _ _ _ _ _ _ _

tx = <_queue.SimpleQueue object at 0x0000022A9FC19960>

    def _connection_worker_thread(tx: _TxQueue):
        """
        Execute function calls on a separate thread.
    
        :meta private:
        """
        while True:
            # Continues running until all queue items are processed,
            # even after connection is closed (so we can finalize all
            # futures)
    
            future, function = tx.get()
    
            try:
                LOG.debug("executing %s", function)
>               result = function()
                         ^^^^^^^^^^
E               sqlalchemy.exc.OperationalError: (sqlite3.OperationalError) no such table: notes
E               [SQL: INSERT INTO notes (id, title, content, tags, is_pinned, created_at, updated_at) VALUES (?, ?, ?, ?, ?, ?, ?)]
E               [parameters: ('7f12ea91-9111-4233-bffc-c15eb5d9ba76', 'Test Note via MCP', 'This note was created through the MCP tool interface.', '[]', 0, '2026-04-05 17:53:23.641789', '2026-04-05 17:53:23.641794')]
E               (Background on this error at: https://sqlalche.me/e/20/e3q8)

..\..\AppData\Roaming\Python\Python313\site-packages\aiosqlite\core.py:63: OperationalError
____________________________ test_task_agent_list _____________________________

self = <sqlalchemy.engine.base.Connection object at 0x0000022AA1B90AD0>
dialect = <sqlalchemy.dialects.sqlite.aiosqlite.SQLiteDialect_aiosqlite object at 0x0000022A9EF82F90>
context = <sqlalchemy.dialects.sqlite.aiosqlite.SQLiteExecutionContext_aiosqlite object at 0x0000022AA1B91E10>
statement = <sqlalchemy.dialects.sqlite.base.SQLiteCompiler object at 0x0000022A9FC0C910>
parameters = [(10, 0)]

    def _exec_single_context(
        self,
        dialect: Dialect,
        context: ExecutionContext,
        statement: Union[str, Compiled],
        parameters: Optional[_AnyMultiExecuteParams],
    ) -> CursorResult[Any]:
        """continue the _execute_context() method for a single DBAPI
        cursor.execute() or cursor.executemany() call.
    
        """
        if dialect.bind_typing is BindTyping.SETINPUTSIZES:
            generic_setinputsizes = context._prepare_set_input_sizes()
    
            if generic_setinputsizes:
                try:
                    dialect.do_set_input_sizes(
                        context.cursor, generic_setinputsizes, context
                    )
                except BaseException as e:
                    self._handle_dbapi_exception(
                        e, str(statement), parameters, None, context
                    )
    
        cursor, str_statement, parameters = (
            context.cursor,
            context.statement,
            context.parameters,
        )
    
        effective_parameters: Optional[_AnyExecuteParams]
    
        if not context.executemany:
            effective_parameters = parameters[0]
        else:
            effective_parameters = parameters
    
        if self._has_events or self.engine._has_events:
            for fn in self.dispatch.before_cursor_execute:
                str_statement, effective_parameters = fn(
                    self,
                    cursor,
                    str_statement,
                    effective_parameters,
                    context,
                    context.executemany,
                )
    
        if self._echo:
            self._log_info(str_statement)
    
            stats = context._get_cache_stats()
    
            if not self.engine.hide_parameters:
                self._log_info(
                    "[%s] %r",
                    stats,
                    sql_util._repr_params(
                        effective_parameters,
                        batches=10,
                        ismulti=context.executemany,
                    ),
                )
            else:
                self._log_info(
                    "[%s] [SQL parameters hidden due to hide_parameters=True]",
                    stats,
                )
    
        evt_handled: bool = False
        try:
            if context.execute_style is ExecuteStyle.EXECUTEMANY:
                effective_parameters = cast(
                    "_CoreMultiExecuteParams", effective_parameters
                )
                if self.dialect._has_events:
                    for fn in self.dialect.dispatch.do_executemany:
                        if fn(
                            cursor,
                            str_statement,
                            effective_parameters,
                            context,
                        ):
                            evt_handled = True
                            break
                if not evt_handled:
                    self.dialect.do_executemany(
                        cursor,
                        str_statement,
                        effective_parameters,
                        context,
                    )
            elif not effective_parameters and context.no_parameters:
                if self.dialect._has_events:
                    for fn in self.dialect.dispatch.do_execute_no_params:
                        if fn(cursor, str_statement, context):
                            evt_handled = True
                            break
                if not evt_handled:
                    self.dialect.do_execute_no_params(
                        cursor, str_statement, context
                    )
            else:
                effective_parameters = cast(
                    "_CoreSingleExecuteParams", effective_parameters
                )
                if self.dialect._has_events:
                    for fn in self.dialect.dispatch.do_execute:
                        if fn(
                            cursor,
                            str_statement,
                            effective_parameters,
                            context,
                        ):
                            evt_handled = True
                            break
                if not evt_handled:
>                   self.dialect.do_execute(
                        cursor, str_statement, effective_parameters, context
                    )

..\..\AppData\Roaming\Python\Python313\site-packages\sqlalchemy\engine\base.py:1967: 
_ _ _ _ _ _ _ _ _ _ _ _ _ _ _ _ _ _ _ _ _ _ _ _ _ _ _ _ _ _ _ _ _ _ _ _ _ _ _ _

self = <sqlalchemy.dialects.sqlite.aiosqlite.SQLiteDialect_aiosqlite object at 0x0000022A9EF82F90>
cursor = <sqlalchemy.dialects.sqlite.aiosqlite.AsyncAdapt_aiosqlite_cursor object at 0x0000022A9FD1B160>
statement = 'SELECT tasks.id, tasks.title, tasks.description, tasks.status, tasks.priority, tasks.due_date, tasks.tags, tasks.created_at, tasks.updated_at, tasks.completed_at \nFROM tasks ORDER BY tasks.created_at DESC\n LIMIT ? OFFSET ?'
parameters = (10, 0)
context = <sqlalchemy.dialects.sqlite.aiosqlite.SQLiteExecutionContext_aiosqlite object at 0x0000022AA1B91E10>

    def do_execute(self, cursor, statement, parameters, context=None):
>       cursor.execute(statement, parameters)

..\..\AppData\Roaming\Python\Python313\site-packages\sqlalchemy\engine\default.py:952: 
_ _ _ _ _ _ _ _ _ _ _ _ _ _ _ _ _ _ _ _ _ _ _ _ _ _ _ _ _ _ _ _ _ _ _ _ _ _ _ _

self = <sqlalchemy.dialects.sqlite.aiosqlite.AsyncAdapt_aiosqlite_cursor object at 0x0000022A9FD1B160>
operation = 'SELECT tasks.id, tasks.title, tasks.description, tasks.status, tasks.priority, tasks.due_date, tasks.tags, tasks.created_at, tasks.updated_at, tasks.completed_at \nFROM tasks ORDER BY tasks.created_at DESC\n LIMIT ? OFFSET ?'
parameters = (10, 0)

    def execute(
        self,
        operation: Any,
        parameters: Optional[_DBAPISingleExecuteParams] = None,
    ) -> Any:
    
        try:
            _cursor: AsyncIODBAPICursor = self.await_(self._connection.cursor())  # type: ignore[arg-type] # noqa: E501
    
            if parameters is None:
                self.await_(_cursor.execute(operation))
            else:
                self.await_(_cursor.execute(operation, parameters))
    
            if _cursor.description:
                self.description = _cursor.description
                self.lastrowid = self.rowcount = -1
    
                if not self.server_side:
                    self._rows = deque(self.await_(_cursor.fetchall()))
            else:
                self.description = None
                self.lastrowid = _cursor.lastrowid
                self.rowcount = _cursor.rowcount
    
            if not self.server_side:
                self.await_(_cursor.close())
            else:
                self._cursor = _cursor  # type: ignore[misc]
        except Exception as error:
>           self._adapt_connection._handle_exception(error)

..\..\AppData\Roaming\Python\Python313\site-packages\sqlalchemy\dialects\sqlite\aiosqlite.py:182: 
_ _ _ _ _ _ _ _ _ _ _ _ _ _ _ _ _ _ _ _ _ _ _ _ _ _ _ _ _ _ _ _ _ _ _ _ _ _ _ _

self = <AdaptedConnection <aiosqlite.core.Connection object at 0x0000022A9FC0EFD0>>
error = OperationalError('no such table: tasks')

    def _handle_exception(self, error: Exception) -> NoReturn:
        if (
            isinstance(error, ValueError)
            and error.args[0] == "no active connection"
        ):
            raise self.dbapi.sqlite.OperationalError(
                "no active connection"
            ) from error
        else:
>           raise error

..\..\AppData\Roaming\Python\Python313\site-packages\sqlalchemy\dialects\sqlite\aiosqlite.py:342: 
_ _ _ _ _ _ _ _ _ _ _ _ _ _ _ _ _ _ _ _ _ _ _ _ _ _ _ _ _ _ _ _ _ _ _ _ _ _ _ _

self = <sqlalchemy.dialects.sqlite.aiosqlite.AsyncAdapt_aiosqlite_cursor object at 0x0000022A9FD1B160>
operation = 'SELECT tasks.id, tasks.title, tasks.description, tasks.status, tasks.priority, tasks.due_date, tasks.tags, tasks.created_at, tasks.updated_at, tasks.completed_at \nFROM tasks ORDER BY tasks.created_at DESC\n LIMIT ? OFFSET ?'
parameters = (10, 0)

    def execute(
        self,
        operation: Any,
        parameters: Optional[_DBAPISingleExecuteParams] = None,
    ) -> Any:
    
        try:
            _cursor: AsyncIODBAPICursor = self.await_(self._connection.cursor())  # type: ignore[arg-type] # noqa: E501
    
            if parameters is None:
                self.await_(_cursor.execute(operation))
            else:
>               self.await_(_cursor.execute(operation, parameters))

..\..\AppData\Roaming\Python\Python313\site-packages\sqlalchemy\dialects\sqlite\aiosqlite.py:164: 
_ _ _ _ _ _ _ _ _ _ _ _ _ _ _ _ _ _ _ _ _ _ _ _ _ _ _ _ _ _ _ _ _ _ _ _ _ _ _ _

awaitable = <coroutine object Cursor.execute at 0x0000022AA1B912A0>

    def await_only(awaitable: Awaitable[_T]) -> _T:
        """Awaits an async function in a sync method.
    
        The sync method must be inside a :func:`greenlet_spawn` context.
        :func:`await_only` calls cannot be nested.
    
        :param awaitable: The coroutine to call.
    
        """
        # this is called in the context greenlet while running fn
        current = getcurrent()
        if not getattr(current, "__sqlalchemy_greenlet_provider__", False):
            _safe_cancel_awaitable(awaitable)
    
            raise exc.MissingGreenlet(
                "greenlet_spawn has not been called; can't call await_only() "
                "here. Was IO attempted in an unexpected place?"
            )
    
        # returns the control to the driver greenlet passing it
        # a coroutine to run. Once the awaitable is done, the driver greenlet
        # switches back to this greenlet with the result of awaitable that is
        # then returned to the caller (or raised as error)
>       return current.parent.switch(awaitable)  # type: ignore[no-any-return,attr-defined] # noqa: E501
               ^^^^^^^^^^^^^^^^^^^^^^^^^^^^^^^^

..\..\AppData\Roaming\Python\Python313\site-packages\sqlalchemy\util\_concurrency_py3k.py:132: 
_ _ _ _ _ _ _ _ _ _ _ _ _ _ _ _ _ _ _ _ _ _ _ _ _ _ _ _ _ _ _ _ _ _ _ _ _ _ _ _

fn = <bound method Session.execute of <sqlalchemy.orm.session.Session object at 0x0000022AA0E2F980>>
_require_await = False
args = (<sqlalchemy.sql.selectable.Select object at 0x0000022AA0E2FD40>,)
kwargs = {'bind_arguments': None, 'execution_options': immutabledict({'prebuffer_rows': True}), 'params': None}
context = <_AsyncIoGreenlet object at 0x0000022AA256BEC0 (otid=0x0000022A9E4E1470) dead>
switch_occurred = True
result = <coroutine object Cursor.execute at 0x0000022AA1B912A0>
value = <aiosqlite.cursor.Cursor object at 0x0000022A9FD1B230>

    async def greenlet_spawn(
        fn: Callable[..., _T],
        *args: Any,
        _require_await: bool = False,
        **kwargs: Any,
    ) -> _T:
        """Runs a sync function ``fn`` in a new greenlet.
    
        The sync function can then use :func:`await_only` to wait for async
        functions.
    
        :param fn: The sync callable to call.
        :param \\*args: Positional arguments to pass to the ``fn`` callable.
        :param \\*\\*kwargs: Keyword arguments to pass to the ``fn`` callable.
        """
    
        result: Any
        context = _AsyncIoGreenlet(fn, getcurrent())
        # runs the function synchronously in gl greenlet. If the execution
        # is interrupted by await_only, context is not dead and result is a
        # coroutine to wait. If the context is dead the function has
        # returned, and its result can be returned.
        switch_occurred = False
        result = context.switch(*args, **kwargs)
        while not context.dead:
            switch_occurred = True
            try:
                # wait for a coroutine from await_only and then return its
                # result back to it.
>               value = await result
                        ^^^^^^^^^^^^

..\..\AppData\Roaming\Python\Python313\site-packages\sqlalchemy\util\_concurrency_py3k.py:196: 
_ _ _ _ _ _ _ _ _ _ _ _ _ _ _ _ _ _ _ _ _ _ _ _ _ _ _ _ _ _ _ _ _ _ _ _ _ _ _ _

self = <aiosqlite.cursor.Cursor object at 0x0000022A9FD1B230>
sql = 'SELECT tasks.id, tasks.title, tasks.description, tasks.status, tasks.priority, tasks.due_date, tasks.tags, tasks.created_at, tasks.updated_at, tasks.completed_at \nFROM tasks ORDER BY tasks.created_at DESC\n LIMIT ? OFFSET ?'
parameters = (10, 0)

    async def execute(
        self, sql: str, parameters: Optional[Iterable[Any]] = None
    ) -> "Cursor":
        """Execute the given query."""
        if parameters is None:
            parameters = []
>       await self._execute(self._cursor.execute, sql, parameters)

..\..\AppData\Roaming\Python\Python313\site-packages\aiosqlite\cursor.py:40: 
_ _ _ _ _ _ _ _ _ _ _ _ _ _ _ _ _ _ _ _ _ _ _ _ _ _ _ _ _ _ _ _ _ _ _ _ _ _ _ _

self = <aiosqlite.cursor.Cursor object at 0x0000022A9FD1B230>
fn = <built-in method execute of sqlite3.Cursor object at 0x0000022AA2400640>
args = ('SELECT tasks.id, tasks.title, tasks.description, tasks.status, tasks.priority, tasks.due_date, tasks.tags, tasks.created_at, tasks.updated_at, tasks.completed_at \nFROM tasks ORDER BY tasks.created_at DESC\n LIMIT ? OFFSET ?', (10, 0))
kwargs = {}

    async def _execute(self, fn, *args, **kwargs):
        """Execute the given function on the shared connection's thread."""
>       return await self._conn._execute(fn, *args, **kwargs)
               ^^^^^^^^^^^^^^^^^^^^^^^^^^^^^^^^^^^^^^^^^^^^^^

..\..\AppData\Roaming\Python\Python313\site-packages\aiosqlite\cursor.py:32: 
_ _ _ _ _ _ _ _ _ _ _ _ _ _ _ _ _ _ _ _ _ _ _ _ _ _ _ _ _ _ _ _ _ _ _ _ _ _ _ _

self = <aiosqlite.core.Connection object at 0x0000022A9FC0EFD0>
fn = <built-in method execute of sqlite3.Cursor object at 0x0000022AA2400640>
args = ('SELECT tasks.id, tasks.title, tasks.description, tasks.status, tasks.priority, tasks.due_date, tasks.tags, tasks.created_at, tasks.updated_at, tasks.completed_at \nFROM tasks ORDER BY tasks.created_at DESC\n LIMIT ? OFFSET ?', (10, 0))
kwargs = {}
function = functools.partial(<built-in method execute of sqlite3.Cursor object at 0x0000022AA2400640>, 'SELECT tasks.id, tasks.ti...ated_at, tasks.updated_at, tasks.completed_at \nFROM tasks ORDER BY tasks.created_at DESC\n LIMIT ? OFFSET ?', (10, 0))
future = <Future finished exception=OperationalError('no such table: tasks')>

    async def _execute(self, fn, *args, **kwargs):
        """Queue a function with the given arguments for execution."""
        if not self._running or not self._connection:
            raise ValueError("Connection closed")
    
        function = partial(fn, *args, **kwargs)
        future = asyncio.get_event_loop().create_future()
    
        self._tx.put_nowait((future, function))
    
>       return await future
               ^^^^^^^^^^^^

..\..\AppData\Roaming\Python\Python313\site-packages\aiosqlite\core.py:160: 
_ _ _ _ _ _ _ _ _ _ _ _ _ _ _ _ _ _ _ _ _ _ _ _ _ _ _ _ _ _ _ _ _ _ _ _ _ _ _ _

tx = <_queue.SimpleQueue object at 0x0000022A9FC19960>

    def _connection_worker_thread(tx: _TxQueue):
        """
        Execute function calls on a separate thread.
    
        :meta private:
        """
        while True:
            # Continues running until all queue items are processed,
            # even after connection is closed (so we can finalize all
            # futures)
    
            future, function = tx.get()
    
            try:
                LOG.debug("executing %s", function)
>               result = function()
                         ^^^^^^^^^^
E               sqlite3.OperationalError: no such table: tasks

..\..\AppData\Roaming\Python\Python313\site-packages\aiosqlite\core.py:63: OperationalError

The above exception was the direct cause of the following exception:

    @pytest.mark.asyncio
    async def test_task_agent_list():
        """Task agent should yield thoughts + real task data from DB."""
        from backend.agents import task_agent
        events = []
>       async for event in task_agent.run("show my tasks", "test-session"):

test_multi_agent.py:140: 
_ _ _ _ _ _ _ _ _ _ _ _ _ _ _ _ _ _ _ _ _ _ _ _ _ _ _ _ _ _ _ _ _ _ _ _ _ _ _ _

user_message = 'show my tasks', session_id = 'test-session', llm = None

    async def run(
        user_message: str, session_id: str, llm=None
    ) -> AsyncGenerator[Union[str, Dict[str, str]], None]:
        """Execute the task agent û calls real MCP tools and returns real data."""
    
        yield {"type": "thought", "content": "\U0001f4dd Task Agent activated \u2013 analyzing request..."}
        await asyncio.sleep(0.3)
    
        tool_name, tool_args = _classify_task_intent(user_message)
        clean_args = {k: v for k, v in tool_args.items() if v is not None and k != "intent"}
    
        if tool_name == "list_then_respond":
            # For complete/update: first list tasks so user can see them
            yield {"type": "thought", "content": "\U0001f4cb Fetching current tasks from database..."}
            results = await tasks_tool("list_tasks", {"limit": 10, "status": "todo"})
            tool_output = results[0].text
            yield {"type": "thought", "content": "\u2705 Tasks retrieved \u2013 preparing response..."}
        else:
            yield {"type": "thought", "content": f"\U0001f527 Calling MCP tool: {tool_name}({clean_args})"}
            await asyncio.sleep(0.2)
>           results = await tasks_tool(tool_name, clean_args)
                      ^^^^^^^^^^^^^^^^^^^^^^^^^^^^^^^^^^^^^^^

backend\agents\task_agent.py:91: 
_ _ _ _ _ _ _ _ _ _ _ _ _ _ _ _ _ _ _ _ _ _ _ _ _ _ _ _ _ _ _ _ _ _ _ _ _ _ _ _

name = 'list_tasks', arguments = {'limit': 10}

    @tasks_server.call_tool()
    async def handle_call_tool(name: str, arguments: dict | None) -> list[types.TextContent]:
        if not arguments:
            arguments = {}
    
        if name == "create_task":
            async with AsyncSessionLocal() as db:
                task = await crud.create_task(
                    db,
                    title=arguments.get("title", "Untitled"),
                    description=arguments.get("description", ""),
                    priority=arguments.get("priority", "medium"),
                    due_date=arguments.get("due_date"),
                    tags=arguments.get("tags", []),
                )
                await db.commit()
            return [types.TextContent(
                type="text",
                text=f"Task created: '{task.title}' (ID: {task.id}, Priority: {task.priority})"
            )]
    
        elif name == "list_tasks":
            async with AsyncSessionLocal() as db:
>               tasks = await crud.get_tasks(
                    db,
                    status=arguments.get("status"),
                    priority=arguments.get("priority"),
                    limit=arguments.get("limit", 10),
                )

backend\mcp_servers\tasks_server.py:103: 
_ _ _ _ _ _ _ _ _ _ _ _ _ _ _ _ _ _ _ _ _ _ _ _ _ _ _ _ _ _ _ _ _ _ _ _ _ _ _ _

db = <sqlalchemy.ext.asyncio.session.AsyncSession object at 0x0000022AA0E2ED50>
status = None, priority = None, limit = 10

    async def get_tasks(
        db: AsyncSession, status: str = None, priority: str = None, limit: int = 50,
    ) -> list[Task]:
        stmt = select(Task)
        if status:
            stmt = stmt.where(Task.status == status)
        if priority:
            stmt = stmt.where(Task.priority == priority)
        stmt = stmt.order_by(desc(Task.created_at)).limit(limit)
>       result = await db.execute(stmt)
                 ^^^^^^^^^^^^^^^^^^^^^^

backend\database\crud.py:104: 
_ _ _ _ _ _ _ _ _ _ _ _ _ _ _ _ _ _ _ _ _ _ _ _ _ _ _ _ _ _ _ _ _ _ _ _ _ _ _ _

self = <sqlalchemy.ext.asyncio.session.AsyncSession object at 0x0000022AA0E2ED50>
statement = <sqlalchemy.sql.selectable.Select object at 0x0000022AA0E2FD40>
params = None, execution_options = immutabledict({'prebuffer_rows': True})
bind_arguments = None, kw = {}

    async def execute(
        self,
        statement: Executable,
        params: Optional[_CoreAnyExecuteParams] = None,
        *,
        execution_options: OrmExecuteOptionsParameter = util.EMPTY_DICT,
        bind_arguments: Optional[_BindArguments] = None,
        **kw: Any,
    ) -> Result[Any]:
        """Execute a statement and return a buffered
        :class:`_engine.Result` object.
    
        .. seealso::
    
            :meth:`_orm.Session.execute` - main documentation for execute
    
        """
    
        if execution_options:
            execution_options = util.immutabledict(execution_options).union(
                _EXECUTE_OPTIONS
            )
        else:
            execution_options = _EXECUTE_OPTIONS
    
>       result = await greenlet_spawn(
            self.sync_session.execute,
            statement,
            params=params,
            execution_options=execution_options,
            bind_arguments=bind_arguments,
            **kw,
        )

..\..\AppData\Roaming\Python\Python313\site-packages\sqlalchemy\ext\asyncio\session.py:449: 
_ _ _ _ _ _ _ _ _ _ _ _ _ _ _ _ _ _ _ _ _ _ _ _ _ _ _ _ _ _ _ _ _ _ _ _ _ _ _ _

fn = <bound method Session.execute of <sqlalchemy.orm.session.Session object at 0x0000022AA0E2F980>>
_require_await = False
args = (<sqlalchemy.sql.selectable.Select object at 0x0000022AA0E2FD40>,)
kwargs = {'bind_arguments': None, 'execution_options': immutabledict({'prebuffer_rows': True}), 'params': None}
context = <_AsyncIoGreenlet object at 0x0000022AA256BEC0 (otid=0x0000022A9E4E1470) dead>
switch_occurred = True
result = <coroutine object Cursor.execute at 0x0000022AA1B912A0>
value = <aiosqlite.cursor.Cursor object at 0x0000022A9FD1B230>

    async def greenlet_spawn(
        fn: Callable[..., _T],
        *args: Any,
        _require_await: bool = False,
        **kwargs: Any,
    ) -> _T:
        """Runs a sync function ``fn`` in a new greenlet.
    
        The sync function can then use :func:`await_only` to wait for async
        functions.
    
        :param fn: The sync callable to call.
        :param \\*args: Positional arguments to pass to the ``fn`` callable.
        :param \\*\\*kwargs: Keyword arguments to pass to the ``fn`` callable.
        """
    
        result: Any
        context = _AsyncIoGreenlet(fn, getcurrent())
        # runs the function synchronously in gl greenlet. If the execution
        # is interrupted by await_only, context is not dead and result is a
        # coroutine to wait. If the context is dead the function has
        # returned, and its result can be returned.
        switch_occurred = False
        result = context.switch(*args, **kwargs)
        while not context.dead:
            switch_occurred = True
            try:
                # wait for a coroutine from await_only and then return its
                # result back to it.
                value = await result
            except BaseException:
                # this allows an exception to be raised within
                # the moderated greenlet so that it can continue
                # its expected flow.
>               result = context.throw(*sys.exc_info())
                         ^^^^^^^^^^^^^^^^^^^^^^^^^^^^^^

..\..\AppData\Roaming\Python\Python313\site-packages\sqlalchemy\util\_concurrency_py3k.py:201: 
_ _ _ _ _ _ _ _ _ _ _ _ _ _ _ _ _ _ _ _ _ _ _ _ _ _ _ _ _ _ _ _ _ _ _ _ _ _ _ _

self = <sqlalchemy.orm.session.Session object at 0x0000022AA0E2F980>
statement = <sqlalchemy.sql.selectable.Select object at 0x0000022AA0E2FD40>
params = None

    def execute(
        self,
        statement: Executable,
        params: Optional[_CoreAnyExecuteParams] = None,
        *,
        execution_options: OrmExecuteOptionsParameter = util.EMPTY_DICT,
        bind_arguments: Optional[_BindArguments] = None,
        _parent_execute_state: Optional[Any] = None,
        _add_event: Optional[Any] = None,
    ) -> Result[Any]:
        r"""Execute a SQL expression construct.
    
        Returns a :class:`_engine.Result` object representing
        results of the statement execution.
    
        E.g.::
    
            from sqlalchemy import select
    
            result = session.execute(select(User).where(User.id == 5))
    
        The API contract of :meth:`_orm.Session.execute` is similar to that
        of :meth:`_engine.Connection.execute`, the :term:`2.0 style` version
        of :class:`_engine.Connection`.
    
        .. versionchanged:: 1.4 the :meth:`_orm.Session.execute` method is
           now the primary point of ORM statement execution when using
           :term:`2.0 style` ORM usage.
    
        :param statement:
            An executable statement (i.e. an :class:`.Executable` expression
            such as :func:`_expression.select`).
    
        :param params:
            Optional dictionary, or list of dictionaries, containing
            bound parameter values.   If a single dictionary, single-row
            execution occurs; if a list of dictionaries, an
            "executemany" will be invoked.  The keys in each dictionary
            must correspond to parameter names present in the statement.
    
        :param execution_options: optional dictionary of execution options,
         which will be associated with the statement execution.  This
         dictionary can provide a subset of the options that are accepted
         by :meth:`_engine.Connection.execution_options`, and may also
         provide additional options understood only in an ORM context.
    
         .. seealso::
    
            :ref:`orm_queryguide_execution_options` - ORM-specific execution
            options
    
        :param bind_arguments: dictionary of additional arguments to determine
         the bind.  May include "mapper", "bind", or other custom arguments.
         Contents of this dictionary are passed to the
         :meth:`.Session.get_bind` method.
    
        :return: a :class:`_engine.Result` object.
    
    
        """
>       return self._execute_internal(
            statement,
            params,
            execution_options=execution_options,
            bind_arguments=bind_arguments,
            _parent_execute_state=_parent_execute_state,
            _add_event=_add_event,
        )

..\..\AppData\Roaming\Python\Python313\site-packages\sqlalchemy\orm\session.py:2351: 
_ _ _ _ _ _ _ _ _ _ _ _ _ _ _ _ _ _ _ _ _ _ _ _ _ _ _ _ _ _ _ _ _ _ _ _ _ _ _ _

self = <sqlalchemy.orm.session.Session object at 0x0000022AA0E2F980>
statement = <sqlalchemy.sql.selectable.Select object at 0x0000022AA0E2FD40>
params = None

    def _execute_internal(
        self,
        statement: Executable,
        params: Optional[_CoreAnyExecuteParams] = None,
        *,
        execution_options: OrmExecuteOptionsParameter = util.EMPTY_DICT,
        bind_arguments: Optional[_BindArguments] = None,
        _parent_execute_state: Optional[Any] = None,
        _add_event: Optional[Any] = None,
        _scalar_result: bool = False,
    ) -> Any:
        statement = coercions.expect(roles.StatementRole, statement)
    
        if not bind_arguments:
            bind_arguments = {}
        else:
            bind_arguments = dict(bind_arguments)
    
        if (
            statement._propagate_attrs.get("compile_state_plugin", None)
            == "orm"
        ):
            compile_state_cls = CompileState._get_plugin_class_for_plugin(
                statement, "orm"
            )
            if TYPE_CHECKING:
                assert isinstance(
                    compile_state_cls, context.AbstractORMCompileState
                )
        else:
            compile_state_cls = None
            bind_arguments.setdefault("clause", statement)
    
        execution_options = util.coerce_to_immutabledict(execution_options)
    
        if _parent_execute_state:
            events_todo = _parent_execute_state._remaining_events()
        else:
            events_todo = self.dispatch.do_orm_execute
            if _add_event:
                events_todo = list(events_todo) + [_add_event]
    
        if events_todo:
            if compile_state_cls is not None:
                # for event handlers, do the orm_pre_session_exec
                # pass ahead of the event handlers, so that things like
                # .load_options, .update_delete_options etc. are populated.
                # is_pre_event=True allows the hook to hold off on things
                # it doesn't want to do twice, including autoflush as well
                # as "pre fetch" for DML, etc.
                (
                    statement,
                    execution_options,
                ) = compile_state_cls.orm_pre_session_exec(
                    self,
                    statement,
                    params,
                    execution_options,
                    bind_arguments,
                    True,
                )
    
            orm_exec_state = ORMExecuteState(
                self,
                statement,
                params,
                execution_options,
                bind_arguments,
                compile_state_cls,
                events_todo,
            )
            for idx, fn in enumerate(events_todo):
                orm_exec_state._starting_event_idx = idx
                fn_result: Optional[Result[Any]] = fn(orm_exec_state)
                if fn_result:
                    if _scalar_result:
                        return fn_result.scalar()
                    else:
                        return fn_result
    
            statement = orm_exec_state.statement
            execution_options = orm_exec_state.local_execution_options
    
        if compile_state_cls is not None:
            # now run orm_pre_session_exec() "for real".   if there were
            # event hooks, this will re-run the steps that interpret
            # new execution_options into load_options / update_delete_options,
            # which we assume the event hook might have updated.
            # autoflush will also be invoked in this step if enabled.
            (
                statement,
                execution_options,
            ) = compile_state_cls.orm_pre_session_exec(
                self,
                statement,
                params,
                execution_options,
                bind_arguments,
                False,
            )
    
        bind = self.get_bind(**bind_arguments)
    
        conn = self._connection_for_bind(bind)
    
        if _scalar_result and not compile_state_cls:
            if TYPE_CHECKING:
                params = cast(_CoreSingleExecuteParams, params)
            return conn.scalar(
                statement, params or {}, execution_options=execution_options
            )
    
        if compile_state_cls:
>           result: Result[Any] = compile_state_cls.orm_execute_statement(
                self,
                statement,
                params or {},
                execution_options,
                bind_arguments,
                conn,
            )

..\..\AppData\Roaming\Python\Python313\site-packages\sqlalchemy\orm\session.py:2249: 
_ _ _ _ _ _ _ _ _ _ _ _ _ _ _ _ _ _ _ _ _ _ _ _ _ _ _ _ _ _ _ _ _ _ _ _ _ _ _ _

cls = <class 'sqlalchemy.orm.context.ORMSelectCompileState'>
session = <sqlalchemy.orm.session.Session object at 0x0000022AA0E2F980>
statement = <sqlalchemy.sql.selectable.Select object at 0x0000022AA0E2FD40>
params = {}
execution_options = immutabledict({'prebuffer_rows': True, '_result_disable_adapt_to_context': True})
bind_arguments = {'clause': <sqlalchemy.sql.selectable.Select object at 0x0000022AA0E2FD40>, 'mapper': <Mapper at 0x22a9ef81010; Task>}
conn = <sqlalchemy.engine.base.Connection object at 0x0000022AA1B90AD0>

    @classmethod
    def orm_execute_statement(
        cls,
        session,
        statement,
        params,
        execution_options,
        bind_arguments,
        conn,
    ) -> Result:
>       result = conn.execute(
            statement, params or {}, execution_options=execution_options
        )

..\..\AppData\Roaming\Python\Python313\site-packages\sqlalchemy\orm\context.py:306: 
_ _ _ _ _ _ _ _ _ _ _ _ _ _ _ _ _ _ _ _ _ _ _ _ _ _ _ _ _ _ _ _ _ _ _ _ _ _ _ _

self = <sqlalchemy.engine.base.Connection object at 0x0000022AA1B90AD0>
statement = <sqlalchemy.sql.selectable.Select object at 0x0000022AA0E2FD40>
parameters = {}

    def execute(
        self,
        statement: Executable,
        parameters: Optional[_CoreAnyExecuteParams] = None,
        *,
        execution_options: Optional[CoreExecuteOptionsParameter] = None,
    ) -> CursorResult[Any]:
        r"""Executes a SQL statement construct and returns a
        :class:`_engine.CursorResult`.
    
        :param statement: The statement to be executed.  This is always
         an object that is in both the :class:`_expression.ClauseElement` and
         :class:`_expression.Executable` hierarchies, including:
    
         * :class:`_expression.Select`
         * :class:`_expression.Insert`, :class:`_expression.Update`,
           :class:`_expression.Delete`
         * :class:`_expression.TextClause` and
           :class:`_expression.TextualSelect`
         * :class:`_schema.DDL` and objects which inherit from
           :class:`_schema.ExecutableDDLElement`
    
        :param parameters: parameters which will be bound into the statement.
         This may be either a dictionary of parameter names to values,
         or a mutable sequence (e.g. a list) of dictionaries.  When a
         list of dictionaries is passed, the underlying statement execution
         will make use of the DBAPI ``cursor.executemany()`` method.
         When a single dictionary is passed, the DBAPI ``cursor.execute()``
         method will be used.
    
        :param execution_options: optional dictionary of execution options,
         which will be associated with the statement execution.  This
         dictionary can provide a subset of the options that are accepted
         by :meth:`_engine.Connection.execution_options`.
    
        :return: a :class:`_engine.Result` object.
    
        """
        distilled_parameters = _distill_params_20(parameters)
        try:
            meth = statement._execute_on_connection
        except AttributeError as err:
            raise exc.ObjectNotExecutableError(statement) from err
        else:
>           return meth(
                self,
                distilled_parameters,
                execution_options or NO_OPTIONS,
            )

..\..\AppData\Roaming\Python\Python313\site-packages\sqlalchemy\engine\base.py:1419: 
_ _ _ _ _ _ _ _ _ _ _ _ _ _ _ _ _ _ _ _ _ _ _ _ _ _ _ _ _ _ _ _ _ _ _ _ _ _ _ _

self = <sqlalchemy.sql.selectable.Select object at 0x0000022AA0E2FD40>
connection = <sqlalchemy.engine.base.Connection object at 0x0000022AA1B90AD0>
distilled_params = [{}]
execution_options = immutabledict({'prebuffer_rows': True, '_result_disable_adapt_to_context': True})

    def _execute_on_connection(
        self,
        connection: Connection,
        distilled_params: _CoreMultiExecuteParams,
        execution_options: CoreExecuteOptionsParameter,
    ) -> Result[Any]:
        if self.supports_execution:
            if TYPE_CHECKING:
                assert isinstance(self, Executable)
>           return connection._execute_clauseelement(
                self, distilled_params, execution_options
            )

..\..\AppData\Roaming\Python\Python313\site-packages\sqlalchemy\sql\elements.py:527: 
_ _ _ _ _ _ _ _ _ _ _ _ _ _ _ _ _ _ _ _ _ _ _ _ _ _ _ _ _ _ _ _ _ _ _ _ _ _ _ _

self = <sqlalchemy.engine.base.Connection object at 0x0000022AA1B90AD0>
elem = <sqlalchemy.sql.selectable.Select object at 0x0000022AA0E2FD40>
distilled_parameters = [{}]
execution_options = immutabledict({'prebuffer_rows': True, '_result_disable_adapt_to_context': True})

    def _execute_clauseelement(
        self,
        elem: Executable,
        distilled_parameters: _CoreMultiExecuteParams,
        execution_options: CoreExecuteOptionsParameter,
    ) -> CursorResult[Any]:
        """Execute a sql.ClauseElement object."""
    
        execution_options = elem._execution_options.merge_with(
            self._execution_options, execution_options
        )
    
        has_events = self._has_events or self.engine._has_events
        if has_events:
            (
                elem,
                distilled_parameters,
                event_multiparams,
                event_params,
            ) = self._invoke_before_exec_event(
                elem, distilled_parameters, execution_options
            )
    
        if distilled_parameters:
            # ensure we don't retain a link to the view object for keys()
            # which links to the values, which we don't want to cache
            keys = sorted(distilled_parameters[0])
            for_executemany = len(distilled_parameters) > 1
        else:
            keys = []
            for_executemany = False
    
        dialect = self.dialect
    
        schema_translate_map = execution_options.get(
            "schema_translate_map", None
        )
    
        compiled_cache: Optional[CompiledCacheType] = execution_options.get(
            "compiled_cache", self.engine._compiled_cache
        )
    
        compiled_sql, extracted_params, cache_hit = elem._compile_w_cache(
            dialect=dialect,
            compiled_cache=compiled_cache,
            column_keys=keys,
            for_executemany=for_executemany,
            schema_translate_map=schema_translate_map,
            linting=self.dialect.compiler_linting | compiler.WARN_LINTING,
        )
>       ret = self._execute_context(
            dialect,
            dialect.execution_ctx_cls._init_compiled,
            compiled_sql,
            distilled_parameters,
            execution_options,
            compiled_sql,
            distilled_parameters,
            elem,
            extracted_params,
            cache_hit=cache_hit,
        )

..\..\AppData\Roaming\Python\Python313\site-packages\sqlalchemy\engine\base.py:1641: 
_ _ _ _ _ _ _ _ _ _ _ _ _ _ _ _ _ _ _ _ _ _ _ _ _ _ _ _ _ _ _ _ _ _ _ _ _ _ _ _

self = <sqlalchemy.engine.base.Connection object at 0x0000022AA1B90AD0>
dialect = <sqlalchemy.dialects.sqlite.aiosqlite.SQLiteDialect_aiosqlite object at 0x0000022A9EF82F90>
constructor = <bound method DefaultExecutionContext._init_compiled of <class 'sqlalchemy.dialects.sqlite.aiosqlite.SQLiteExecutionContext_aiosqlite'>>
statement = <sqlalchemy.dialects.sqlite.base.SQLiteCompiler object at 0x0000022A9FC0C910>
parameters = [{}]
execution_options = immutabledict({'prebuffer_rows': True, '_result_disable_adapt_to_context': True})
args = (<sqlalchemy.dialects.sqlite.base.SQLiteCompiler object at 0x0000022A9FC0C910>, [{}], <sqlalchemy.sql.selectable.Select object at 0x0000022AA0E2FD40>, [_OffsetLimitParam('%(2382111525024 param)s', 10, type_=Integer())])
kw = {'cache_hit': <CacheStats.CACHE_HIT: 0>}, yp = None
conn = <sqlalchemy.pool.base._ConnectionFairy object at 0x0000022A9FD1B650>
context = <sqlalchemy.dialects.sqlite.aiosqlite.SQLiteExecutionContext_aiosqlite object at 0x0000022AA1B91E10>

    def _execute_context(
        self,
        dialect: Dialect,
        constructor: Callable[..., ExecutionContext],
        statement: Union[str, Compiled],
        parameters: Optional[_AnyMultiExecuteParams],
        execution_options: _ExecuteOptions,
        *args: Any,
        **kw: Any,
    ) -> CursorResult[Any]:
        """Create an :class:`.ExecutionContext` and execute, returning
        a :class:`_engine.CursorResult`."""
    
        if execution_options:
            yp = execution_options.get("yield_per", None)
            if yp:
                execution_options = execution_options.union(
                    {"stream_results": True, "max_row_buffer": yp}
                )
        try:
            conn = self._dbapi_connection
            if conn is None:
                conn = self._revalidate_connection()
    
            context = constructor(
                dialect, self, conn, execution_options, *args, **kw
            )
        except (exc.PendingRollbackError, exc.ResourceClosedError):
            raise
        except BaseException as e:
            self._handle_dbapi_exception(
                e, str(statement), parameters, None, None
            )
    
        if (
            self._transaction
            and not self._transaction.is_active
            or (
                self._nested_transaction
                and not self._nested_transaction.is_active
            )
        ):
            self._invalid_transaction()
    
        elif self._trans_context_manager:
            TransactionalContext._trans_ctx_check(self)
    
        if self._transaction is None:
            self._autobegin()
    
        context.pre_exec()
    
        if context.execute_style is ExecuteStyle.INSERTMANYVALUES:
            return self._exec_insertmany_context(dialect, context)
        else:
>           return self._exec_single_context(
                dialect, context, statement, parameters
            )

..\..\AppData\Roaming\Python\Python313\site-packages\sqlalchemy\engine\base.py:1846: 
_ _ _ _ _ _ _ _ _ _ _ _ _ _ _ _ _ _ _ _ _ _ _ _ _ _ _ _ _ _ _ _ _ _ _ _ _ _ _ _

self = <sqlalchemy.engine.base.Connection object at 0x0000022AA1B90AD0>
dialect = <sqlalchemy.dialects.sqlite.aiosqlite.SQLiteDialect_aiosqlite object at 0x0000022A9EF82F90>
context = <sqlalchemy.dialects.sqlite.aiosqlite.SQLiteExecutionContext_aiosqlite object at 0x0000022AA1B91E10>
statement = <sqlalchemy.dialects.sqlite.base.SQLiteCompiler object at 0x0000022A9FC0C910>
parameters = [(10, 0)]

    def _exec_single_context(
        self,
        dialect: Dialect,
        context: ExecutionContext,
        statement: Union[str, Compiled],
        parameters: Optional[_AnyMultiExecuteParams],
    ) -> CursorResult[Any]:
        """continue the _execute_context() method for a single DBAPI
        cursor.execute() or cursor.executemany() call.
    
        """
        if dialect.bind_typing is BindTyping.SETINPUTSIZES:
            generic_setinputsizes = context._prepare_set_input_sizes()
    
            if generic_setinputsizes:
                try:
                    dialect.do_set_input_sizes(
                        context.cursor, generic_setinputsizes, context
                    )
                except BaseException as e:
                    self._handle_dbapi_exception(
                        e, str(statement), parameters, None, context
                    )
    
        cursor, str_statement, parameters = (
            context.cursor,
            context.statement,
            context.parameters,
        )
    
        effective_parameters: Optional[_AnyExecuteParams]
    
        if not context.executemany:
            effective_parameters = parameters[0]
        else:
            effective_parameters = parameters
    
        if self._has_events or self.engine._has_events:
            for fn in self.dispatch.before_cursor_execute:
                str_statement, effective_parameters = fn(
                    self,
                    cursor,
                    str_statement,
                    effective_parameters,
                    context,
                    context.executemany,
                )
    
        if self._echo:
            self._log_info(str_statement)
    
            stats = context._get_cache_stats()
    
            if not self.engine.hide_parameters:
                self._log_info(
                    "[%s] %r",
                    stats,
                    sql_util._repr_params(
                        effective_parameters,
                        batches=10,
                        ismulti=context.executemany,
                    ),
                )
            else:
                self._log_info(
                    "[%s] [SQL parameters hidden due to hide_parameters=True]",
                    stats,
                )
    
        evt_handled: bool = False
        try:
            if context.execute_style is ExecuteStyle.EXECUTEMANY:
                effective_parameters = cast(
                    "_CoreMultiExecuteParams", effective_parameters
                )
                if self.dialect._has_events:
                    for fn in self.dialect.dispatch.do_executemany:
                        if fn(
                            cursor,
                            str_statement,
                            effective_parameters,
                            context,
                        ):
                            evt_handled = True
                            break
                if not evt_handled:
                    self.dialect.do_executemany(
                        cursor,
                        str_statement,
                        effective_parameters,
                        context,
                    )
            elif not effective_parameters and context.no_parameters:
                if self.dialect._has_events:
                    for fn in self.dialect.dispatch.do_execute_no_params:
                        if fn(cursor, str_statement, context):
                            evt_handled = True
                            break
                if not evt_handled:
                    self.dialect.do_execute_no_params(
                        cursor, str_statement, context
                    )
            else:
                effective_parameters = cast(
                    "_CoreSingleExecuteParams", effective_parameters
                )
                if self.dialect._has_events:
                    for fn in self.dialect.dispatch.do_execute:
                        if fn(
                            cursor,
                            str_statement,
                            effective_parameters,
                            context,
                        ):
                            evt_handled = True
                            break
                if not evt_handled:
                    self.dialect.do_execute(
                        cursor, str_statement, effective_parameters, context
                    )
    
            if self._has_events or self.engine._has_events:
                self.dispatch.after_cursor_execute(
                    self,
                    cursor,
                    str_statement,
                    effective_parameters,
                    context,
                    context.executemany,
                )
    
            context.post_exec()
    
            result = context._setup_result_proxy()
    
        except BaseException as e:
>           self._handle_dbapi_exception(
                e, str_statement, effective_parameters, cursor, context
            )

..\..\AppData\Roaming\Python\Python313\site-packages\sqlalchemy\engine\base.py:1986: 
_ _ _ _ _ _ _ _ _ _ _ _ _ _ _ _ _ _ _ _ _ _ _ _ _ _ _ _ _ _ _ _ _ _ _ _ _ _ _ _

self = <sqlalchemy.engine.base.Connection object at 0x0000022AA1B90AD0>
e = OperationalError('no such table: tasks')
statement = 'SELECT tasks.id, tasks.title, tasks.description, tasks.status, tasks.priority, tasks.due_date, tasks.tags, tasks.created_at, tasks.updated_at, tasks.completed_at \nFROM tasks ORDER BY tasks.created_at DESC\n LIMIT ? OFFSET ?'
parameters = (10, 0)
cursor = <sqlalchemy.dialects.sqlite.aiosqlite.AsyncAdapt_aiosqlite_cursor object at 0x0000022A9FD1B160>
context = <sqlalchemy.dialects.sqlite.aiosqlite.SQLiteExecutionContext_aiosqlite object at 0x0000022AA1B91E10>
is_sub_exec = False

    def _handle_dbapi_exception(
        self,
        e: BaseException,
        statement: Optional[str],
        parameters: Optional[_AnyExecuteParams],
        cursor: Optional[DBAPICursor],
        context: Optional[ExecutionContext],
        is_sub_exec: bool = False,
    ) -> NoReturn:
        exc_info = sys.exc_info()
    
        is_exit_exception = util.is_exit_exception(e)
    
        if not self._is_disconnect:
            self._is_disconnect = (
                isinstance(e, self.dialect.loaded_dbapi.Error)
                and not self.closed
                and self.dialect.is_disconnect(
                    e,
                    self._dbapi_connection if not self.invalidated else None,
                    cursor,
                )
            ) or (is_exit_exception and not self.closed)
    
        invalidate_pool_on_disconnect = not is_exit_exception
    
        ismulti: bool = (
            not is_sub_exec and context.executemany
            if context is not None
            else False
        )
        if self._reentrant_error:
            raise exc.DBAPIError.instance(
                statement,
                parameters,
                e,
                self.dialect.loaded_dbapi.Error,
                hide_parameters=self.engine.hide_parameters,
                dialect=self.dialect,
                ismulti=ismulti,
            ).with_traceback(exc_info[2]) from e
        self._reentrant_error = True
        try:
            # non-DBAPI error - if we already got a context,
            # or there's no string statement, don't wrap it
            should_wrap = isinstance(e, self.dialect.loaded_dbapi.Error) or (
                statement is not None
                and context is None
                and not is_exit_exception
            )
    
            if should_wrap:
                sqlalchemy_exception = exc.DBAPIError.instance(
                    statement,
                    parameters,
                    cast(Exception, e),
                    self.dialect.loaded_dbapi.Error,
                    hide_parameters=self.engine.hide_parameters,
                    connection_invalidated=self._is_disconnect,
                    dialect=self.dialect,
                    ismulti=ismulti,
                )
            else:
                sqlalchemy_exception = None
    
            newraise = None
    
            if (self.dialect._has_events) and not self._execution_options.get(
                "skip_user_error_events", False
            ):
                ctx = ExceptionContextImpl(
                    e,
                    sqlalchemy_exception,
                    self.engine,
                    self.dialect,
                    self,
                    cursor,
                    statement,
                    parameters,
                    context,
                    self._is_disconnect,
                    invalidate_pool_on_disconnect,
                    False,
                )
    
                for fn in self.dialect.dispatch.handle_error:
                    try:
                        # handler returns an exception;
                        # call next handler in a chain
                        per_fn = fn(ctx)
                        if per_fn is not None:
                            ctx.chained_exception = newraise = per_fn
                    except Exception as _raised:
                        # handler raises an exception - stop processing
                        newraise = _raised
                        break
    
                if self._is_disconnect != ctx.is_disconnect:
                    self._is_disconnect = ctx.is_disconnect
                    if sqlalchemy_exception:
                        sqlalchemy_exception.connection_invalidated = (
                            ctx.is_disconnect
                        )
    
                # set up potentially user-defined value for
                # invalidate pool.
                invalidate_pool_on_disconnect = (
                    ctx.invalidate_pool_on_disconnect
                )
    
            if should_wrap and context:
                context.handle_dbapi_exception(e)
    
            if not self._is_disconnect:
                if cursor:
                    self._safe_close_cursor(cursor)
                # "autorollback" was mostly relevant in 1.x series.
                # It's very unlikely to reach here, as the connection
                # does autobegin so when we are here, we are usually
                # in an explicit / semi-explicit transaction.
                # however we have a test which manufactures this
                # scenario in any case using an event handler.
                # test/engine/test_execute.py-> test_actual_autorollback
                if not self.in_transaction():
                    self._rollback_impl()
    
            if newraise:
                raise newraise.with_traceback(exc_info[2]) from e
            elif should_wrap:
                assert sqlalchemy_exception is not None
>               raise sqlalchemy_exception.with_traceback(exc_info[2]) from e

..\..\AppData\Roaming\Python\Python313\site-packages\sqlalchemy\engine\base.py:2363: 
_ _ _ _ _ _ _ _ _ _ _ _ _ _ _ _ _ _ _ _ _ _ _ _ _ _ _ _ _ _ _ _ _ _ _ _ _ _ _ _

self = <sqlalchemy.engine.base.Connection object at 0x0000022AA1B90AD0>
dialect = <sqlalchemy.dialects.sqlite.aiosqlite.SQLiteDialect_aiosqlite object at 0x0000022A9EF82F90>
context = <sqlalchemy.dialects.sqlite.aiosqlite.SQLiteExecutionContext_aiosqlite object at 0x0000022AA1B91E10>
statement = <sqlalchemy.dialects.sqlite.base.SQLiteCompiler object at 0x0000022A9FC0C910>
parameters = [(10, 0)]

    def _exec_single_context(
        self,
        dialect: Dialect,
        context: ExecutionContext,
        statement: Union[str, Compiled],
        parameters: Optional[_AnyMultiExecuteParams],
    ) -> CursorResult[Any]:
        """continue the _execute_context() method for a single DBAPI
        cursor.execute() or cursor.executemany() call.
    
        """
        if dialect.bind_typing is BindTyping.SETINPUTSIZES:
            generic_setinputsizes = context._prepare_set_input_sizes()
    
            if generic_setinputsizes:
                try:
                    dialect.do_set_input_sizes(
                        context.cursor, generic_setinputsizes, context
                    )
                except BaseException as e:
                    self._handle_dbapi_exception(
                        e, str(statement), parameters, None, context
                    )
    
        cursor, str_statement, parameters = (
            context.cursor,
            context.statement,
            context.parameters,
        )
    
        effective_parameters: Optional[_AnyExecuteParams]
    
        if not context.executemany:
            effective_parameters = parameters[0]
        else:
            effective_parameters = parameters
    
        if self._has_events or self.engine._has_events:
            for fn in self.dispatch.before_cursor_execute:
                str_statement, effective_parameters = fn(
                    self,
                    cursor,
                    str_statement,
                    effective_parameters,
                    context,
                    context.executemany,
                )
    
        if self._echo:
            self._log_info(str_statement)
    
            stats = context._get_cache_stats()
    
            if not self.engine.hide_parameters:
                self._log_info(
                    "[%s] %r",
                    stats,
                    sql_util._repr_params(
                        effective_parameters,
                        batches=10,
                        ismulti=context.executemany,
                    ),
                )
            else:
                self._log_info(
                    "[%s] [SQL parameters hidden due to hide_parameters=True]",
                    stats,
                )
    
        evt_handled: bool = False
        try:
            if context.execute_style is ExecuteStyle.EXECUTEMANY:
                effective_parameters = cast(
                    "_CoreMultiExecuteParams", effective_parameters
                )
                if self.dialect._has_events:
                    for fn in self.dialect.dispatch.do_executemany:
                        if fn(
                            cursor,
                            str_statement,
                            effective_parameters,
                            context,
                        ):
                            evt_handled = True
                            break
                if not evt_handled:
                    self.dialect.do_executemany(
                        cursor,
                        str_statement,
                        effective_parameters,
                        context,
                    )
            elif not effective_parameters and context.no_parameters:
                if self.dialect._has_events:
                    for fn in self.dialect.dispatch.do_execute_no_params:
                        if fn(cursor, str_statement, context):
                            evt_handled = True
                            break
                if not evt_handled:
                    self.dialect.do_execute_no_params(
                        cursor, str_statement, context
                    )
            else:
                effective_parameters = cast(
                    "_CoreSingleExecuteParams", effective_parameters
                )
                if self.dialect._has_events:
                    for fn in self.dialect.dispatch.do_execute:
                        if fn(
                            cursor,
                            str_statement,
                            effective_parameters,
                            context,
                        ):
                            evt_handled = True
                            break
                if not evt_handled:
>                   self.dialect.do_execute(
                        cursor, str_statement, effective_parameters, context
                    )

..\..\AppData\Roaming\Python\Python313\site-packages\sqlalchemy\engine\base.py:1967: 
_ _ _ _ _ _ _ _ _ _ _ _ _ _ _ _ _ _ _ _ _ _ _ _ _ _ _ _ _ _ _ _ _ _ _ _ _ _ _ _

self = <sqlalchemy.dialects.sqlite.aiosqlite.SQLiteDialect_aiosqlite object at 0x0000022A9EF82F90>
cursor = <sqlalchemy.dialects.sqlite.aiosqlite.AsyncAdapt_aiosqlite_cursor object at 0x0000022A9FD1B160>
statement = 'SELECT tasks.id, tasks.title, tasks.description, tasks.status, tasks.priority, tasks.due_date, tasks.tags, tasks.created_at, tasks.updated_at, tasks.completed_at \nFROM tasks ORDER BY tasks.created_at DESC\n LIMIT ? OFFSET ?'
parameters = (10, 0)
context = <sqlalchemy.dialects.sqlite.aiosqlite.SQLiteExecutionContext_aiosqlite object at 0x0000022AA1B91E10>

    def do_execute(self, cursor, statement, parameters, context=None):
>       cursor.execute(statement, parameters)

..\..\AppData\Roaming\Python\Python313\site-packages\sqlalchemy\engine\default.py:952: 
_ _ _ _ _ _ _ _ _ _ _ _ _ _ _ _ _ _ _ _ _ _ _ _ _ _ _ _ _ _ _ _ _ _ _ _ _ _ _ _

self = <sqlalchemy.dialects.sqlite.aiosqlite.AsyncAdapt_aiosqlite_cursor object at 0x0000022A9FD1B160>
operation = 'SELECT tasks.id, tasks.title, tasks.description, tasks.status, tasks.priority, tasks.due_date, tasks.tags, tasks.created_at, tasks.updated_at, tasks.completed_at \nFROM tasks ORDER BY tasks.created_at DESC\n LIMIT ? OFFSET ?'
parameters = (10, 0)

    def execute(
        self,
        operation: Any,
        parameters: Optional[_DBAPISingleExecuteParams] = None,
    ) -> Any:
    
        try:
            _cursor: AsyncIODBAPICursor = self.await_(self._connection.cursor())  # type: ignore[arg-type] # noqa: E501
    
            if parameters is None:
                self.await_(_cursor.execute(operation))
            else:
                self.await_(_cursor.execute(operation, parameters))
    
            if _cursor.description:
                self.description = _cursor.description
                self.lastrowid = self.rowcount = -1
    
                if not self.server_side:
                    self._rows = deque(self.await_(_cursor.fetchall()))
            else:
                self.description = None
                self.lastrowid = _cursor.lastrowid
                self.rowcount = _cursor.rowcount
    
            if not self.server_side:
                self.await_(_cursor.close())
            else:
                self._cursor = _cursor  # type: ignore[misc]
        except Exception as error:
>           self._adapt_connection._handle_exception(error)

..\..\AppData\Roaming\Python\Python313\site-packages\sqlalchemy\dialects\sqlite\aiosqlite.py:182: 
_ _ _ _ _ _ _ _ _ _ _ _ _ _ _ _ _ _ _ _ _ _ _ _ _ _ _ _ _ _ _ _ _ _ _ _ _ _ _ _

self = <AdaptedConnection <aiosqlite.core.Connection object at 0x0000022A9FC0EFD0>>
error = OperationalError('no such table: tasks')

    def _handle_exception(self, error: Exception) -> NoReturn:
        if (
            isinstance(error, ValueError)
            and error.args[0] == "no active connection"
        ):
            raise self.dbapi.sqlite.OperationalError(
                "no active connection"
            ) from error
        else:
>           raise error

..\..\AppData\Roaming\Python\Python313\site-packages\sqlalchemy\dialects\sqlite\aiosqlite.py:342: 
_ _ _ _ _ _ _ _ _ _ _ _ _ _ _ _ _ _ _ _ _ _ _ _ _ _ _ _ _ _ _ _ _ _ _ _ _ _ _ _

self = <sqlalchemy.dialects.sqlite.aiosqlite.AsyncAdapt_aiosqlite_cursor object at 0x0000022A9FD1B160>
operation = 'SELECT tasks.id, tasks.title, tasks.description, tasks.status, tasks.priority, tasks.due_date, tasks.tags, tasks.created_at, tasks.updated_at, tasks.completed_at \nFROM tasks ORDER BY tasks.created_at DESC\n LIMIT ? OFFSET ?'
parameters = (10, 0)

    def execute(
        self,
        operation: Any,
        parameters: Optional[_DBAPISingleExecuteParams] = None,
    ) -> Any:
    
        try:
            _cursor: AsyncIODBAPICursor = self.await_(self._connection.cursor())  # type: ignore[arg-type] # noqa: E501
    
            if parameters is None:
                self.await_(_cursor.execute(operation))
            else:
>               self.await_(_cursor.execute(operation, parameters))

..\..\AppData\Roaming\Python\Python313\site-packages\sqlalchemy\dialects\sqlite\aiosqlite.py:164: 
_ _ _ _ _ _ _ _ _ _ _ _ _ _ _ _ _ _ _ _ _ _ _ _ _ _ _ _ _ _ _ _ _ _ _ _ _ _ _ _

awaitable = <coroutine object Cursor.execute at 0x0000022AA1B912A0>

    def await_only(awaitable: Awaitable[_T]) -> _T:
        """Awaits an async function in a sync method.
    
        The sync method must be inside a :func:`greenlet_spawn` context.
        :func:`await_only` calls cannot be nested.
    
        :param awaitable: The coroutine to call.
    
        """
        # this is called in the context greenlet while running fn
        current = getcurrent()
        if not getattr(current, "__sqlalchemy_greenlet_provider__", False):
            _safe_cancel_awaitable(awaitable)
    
            raise exc.MissingGreenlet(
                "greenlet_spawn has not been called; can't call await_only() "
                "here. Was IO attempted in an unexpected place?"
            )
    
        # returns the control to the driver greenlet passing it
        # a coroutine to run. Once the awaitable is done, the driver greenlet
        # switches back to this greenlet with the result of awaitable that is
        # then returned to the caller (or raised as error)
>       return current.parent.switch(awaitable)  # type: ignore[no-any-return,attr-defined] # noqa: E501
               ^^^^^^^^^^^^^^^^^^^^^^^^^^^^^^^^

..\..\AppData\Roaming\Python\Python313\site-packages\sqlalchemy\util\_concurrency_py3k.py:132: 
_ _ _ _ _ _ _ _ _ _ _ _ _ _ _ _ _ _ _ _ _ _ _ _ _ _ _ _ _ _ _ _ _ _ _ _ _ _ _ _

fn = <bound method Session.execute of <sqlalchemy.orm.session.Session object at 0x0000022AA0E2F980>>
_require_await = False
args = (<sqlalchemy.sql.selectable.Select object at 0x0000022AA0E2FD40>,)
kwargs = {'bind_arguments': None, 'execution_options': immutabledict({'prebuffer_rows': True}), 'params': None}
context = <_AsyncIoGreenlet object at 0x0000022AA256BEC0 (otid=0x0000022A9E4E1470) dead>
switch_occurred = True
result = <coroutine object Cursor.execute at 0x0000022AA1B912A0>
value = <aiosqlite.cursor.Cursor object at 0x0000022A9FD1B230>

    async def greenlet_spawn(
        fn: Callable[..., _T],
        *args: Any,
        _require_await: bool = False,
        **kwargs: Any,
    ) -> _T:
        """Runs a sync function ``fn`` in a new greenlet.
    
        The sync function can then use :func:`await_only` to wait for async
        functions.
    
        :param fn: The sync callable to call.
        :param \\*args: Positional arguments to pass to the ``fn`` callable.
        :param \\*\\*kwargs: Keyword arguments to pass to the ``fn`` callable.
        """
    
        result: Any
        context = _AsyncIoGreenlet(fn, getcurrent())
        # runs the function synchronously in gl greenlet. If the execution
        # is interrupted by await_only, context is not dead and result is a
        # coroutine to wait. If the context is dead the function has
        # returned, and its result can be returned.
        switch_occurred = False
        result = context.switch(*args, **kwargs)
        while not context.dead:
            switch_occurred = True
            try:
                # wait for a coroutine from await_only and then return its
                # result back to it.
>               value = await result
                        ^^^^^^^^^^^^

..\..\AppData\Roaming\Python\Python313\site-packages\sqlalchemy\util\_concurrency_py3k.py:196: 
_ _ _ _ _ _ _ _ _ _ _ _ _ _ _ _ _ _ _ _ _ _ _ _ _ _ _ _ _ _ _ _ _ _ _ _ _ _ _ _

self = <aiosqlite.cursor.Cursor object at 0x0000022A9FD1B230>
sql = 'SELECT tasks.id, tasks.title, tasks.description, tasks.status, tasks.priority, tasks.due_date, tasks.tags, tasks.created_at, tasks.updated_at, tasks.completed_at \nFROM tasks ORDER BY tasks.created_at DESC\n LIMIT ? OFFSET ?'
parameters = (10, 0)

    async def execute(
        self, sql: str, parameters: Optional[Iterable[Any]] = None
    ) -> "Cursor":
        """Execute the given query."""
        if parameters is None:
            parameters = []
>       await self._execute(self._cursor.execute, sql, parameters)

..\..\AppData\Roaming\Python\Python313\site-packages\aiosqlite\cursor.py:40: 
_ _ _ _ _ _ _ _ _ _ _ _ _ _ _ _ _ _ _ _ _ _ _ _ _ _ _ _ _ _ _ _ _ _ _ _ _ _ _ _

self = <aiosqlite.cursor.Cursor object at 0x0000022A9FD1B230>
fn = <built-in method execute of sqlite3.Cursor object at 0x0000022AA2400640>
args = ('SELECT tasks.id, tasks.title, tasks.description, tasks.status, tasks.priority, tasks.due_date, tasks.tags, tasks.created_at, tasks.updated_at, tasks.completed_at \nFROM tasks ORDER BY tasks.created_at DESC\n LIMIT ? OFFSET ?', (10, 0))
kwargs = {}

    async def _execute(self, fn, *args, **kwargs):
        """Execute the given function on the shared connection's thread."""
>       return await self._conn._execute(fn, *args, **kwargs)
               ^^^^^^^^^^^^^^^^^^^^^^^^^^^^^^^^^^^^^^^^^^^^^^

..\..\AppData\Roaming\Python\Python313\site-packages\aiosqlite\cursor.py:32: 
_ _ _ _ _ _ _ _ _ _ _ _ _ _ _ _ _ _ _ _ _ _ _ _ _ _ _ _ _ _ _ _ _ _ _ _ _ _ _ _

self = <aiosqlite.core.Connection object at 0x0000022A9FC0EFD0>
fn = <built-in method execute of sqlite3.Cursor object at 0x0000022AA2400640>
args = ('SELECT tasks.id, tasks.title, tasks.description, tasks.status, tasks.priority, tasks.due_date, tasks.tags, tasks.created_at, tasks.updated_at, tasks.completed_at \nFROM tasks ORDER BY tasks.created_at DESC\n LIMIT ? OFFSET ?', (10, 0))
kwargs = {}
function = functools.partial(<built-in method execute of sqlite3.Cursor object at 0x0000022AA2400640>, 'SELECT tasks.id, tasks.ti...ated_at, tasks.updated_at, tasks.completed_at \nFROM tasks ORDER BY tasks.created_at DESC\n LIMIT ? OFFSET ?', (10, 0))
future = <Future finished exception=OperationalError('no such table: tasks')>

    async def _execute(self, fn, *args, **kwargs):
        """Queue a function with the given arguments for execution."""
        if not self._running or not self._connection:
            raise ValueError("Connection closed")
    
        function = partial(fn, *args, **kwargs)
        future = asyncio.get_event_loop().create_future()
    
        self._tx.put_nowait((future, function))
    
>       return await future
               ^^^^^^^^^^^^

..\..\AppData\Roaming\Python\Python313\site-packages\aiosqlite\core.py:160: 
_ _ _ _ _ _ _ _ _ _ _ _ _ _ _ _ _ _ _ _ _ _ _ _ _ _ _ _ _ _ _ _ _ _ _ _ _ _ _ _

tx = <_queue.SimpleQueue object at 0x0000022A9FC19960>

    def _connection_worker_thread(tx: _TxQueue):
        """
        Execute function calls on a separate thread.
    
        :meta private:
        """
        while True:
            # Continues running until all queue items are processed,
            # even after connection is closed (so we can finalize all
            # futures)
    
            future, function = tx.get()
    
            try:
                LOG.debug("executing %s", function)
>               result = function()
                         ^^^^^^^^^^
E               sqlalchemy.exc.OperationalError: (sqlite3.OperationalError) no such table: tasks
E               [SQL: SELECT tasks.id, tasks.title, tasks.description, tasks.status, tasks.priority, tasks.due_date, tasks.tags, tasks.created_at, tasks.updated_at, tasks.completed_at 
E               FROM tasks ORDER BY tasks.created_at DESC
E                LIMIT ? OFFSET ?]
E               [parameters: (10, 0)]
E               (Background on this error at: https://sqlalche.me/e/20/e3q8)

..\..\AppData\Roaming\Python\Python313\site-packages\aiosqlite\core.py:63: OperationalError
___________________________ test_task_agent_create ____________________________

self = <sqlalchemy.engine.base.Connection object at 0x0000022A9FCF4050>
dialect = <sqlalchemy.dialects.sqlite.aiosqlite.SQLiteDialect_aiosqlite object at 0x0000022A9EF82F90>
context = <sqlalchemy.dialects.sqlite.aiosqlite.SQLiteExecutionContext_aiosqlite object at 0x0000022A9FCF4210>
statement = <sqlalchemy.dialects.sqlite.base.SQLiteCompiler object at 0x0000022A9FC0F4D0>
parameters = [('7520a1bb-da08-4fb1-b66c-f2691e795094', 'Deploy to staging', '', 'todo', 'medium', None, ...)]

    def _exec_single_context(
        self,
        dialect: Dialect,
        context: ExecutionContext,
        statement: Union[str, Compiled],
        parameters: Optional[_AnyMultiExecuteParams],
    ) -> CursorResult[Any]:
        """continue the _execute_context() method for a single DBAPI
        cursor.execute() or cursor.executemany() call.
    
        """
        if dialect.bind_typing is BindTyping.SETINPUTSIZES:
            generic_setinputsizes = context._prepare_set_input_sizes()
    
            if generic_setinputsizes:
                try:
                    dialect.do_set_input_sizes(
                        context.cursor, generic_setinputsizes, context
                    )
                except BaseException as e:
                    self._handle_dbapi_exception(
                        e, str(statement), parameters, None, context
                    )
    
        cursor, str_statement, parameters = (
            context.cursor,
            context.statement,
            context.parameters,
        )
    
        effective_parameters: Optional[_AnyExecuteParams]
    
        if not context.executemany:
            effective_parameters = parameters[0]
        else:
            effective_parameters = parameters
    
        if self._has_events or self.engine._has_events:
            for fn in self.dispatch.before_cursor_execute:
                str_statement, effective_parameters = fn(
                    self,
                    cursor,
                    str_statement,
                    effective_parameters,
                    context,
                    context.executemany,
                )
    
        if self._echo:
            self._log_info(str_statement)
    
            stats = context._get_cache_stats()
    
            if not self.engine.hide_parameters:
                self._log_info(
                    "[%s] %r",
                    stats,
                    sql_util._repr_params(
                        effective_parameters,
                        batches=10,
                        ismulti=context.executemany,
                    ),
                )
            else:
                self._log_info(
                    "[%s] [SQL parameters hidden due to hide_parameters=True]",
                    stats,
                )
    
        evt_handled: bool = False
        try:
            if context.execute_style is ExecuteStyle.EXECUTEMANY:
                effective_parameters = cast(
                    "_CoreMultiExecuteParams", effective_parameters
                )
                if self.dialect._has_events:
                    for fn in self.dialect.dispatch.do_executemany:
                        if fn(
                            cursor,
                            str_statement,
                            effective_parameters,
                            context,
                        ):
                            evt_handled = True
                            break
                if not evt_handled:
                    self.dialect.do_executemany(
                        cursor,
                        str_statement,
                        effective_parameters,
                        context,
                    )
            elif not effective_parameters and context.no_parameters:
                if self.dialect._has_events:
                    for fn in self.dialect.dispatch.do_execute_no_params:
                        if fn(cursor, str_statement, context):
                            evt_handled = True
                            break
                if not evt_handled:
                    self.dialect.do_execute_no_params(
                        cursor, str_statement, context
                    )
            else:
                effective_parameters = cast(
                    "_CoreSingleExecuteParams", effective_parameters
                )
                if self.dialect._has_events:
                    for fn in self.dialect.dispatch.do_execute:
                        if fn(
                            cursor,
                            str_statement,
                            effective_parameters,
                            context,
                        ):
                            evt_handled = True
                            break
                if not evt_handled:
>                   self.dialect.do_execute(
                        cursor, str_statement, effective_parameters, context
                    )

..\..\AppData\Roaming\Python\Python313\site-packages\sqlalchemy\engine\base.py:1967: 
_ _ _ _ _ _ _ _ _ _ _ _ _ _ _ _ _ _ _ _ _ _ _ _ _ _ _ _ _ _ _ _ _ _ _ _ _ _ _ _

self = <sqlalchemy.dialects.sqlite.aiosqlite.SQLiteDialect_aiosqlite object at 0x0000022A9EF82F90>
cursor = <sqlalchemy.dialects.sqlite.aiosqlite.AsyncAdapt_aiosqlite_cursor object at 0x0000022AA1912D40>
statement = 'INSERT INTO tasks (id, title, description, status, priority, due_date, tags, created_at, updated_at, completed_at) VALUES (?, ?, ?, ?, ?, ?, ?, ?, ?, ?)'
parameters = ('7520a1bb-da08-4fb1-b66c-f2691e795094', 'Deploy to staging', '', 'todo', 'medium', None, ...)
context = <sqlalchemy.dialects.sqlite.aiosqlite.SQLiteExecutionContext_aiosqlite object at 0x0000022A9FCF4210>

    def do_execute(self, cursor, statement, parameters, context=None):
>       cursor.execute(statement, parameters)

..\..\AppData\Roaming\Python\Python313\site-packages\sqlalchemy\engine\default.py:952: 
_ _ _ _ _ _ _ _ _ _ _ _ _ _ _ _ _ _ _ _ _ _ _ _ _ _ _ _ _ _ _ _ _ _ _ _ _ _ _ _

self = <sqlalchemy.dialects.sqlite.aiosqlite.AsyncAdapt_aiosqlite_cursor object at 0x0000022AA1912D40>
operation = 'INSERT INTO tasks (id, title, description, status, priority, due_date, tags, created_at, updated_at, completed_at) VALUES (?, ?, ?, ?, ?, ?, ?, ?, ?, ?)'
parameters = ('7520a1bb-da08-4fb1-b66c-f2691e795094', 'Deploy to staging', '', 'todo', 'medium', None, ...)

    def execute(
        self,
        operation: Any,
        parameters: Optional[_DBAPISingleExecuteParams] = None,
    ) -> Any:
    
        try:
            _cursor: AsyncIODBAPICursor = self.await_(self._connection.cursor())  # type: ignore[arg-type] # noqa: E501
    
            if parameters is None:
                self.await_(_cursor.execute(operation))
            else:
                self.await_(_cursor.execute(operation, parameters))
    
            if _cursor.description:
                self.description = _cursor.description
                self.lastrowid = self.rowcount = -1
    
                if not self.server_side:
                    self._rows = deque(self.await_(_cursor.fetchall()))
            else:
                self.description = None
                self.lastrowid = _cursor.lastrowid
                self.rowcount = _cursor.rowcount
    
            if not self.server_side:
                self.await_(_cursor.close())
            else:
                self._cursor = _cursor  # type: ignore[misc]
        except Exception as error:
>           self._adapt_connection._handle_exception(error)

..\..\AppData\Roaming\Python\Python313\site-packages\sqlalchemy\dialects\sqlite\aiosqlite.py:182: 
_ _ _ _ _ _ _ _ _ _ _ _ _ _ _ _ _ _ _ _ _ _ _ _ _ _ _ _ _ _ _ _ _ _ _ _ _ _ _ _

self = <AdaptedConnection <aiosqlite.core.Connection object at 0x0000022A9FC0EFD0>>
error = OperationalError('no such table: tasks')

    def _handle_exception(self, error: Exception) -> NoReturn:
        if (
            isinstance(error, ValueError)
            and error.args[0] == "no active connection"
        ):
            raise self.dbapi.sqlite.OperationalError(
                "no active connection"
            ) from error
        else:
>           raise error

..\..\AppData\Roaming\Python\Python313\site-packages\sqlalchemy\dialects\sqlite\aiosqlite.py:342: 
_ _ _ _ _ _ _ _ _ _ _ _ _ _ _ _ _ _ _ _ _ _ _ _ _ _ _ _ _ _ _ _ _ _ _ _ _ _ _ _

self = <sqlalchemy.dialects.sqlite.aiosqlite.AsyncAdapt_aiosqlite_cursor object at 0x0000022AA1912D40>
operation = 'INSERT INTO tasks (id, title, description, status, priority, due_date, tags, created_at, updated_at, completed_at) VALUES (?, ?, ?, ?, ?, ?, ?, ?, ?, ?)'
parameters = ('7520a1bb-da08-4fb1-b66c-f2691e795094', 'Deploy to staging', '', 'todo', 'medium', None, ...)

    def execute(
        self,
        operation: Any,
        parameters: Optional[_DBAPISingleExecuteParams] = None,
    ) -> Any:
    
        try:
            _cursor: AsyncIODBAPICursor = self.await_(self._connection.cursor())  # type: ignore[arg-type] # noqa: E501
    
            if parameters is None:
                self.await_(_cursor.execute(operation))
            else:
>               self.await_(_cursor.execute(operation, parameters))

..\..\AppData\Roaming\Python\Python313\site-packages\sqlalchemy\dialects\sqlite\aiosqlite.py:164: 
_ _ _ _ _ _ _ _ _ _ _ _ _ _ _ _ _ _ _ _ _ _ _ _ _ _ _ _ _ _ _ _ _ _ _ _ _ _ _ _

awaitable = <coroutine object Cursor.execute at 0x0000022A9FCF4660>

    def await_only(awaitable: Awaitable[_T]) -> _T:
        """Awaits an async function in a sync method.
    
        The sync method must be inside a :func:`greenlet_spawn` context.
        :func:`await_only` calls cannot be nested.
    
        :param awaitable: The coroutine to call.
    
        """
        # this is called in the context greenlet while running fn
        current = getcurrent()
        if not getattr(current, "__sqlalchemy_greenlet_provider__", False):
            _safe_cancel_awaitable(awaitable)
    
            raise exc.MissingGreenlet(
                "greenlet_spawn has not been called; can't call await_only() "
                "here. Was IO attempted in an unexpected place?"
            )
    
        # returns the control to the driver greenlet passing it
        # a coroutine to run. Once the awaitable is done, the driver greenlet
        # switches back to this greenlet with the result of awaitable that is
        # then returned to the caller (or raised as error)
>       return current.parent.switch(awaitable)  # type: ignore[no-any-return,attr-defined] # noqa: E501
               ^^^^^^^^^^^^^^^^^^^^^^^^^^^^^^^^

..\..\AppData\Roaming\Python\Python313\site-packages\sqlalchemy\util\_concurrency_py3k.py:132: 
_ _ _ _ _ _ _ _ _ _ _ _ _ _ _ _ _ _ _ _ _ _ _ _ _ _ _ _ _ _ _ _ _ _ _ _ _ _ _ _

fn = <bound method Session.flush of <sqlalchemy.orm.session.Session object at 0x0000022AA0E2E3F0>>
_require_await = False, args = (), kwargs = {'objects': None}
context = <_AsyncIoGreenlet object at 0x0000022AA1195F40 (otid=0x0000022A9E4E1470) dead>
switch_occurred = True
result = <coroutine object Connection.rollback at 0x0000022A9FBA3100>
value = None

    async def greenlet_spawn(
        fn: Callable[..., _T],
        *args: Any,
        _require_await: bool = False,
        **kwargs: Any,
    ) -> _T:
        """Runs a sync function ``fn`` in a new greenlet.
    
        The sync function can then use :func:`await_only` to wait for async
        functions.
    
        :param fn: The sync callable to call.
        :param \\*args: Positional arguments to pass to the ``fn`` callable.
        :param \\*\\*kwargs: Keyword arguments to pass to the ``fn`` callable.
        """
    
        result: Any
        context = _AsyncIoGreenlet(fn, getcurrent())
        # runs the function synchronously in gl greenlet. If the execution
        # is interrupted by await_only, context is not dead and result is a
        # coroutine to wait. If the context is dead the function has
        # returned, and its result can be returned.
        switch_occurred = False
        result = context.switch(*args, **kwargs)
        while not context.dead:
            switch_occurred = True
            try:
                # wait for a coroutine from await_only and then return its
                # result back to it.
>               value = await result
                        ^^^^^^^^^^^^

..\..\AppData\Roaming\Python\Python313\site-packages\sqlalchemy\util\_concurrency_py3k.py:196: 
_ _ _ _ _ _ _ _ _ _ _ _ _ _ _ _ _ _ _ _ _ _ _ _ _ _ _ _ _ _ _ _ _ _ _ _ _ _ _ _

self = <aiosqlite.cursor.Cursor object at 0x0000022AA1913530>
sql = 'INSERT INTO tasks (id, title, description, status, priority, due_date, tags, created_at, updated_at, completed_at) VALUES (?, ?, ?, ?, ?, ?, ?, ?, ?, ?)'
parameters = ('7520a1bb-da08-4fb1-b66c-f2691e795094', 'Deploy to staging', '', 'todo', 'medium', None, ...)

    async def execute(
        self, sql: str, parameters: Optional[Iterable[Any]] = None
    ) -> "Cursor":
        """Execute the given query."""
        if parameters is None:
            parameters = []
>       await self._execute(self._cursor.execute, sql, parameters)

..\..\AppData\Roaming\Python\Python313\site-packages\aiosqlite\cursor.py:40: 
_ _ _ _ _ _ _ _ _ _ _ _ _ _ _ _ _ _ _ _ _ _ _ _ _ _ _ _ _ _ _ _ _ _ _ _ _ _ _ _

self = <aiosqlite.cursor.Cursor object at 0x0000022AA1913530>
fn = <built-in method execute of sqlite3.Cursor object at 0x0000022A9FCBB440>
args = ('INSERT INTO tasks (id, title, description, status, priority, due_date, tags, created_at, updated_at, completed_at) V... ?, ?, ?, ?, ?, ?, ?)', ('7520a1bb-da08-4fb1-b66c-f2691e795094', 'Deploy to staging', '', 'todo', 'medium', None, ...))
kwargs = {}

    async def _execute(self, fn, *args, **kwargs):
        """Execute the given function on the shared connection's thread."""
>       return await self._conn._execute(fn, *args, **kwargs)
               ^^^^^^^^^^^^^^^^^^^^^^^^^^^^^^^^^^^^^^^^^^^^^^

..\..\AppData\Roaming\Python\Python313\site-packages\aiosqlite\cursor.py:32: 
_ _ _ _ _ _ _ _ _ _ _ _ _ _ _ _ _ _ _ _ _ _ _ _ _ _ _ _ _ _ _ _ _ _ _ _ _ _ _ _

self = <aiosqlite.core.Connection object at 0x0000022A9FC0EFD0>
fn = <built-in method execute of sqlite3.Cursor object at 0x0000022A9FCBB440>
args = ('INSERT INTO tasks (id, title, description, status, priority, due_date, tags, created_at, updated_at, completed_at) V... ?, ?, ?, ?, ?, ?, ?)', ('7520a1bb-da08-4fb1-b66c-f2691e795094', 'Deploy to staging', '', 'todo', 'medium', None, ...))
kwargs = {}
function = functools.partial(<built-in method execute of sqlite3.Cursor object at 0x0000022A9FCBB440>, 'INSERT INTO tasks (id, ti...eploy to staging', '', 'todo', 'medium', None, '[]', '2026-04-05 17:53:25.896025', '2026-04-05 17:53:25.896034', None))
future = <Future finished exception=OperationalError('no such table: tasks')>

    async def _execute(self, fn, *args, **kwargs):
        """Queue a function with the given arguments for execution."""
        if not self._running or not self._connection:
            raise ValueError("Connection closed")
    
        function = partial(fn, *args, **kwargs)
        future = asyncio.get_event_loop().create_future()
    
        self._tx.put_nowait((future, function))
    
>       return await future
               ^^^^^^^^^^^^

..\..\AppData\Roaming\Python\Python313\site-packages\aiosqlite\core.py:160: 
_ _ _ _ _ _ _ _ _ _ _ _ _ _ _ _ _ _ _ _ _ _ _ _ _ _ _ _ _ _ _ _ _ _ _ _ _ _ _ _

tx = <_queue.SimpleQueue object at 0x0000022A9FC19960>

    def _connection_worker_thread(tx: _TxQueue):
        """
        Execute function calls on a separate thread.
    
        :meta private:
        """
        while True:
            # Continues running until all queue items are processed,
            # even after connection is closed (so we can finalize all
            # futures)
    
            future, function = tx.get()
    
            try:
                LOG.debug("executing %s", function)
>               result = function()
                         ^^^^^^^^^^
E               sqlite3.OperationalError: no such table: tasks

..\..\AppData\Roaming\Python\Python313\site-packages\aiosqlite\core.py:63: OperationalError

The above exception was the direct cause of the following exception:

    @pytest.mark.asyncio
    async def test_task_agent_create():
        """Task agent should create a task via MCP tool."""
        from backend.agents import task_agent
        events = []
>       async for event in task_agent.run("create a task Deploy to staging", "test-session"):

test_multi_agent.py:155: 
_ _ _ _ _ _ _ _ _ _ _ _ _ _ _ _ _ _ _ _ _ _ _ _ _ _ _ _ _ _ _ _ _ _ _ _ _ _ _ _

user_message = 'create a task Deploy to staging', session_id = 'test-session'
llm = None

    async def run(
        user_message: str, session_id: str, llm=None
    ) -> AsyncGenerator[Union[str, Dict[str, str]], None]:
        """Execute the task agent û calls real MCP tools and returns real data."""
    
        yield {"type": "thought", "content": "\U0001f4dd Task Agent activated \u2013 analyzing request..."}
        await asyncio.sleep(0.3)
    
        tool_name, tool_args = _classify_task_intent(user_message)
        clean_args = {k: v for k, v in tool_args.items() if v is not None and k != "intent"}
    
        if tool_name == "list_then_respond":
            # For complete/update: first list tasks so user can see them
            yield {"type": "thought", "content": "\U0001f4cb Fetching current tasks from database..."}
            results = await tasks_tool("list_tasks", {"limit": 10, "status": "todo"})
            tool_output = results[0].text
            yield {"type": "thought", "content": "\u2705 Tasks retrieved \u2013 preparing response..."}
        else:
            yield {"type": "thought", "content": f"\U0001f527 Calling MCP tool: {tool_name}({clean_args})"}
            await asyncio.sleep(0.2)
>           results = await tasks_tool(tool_name, clean_args)
                      ^^^^^^^^^^^^^^^^^^^^^^^^^^^^^^^^^^^^^^^

backend\agents\task_agent.py:91: 
_ _ _ _ _ _ _ _ _ _ _ _ _ _ _ _ _ _ _ _ _ _ _ _ _ _ _ _ _ _ _ _ _ _ _ _ _ _ _ _

name = 'create_task'
arguments = {'description': '', 'priority': 'medium', 'title': 'Deploy to staging'}

    @tasks_server.call_tool()
    async def handle_call_tool(name: str, arguments: dict | None) -> list[types.TextContent]:
        if not arguments:
            arguments = {}
    
        if name == "create_task":
            async with AsyncSessionLocal() as db:
>               task = await crud.create_task(
                    db,
                    title=arguments.get("title", "Untitled"),
                    description=arguments.get("description", ""),
                    priority=arguments.get("priority", "medium"),
                    due_date=arguments.get("due_date"),
                    tags=arguments.get("tags", []),
                )

backend\mcp_servers\tasks_server.py:87: 
_ _ _ _ _ _ _ _ _ _ _ _ _ _ _ _ _ _ _ _ _ _ _ _ _ _ _ _ _ _ _ _ _ _ _ _ _ _ _ _

db = <sqlalchemy.ext.asyncio.session.AsyncSession object at 0x0000022AA1B93150>
title = 'Deploy to staging', description = '', priority = 'medium'
due_date = None, tags = []

    async def create_task(
        db: AsyncSession, title: str, description: str = "",
        priority: str = "medium", due_date: str = None, tags: list = None,
    ):
        parsed_due = None
        if due_date:
            try:
                parsed_due = datetime.fromisoformat(due_date)
            except ValueError:
                pass
        task = Task(
            id=str(uuid.uuid4()), title=title, description=description,
            priority=priority, due_date=parsed_due, tags=tags or [],
        )
        db.add(task)
>       await db.flush()

backend\database\crud.py:90: 
_ _ _ _ _ _ _ _ _ _ _ _ _ _ _ _ _ _ _ _ _ _ _ _ _ _ _ _ _ _ _ _ _ _ _ _ _ _ _ _

self = <sqlalchemy.ext.asyncio.session.AsyncSession object at 0x0000022AA1B93150>
objects = None

    async def flush(self, objects: Optional[Sequence[Any]] = None) -> None:
        """Flush all the object changes to the database.
    
        .. seealso::
    
            :meth:`_orm.Session.flush` - main documentation for flush
    
        """
>       await greenlet_spawn(self.sync_session.flush, objects=objects)

..\..\AppData\Roaming\Python\Python313\site-packages\sqlalchemy\ext\asyncio\session.py:787: 
_ _ _ _ _ _ _ _ _ _ _ _ _ _ _ _ _ _ _ _ _ _ _ _ _ _ _ _ _ _ _ _ _ _ _ _ _ _ _ _

fn = <bound method Session.flush of <sqlalchemy.orm.session.Session object at 0x0000022AA0E2E3F0>>
_require_await = False, args = (), kwargs = {'objects': None}
context = <_AsyncIoGreenlet object at 0x0000022AA1195F40 (otid=0x0000022A9E4E1470) dead>
switch_occurred = True
result = <coroutine object Connection.rollback at 0x0000022A9FBA3100>
value = None

    async def greenlet_spawn(
        fn: Callable[..., _T],
        *args: Any,
        _require_await: bool = False,
        **kwargs: Any,
    ) -> _T:
        """Runs a sync function ``fn`` in a new greenlet.
    
        The sync function can then use :func:`await_only` to wait for async
        functions.
    
        :param fn: The sync callable to call.
        :param \\*args: Positional arguments to pass to the ``fn`` callable.
        :param \\*\\*kwargs: Keyword arguments to pass to the ``fn`` callable.
        """
    
        result: Any
        context = _AsyncIoGreenlet(fn, getcurrent())
        # runs the function synchronously in gl greenlet. If the execution
        # is interrupted by await_only, context is not dead and result is a
        # coroutine to wait. If the context is dead the function has
        # returned, and its result can be returned.
        switch_occurred = False
        result = context.switch(*args, **kwargs)
        while not context.dead:
            switch_occurred = True
            try:
                # wait for a coroutine from await_only and then return its
                # result back to it.
                value = await result
            except BaseException:
                # this allows an exception to be raised within
                # the moderated greenlet so that it can continue
                # its expected flow.
                result = context.throw(*sys.exc_info())
            else:
>               result = context.switch(value)
                         ^^^^^^^^^^^^^^^^^^^^^

..\..\AppData\Roaming\Python\Python313\site-packages\sqlalchemy\util\_concurrency_py3k.py:203: 
_ _ _ _ _ _ _ _ _ _ _ _ _ _ _ _ _ _ _ _ _ _ _ _ _ _ _ _ _ _ _ _ _ _ _ _ _ _ _ _

self = <sqlalchemy.orm.session.Session object at 0x0000022AA0E2E3F0>
objects = None

    def flush(self, objects: Optional[Sequence[Any]] = None) -> None:
        """Flush all the object changes to the database.
    
        Writes out all pending object creations, deletions and modifications
        to the database as INSERTs, DELETEs, UPDATEs, etc.  Operations are
        automatically ordered by the Session's unit of work dependency
        solver.
    
        Database operations will be issued in the current transactional
        context and do not affect the state of the transaction, unless an
        error occurs, in which case the entire transaction is rolled back.
        You may flush() as often as you like within a transaction to move
        changes from Python to the database's transaction buffer.
    
        :param objects: Optional; restricts the flush operation to operate
          only on elements that are in the given collection.
    
          This feature is for an extremely narrow set of use cases where
          particular objects may need to be operated upon before the
          full flush() occurs.  It is not intended for general use.
    
        """
    
        if self._flushing:
            raise sa_exc.InvalidRequestError("Session is already flushing")
    
        if self._is_clean():
            return
        try:
            self._flushing = True
>           self._flush(objects)

..\..\AppData\Roaming\Python\Python313\site-packages\sqlalchemy\orm\session.py:4331: 
_ _ _ _ _ _ _ _ _ _ _ _ _ _ _ _ _ _ _ _ _ _ _ _ _ _ _ _ _ _ _ _ _ _ _ _ _ _ _ _

self = <sqlalchemy.orm.session.Session object at 0x0000022AA0E2E3F0>
objects = None

    def _flush(self, objects: Optional[Sequence[object]] = None) -> None:
        dirty = self._dirty_states
        if not dirty and not self._deleted and not self._new:
            self.identity_map._modified.clear()
            return
    
        flush_context = UOWTransaction(self)
    
        if self.dispatch.before_flush:
            self.dispatch.before_flush(self, flush_context, objects)
            # re-establish "dirty states" in case the listeners
            # added
            dirty = self._dirty_states
    
        deleted = set(self._deleted)
        new = set(self._new)
    
        dirty = set(dirty).difference(deleted)
    
        # create the set of all objects we want to operate upon
        if objects:
            # specific list passed in
            objset = set()
            for o in objects:
                try:
                    state = attributes.instance_state(o)
    
                except exc.NO_STATE as err:
                    raise exc.UnmappedInstanceError(o) from err
                objset.add(state)
        else:
            objset = None
    
        # store objects whose fate has been decided
        processed = set()
    
        # put all saves/updates into the flush context.  detect top-level
        # orphans and throw them into deleted.
        if objset:
            proc = new.union(dirty).intersection(objset).difference(deleted)
        else:
            proc = new.union(dirty).difference(deleted)
    
        for state in proc:
            is_orphan = _state_mapper(state)._is_orphan(state)
    
            is_persistent_orphan = is_orphan and state.has_identity
    
            if (
                is_orphan
                and not is_persistent_orphan
                and state._orphaned_outside_of_session
            ):
                self._expunge_states([state])
            else:
                _reg = flush_context.register_object(
                    state, isdelete=is_persistent_orphan
                )
                assert _reg, "Failed to add object to the flush context!"
                processed.add(state)
    
        # put all remaining deletes into the flush context.
        if objset:
            proc = deleted.intersection(objset).difference(processed)
        else:
            proc = deleted.difference(processed)
        for state in proc:
            _reg = flush_context.register_object(state, isdelete=True)
            assert _reg, "Failed to add object to the flush context!"
    
        if not flush_context.has_work:
            return
    
        flush_context.transaction = transaction = self._autobegin_t()._begin()
        try:
            self._warn_on_events = True
            try:
                flush_context.execute()
            finally:
                self._warn_on_events = False
    
            self.dispatch.after_flush(self, flush_context)
    
            flush_context.finalize_flush_changes()
    
            if not objects and self.identity_map._modified:
                len_ = len(self.identity_map._modified)
    
                statelib.InstanceState._commit_all_states(
                    [
                        (state, state.dict)
                        for state in self.identity_map._modified
                    ],
                    instance_dict=self.identity_map,
                )
                util.warn(
                    "Attribute history events accumulated on %d "
                    "previously clean instances "
                    "within inner-flush event handlers have been "
                    "reset, and will not result in database updates. "
                    "Consider using set_committed_value() within "
                    "inner-flush event handlers to avoid this warning." % len_
                )
    
            # useful assertions:
            # if not objects:
            #    assert not self.identity_map._modified
            # else:
            #    assert self.identity_map._modified == \
            #            self.identity_map._modified.difference(objects)
    
            self.dispatch.after_flush_postexec(self, flush_context)
    
            transaction.commit()
    
        except:
>           with util.safe_reraise():
                 ^^^^^^^^^^^^^^^^^^^

..\..\AppData\Roaming\Python\Python313\site-packages\sqlalchemy\orm\session.py:4466: 
_ _ _ _ _ _ _ _ _ _ _ _ _ _ _ _ _ _ _ _ _ _ _ _ _ _ _ _ _ _ _ _ _ _ _ _ _ _ _ _

self = <sqlalchemy.util.langhelpers.safe_reraise object at 0x0000022A9FD06710>
type_ = None, value = None, traceback = None

    def __exit__(
        self,
        type_: Optional[Type[BaseException]],
        value: Optional[BaseException],
        traceback: Optional[types.TracebackType],
    ) -> NoReturn:
        assert self._exc_info is not None
        # see #2703 for notes
        if type_ is None:
            exc_type, exc_value, exc_tb = self._exc_info
            assert exc_value is not None
            self._exc_info = None  # remove potential circular references
>           raise exc_value.with_traceback(exc_tb)

..\..\AppData\Roaming\Python\Python313\site-packages\sqlalchemy\util\langhelpers.py:121: 
_ _ _ _ _ _ _ _ _ _ _ _ _ _ _ _ _ _ _ _ _ _ _ _ _ _ _ _ _ _ _ _ _ _ _ _ _ _ _ _

self = <sqlalchemy.orm.session.Session object at 0x0000022AA0E2E3F0>
objects = None

    def _flush(self, objects: Optional[Sequence[object]] = None) -> None:
        dirty = self._dirty_states
        if not dirty and not self._deleted and not self._new:
            self.identity_map._modified.clear()
            return
    
        flush_context = UOWTransaction(self)
    
        if self.dispatch.before_flush:
            self.dispatch.before_flush(self, flush_context, objects)
            # re-establish "dirty states" in case the listeners
            # added
            dirty = self._dirty_states
    
        deleted = set(self._deleted)
        new = set(self._new)
    
        dirty = set(dirty).difference(deleted)
    
        # create the set of all objects we want to operate upon
        if objects:
            # specific list passed in
            objset = set()
            for o in objects:
                try:
                    state = attributes.instance_state(o)
    
                except exc.NO_STATE as err:
                    raise exc.UnmappedInstanceError(o) from err
                objset.add(state)
        else:
            objset = None
    
        # store objects whose fate has been decided
        processed = set()
    
        # put all saves/updates into the flush context.  detect top-level
        # orphans and throw them into deleted.
        if objset:
            proc = new.union(dirty).intersection(objset).difference(deleted)
        else:
            proc = new.union(dirty).difference(deleted)
    
        for state in proc:
            is_orphan = _state_mapper(state)._is_orphan(state)
    
            is_persistent_orphan = is_orphan and state.has_identity
    
            if (
                is_orphan
                and not is_persistent_orphan
                and state._orphaned_outside_of_session
            ):
                self._expunge_states([state])
            else:
                _reg = flush_context.register_object(
                    state, isdelete=is_persistent_orphan
                )
                assert _reg, "Failed to add object to the flush context!"
                processed.add(state)
    
        # put all remaining deletes into the flush context.
        if objset:
            proc = deleted.intersection(objset).difference(processed)
        else:
            proc = deleted.difference(processed)
        for state in proc:
            _reg = flush_context.register_object(state, isdelete=True)
            assert _reg, "Failed to add object to the flush context!"
    
        if not flush_context.has_work:
            return
    
        flush_context.transaction = transaction = self._autobegin_t()._begin()
        try:
            self._warn_on_events = True
            try:
>               flush_context.execute()

..\..\AppData\Roaming\Python\Python313\site-packages\sqlalchemy\orm\session.py:4427: 
_ _ _ _ _ _ _ _ _ _ _ _ _ _ _ _ _ _ _ _ _ _ _ _ _ _ _ _ _ _ _ _ _ _ _ _ _ _ _ _

self = <sqlalchemy.orm.unitofwork.UOWTransaction object at 0x0000022AA24E9440>

    def execute(self) -> None:
        postsort_actions = self._generate_actions()
    
        postsort_actions = sorted(
            postsort_actions,
            key=lambda item: item.sort_key,
        )
        # sort = topological.sort(self.dependencies, postsort_actions)
        # print "--------------"
        # print "\ndependencies:", self.dependencies
        # print "\ncycles:", self.cycles
        # print "\nsort:", list(sort)
        # print "\nCOUNT OF POSTSORT ACTIONS", len(postsort_actions)
    
        # execute
        if self.cycles:
            for subset in topological.sort_as_subsets(
                self.dependencies, postsort_actions
            ):
                set_ = set(subset)
                while set_:
                    n = set_.pop()
                    n.execute_aggregate(self, set_)
        else:
            for rec in topological.sort(self.dependencies, postsort_actions):
>               rec.execute(self)

..\..\AppData\Roaming\Python\Python313\site-packages\sqlalchemy\orm\unitofwork.py:466: 
_ _ _ _ _ _ _ _ _ _ _ _ _ _ _ _ _ _ _ _ _ _ _ _ _ _ _ _ _ _ _ _ _ _ _ _ _ _ _ _

self = SaveUpdateAll(Mapper[Task(tasks)])
uow = <sqlalchemy.orm.unitofwork.UOWTransaction object at 0x0000022AA24E9440>

    @util.preload_module("sqlalchemy.orm.persistence")
    def execute(self, uow):
>       util.preloaded.orm_persistence.save_obj(
            self.mapper,
            uow.states_for_mapper_hierarchy(self.mapper, False, False),
            uow,
        )

..\..\AppData\Roaming\Python\Python313\site-packages\sqlalchemy\orm\unitofwork.py:642: 
_ _ _ _ _ _ _ _ _ _ _ _ _ _ _ _ _ _ _ _ _ _ _ _ _ _ _ _ _ _ _ _ _ _ _ _ _ _ _ _

base_mapper = <Mapper at 0x22a9ef81010; Task>
states = <generator object UOWTransaction.states_for_mapper_hierarchy at 0x0000022A9FD0C5E0>
uowtransaction = <sqlalchemy.orm.unitofwork.UOWTransaction object at 0x0000022AA24E9440>
single = False

    def save_obj(base_mapper, states, uowtransaction, single=False):
        """Issue ``INSERT`` and/or ``UPDATE`` statements for a list
        of objects.
    
        This is called within the context of a UOWTransaction during a
        flush operation, given a list of states to be flushed.  The
        base mapper in an inheritance hierarchy handles the inserts/
        updates for all descendant mappers.
    
        """
    
        # if batch=false, call _save_obj separately for each object
        if not single and not base_mapper.batch:
            for state in _sort_states(base_mapper, states):
                save_obj(base_mapper, [state], uowtransaction, single=True)
            return
    
        states_to_update = []
        states_to_insert = []
    
        for (
            state,
            dict_,
            mapper,
            connection,
            has_identity,
            row_switch,
            update_version_id,
        ) in _organize_states_for_save(base_mapper, states, uowtransaction):
            if has_identity or row_switch:
                states_to_update.append(
                    (state, dict_, mapper, connection, update_version_id)
                )
            else:
                states_to_insert.append((state, dict_, mapper, connection))
    
        for table, mapper in base_mapper._sorted_tables.items():
            if table not in mapper._pks_by_table:
                continue
            insert = _collect_insert_commands(table, states_to_insert)
    
            update = _collect_update_commands(
                uowtransaction, table, states_to_update
            )
    
            _emit_update_statements(
                base_mapper,
                uowtransaction,
                mapper,
                table,
                update,
            )
    
>           _emit_insert_statements(
                base_mapper,
                uowtransaction,
                mapper,
                table,
                insert,
            )

..\..\AppData\Roaming\Python\Python313\site-packages\sqlalchemy\orm\persistence.py:93: 
_ _ _ _ _ _ _ _ _ _ _ _ _ _ _ _ _ _ _ _ _ _ _ _ _ _ _ _ _ _ _ _ _ _ _ _ _ _ _ _

base_mapper = <Mapper at 0x22a9ef81010; Task>
uowtransaction = <sqlalchemy.orm.unitofwork.UOWTransaction object at 0x0000022AA24E9440>
mapper = <Mapper at 0x22a9ef81010; Task>
table = Table('tasks', MetaData(), Column('id', String(), table=<tasks>, primary_key=True, nullable=False), Column('title', St...lumnDefault(<function _utcnow at 0x0000022A9EFBECA0>)), Column('completed_at', DateTime(), table=<tasks>), schema=None)
insert = <generator object _collect_insert_commands at 0x0000022A9FB676F0>

    def _emit_insert_statements(
        base_mapper,
        uowtransaction,
        mapper,
        table,
        insert,
        *,
        bookkeeping=True,
        use_orm_insert_stmt=None,
        execution_options=None,
    ):
        """Emit INSERT statements corresponding to value lists collected
        by _collect_insert_commands()."""
    
        if use_orm_insert_stmt is not None:
            cached_stmt = use_orm_insert_stmt
            exec_opt = util.EMPTY_DICT
    
            # if a user query with RETURNING was passed, we definitely need
            # to use RETURNING.
            returning_is_required_anyway = bool(use_orm_insert_stmt._returning)
            deterministic_results_reqd = (
                returning_is_required_anyway
                and use_orm_insert_stmt._sort_by_parameter_order
            ) or bookkeeping
        else:
            returning_is_required_anyway = False
            deterministic_results_reqd = bookkeeping
            cached_stmt = base_mapper._memo(("insert", table), table.insert)
            exec_opt = {"compiled_cache": base_mapper._compiled_cache}
    
        if execution_options:
            execution_options = util.EMPTY_DICT.merge_with(
                exec_opt, execution_options
            )
        else:
            execution_options = exec_opt
    
        return_result = None
    
        for (
            (connection, _, hasvalue, has_all_pks, has_all_defaults),
            records,
        ) in groupby(
            insert,
            lambda rec: (
                rec[4],  # connection
                set(rec[2]),  # parameter keys
                bool(rec[5]),  # whether we have "value" parameters
                rec[6],
                rec[7],
            ),
        ):
            statement = cached_stmt
    
            if use_orm_insert_stmt is not None:
                statement = statement._annotate(
                    {
                        "_emit_insert_table": table,
                        "_emit_insert_mapper": mapper,
                    }
                )
    
            if (
                (
                    not bookkeeping
                    or (
                        has_all_defaults
                        or not base_mapper._prefer_eager_defaults(
                            connection.dialect, table
                        )
                        or not table.implicit_returning
                        or not connection.dialect.insert_returning
                    )
                )
                and not returning_is_required_anyway
                and has_all_pks
                and not hasvalue
            ):
                # the "we don't need newly generated values back" section.
                # here we have all the PKs, all the defaults or we don't want
                # to fetch them, or the dialect doesn't support RETURNING at all
                # so we have to post-fetch / use lastrowid anyway.
                records = list(records)
                multiparams = [rec[2] for rec in records]
    
>               result = connection.execute(
                    statement, multiparams, execution_options=execution_options
                )

..\..\AppData\Roaming\Python\Python313\site-packages\sqlalchemy\orm\persistence.py:1048: 
_ _ _ _ _ _ _ _ _ _ _ _ _ _ _ _ _ _ _ _ _ _ _ _ _ _ _ _ _ _ _ _ _ _ _ _ _ _ _ _

self = <sqlalchemy.engine.base.Connection object at 0x0000022A9FCF4050>
statement = <sqlalchemy.sql.dml.Insert object at 0x0000022A9FBD5E80>
parameters = [{'completed_at': None, 'description': '', 'due_date': None, 'id': '7520a1bb-da08-4fb1-b66c-f2691e795094', ...}]

    def execute(
        self,
        statement: Executable,
        parameters: Optional[_CoreAnyExecuteParams] = None,
        *,
        execution_options: Optional[CoreExecuteOptionsParameter] = None,
    ) -> CursorResult[Any]:
        r"""Executes a SQL statement construct and returns a
        :class:`_engine.CursorResult`.
    
        :param statement: The statement to be executed.  This is always
         an object that is in both the :class:`_expression.ClauseElement` and
         :class:`_expression.Executable` hierarchies, including:
    
         * :class:`_expression.Select`
         * :class:`_expression.Insert`, :class:`_expression.Update`,
           :class:`_expression.Delete`
         * :class:`_expression.TextClause` and
           :class:`_expression.TextualSelect`
         * :class:`_schema.DDL` and objects which inherit from
           :class:`_schema.ExecutableDDLElement`
    
        :param parameters: parameters which will be bound into the statement.
         This may be either a dictionary of parameter names to values,
         or a mutable sequence (e.g. a list) of dictionaries.  When a
         list of dictionaries is passed, the underlying statement execution
         will make use of the DBAPI ``cursor.executemany()`` method.
         When a single dictionary is passed, the DBAPI ``cursor.execute()``
         method will be used.
    
        :param execution_options: optional dictionary of execution options,
         which will be associated with the statement execution.  This
         dictionary can provide a subset of the options that are accepted
         by :meth:`_engine.Connection.execution_options`.
    
        :return: a :class:`_engine.Result` object.
    
        """
        distilled_parameters = _distill_params_20(parameters)
        try:
            meth = statement._execute_on_connection
        except AttributeError as err:
            raise exc.ObjectNotExecutableError(statement) from err
        else:
>           return meth(
                self,
                distilled_parameters,
                execution_options or NO_OPTIONS,
            )

..\..\AppData\Roaming\Python\Python313\site-packages\sqlalchemy\engine\base.py:1419: 
_ _ _ _ _ _ _ _ _ _ _ _ _ _ _ _ _ _ _ _ _ _ _ _ _ _ _ _ _ _ _ _ _ _ _ _ _ _ _ _

self = <sqlalchemy.sql.dml.Insert object at 0x0000022A9FBD5E80>
connection = <sqlalchemy.engine.base.Connection object at 0x0000022A9FCF4050>
distilled_params = [{'completed_at': None, 'description': '', 'due_date': None, 'id': '7520a1bb-da08-4fb1-b66c-f2691e795094', ...}]
execution_options = {'compiled_cache': <sqlalchemy.util._collections.LRUCache object at 0x0000022A9FC2C810>}

    def _execute_on_connection(
        self,
        connection: Connection,
        distilled_params: _CoreMultiExecuteParams,
        execution_options: CoreExecuteOptionsParameter,
    ) -> Result[Any]:
        if self.supports_execution:
            if TYPE_CHECKING:
                assert isinstance(self, Executable)
>           return connection._execute_clauseelement(
                self, distilled_params, execution_options
            )

..\..\AppData\Roaming\Python\Python313\site-packages\sqlalchemy\sql\elements.py:527: 
_ _ _ _ _ _ _ _ _ _ _ _ _ _ _ _ _ _ _ _ _ _ _ _ _ _ _ _ _ _ _ _ _ _ _ _ _ _ _ _

self = <sqlalchemy.engine.base.Connection object at 0x0000022A9FCF4050>
elem = <sqlalchemy.sql.dml.Insert object at 0x0000022A9FBD5E80>
distilled_parameters = [{'completed_at': None, 'description': '', 'due_date': None, 'id': '7520a1bb-da08-4fb1-b66c-f2691e795094', ...}]
execution_options = immutabledict({'compiled_cache': <sqlalchemy.util._collections.LRUCache object at 0x0000022A9FC2C810>})

    def _execute_clauseelement(
        self,
        elem: Executable,
        distilled_parameters: _CoreMultiExecuteParams,
        execution_options: CoreExecuteOptionsParameter,
    ) -> CursorResult[Any]:
        """Execute a sql.ClauseElement object."""
    
        execution_options = elem._execution_options.merge_with(
            self._execution_options, execution_options
        )
    
        has_events = self._has_events or self.engine._has_events
        if has_events:
            (
                elem,
                distilled_parameters,
                event_multiparams,
                event_params,
            ) = self._invoke_before_exec_event(
                elem, distilled_parameters, execution_options
            )
    
        if distilled_parameters:
            # ensure we don't retain a link to the view object for keys()
            # which links to the values, which we don't want to cache
            keys = sorted(distilled_parameters[0])
            for_executemany = len(distilled_parameters) > 1
        else:
            keys = []
            for_executemany = False
    
        dialect = self.dialect
    
        schema_translate_map = execution_options.get(
            "schema_translate_map", None
        )
    
        compiled_cache: Optional[CompiledCacheType] = execution_options.get(
            "compiled_cache", self.engine._compiled_cache
        )
    
        compiled_sql, extracted_params, cache_hit = elem._compile_w_cache(
            dialect=dialect,
            compiled_cache=compiled_cache,
            column_keys=keys,
            for_executemany=for_executemany,
            schema_translate_map=schema_translate_map,
            linting=self.dialect.compiler_linting | compiler.WARN_LINTING,
        )
>       ret = self._execute_context(
            dialect,
            dialect.execution_ctx_cls._init_compiled,
            compiled_sql,
            distilled_parameters,
            execution_options,
            compiled_sql,
            distilled_parameters,
            elem,
            extracted_params,
            cache_hit=cache_hit,
        )

..\..\AppData\Roaming\Python\Python313\site-packages\sqlalchemy\engine\base.py:1641: 
_ _ _ _ _ _ _ _ _ _ _ _ _ _ _ _ _ _ _ _ _ _ _ _ _ _ _ _ _ _ _ _ _ _ _ _ _ _ _ _

self = <sqlalchemy.engine.base.Connection object at 0x0000022A9FCF4050>
dialect = <sqlalchemy.dialects.sqlite.aiosqlite.SQLiteDialect_aiosqlite object at 0x0000022A9EF82F90>
constructor = <bound method DefaultExecutionContext._init_compiled of <class 'sqlalchemy.dialects.sqlite.aiosqlite.SQLiteExecutionContext_aiosqlite'>>
statement = <sqlalchemy.dialects.sqlite.base.SQLiteCompiler object at 0x0000022A9FC0F4D0>
parameters = [{'completed_at': None, 'description': '', 'due_date': None, 'id': '7520a1bb-da08-4fb1-b66c-f2691e795094', ...}]
execution_options = immutabledict({'compiled_cache': <sqlalchemy.util._collections.LRUCache object at 0x0000022A9FC2C810>})
args = (<sqlalchemy.dialects.sqlite.base.SQLiteCompiler object at 0x0000022A9FC0F4D0>, [{'completed_at': None, 'description':...one, 'id': '7520a1bb-da08-4fb1-b66c-f2691e795094', ...}], <sqlalchemy.sql.dml.Insert object at 0x0000022A9FBD5E80>, [])
kw = {'cache_hit': <CacheStats.CACHE_HIT: 0>}, yp = None
conn = <sqlalchemy.pool.base._ConnectionFairy object at 0x0000022AA1BB4F50>
context = <sqlalchemy.dialects.sqlite.aiosqlite.SQLiteExecutionContext_aiosqlite object at 0x0000022A9FCF4210>

    def _execute_context(
        self,
        dialect: Dialect,
        constructor: Callable[..., ExecutionContext],
        statement: Union[str, Compiled],
        parameters: Optional[_AnyMultiExecuteParams],
        execution_options: _ExecuteOptions,
        *args: Any,
        **kw: Any,
    ) -> CursorResult[Any]:
        """Create an :class:`.ExecutionContext` and execute, returning
        a :class:`_engine.CursorResult`."""
    
        if execution_options:
            yp = execution_options.get("yield_per", None)
            if yp:
                execution_options = execution_options.union(
                    {"stream_results": True, "max_row_buffer": yp}
                )
        try:
            conn = self._dbapi_connection
            if conn is None:
                conn = self._revalidate_connection()
    
            context = constructor(
                dialect, self, conn, execution_options, *args, **kw
            )
        except (exc.PendingRollbackError, exc.ResourceClosedError):
            raise
        except BaseException as e:
            self._handle_dbapi_exception(
                e, str(statement), parameters, None, None
            )
    
        if (
            self._transaction
            and not self._transaction.is_active
            or (
                self._nested_transaction
                and not self._nested_transaction.is_active
            )
        ):
            self._invalid_transaction()
    
        elif self._trans_context_manager:
            TransactionalContext._trans_ctx_check(self)
    
        if self._transaction is None:
            self._autobegin()
    
        context.pre_exec()
    
        if context.execute_style is ExecuteStyle.INSERTMANYVALUES:
            return self._exec_insertmany_context(dialect, context)
        else:
>           return self._exec_single_context(
                dialect, context, statement, parameters
            )

..\..\AppData\Roaming\Python\Python313\site-packages\sqlalchemy\engine\base.py:1846: 
_ _ _ _ _ _ _ _ _ _ _ _ _ _ _ _ _ _ _ _ _ _ _ _ _ _ _ _ _ _ _ _ _ _ _ _ _ _ _ _

self = <sqlalchemy.engine.base.Connection object at 0x0000022A9FCF4050>
dialect = <sqlalchemy.dialects.sqlite.aiosqlite.SQLiteDialect_aiosqlite object at 0x0000022A9EF82F90>
context = <sqlalchemy.dialects.sqlite.aiosqlite.SQLiteExecutionContext_aiosqlite object at 0x0000022A9FCF4210>
statement = <sqlalchemy.dialects.sqlite.base.SQLiteCompiler object at 0x0000022A9FC0F4D0>
parameters = [('7520a1bb-da08-4fb1-b66c-f2691e795094', 'Deploy to staging', '', 'todo', 'medium', None, ...)]

    def _exec_single_context(
        self,
        dialect: Dialect,
        context: ExecutionContext,
        statement: Union[str, Compiled],
        parameters: Optional[_AnyMultiExecuteParams],
    ) -> CursorResult[Any]:
        """continue the _execute_context() method for a single DBAPI
        cursor.execute() or cursor.executemany() call.
    
        """
        if dialect.bind_typing is BindTyping.SETINPUTSIZES:
            generic_setinputsizes = context._prepare_set_input_sizes()
    
            if generic_setinputsizes:
                try:
                    dialect.do_set_input_sizes(
                        context.cursor, generic_setinputsizes, context
                    )
                except BaseException as e:
                    self._handle_dbapi_exception(
                        e, str(statement), parameters, None, context
                    )
    
        cursor, str_statement, parameters = (
            context.cursor,
            context.statement,
            context.parameters,
        )
    
        effective_parameters: Optional[_AnyExecuteParams]
    
        if not context.executemany:
            effective_parameters = parameters[0]
        else:
            effective_parameters = parameters
    
        if self._has_events or self.engine._has_events:
            for fn in self.dispatch.before_cursor_execute:
                str_statement, effective_parameters = fn(
                    self,
                    cursor,
                    str_statement,
                    effective_parameters,
                    context,
                    context.executemany,
                )
    
        if self._echo:
            self._log_info(str_statement)
    
            stats = context._get_cache_stats()
    
            if not self.engine.hide_parameters:
                self._log_info(
                    "[%s] %r",
                    stats,
                    sql_util._repr_params(
                        effective_parameters,
                        batches=10,
                        ismulti=context.executemany,
                    ),
                )
            else:
                self._log_info(
                    "[%s] [SQL parameters hidden due to hide_parameters=True]",
                    stats,
                )
    
        evt_handled: bool = False
        try:
            if context.execute_style is ExecuteStyle.EXECUTEMANY:
                effective_parameters = cast(
                    "_CoreMultiExecuteParams", effective_parameters
                )
                if self.dialect._has_events:
                    for fn in self.dialect.dispatch.do_executemany:
                        if fn(
                            cursor,
                            str_statement,
                            effective_parameters,
                            context,
                        ):
                            evt_handled = True
                            break
                if not evt_handled:
                    self.dialect.do_executemany(
                        cursor,
                        str_statement,
                        effective_parameters,
                        context,
                    )
            elif not effective_parameters and context.no_parameters:
                if self.dialect._has_events:
                    for fn in self.dialect.dispatch.do_execute_no_params:
                        if fn(cursor, str_statement, context):
                            evt_handled = True
                            break
                if not evt_handled:
                    self.dialect.do_execute_no_params(
                        cursor, str_statement, context
                    )
            else:
                effective_parameters = cast(
                    "_CoreSingleExecuteParams", effective_parameters
                )
                if self.dialect._has_events:
                    for fn in self.dialect.dispatch.do_execute:
                        if fn(
                            cursor,
                            str_statement,
                            effective_parameters,
                            context,
                        ):
                            evt_handled = True
                            break
                if not evt_handled:
                    self.dialect.do_execute(
                        cursor, str_statement, effective_parameters, context
                    )
    
            if self._has_events or self.engine._has_events:
                self.dispatch.after_cursor_execute(
                    self,
                    cursor,
                    str_statement,
                    effective_parameters,
                    context,
                    context.executemany,
                )
    
            context.post_exec()
    
            result = context._setup_result_proxy()
    
        except BaseException as e:
>           self._handle_dbapi_exception(
                e, str_statement, effective_parameters, cursor, context
            )

..\..\AppData\Roaming\Python\Python313\site-packages\sqlalchemy\engine\base.py:1986: 
_ _ _ _ _ _ _ _ _ _ _ _ _ _ _ _ _ _ _ _ _ _ _ _ _ _ _ _ _ _ _ _ _ _ _ _ _ _ _ _

self = <sqlalchemy.engine.base.Connection object at 0x0000022A9FCF4050>
e = OperationalError('no such table: tasks')
statement = 'INSERT INTO tasks (id, title, description, status, priority, due_date, tags, created_at, updated_at, completed_at) VALUES (?, ?, ?, ?, ?, ?, ?, ?, ?, ?)'
parameters = ('7520a1bb-da08-4fb1-b66c-f2691e795094', 'Deploy to staging', '', 'todo', 'medium', None, ...)
cursor = <sqlalchemy.dialects.sqlite.aiosqlite.AsyncAdapt_aiosqlite_cursor object at 0x0000022AA1912D40>
context = <sqlalchemy.dialects.sqlite.aiosqlite.SQLiteExecutionContext_aiosqlite object at 0x0000022A9FCF4210>
is_sub_exec = False

    def _handle_dbapi_exception(
        self,
        e: BaseException,
        statement: Optional[str],
        parameters: Optional[_AnyExecuteParams],
        cursor: Optional[DBAPICursor],
        context: Optional[ExecutionContext],
        is_sub_exec: bool = False,
    ) -> NoReturn:
        exc_info = sys.exc_info()
    
        is_exit_exception = util.is_exit_exception(e)
    
        if not self._is_disconnect:
            self._is_disconnect = (
                isinstance(e, self.dialect.loaded_dbapi.Error)
                and not self.closed
                and self.dialect.is_disconnect(
                    e,
                    self._dbapi_connection if not self.invalidated else None,
                    cursor,
                )
            ) or (is_exit_exception and not self.closed)
    
        invalidate_pool_on_disconnect = not is_exit_exception
    
        ismulti: bool = (
            not is_sub_exec and context.executemany
            if context is not None
            else False
        )
        if self._reentrant_error:
            raise exc.DBAPIError.instance(
                statement,
                parameters,
                e,
                self.dialect.loaded_dbapi.Error,
                hide_parameters=self.engine.hide_parameters,
                dialect=self.dialect,
                ismulti=ismulti,
            ).with_traceback(exc_info[2]) from e
        self._reentrant_error = True
        try:
            # non-DBAPI error - if we already got a context,
            # or there's no string statement, don't wrap it
            should_wrap = isinstance(e, self.dialect.loaded_dbapi.Error) or (
                statement is not None
                and context is None
                and not is_exit_exception
            )
    
            if should_wrap:
                sqlalchemy_exception = exc.DBAPIError.instance(
                    statement,
                    parameters,
                    cast(Exception, e),
                    self.dialect.loaded_dbapi.Error,
                    hide_parameters=self.engine.hide_parameters,
                    connection_invalidated=self._is_disconnect,
                    dialect=self.dialect,
                    ismulti=ismulti,
                )
            else:
                sqlalchemy_exception = None
    
            newraise = None
    
            if (self.dialect._has_events) and not self._execution_options.get(
                "skip_user_error_events", False
            ):
                ctx = ExceptionContextImpl(
                    e,
                    sqlalchemy_exception,
                    self.engine,
                    self.dialect,
                    self,
                    cursor,
                    statement,
                    parameters,
                    context,
                    self._is_disconnect,
                    invalidate_pool_on_disconnect,
                    False,
                )
    
                for fn in self.dialect.dispatch.handle_error:
                    try:
                        # handler returns an exception;
                        # call next handler in a chain
                        per_fn = fn(ctx)
                        if per_fn is not None:
                            ctx.chained_exception = newraise = per_fn
                    except Exception as _raised:
                        # handler raises an exception - stop processing
                        newraise = _raised
                        break
    
                if self._is_disconnect != ctx.is_disconnect:
                    self._is_disconnect = ctx.is_disconnect
                    if sqlalchemy_exception:
                        sqlalchemy_exception.connection_invalidated = (
                            ctx.is_disconnect
                        )
    
                # set up potentially user-defined value for
                # invalidate pool.
                invalidate_pool_on_disconnect = (
                    ctx.invalidate_pool_on_disconnect
                )
    
            if should_wrap and context:
                context.handle_dbapi_exception(e)
    
            if not self._is_disconnect:
                if cursor:
                    self._safe_close_cursor(cursor)
                # "autorollback" was mostly relevant in 1.x series.
                # It's very unlikely to reach here, as the connection
                # does autobegin so when we are here, we are usually
                # in an explicit / semi-explicit transaction.
                # however we have a test which manufactures this
                # scenario in any case using an event handler.
                # test/engine/test_execute.py-> test_actual_autorollback
                if not self.in_transaction():
                    self._rollback_impl()
    
            if newraise:
                raise newraise.with_traceback(exc_info[2]) from e
            elif should_wrap:
                assert sqlalchemy_exception is not None
>               raise sqlalchemy_exception.with_traceback(exc_info[2]) from e

..\..\AppData\Roaming\Python\Python313\site-packages\sqlalchemy\engine\base.py:2363: 
_ _ _ _ _ _ _ _ _ _ _ _ _ _ _ _ _ _ _ _ _ _ _ _ _ _ _ _ _ _ _ _ _ _ _ _ _ _ _ _

self = <sqlalchemy.engine.base.Connection object at 0x0000022A9FCF4050>
dialect = <sqlalchemy.dialects.sqlite.aiosqlite.SQLiteDialect_aiosqlite object at 0x0000022A9EF82F90>
context = <sqlalchemy.dialects.sqlite.aiosqlite.SQLiteExecutionContext_aiosqlite object at 0x0000022A9FCF4210>
statement = <sqlalchemy.dialects.sqlite.base.SQLiteCompiler object at 0x0000022A9FC0F4D0>
parameters = [('7520a1bb-da08-4fb1-b66c-f2691e795094', 'Deploy to staging', '', 'todo', 'medium', None, ...)]

    def _exec_single_context(
        self,
        dialect: Dialect,
        context: ExecutionContext,
        statement: Union[str, Compiled],
        parameters: Optional[_AnyMultiExecuteParams],
    ) -> CursorResult[Any]:
        """continue the _execute_context() method for a single DBAPI
        cursor.execute() or cursor.executemany() call.
    
        """
        if dialect.bind_typing is BindTyping.SETINPUTSIZES:
            generic_setinputsizes = context._prepare_set_input_sizes()
    
            if generic_setinputsizes:
                try:
                    dialect.do_set_input_sizes(
                        context.cursor, generic_setinputsizes, context
                    )
                except BaseException as e:
                    self._handle_dbapi_exception(
                        e, str(statement), parameters, None, context
                    )
    
        cursor, str_statement, parameters = (
            context.cursor,
            context.statement,
            context.parameters,
        )
    
        effective_parameters: Optional[_AnyExecuteParams]
    
        if not context.executemany:
            effective_parameters = parameters[0]
        else:
            effective_parameters = parameters
    
        if self._has_events or self.engine._has_events:
            for fn in self.dispatch.before_cursor_execute:
                str_statement, effective_parameters = fn(
                    self,
                    cursor,
                    str_statement,
                    effective_parameters,
                    context,
                    context.executemany,
                )
    
        if self._echo:
            self._log_info(str_statement)
    
            stats = context._get_cache_stats()
    
            if not self.engine.hide_parameters:
                self._log_info(
                    "[%s] %r",
                    stats,
                    sql_util._repr_params(
                        effective_parameters,
                        batches=10,
                        ismulti=context.executemany,
                    ),
                )
            else:
                self._log_info(
                    "[%s] [SQL parameters hidden due to hide_parameters=True]",
                    stats,
                )
    
        evt_handled: bool = False
        try:
            if context.execute_style is ExecuteStyle.EXECUTEMANY:
                effective_parameters = cast(
                    "_CoreMultiExecuteParams", effective_parameters
                )
                if self.dialect._has_events:
                    for fn in self.dialect.dispatch.do_executemany:
                        if fn(
                            cursor,
                            str_statement,
                            effective_parameters,
                            context,
                        ):
                            evt_handled = True
                            break
                if not evt_handled:
                    self.dialect.do_executemany(
                        cursor,
                        str_statement,
                        effective_parameters,
                        context,
                    )
            elif not effective_parameters and context.no_parameters:
                if self.dialect._has_events:
                    for fn in self.dialect.dispatch.do_execute_no_params:
                        if fn(cursor, str_statement, context):
                            evt_handled = True
                            break
                if not evt_handled:
                    self.dialect.do_execute_no_params(
                        cursor, str_statement, context
                    )
            else:
                effective_parameters = cast(
                    "_CoreSingleExecuteParams", effective_parameters
                )
                if self.dialect._has_events:
                    for fn in self.dialect.dispatch.do_execute:
                        if fn(
                            cursor,
                            str_statement,
                            effective_parameters,
                            context,
                        ):
                            evt_handled = True
                            break
                if not evt_handled:
>                   self.dialect.do_execute(
                        cursor, str_statement, effective_parameters, context
                    )

..\..\AppData\Roaming\Python\Python313\site-packages\sqlalchemy\engine\base.py:1967: 
_ _ _ _ _ _ _ _ _ _ _ _ _ _ _ _ _ _ _ _ _ _ _ _ _ _ _ _ _ _ _ _ _ _ _ _ _ _ _ _

self = <sqlalchemy.dialects.sqlite.aiosqlite.SQLiteDialect_aiosqlite object at 0x0000022A9EF82F90>
cursor = <sqlalchemy.dialects.sqlite.aiosqlite.AsyncAdapt_aiosqlite_cursor object at 0x0000022AA1912D40>
statement = 'INSERT INTO tasks (id, title, description, status, priority, due_date, tags, created_at, updated_at, completed_at) VALUES (?, ?, ?, ?, ?, ?, ?, ?, ?, ?)'
parameters = ('7520a1bb-da08-4fb1-b66c-f2691e795094', 'Deploy to staging', '', 'todo', 'medium', None, ...)
context = <sqlalchemy.dialects.sqlite.aiosqlite.SQLiteExecutionContext_aiosqlite object at 0x0000022A9FCF4210>

    def do_execute(self, cursor, statement, parameters, context=None):
>       cursor.execute(statement, parameters)

..\..\AppData\Roaming\Python\Python313\site-packages\sqlalchemy\engine\default.py:952: 
_ _ _ _ _ _ _ _ _ _ _ _ _ _ _ _ _ _ _ _ _ _ _ _ _ _ _ _ _ _ _ _ _ _ _ _ _ _ _ _

self = <sqlalchemy.dialects.sqlite.aiosqlite.AsyncAdapt_aiosqlite_cursor object at 0x0000022AA1912D40>
operation = 'INSERT INTO tasks (id, title, description, status, priority, due_date, tags, created_at, updated_at, completed_at) VALUES (?, ?, ?, ?, ?, ?, ?, ?, ?, ?)'
parameters = ('7520a1bb-da08-4fb1-b66c-f2691e795094', 'Deploy to staging', '', 'todo', 'medium', None, ...)

    def execute(
        self,
        operation: Any,
        parameters: Optional[_DBAPISingleExecuteParams] = None,
    ) -> Any:
    
        try:
            _cursor: AsyncIODBAPICursor = self.await_(self._connection.cursor())  # type: ignore[arg-type] # noqa: E501
    
            if parameters is None:
                self.await_(_cursor.execute(operation))
            else:
                self.await_(_cursor.execute(operation, parameters))
    
            if _cursor.description:
                self.description = _cursor.description
                self.lastrowid = self.rowcount = -1
    
                if not self.server_side:
                    self._rows = deque(self.await_(_cursor.fetchall()))
            else:
                self.description = None
                self.lastrowid = _cursor.lastrowid
                self.rowcount = _cursor.rowcount
    
            if not self.server_side:
                self.await_(_cursor.close())
            else:
                self._cursor = _cursor  # type: ignore[misc]
        except Exception as error:
>           self._adapt_connection._handle_exception(error)

..\..\AppData\Roaming\Python\Python313\site-packages\sqlalchemy\dialects\sqlite\aiosqlite.py:182: 
_ _ _ _ _ _ _ _ _ _ _ _ _ _ _ _ _ _ _ _ _ _ _ _ _ _ _ _ _ _ _ _ _ _ _ _ _ _ _ _

self = <AdaptedConnection <aiosqlite.core.Connection object at 0x0000022A9FC0EFD0>>
error = OperationalError('no such table: tasks')

    def _handle_exception(self, error: Exception) -> NoReturn:
        if (
            isinstance(error, ValueError)
            and error.args[0] == "no active connection"
        ):
            raise self.dbapi.sqlite.OperationalError(
                "no active connection"
            ) from error
        else:
>           raise error

..\..\AppData\Roaming\Python\Python313\site-packages\sqlalchemy\dialects\sqlite\aiosqlite.py:342: 
_ _ _ _ _ _ _ _ _ _ _ _ _ _ _ _ _ _ _ _ _ _ _ _ _ _ _ _ _ _ _ _ _ _ _ _ _ _ _ _

self = <sqlalchemy.dialects.sqlite.aiosqlite.AsyncAdapt_aiosqlite_cursor object at 0x0000022AA1912D40>
operation = 'INSERT INTO tasks (id, title, description, status, priority, due_date, tags, created_at, updated_at, completed_at) VALUES (?, ?, ?, ?, ?, ?, ?, ?, ?, ?)'
parameters = ('7520a1bb-da08-4fb1-b66c-f2691e795094', 'Deploy to staging', '', 'todo', 'medium', None, ...)

    def execute(
        self,
        operation: Any,
        parameters: Optional[_DBAPISingleExecuteParams] = None,
    ) -> Any:
    
        try:
            _cursor: AsyncIODBAPICursor = self.await_(self._connection.cursor())  # type: ignore[arg-type] # noqa: E501
    
            if parameters is None:
                self.await_(_cursor.execute(operation))
            else:
>               self.await_(_cursor.execute(operation, parameters))

..\..\AppData\Roaming\Python\Python313\site-packages\sqlalchemy\dialects\sqlite\aiosqlite.py:164: 
_ _ _ _ _ _ _ _ _ _ _ _ _ _ _ _ _ _ _ _ _ _ _ _ _ _ _ _ _ _ _ _ _ _ _ _ _ _ _ _

awaitable = <coroutine object Cursor.execute at 0x0000022A9FCF4660>

    def await_only(awaitable: Awaitable[_T]) -> _T:
        """Awaits an async function in a sync method.
    
        The sync method must be inside a :func:`greenlet_spawn` context.
        :func:`await_only` calls cannot be nested.
    
        :param awaitable: The coroutine to call.
    
        """
        # this is called in the context greenlet while running fn
        current = getcurrent()
        if not getattr(current, "__sqlalchemy_greenlet_provider__", False):
            _safe_cancel_awaitable(awaitable)
    
            raise exc.MissingGreenlet(
                "greenlet_spawn has not been called; can't call await_only() "
                "here. Was IO attempted in an unexpected place?"
            )
    
        # returns the control to the driver greenlet passing it
        # a coroutine to run. Once the awaitable is done, the driver greenlet
        # switches back to this greenlet with the result of awaitable that is
        # then returned to the caller (or raised as error)
>       return current.parent.switch(awaitable)  # type: ignore[no-any-return,attr-defined] # noqa: E501
               ^^^^^^^^^^^^^^^^^^^^^^^^^^^^^^^^

..\..\AppData\Roaming\Python\Python313\site-packages\sqlalchemy\util\_concurrency_py3k.py:132: 
_ _ _ _ _ _ _ _ _ _ _ _ _ _ _ _ _ _ _ _ _ _ _ _ _ _ _ _ _ _ _ _ _ _ _ _ _ _ _ _

fn = <bound method Session.flush of <sqlalchemy.orm.session.Session object at 0x0000022AA0E2E3F0>>
_require_await = False, args = (), kwargs = {'objects': None}
context = <_AsyncIoGreenlet object at 0x0000022AA1195F40 (otid=0x0000022A9E4E1470) dead>
switch_occurred = True
result = <coroutine object Connection.rollback at 0x0000022A9FBA3100>
value = None

    async def greenlet_spawn(
        fn: Callable[..., _T],
        *args: Any,
        _require_await: bool = False,
        **kwargs: Any,
    ) -> _T:
        """Runs a sync function ``fn`` in a new greenlet.
    
        The sync function can then use :func:`await_only` to wait for async
        functions.
    
        :param fn: The sync callable to call.
        :param \\*args: Positional arguments to pass to the ``fn`` callable.
        :param \\*\\*kwargs: Keyword arguments to pass to the ``fn`` callable.
        """
    
        result: Any
        context = _AsyncIoGreenlet(fn, getcurrent())
        # runs the function synchronously in gl greenlet. If the execution
        # is interrupted by await_only, context is not dead and result is a
        # coroutine to wait. If the context is dead the function has
        # returned, and its result can be returned.
        switch_occurred = False
        result = context.switch(*args, **kwargs)
        while not context.dead:
            switch_occurred = True
            try:
                # wait for a coroutine from await_only and then return its
                # result back to it.
>               value = await result
                        ^^^^^^^^^^^^

..\..\AppData\Roaming\Python\Python313\site-packages\sqlalchemy\util\_concurrency_py3k.py:196: 
_ _ _ _ _ _ _ _ _ _ _ _ _ _ _ _ _ _ _ _ _ _ _ _ _ _ _ _ _ _ _ _ _ _ _ _ _ _ _ _

self = <aiosqlite.cursor.Cursor object at 0x0000022AA1913530>
sql = 'INSERT INTO tasks (id, title, description, status, priority, due_date, tags, created_at, updated_at, completed_at) VALUES (?, ?, ?, ?, ?, ?, ?, ?, ?, ?)'
parameters = ('7520a1bb-da08-4fb1-b66c-f2691e795094', 'Deploy to staging', '', 'todo', 'medium', None, ...)

    async def execute(
        self, sql: str, parameters: Optional[Iterable[Any]] = None
    ) -> "Cursor":
        """Execute the given query."""
        if parameters is None:
            parameters = []
>       await self._execute(self._cursor.execute, sql, parameters)

..\..\AppData\Roaming\Python\Python313\site-packages\aiosqlite\cursor.py:40: 
_ _ _ _ _ _ _ _ _ _ _ _ _ _ _ _ _ _ _ _ _ _ _ _ _ _ _ _ _ _ _ _ _ _ _ _ _ _ _ _

self = <aiosqlite.cursor.Cursor object at 0x0000022AA1913530>
fn = <built-in method execute of sqlite3.Cursor object at 0x0000022A9FCBB440>
args = ('INSERT INTO tasks (id, title, description, status, priority, due_date, tags, created_at, updated_at, completed_at) V... ?, ?, ?, ?, ?, ?, ?)', ('7520a1bb-da08-4fb1-b66c-f2691e795094', 'Deploy to staging', '', 'todo', 'medium', None, ...))
kwargs = {}

    async def _execute(self, fn, *args, **kwargs):
        """Execute the given function on the shared connection's thread."""
>       return await self._conn._execute(fn, *args, **kwargs)
               ^^^^^^^^^^^^^^^^^^^^^^^^^^^^^^^^^^^^^^^^^^^^^^

..\..\AppData\Roaming\Python\Python313\site-packages\aiosqlite\cursor.py:32: 
_ _ _ _ _ _ _ _ _ _ _ _ _ _ _ _ _ _ _ _ _ _ _ _ _ _ _ _ _ _ _ _ _ _ _ _ _ _ _ _

self = <aiosqlite.core.Connection object at 0x0000022A9FC0EFD0>
fn = <built-in method execute of sqlite3.Cursor object at 0x0000022A9FCBB440>
args = ('INSERT INTO tasks (id, title, description, status, priority, due_date, tags, created_at, updated_at, completed_at) V... ?, ?, ?, ?, ?, ?, ?)', ('7520a1bb-da08-4fb1-b66c-f2691e795094', 'Deploy to staging', '', 'todo', 'medium', None, ...))
kwargs = {}
function = functools.partial(<built-in method execute of sqlite3.Cursor object at 0x0000022A9FCBB440>, 'INSERT INTO tasks (id, ti...eploy to staging', '', 'todo', 'medium', None, '[]', '2026-04-05 17:53:25.896025', '2026-04-05 17:53:25.896034', None))
future = <Future finished exception=OperationalError('no such table: tasks')>

    async def _execute(self, fn, *args, **kwargs):
        """Queue a function with the given arguments for execution."""
        if not self._running or not self._connection:
            raise ValueError("Connection closed")
    
        function = partial(fn, *args, **kwargs)
        future = asyncio.get_event_loop().create_future()
    
        self._tx.put_nowait((future, function))
    
>       return await future
               ^^^^^^^^^^^^

..\..\AppData\Roaming\Python\Python313\site-packages\aiosqlite\core.py:160: 
_ _ _ _ _ _ _ _ _ _ _ _ _ _ _ _ _ _ _ _ _ _ _ _ _ _ _ _ _ _ _ _ _ _ _ _ _ _ _ _

tx = <_queue.SimpleQueue object at 0x0000022A9FC19960>

    def _connection_worker_thread(tx: _TxQueue):
        """
        Execute function calls on a separate thread.
    
        :meta private:
        """
        while True:
            # Continues running until all queue items are processed,
            # even after connection is closed (so we can finalize all
            # futures)
    
            future, function = tx.get()
    
            try:
                LOG.debug("executing %s", function)
>               result = function()
                         ^^^^^^^^^^
E               sqlalchemy.exc.OperationalError: (sqlite3.OperationalError) no such table: tasks
E               [SQL: INSERT INTO tasks (id, title, description, status, priority, due_date, tags, created_at, updated_at, completed_at) VALUES (?, ?, ?, ?, ?, ?, ?, ?, ?, ?)]
E               [parameters: ('7520a1bb-da08-4fb1-b66c-f2691e795094', 'Deploy to staging', '', 'todo', 'medium', None, '[]', '2026-04-05 17:53:25.896025', '2026-04-05 17:53:25.896034', None)]
E               (Background on this error at: https://sqlalche.me/e/20/e3q8)

..\..\AppData\Roaming\Python\Python313\site-packages\aiosqlite\core.py:63: OperationalError
__________________________ test_calendar_agent_list ___________________________

self = <sqlalchemy.engine.base.Connection object at 0x0000022AA1B91710>
dialect = <sqlalchemy.dialects.sqlite.aiosqlite.SQLiteDialect_aiosqlite object at 0x0000022A9EF82F90>
context = <sqlalchemy.dialects.sqlite.aiosqlite.SQLiteExecutionContext_aiosqlite object at 0x0000022AA1B90130>
statement = <sqlalchemy.dialects.sqlite.base.SQLiteCompiler object at 0x0000022AA0E39450>
parameters = [('2026-04-05 17:53:26.927757', '2026-04-12 17:53:26.927781', 10, 0)]

    def _exec_single_context(
        self,
        dialect: Dialect,
        context: ExecutionContext,
        statement: Union[str, Compiled],
        parameters: Optional[_AnyMultiExecuteParams],
    ) -> CursorResult[Any]:
        """continue the _execute_context() method for a single DBAPI
        cursor.execute() or cursor.executemany() call.
    
        """
        if dialect.bind_typing is BindTyping.SETINPUTSIZES:
            generic_setinputsizes = context._prepare_set_input_sizes()
    
            if generic_setinputsizes:
                try:
                    dialect.do_set_input_sizes(
                        context.cursor, generic_setinputsizes, context
                    )
                except BaseException as e:
                    self._handle_dbapi_exception(
                        e, str(statement), parameters, None, context
                    )
    
        cursor, str_statement, parameters = (
            context.cursor,
            context.statement,
            context.parameters,
        )
    
        effective_parameters: Optional[_AnyExecuteParams]
    
        if not context.executemany:
            effective_parameters = parameters[0]
        else:
            effective_parameters = parameters
    
        if self._has_events or self.engine._has_events:
            for fn in self.dispatch.before_cursor_execute:
                str_statement, effective_parameters = fn(
                    self,
                    cursor,
                    str_statement,
                    effective_parameters,
                    context,
                    context.executemany,
                )
    
        if self._echo:
            self._log_info(str_statement)
    
            stats = context._get_cache_stats()
    
            if not self.engine.hide_parameters:
                self._log_info(
                    "[%s] %r",
                    stats,
                    sql_util._repr_params(
                        effective_parameters,
                        batches=10,
                        ismulti=context.executemany,
                    ),
                )
            else:
                self._log_info(
                    "[%s] [SQL parameters hidden due to hide_parameters=True]",
                    stats,
                )
    
        evt_handled: bool = False
        try:
            if context.execute_style is ExecuteStyle.EXECUTEMANY:
                effective_parameters = cast(
                    "_CoreMultiExecuteParams", effective_parameters
                )
                if self.dialect._has_events:
                    for fn in self.dialect.dispatch.do_executemany:
                        if fn(
                            cursor,
                            str_statement,
                            effective_parameters,
                            context,
                        ):
                            evt_handled = True
                            break
                if not evt_handled:
                    self.dialect.do_executemany(
                        cursor,
                        str_statement,
                        effective_parameters,
                        context,
                    )
            elif not effective_parameters and context.no_parameters:
                if self.dialect._has_events:
                    for fn in self.dialect.dispatch.do_execute_no_params:
                        if fn(cursor, str_statement, context):
                            evt_handled = True
                            break
                if not evt_handled:
                    self.dialect.do_execute_no_params(
                        cursor, str_statement, context
                    )
            else:
                effective_parameters = cast(
                    "_CoreSingleExecuteParams", effective_parameters
                )
                if self.dialect._has_events:
                    for fn in self.dialect.dispatch.do_execute:
                        if fn(
                            cursor,
                            str_statement,
                            effective_parameters,
                            context,
                        ):
                            evt_handled = True
                            break
                if not evt_handled:
>                   self.dialect.do_execute(
                        cursor, str_statement, effective_parameters, context
                    )

..\..\AppData\Roaming\Python\Python313\site-packages\sqlalchemy\engine\base.py:1967: 
_ _ _ _ _ _ _ _ _ _ _ _ _ _ _ _ _ _ _ _ _ _ _ _ _ _ _ _ _ _ _ _ _ _ _ _ _ _ _ _

self = <sqlalchemy.dialects.sqlite.aiosqlite.SQLiteDialect_aiosqlite object at 0x0000022A9EF82F90>
cursor = <sqlalchemy.dialects.sqlite.aiosqlite.AsyncAdapt_aiosqlite_cursor object at 0x0000022AA0D67F40>
statement = 'SELECT calendar_events.id, calendar_events.title, calendar_events.description, calendar_events.start_time, calendar_e..._events.start_time >= ? AND calendar_events.start_time <= ? ORDER BY calendar_events.start_time ASC\n LIMIT ? OFFSET ?'
parameters = ('2026-04-05 17:53:26.927757', '2026-04-12 17:53:26.927781', 10, 0)
context = <sqlalchemy.dialects.sqlite.aiosqlite.SQLiteExecutionContext_aiosqlite object at 0x0000022AA1B90130>

    def do_execute(self, cursor, statement, parameters, context=None):
>       cursor.execute(statement, parameters)

..\..\AppData\Roaming\Python\Python313\site-packages\sqlalchemy\engine\default.py:952: 
_ _ _ _ _ _ _ _ _ _ _ _ _ _ _ _ _ _ _ _ _ _ _ _ _ _ _ _ _ _ _ _ _ _ _ _ _ _ _ _

self = <sqlalchemy.dialects.sqlite.aiosqlite.AsyncAdapt_aiosqlite_cursor object at 0x0000022AA0D67F40>
operation = 'SELECT calendar_events.id, calendar_events.title, calendar_events.description, calendar_events.start_time, calendar_e..._events.start_time >= ? AND calendar_events.start_time <= ? ORDER BY calendar_events.start_time ASC\n LIMIT ? OFFSET ?'
parameters = ('2026-04-05 17:53:26.927757', '2026-04-12 17:53:26.927781', 10, 0)

    def execute(
        self,
        operation: Any,
        parameters: Optional[_DBAPISingleExecuteParams] = None,
    ) -> Any:
    
        try:
            _cursor: AsyncIODBAPICursor = self.await_(self._connection.cursor())  # type: ignore[arg-type] # noqa: E501
    
            if parameters is None:
                self.await_(_cursor.execute(operation))
            else:
                self.await_(_cursor.execute(operation, parameters))
    
            if _cursor.description:
                self.description = _cursor.description
                self.lastrowid = self.rowcount = -1
    
                if not self.server_side:
                    self._rows = deque(self.await_(_cursor.fetchall()))
            else:
                self.description = None
                self.lastrowid = _cursor.lastrowid
                self.rowcount = _cursor.rowcount
    
            if not self.server_side:
                self.await_(_cursor.close())
            else:
                self._cursor = _cursor  # type: ignore[misc]
        except Exception as error:
>           self._adapt_connection._handle_exception(error)

..\..\AppData\Roaming\Python\Python313\site-packages\sqlalchemy\dialects\sqlite\aiosqlite.py:182: 
_ _ _ _ _ _ _ _ _ _ _ _ _ _ _ _ _ _ _ _ _ _ _ _ _ _ _ _ _ _ _ _ _ _ _ _ _ _ _ _

self = <AdaptedConnection <aiosqlite.core.Connection object at 0x0000022A9FC0EFD0>>
error = OperationalError('no such table: calendar_events')

    def _handle_exception(self, error: Exception) -> NoReturn:
        if (
            isinstance(error, ValueError)
            and error.args[0] == "no active connection"
        ):
            raise self.dbapi.sqlite.OperationalError(
                "no active connection"
            ) from error
        else:
>           raise error

..\..\AppData\Roaming\Python\Python313\site-packages\sqlalchemy\dialects\sqlite\aiosqlite.py:342: 
_ _ _ _ _ _ _ _ _ _ _ _ _ _ _ _ _ _ _ _ _ _ _ _ _ _ _ _ _ _ _ _ _ _ _ _ _ _ _ _

self = <sqlalchemy.dialects.sqlite.aiosqlite.AsyncAdapt_aiosqlite_cursor object at 0x0000022AA0D67F40>
operation = 'SELECT calendar_events.id, calendar_events.title, calendar_events.description, calendar_events.start_time, calendar_e..._events.start_time >= ? AND calendar_events.start_time <= ? ORDER BY calendar_events.start_time ASC\n LIMIT ? OFFSET ?'
parameters = ('2026-04-05 17:53:26.927757', '2026-04-12 17:53:26.927781', 10, 0)

    def execute(
        self,
        operation: Any,
        parameters: Optional[_DBAPISingleExecuteParams] = None,
    ) -> Any:
    
        try:
            _cursor: AsyncIODBAPICursor = self.await_(self._connection.cursor())  # type: ignore[arg-type] # noqa: E501
    
            if parameters is None:
                self.await_(_cursor.execute(operation))
            else:
>               self.await_(_cursor.execute(operation, parameters))

..\..\AppData\Roaming\Python\Python313\site-packages\sqlalchemy\dialects\sqlite\aiosqlite.py:164: 
_ _ _ _ _ _ _ _ _ _ _ _ _ _ _ _ _ _ _ _ _ _ _ _ _ _ _ _ _ _ _ _ _ _ _ _ _ _ _ _

awaitable = <coroutine object Cursor.execute at 0x0000022A9FCF4AC0>

    def await_only(awaitable: Awaitable[_T]) -> _T:
        """Awaits an async function in a sync method.
    
        The sync method must be inside a :func:`greenlet_spawn` context.
        :func:`await_only` calls cannot be nested.
    
        :param awaitable: The coroutine to call.
    
        """
        # this is called in the context greenlet while running fn
        current = getcurrent()
        if not getattr(current, "__sqlalchemy_greenlet_provider__", False):
            _safe_cancel_awaitable(awaitable)
    
            raise exc.MissingGreenlet(
                "greenlet_spawn has not been called; can't call await_only() "
                "here. Was IO attempted in an unexpected place?"
            )
    
        # returns the control to the driver greenlet passing it
        # a coroutine to run. Once the awaitable is done, the driver greenlet
        # switches back to this greenlet with the result of awaitable that is
        # then returned to the caller (or raised as error)
>       return current.parent.switch(awaitable)  # type: ignore[no-any-return,attr-defined] # noqa: E501
               ^^^^^^^^^^^^^^^^^^^^^^^^^^^^^^^^

..\..\AppData\Roaming\Python\Python313\site-packages\sqlalchemy\util\_concurrency_py3k.py:132: 
_ _ _ _ _ _ _ _ _ _ _ _ _ _ _ _ _ _ _ _ _ _ _ _ _ _ _ _ _ _ _ _ _ _ _ _ _ _ _ _

fn = <bound method Session.execute of <sqlalchemy.orm.session.Session object at 0x0000022AA0E2DF40>>
_require_await = False
args = (<sqlalchemy.sql.selectable.Select object at 0x0000022AA0E2F980>,)
kwargs = {'bind_arguments': None, 'execution_options': immutabledict({'prebuffer_rows': True}), 'params': None}
context = <_AsyncIoGreenlet object at 0x0000022AA232FB00 (otid=0x0000022A9E4E1470) dead>
switch_occurred = True
result = <coroutine object Cursor.execute at 0x0000022A9FCF4AC0>
value = <aiosqlite.cursor.Cursor object at 0x0000022AA0D64E30>

    async def greenlet_spawn(
        fn: Callable[..., _T],
        *args: Any,
        _require_await: bool = False,
        **kwargs: Any,
    ) -> _T:
        """Runs a sync function ``fn`` in a new greenlet.
    
        The sync function can then use :func:`await_only` to wait for async
        functions.
    
        :param fn: The sync callable to call.
        :param \\*args: Positional arguments to pass to the ``fn`` callable.
        :param \\*\\*kwargs: Keyword arguments to pass to the ``fn`` callable.
        """
    
        result: Any
        context = _AsyncIoGreenlet(fn, getcurrent())
        # runs the function synchronously in gl greenlet. If the execution
        # is interrupted by await_only, context is not dead and result is a
        # coroutine to wait. If the context is dead the function has
        # returned, and its result can be returned.
        switch_occurred = False
        result = context.switch(*args, **kwargs)
        while not context.dead:
            switch_occurred = True
            try:
                # wait for a coroutine from await_only and then return its
                # result back to it.
>               value = await result
                        ^^^^^^^^^^^^

..\..\AppData\Roaming\Python\Python313\site-packages\sqlalchemy\util\_concurrency_py3k.py:196: 
_ _ _ _ _ _ _ _ _ _ _ _ _ _ _ _ _ _ _ _ _ _ _ _ _ _ _ _ _ _ _ _ _ _ _ _ _ _ _ _

self = <aiosqlite.cursor.Cursor object at 0x0000022AA0D64E30>
sql = 'SELECT calendar_events.id, calendar_events.title, calendar_events.description, calendar_events.start_time, calendar_e..._events.start_time >= ? AND calendar_events.start_time <= ? ORDER BY calendar_events.start_time ASC\n LIMIT ? OFFSET ?'
parameters = ('2026-04-05 17:53:26.927757', '2026-04-12 17:53:26.927781', 10, 0)

    async def execute(
        self, sql: str, parameters: Optional[Iterable[Any]] = None
    ) -> "Cursor":
        """Execute the given query."""
        if parameters is None:
            parameters = []
>       await self._execute(self._cursor.execute, sql, parameters)

..\..\AppData\Roaming\Python\Python313\site-packages\aiosqlite\cursor.py:40: 
_ _ _ _ _ _ _ _ _ _ _ _ _ _ _ _ _ _ _ _ _ _ _ _ _ _ _ _ _ _ _ _ _ _ _ _ _ _ _ _

self = <aiosqlite.cursor.Cursor object at 0x0000022AA0D64E30>
fn = <built-in method execute of sqlite3.Cursor object at 0x0000022AA1342240>
args = ('SELECT calendar_events.id, calendar_events.title, calendar_events.description, calendar_events.start_time, calendar_...alendar_events.start_time ASC\n LIMIT ? OFFSET ?', ('2026-04-05 17:53:26.927757', '2026-04-12 17:53:26.927781', 10, 0))
kwargs = {}

    async def _execute(self, fn, *args, **kwargs):
        """Execute the given function on the shared connection's thread."""
>       return await self._conn._execute(fn, *args, **kwargs)
               ^^^^^^^^^^^^^^^^^^^^^^^^^^^^^^^^^^^^^^^^^^^^^^

..\..\AppData\Roaming\Python\Python313\site-packages\aiosqlite\cursor.py:32: 
_ _ _ _ _ _ _ _ _ _ _ _ _ _ _ _ _ _ _ _ _ _ _ _ _ _ _ _ _ _ _ _ _ _ _ _ _ _ _ _

self = <aiosqlite.core.Connection object at 0x0000022A9FC0EFD0>
fn = <built-in method execute of sqlite3.Cursor object at 0x0000022AA1342240>
args = ('SELECT calendar_events.id, calendar_events.title, calendar_events.description, calendar_events.start_time, calendar_...alendar_events.start_time ASC\n LIMIT ? OFFSET ?', ('2026-04-05 17:53:26.927757', '2026-04-12 17:53:26.927781', 10, 0))
kwargs = {}
function = functools.partial(<built-in method execute of sqlite3.Cursor object at 0x0000022AA1342240>, 'SELECT calendar_events.id...alendar_events.start_time ASC\n LIMIT ? OFFSET ?', ('2026-04-05 17:53:26.927757', '2026-04-12 17:53:26.927781', 10, 0))
future = <Future finished exception=OperationalError('no such table: calendar_events')>

    async def _execute(self, fn, *args, **kwargs):
        """Queue a function with the given arguments for execution."""
        if not self._running or not self._connection:
            raise ValueError("Connection closed")
    
        function = partial(fn, *args, **kwargs)
        future = asyncio.get_event_loop().create_future()
    
        self._tx.put_nowait((future, function))
    
>       return await future
               ^^^^^^^^^^^^

..\..\AppData\Roaming\Python\Python313\site-packages\aiosqlite\core.py:160: 
_ _ _ _ _ _ _ _ _ _ _ _ _ _ _ _ _ _ _ _ _ _ _ _ _ _ _ _ _ _ _ _ _ _ _ _ _ _ _ _

tx = <_queue.SimpleQueue object at 0x0000022A9FC19960>

    def _connection_worker_thread(tx: _TxQueue):
        """
        Execute function calls on a separate thread.
    
        :meta private:
        """
        while True:
            # Continues running until all queue items are processed,
            # even after connection is closed (so we can finalize all
            # futures)
    
            future, function = tx.get()
    
            try:
                LOG.debug("executing %s", function)
>               result = function()
                         ^^^^^^^^^^
E               sqlite3.OperationalError: no such table: calendar_events

..\..\AppData\Roaming\Python\Python313\site-packages\aiosqlite\core.py:63: OperationalError

The above exception was the direct cause of the following exception:

    @pytest.mark.asyncio
    async def test_calendar_agent_list():
        """Calendar agent should return real event data."""
        from backend.agents import calendar_agent
        events = []
>       async for event in calendar_agent.run("show my calendar", "test-session"):

test_multi_agent.py:168: 
_ _ _ _ _ _ _ _ _ _ _ _ _ _ _ _ _ _ _ _ _ _ _ _ _ _ _ _ _ _ _ _ _ _ _ _ _ _ _ _

user_message = 'show my calendar', session_id = 'test-session', llm = None

    async def run(
        user_message: str, session_id: str, llm=None
    ) -> AsyncGenerator[Union[str, Dict[str, str]], None]:
        """Execute the calendar agent û calls real MCP tools."""
    
        yield {"type": "thought", "content": "\U0001f4c5 Calendar Agent activated \u2013 analyzing request..."}
        await asyncio.sleep(0.3)
    
        tool_name, tool_args = _classify_calendar_intent(user_message)
    
        if tool_name == "create_with_check":
            # Multi-step workflow: check availability FIRST, then create
            yield {"type": "thought", "content": f"\U0001f50d Checking availability for {tool_args['start_time']}..."}
            await asyncio.sleep(0.2)
    
            avail_results = await calendar_tool("check_availability", {
                "start_time": tool_args["start_time"],
                "end_time": tool_args["end_time"],
            })
            avail_output = avail_results[0].text
    
            if "CONFLICT" in avail_output:
                yield {"type": "thought", "content": "\u26a0\ufe0f Schedule conflict detected!"}
                await asyncio.sleep(0.3)
                yield {"type": "thought", "content": "\U0001f504 Proposing alternative time slot..."}
                tool_output = avail_output + "\n\nI'll suggest an alternative time."
            else:
                yield {"type": "thought", "content": "\u2705 Time slot is clear \u2013 creating event..."}
                await asyncio.sleep(0.2)
                create_results = await calendar_tool("create_event", tool_args)
                tool_output = f"Availability: {avail_output}\n\n{create_results[0].text}"
                yield {"type": "thought", "content": "\u2705 Event created successfully!"}
    
        else:
            yield {"type": "thought", "content": f"\U0001f527 Calling MCP tool: {tool_name}"}
            await asyncio.sleep(0.2)
>           results = await calendar_tool(tool_name, tool_args)
                      ^^^^^^^^^^^^^^^^^^^^^^^^^^^^^^^^^^^^^^^^^

backend\agents\calendar_agent.py:137: 
_ _ _ _ _ _ _ _ _ _ _ _ _ _ _ _ _ _ _ _ _ _ _ _ _ _ _ _ _ _ _ _ _ _ _ _ _ _ _ _

name = 'list_events', arguments = {}

    @calendar_server.call_tool()
    async def handle_call_tool(name: str, arguments: dict | None) -> list[types.TextContent]:
        if not arguments:
            arguments = {}
    
        if name == "create_event":
            async with AsyncSessionLocal() as db:
                event = await crud.create_event(
                    db,
                    title=arguments.get("title", "Untitled Event"),
                    start_time=arguments.get("start_time"),
                    end_time=arguments.get("end_time"),
                    description=arguments.get("description", ""),
                    location=arguments.get("location", ""),
                    attendees=arguments.get("attendees", []),
                )
                await db.commit()
            return [types.TextContent(
                type="text",
                text=(
                    f"Event scheduled: '{event.title}'\n"
                    f"  \U0001f4c5 {event.start_time.strftime('%Y-%m-%d %H:%M')} \u2192 {event.end_time.strftime('%H:%M')}\\n"
                    f"  \U0001f4cd {event.location or 'No location'}\\n"
                    f"  ID: {event.id}"
                ),
            )]
    
        elif name == "list_events":
            start_from = arguments.get("start_from")
            start_until = arguments.get("start_until")
            # Default: show events from now to 7 days ahead
            if not start_from:
                start_from = datetime.now(timezone.utc).isoformat()
            if not start_until:
                start_until = (datetime.now(timezone.utc) + timedelta(days=7)).isoformat()
    
            async with AsyncSessionLocal() as db:
>               events = await crud.get_events(
                    db,
                    start_from=start_from,
                    start_until=start_until,
                    limit=arguments.get("limit", 10),
                )

backend\mcp_servers\calendar_server.py:104: 
_ _ _ _ _ _ _ _ _ _ _ _ _ _ _ _ _ _ _ _ _ _ _ _ _ _ _ _ _ _ _ _ _ _ _ _ _ _ _ _

db = <sqlalchemy.ext.asyncio.session.AsyncSession object at 0x0000022A9FBA1CD0>
start_from = '2026-04-05T17:53:26.927757+00:00'
start_until = '2026-04-12T17:53:26.927781+00:00', limit = 10

    async def get_events(
        db: AsyncSession, start_from: str = None, start_until: str = None, limit: int = 50,
    ) -> list[CalendarEvent]:
        stmt = select(CalendarEvent)
        if start_from:
            try:
                stmt = stmt.where(CalendarEvent.start_time >= datetime.fromisoformat(start_from))
            except ValueError:
                pass
        if start_until:
            try:
                stmt = stmt.where(CalendarEvent.start_time <= datetime.fromisoformat(start_until))
            except ValueError:
                pass
        stmt = stmt.order_by(asc(CalendarEvent.start_time)).limit(limit)
>       result = await db.execute(stmt)
                 ^^^^^^^^^^^^^^^^^^^^^^

backend\database\crud.py:174: 
_ _ _ _ _ _ _ _ _ _ _ _ _ _ _ _ _ _ _ _ _ _ _ _ _ _ _ _ _ _ _ _ _ _ _ _ _ _ _ _

self = <sqlalchemy.ext.asyncio.session.AsyncSession object at 0x0000022A9FBA1CD0>
statement = <sqlalchemy.sql.selectable.Select object at 0x0000022AA0E2F980>
params = None, execution_options = immutabledict({'prebuffer_rows': True})
bind_arguments = None, kw = {}

    async def execute(
        self,
        statement: Executable,
        params: Optional[_CoreAnyExecuteParams] = None,
        *,
        execution_options: OrmExecuteOptionsParameter = util.EMPTY_DICT,
        bind_arguments: Optional[_BindArguments] = None,
        **kw: Any,
    ) -> Result[Any]:
        """Execute a statement and return a buffered
        :class:`_engine.Result` object.
    
        .. seealso::
    
            :meth:`_orm.Session.execute` - main documentation for execute
    
        """
    
        if execution_options:
            execution_options = util.immutabledict(execution_options).union(
                _EXECUTE_OPTIONS
            )
        else:
            execution_options = _EXECUTE_OPTIONS
    
>       result = await greenlet_spawn(
            self.sync_session.execute,
            statement,
            params=params,
            execution_options=execution_options,
            bind_arguments=bind_arguments,
            **kw,
        )

..\..\AppData\Roaming\Python\Python313\site-packages\sqlalchemy\ext\asyncio\session.py:449: 
_ _ _ _ _ _ _ _ _ _ _ _ _ _ _ _ _ _ _ _ _ _ _ _ _ _ _ _ _ _ _ _ _ _ _ _ _ _ _ _

fn = <bound method Session.execute of <sqlalchemy.orm.session.Session object at 0x0000022AA0E2DF40>>
_require_await = False
args = (<sqlalchemy.sql.selectable.Select object at 0x0000022AA0E2F980>,)
kwargs = {'bind_arguments': None, 'execution_options': immutabledict({'prebuffer_rows': True}), 'params': None}
context = <_AsyncIoGreenlet object at 0x0000022AA232FB00 (otid=0x0000022A9E4E1470) dead>
switch_occurred = True
result = <coroutine object Cursor.execute at 0x0000022A9FCF4AC0>
value = <aiosqlite.cursor.Cursor object at 0x0000022AA0D64E30>

    async def greenlet_spawn(
        fn: Callable[..., _T],
        *args: Any,
        _require_await: bool = False,
        **kwargs: Any,
    ) -> _T:
        """Runs a sync function ``fn`` in a new greenlet.
    
        The sync function can then use :func:`await_only` to wait for async
        functions.
    
        :param fn: The sync callable to call.
        :param \\*args: Positional arguments to pass to the ``fn`` callable.
        :param \\*\\*kwargs: Keyword arguments to pass to the ``fn`` callable.
        """
    
        result: Any
        context = _AsyncIoGreenlet(fn, getcurrent())
        # runs the function synchronously in gl greenlet. If the execution
        # is interrupted by await_only, context is not dead and result is a
        # coroutine to wait. If the context is dead the function has
        # returned, and its result can be returned.
        switch_occurred = False
        result = context.switch(*args, **kwargs)
        while not context.dead:
            switch_occurred = True
            try:
                # wait for a coroutine from await_only and then return its
                # result back to it.
                value = await result
            except BaseException:
                # this allows an exception to be raised within
                # the moderated greenlet so that it can continue
                # its expected flow.
>               result = context.throw(*sys.exc_info())
                         ^^^^^^^^^^^^^^^^^^^^^^^^^^^^^^

..\..\AppData\Roaming\Python\Python313\site-packages\sqlalchemy\util\_concurrency_py3k.py:201: 
_ _ _ _ _ _ _ _ _ _ _ _ _ _ _ _ _ _ _ _ _ _ _ _ _ _ _ _ _ _ _ _ _ _ _ _ _ _ _ _

self = <sqlalchemy.orm.session.Session object at 0x0000022AA0E2DF40>
statement = <sqlalchemy.sql.selectable.Select object at 0x0000022AA0E2F980>
params = None

    def execute(
        self,
        statement: Executable,
        params: Optional[_CoreAnyExecuteParams] = None,
        *,
        execution_options: OrmExecuteOptionsParameter = util.EMPTY_DICT,
        bind_arguments: Optional[_BindArguments] = None,
        _parent_execute_state: Optional[Any] = None,
        _add_event: Optional[Any] = None,
    ) -> Result[Any]:
        r"""Execute a SQL expression construct.
    
        Returns a :class:`_engine.Result` object representing
        results of the statement execution.
    
        E.g.::
    
            from sqlalchemy import select
    
            result = session.execute(select(User).where(User.id == 5))
    
        The API contract of :meth:`_orm.Session.execute` is similar to that
        of :meth:`_engine.Connection.execute`, the :term:`2.0 style` version
        of :class:`_engine.Connection`.
    
        .. versionchanged:: 1.4 the :meth:`_orm.Session.execute` method is
           now the primary point of ORM statement execution when using
           :term:`2.0 style` ORM usage.
    
        :param statement:
            An executable statement (i.e. an :class:`.Executable` expression
            such as :func:`_expression.select`).
    
        :param params:
            Optional dictionary, or list of dictionaries, containing
            bound parameter values.   If a single dictionary, single-row
            execution occurs; if a list of dictionaries, an
            "executemany" will be invoked.  The keys in each dictionary
            must correspond to parameter names present in the statement.
    
        :param execution_options: optional dictionary of execution options,
         which will be associated with the statement execution.  This
         dictionary can provide a subset of the options that are accepted
         by :meth:`_engine.Connection.execution_options`, and may also
         provide additional options understood only in an ORM context.
    
         .. seealso::
    
            :ref:`orm_queryguide_execution_options` - ORM-specific execution
            options
    
        :param bind_arguments: dictionary of additional arguments to determine
         the bind.  May include "mapper", "bind", or other custom arguments.
         Contents of this dictionary are passed to the
         :meth:`.Session.get_bind` method.
    
        :return: a :class:`_engine.Result` object.
    
    
        """
>       return self._execute_internal(
            statement,
            params,
            execution_options=execution_options,
            bind_arguments=bind_arguments,
            _parent_execute_state=_parent_execute_state,
            _add_event=_add_event,
        )

..\..\AppData\Roaming\Python\Python313\site-packages\sqlalchemy\orm\session.py:2351: 
_ _ _ _ _ _ _ _ _ _ _ _ _ _ _ _ _ _ _ _ _ _ _ _ _ _ _ _ _ _ _ _ _ _ _ _ _ _ _ _

self = <sqlalchemy.orm.session.Session object at 0x0000022AA0E2DF40>
statement = <sqlalchemy.sql.selectable.Select object at 0x0000022AA0E2F980>
params = None

    def _execute_internal(
        self,
        statement: Executable,
        params: Optional[_CoreAnyExecuteParams] = None,
        *,
        execution_options: OrmExecuteOptionsParameter = util.EMPTY_DICT,
        bind_arguments: Optional[_BindArguments] = None,
        _parent_execute_state: Optional[Any] = None,
        _add_event: Optional[Any] = None,
        _scalar_result: bool = False,
    ) -> Any:
        statement = coercions.expect(roles.StatementRole, statement)
    
        if not bind_arguments:
            bind_arguments = {}
        else:
            bind_arguments = dict(bind_arguments)
    
        if (
            statement._propagate_attrs.get("compile_state_plugin", None)
            == "orm"
        ):
            compile_state_cls = CompileState._get_plugin_class_for_plugin(
                statement, "orm"
            )
            if TYPE_CHECKING:
                assert isinstance(
                    compile_state_cls, context.AbstractORMCompileState
                )
        else:
            compile_state_cls = None
            bind_arguments.setdefault("clause", statement)
    
        execution_options = util.coerce_to_immutabledict(execution_options)
    
        if _parent_execute_state:
            events_todo = _parent_execute_state._remaining_events()
        else:
            events_todo = self.dispatch.do_orm_execute
            if _add_event:
                events_todo = list(events_todo) + [_add_event]
    
        if events_todo:
            if compile_state_cls is not None:
                # for event handlers, do the orm_pre_session_exec
                # pass ahead of the event handlers, so that things like
                # .load_options, .update_delete_options etc. are populated.
                # is_pre_event=True allows the hook to hold off on things
                # it doesn't want to do twice, including autoflush as well
                # as "pre fetch" for DML, etc.
                (
                    statement,
                    execution_options,
                ) = compile_state_cls.orm_pre_session_exec(
                    self,
                    statement,
                    params,
                    execution_options,
                    bind_arguments,
                    True,
                )
    
            orm_exec_state = ORMExecuteState(
                self,
                statement,
                params,
                execution_options,
                bind_arguments,
                compile_state_cls,
                events_todo,
            )
            for idx, fn in enumerate(events_todo):
                orm_exec_state._starting_event_idx = idx
                fn_result: Optional[Result[Any]] = fn(orm_exec_state)
                if fn_result:
                    if _scalar_result:
                        return fn_result.scalar()
                    else:
                        return fn_result
    
            statement = orm_exec_state.statement
            execution_options = orm_exec_state.local_execution_options
    
        if compile_state_cls is not None:
            # now run orm_pre_session_exec() "for real".   if there were
            # event hooks, this will re-run the steps that interpret
            # new execution_options into load_options / update_delete_options,
            # which we assume the event hook might have updated.
            # autoflush will also be invoked in this step if enabled.
            (
                statement,
                execution_options,
            ) = compile_state_cls.orm_pre_session_exec(
                self,
                statement,
                params,
                execution_options,
                bind_arguments,
                False,
            )
    
        bind = self.get_bind(**bind_arguments)
    
        conn = self._connection_for_bind(bind)
    
        if _scalar_result and not compile_state_cls:
            if TYPE_CHECKING:
                params = cast(_CoreSingleExecuteParams, params)
            return conn.scalar(
                statement, params or {}, execution_options=execution_options
            )
    
        if compile_state_cls:
>           result: Result[Any] = compile_state_cls.orm_execute_statement(
                self,
                statement,
                params or {},
                execution_options,
                bind_arguments,
                conn,
            )

..\..\AppData\Roaming\Python\Python313\site-packages\sqlalchemy\orm\session.py:2249: 
_ _ _ _ _ _ _ _ _ _ _ _ _ _ _ _ _ _ _ _ _ _ _ _ _ _ _ _ _ _ _ _ _ _ _ _ _ _ _ _

cls = <class 'sqlalchemy.orm.context.ORMSelectCompileState'>
session = <sqlalchemy.orm.session.Session object at 0x0000022AA0E2DF40>
statement = <sqlalchemy.sql.selectable.Select object at 0x0000022AA0E2F980>
params = {}
execution_options = immutabledict({'prebuffer_rows': True, '_result_disable_adapt_to_context': True})
bind_arguments = {'clause': <sqlalchemy.sql.selectable.Select object at 0x0000022AA0E2F980>, 'mapper': <Mapper at 0x22a9ef59450; CalendarEvent>}
conn = <sqlalchemy.engine.base.Connection object at 0x0000022AA1B91710>

    @classmethod
    def orm_execute_statement(
        cls,
        session,
        statement,
        params,
        execution_options,
        bind_arguments,
        conn,
    ) -> Result:
>       result = conn.execute(
            statement, params or {}, execution_options=execution_options
        )

..\..\AppData\Roaming\Python\Python313\site-packages\sqlalchemy\orm\context.py:306: 
_ _ _ _ _ _ _ _ _ _ _ _ _ _ _ _ _ _ _ _ _ _ _ _ _ _ _ _ _ _ _ _ _ _ _ _ _ _ _ _

self = <sqlalchemy.engine.base.Connection object at 0x0000022AA1B91710>
statement = <sqlalchemy.sql.selectable.Select object at 0x0000022AA0E2F980>
parameters = {}

    def execute(
        self,
        statement: Executable,
        parameters: Optional[_CoreAnyExecuteParams] = None,
        *,
        execution_options: Optional[CoreExecuteOptionsParameter] = None,
    ) -> CursorResult[Any]:
        r"""Executes a SQL statement construct and returns a
        :class:`_engine.CursorResult`.
    
        :param statement: The statement to be executed.  This is always
         an object that is in both the :class:`_expression.ClauseElement` and
         :class:`_expression.Executable` hierarchies, including:
    
         * :class:`_expression.Select`
         * :class:`_expression.Insert`, :class:`_expression.Update`,
           :class:`_expression.Delete`
         * :class:`_expression.TextClause` and
           :class:`_expression.TextualSelect`
         * :class:`_schema.DDL` and objects which inherit from
           :class:`_schema.ExecutableDDLElement`
    
        :param parameters: parameters which will be bound into the statement.
         This may be either a dictionary of parameter names to values,
         or a mutable sequence (e.g. a list) of dictionaries.  When a
         list of dictionaries is passed, the underlying statement execution
         will make use of the DBAPI ``cursor.executemany()`` method.
         When a single dictionary is passed, the DBAPI ``cursor.execute()``
         method will be used.
    
        :param execution_options: optional dictionary of execution options,
         which will be associated with the statement execution.  This
         dictionary can provide a subset of the options that are accepted
         by :meth:`_engine.Connection.execution_options`.
    
        :return: a :class:`_engine.Result` object.
    
        """
        distilled_parameters = _distill_params_20(parameters)
        try:
            meth = statement._execute_on_connection
        except AttributeError as err:
            raise exc.ObjectNotExecutableError(statement) from err
        else:
>           return meth(
                self,
                distilled_parameters,
                execution_options or NO_OPTIONS,
            )

..\..\AppData\Roaming\Python\Python313\site-packages\sqlalchemy\engine\base.py:1419: 
_ _ _ _ _ _ _ _ _ _ _ _ _ _ _ _ _ _ _ _ _ _ _ _ _ _ _ _ _ _ _ _ _ _ _ _ _ _ _ _

self = <sqlalchemy.sql.selectable.Select object at 0x0000022AA0E2F980>
connection = <sqlalchemy.engine.base.Connection object at 0x0000022AA1B91710>
distilled_params = [{}]
execution_options = immutabledict({'prebuffer_rows': True, '_result_disable_adapt_to_context': True})

    def _execute_on_connection(
        self,
        connection: Connection,
        distilled_params: _CoreMultiExecuteParams,
        execution_options: CoreExecuteOptionsParameter,
    ) -> Result[Any]:
        if self.supports_execution:
            if TYPE_CHECKING:
                assert isinstance(self, Executable)
>           return connection._execute_clauseelement(
                self, distilled_params, execution_options
            )

..\..\AppData\Roaming\Python\Python313\site-packages\sqlalchemy\sql\elements.py:527: 
_ _ _ _ _ _ _ _ _ _ _ _ _ _ _ _ _ _ _ _ _ _ _ _ _ _ _ _ _ _ _ _ _ _ _ _ _ _ _ _

self = <sqlalchemy.engine.base.Connection object at 0x0000022AA1B91710>
elem = <sqlalchemy.sql.selectable.Select object at 0x0000022AA0E2F980>
distilled_parameters = [{}]
execution_options = immutabledict({'prebuffer_rows': True, '_result_disable_adapt_to_context': True})

    def _execute_clauseelement(
        self,
        elem: Executable,
        distilled_parameters: _CoreMultiExecuteParams,
        execution_options: CoreExecuteOptionsParameter,
    ) -> CursorResult[Any]:
        """Execute a sql.ClauseElement object."""
    
        execution_options = elem._execution_options.merge_with(
            self._execution_options, execution_options
        )
    
        has_events = self._has_events or self.engine._has_events
        if has_events:
            (
                elem,
                distilled_parameters,
                event_multiparams,
                event_params,
            ) = self._invoke_before_exec_event(
                elem, distilled_parameters, execution_options
            )
    
        if distilled_parameters:
            # ensure we don't retain a link to the view object for keys()
            # which links to the values, which we don't want to cache
            keys = sorted(distilled_parameters[0])
            for_executemany = len(distilled_parameters) > 1
        else:
            keys = []
            for_executemany = False
    
        dialect = self.dialect
    
        schema_translate_map = execution_options.get(
            "schema_translate_map", None
        )
    
        compiled_cache: Optional[CompiledCacheType] = execution_options.get(
            "compiled_cache", self.engine._compiled_cache
        )
    
        compiled_sql, extracted_params, cache_hit = elem._compile_w_cache(
            dialect=dialect,
            compiled_cache=compiled_cache,
            column_keys=keys,
            for_executemany=for_executemany,
            schema_translate_map=schema_translate_map,
            linting=self.dialect.compiler_linting | compiler.WARN_LINTING,
        )
>       ret = self._execute_context(
            dialect,
            dialect.execution_ctx_cls._init_compiled,
            compiled_sql,
            distilled_parameters,
            execution_options,
            compiled_sql,
            distilled_parameters,
            elem,
            extracted_params,
            cache_hit=cache_hit,
        )

..\..\AppData\Roaming\Python\Python313\site-packages\sqlalchemy\engine\base.py:1641: 
_ _ _ _ _ _ _ _ _ _ _ _ _ _ _ _ _ _ _ _ _ _ _ _ _ _ _ _ _ _ _ _ _ _ _ _ _ _ _ _

self = <sqlalchemy.engine.base.Connection object at 0x0000022AA1B91710>
dialect = <sqlalchemy.dialects.sqlite.aiosqlite.SQLiteDialect_aiosqlite object at 0x0000022A9EF82F90>
constructor = <bound method DefaultExecutionContext._init_compiled of <class 'sqlalchemy.dialects.sqlite.aiosqlite.SQLiteExecutionContext_aiosqlite'>>
statement = <sqlalchemy.dialects.sqlite.base.SQLiteCompiler object at 0x0000022AA0E39450>
parameters = [{}]
execution_options = immutabledict({'prebuffer_rows': True, '_result_disable_adapt_to_context': True})
args = (<sqlalchemy.dialects.sqlite.base.SQLiteCompiler object at 0x0000022AA0E39450>, [{}], <sqlalchemy.sql.selectable.Selec..., tzinfo=datetime.timezone.utc), type_=DateTime()), _OffsetLimitParam('%(2382111522896 param)s', 10, type_=Integer())])
kw = {'cache_hit': <CacheStats.CACHE_HIT: 0>}, yp = None
conn = <sqlalchemy.pool.base._ConnectionFairy object at 0x0000022AA0D67DD0>
context = <sqlalchemy.dialects.sqlite.aiosqlite.SQLiteExecutionContext_aiosqlite object at 0x0000022AA1B90130>

    def _execute_context(
        self,
        dialect: Dialect,
        constructor: Callable[..., ExecutionContext],
        statement: Union[str, Compiled],
        parameters: Optional[_AnyMultiExecuteParams],
        execution_options: _ExecuteOptions,
        *args: Any,
        **kw: Any,
    ) -> CursorResult[Any]:
        """Create an :class:`.ExecutionContext` and execute, returning
        a :class:`_engine.CursorResult`."""
    
        if execution_options:
            yp = execution_options.get("yield_per", None)
            if yp:
                execution_options = execution_options.union(
                    {"stream_results": True, "max_row_buffer": yp}
                )
        try:
            conn = self._dbapi_connection
            if conn is None:
                conn = self._revalidate_connection()
    
            context = constructor(
                dialect, self, conn, execution_options, *args, **kw
            )
        except (exc.PendingRollbackError, exc.ResourceClosedError):
            raise
        except BaseException as e:
            self._handle_dbapi_exception(
                e, str(statement), parameters, None, None
            )
    
        if (
            self._transaction
            and not self._transaction.is_active
            or (
                self._nested_transaction
                and not self._nested_transaction.is_active
            )
        ):
            self._invalid_transaction()
    
        elif self._trans_context_manager:
            TransactionalContext._trans_ctx_check(self)
    
        if self._transaction is None:
            self._autobegin()
    
        context.pre_exec()
    
        if context.execute_style is ExecuteStyle.INSERTMANYVALUES:
            return self._exec_insertmany_context(dialect, context)
        else:
>           return self._exec_single_context(
                dialect, context, statement, parameters
            )

..\..\AppData\Roaming\Python\Python313\site-packages\sqlalchemy\engine\base.py:1846: 
_ _ _ _ _ _ _ _ _ _ _ _ _ _ _ _ _ _ _ _ _ _ _ _ _ _ _ _ _ _ _ _ _ _ _ _ _ _ _ _

self = <sqlalchemy.engine.base.Connection object at 0x0000022AA1B91710>
dialect = <sqlalchemy.dialects.sqlite.aiosqlite.SQLiteDialect_aiosqlite object at 0x0000022A9EF82F90>
context = <sqlalchemy.dialects.sqlite.aiosqlite.SQLiteExecutionContext_aiosqlite object at 0x0000022AA1B90130>
statement = <sqlalchemy.dialects.sqlite.base.SQLiteCompiler object at 0x0000022AA0E39450>
parameters = [('2026-04-05 17:53:26.927757', '2026-04-12 17:53:26.927781', 10, 0)]

    def _exec_single_context(
        self,
        dialect: Dialect,
        context: ExecutionContext,
        statement: Union[str, Compiled],
        parameters: Optional[_AnyMultiExecuteParams],
    ) -> CursorResult[Any]:
        """continue the _execute_context() method for a single DBAPI
        cursor.execute() or cursor.executemany() call.
    
        """
        if dialect.bind_typing is BindTyping.SETINPUTSIZES:
            generic_setinputsizes = context._prepare_set_input_sizes()
    
            if generic_setinputsizes:
                try:
                    dialect.do_set_input_sizes(
                        context.cursor, generic_setinputsizes, context
                    )
                except BaseException as e:
                    self._handle_dbapi_exception(
                        e, str(statement), parameters, None, context
                    )
    
        cursor, str_statement, parameters = (
            context.cursor,
            context.statement,
            context.parameters,
        )
    
        effective_parameters: Optional[_AnyExecuteParams]
    
        if not context.executemany:
            effective_parameters = parameters[0]
        else:
            effective_parameters = parameters
    
        if self._has_events or self.engine._has_events:
            for fn in self.dispatch.before_cursor_execute:
                str_statement, effective_parameters = fn(
                    self,
                    cursor,
                    str_statement,
                    effective_parameters,
                    context,
                    context.executemany,
                )
    
        if self._echo:
            self._log_info(str_statement)
    
            stats = context._get_cache_stats()
    
            if not self.engine.hide_parameters:
                self._log_info(
                    "[%s] %r",
                    stats,
                    sql_util._repr_params(
                        effective_parameters,
                        batches=10,
                        ismulti=context.executemany,
                    ),
                )
            else:
                self._log_info(
                    "[%s] [SQL parameters hidden due to hide_parameters=True]",
                    stats,
                )
    
        evt_handled: bool = False
        try:
            if context.execute_style is ExecuteStyle.EXECUTEMANY:
                effective_parameters = cast(
                    "_CoreMultiExecuteParams", effective_parameters
                )
                if self.dialect._has_events:
                    for fn in self.dialect.dispatch.do_executemany:
                        if fn(
                            cursor,
                            str_statement,
                            effective_parameters,
                            context,
                        ):
                            evt_handled = True
                            break
                if not evt_handled:
                    self.dialect.do_executemany(
                        cursor,
                        str_statement,
                        effective_parameters,
                        context,
                    )
            elif not effective_parameters and context.no_parameters:
                if self.dialect._has_events:
                    for fn in self.dialect.dispatch.do_execute_no_params:
                        if fn(cursor, str_statement, context):
                            evt_handled = True
                            break
                if not evt_handled:
                    self.dialect.do_execute_no_params(
                        cursor, str_statement, context
                    )
            else:
                effective_parameters = cast(
                    "_CoreSingleExecuteParams", effective_parameters
                )
                if self.dialect._has_events:
                    for fn in self.dialect.dispatch.do_execute:
                        if fn(
                            cursor,
                            str_statement,
                            effective_parameters,
                            context,
                        ):
                            evt_handled = True
                            break
                if not evt_handled:
                    self.dialect.do_execute(
                        cursor, str_statement, effective_parameters, context
                    )
    
            if self._has_events or self.engine._has_events:
                self.dispatch.after_cursor_execute(
                    self,
                    cursor,
                    str_statement,
                    effective_parameters,
                    context,
                    context.executemany,
                )
    
            context.post_exec()
    
            result = context._setup_result_proxy()
    
        except BaseException as e:
>           self._handle_dbapi_exception(
                e, str_statement, effective_parameters, cursor, context
            )

..\..\AppData\Roaming\Python\Python313\site-packages\sqlalchemy\engine\base.py:1986: 
_ _ _ _ _ _ _ _ _ _ _ _ _ _ _ _ _ _ _ _ _ _ _ _ _ _ _ _ _ _ _ _ _ _ _ _ _ _ _ _

self = <sqlalchemy.engine.base.Connection object at 0x0000022AA1B91710>
e = OperationalError('no such table: calendar_events')
statement = 'SELECT calendar_events.id, calendar_events.title, calendar_events.description, calendar_events.start_time, calendar_e..._events.start_time >= ? AND calendar_events.start_time <= ? ORDER BY calendar_events.start_time ASC\n LIMIT ? OFFSET ?'
parameters = ('2026-04-05 17:53:26.927757', '2026-04-12 17:53:26.927781', 10, 0)
cursor = <sqlalchemy.dialects.sqlite.aiosqlite.AsyncAdapt_aiosqlite_cursor object at 0x0000022AA0D67F40>
context = <sqlalchemy.dialects.sqlite.aiosqlite.SQLiteExecutionContext_aiosqlite object at 0x0000022AA1B90130>
is_sub_exec = False

    def _handle_dbapi_exception(
        self,
        e: BaseException,
        statement: Optional[str],
        parameters: Optional[_AnyExecuteParams],
        cursor: Optional[DBAPICursor],
        context: Optional[ExecutionContext],
        is_sub_exec: bool = False,
    ) -> NoReturn:
        exc_info = sys.exc_info()
    
        is_exit_exception = util.is_exit_exception(e)
    
        if not self._is_disconnect:
            self._is_disconnect = (
                isinstance(e, self.dialect.loaded_dbapi.Error)
                and not self.closed
                and self.dialect.is_disconnect(
                    e,
                    self._dbapi_connection if not self.invalidated else None,
                    cursor,
                )
            ) or (is_exit_exception and not self.closed)
    
        invalidate_pool_on_disconnect = not is_exit_exception
    
        ismulti: bool = (
            not is_sub_exec and context.executemany
            if context is not None
            else False
        )
        if self._reentrant_error:
            raise exc.DBAPIError.instance(
                statement,
                parameters,
                e,
                self.dialect.loaded_dbapi.Error,
                hide_parameters=self.engine.hide_parameters,
                dialect=self.dialect,
                ismulti=ismulti,
            ).with_traceback(exc_info[2]) from e
        self._reentrant_error = True
        try:
            # non-DBAPI error - if we already got a context,
            # or there's no string statement, don't wrap it
            should_wrap = isinstance(e, self.dialect.loaded_dbapi.Error) or (
                statement is not None
                and context is None
                and not is_exit_exception
            )
    
            if should_wrap:
                sqlalchemy_exception = exc.DBAPIError.instance(
                    statement,
                    parameters,
                    cast(Exception, e),
                    self.dialect.loaded_dbapi.Error,
                    hide_parameters=self.engine.hide_parameters,
                    connection_invalidated=self._is_disconnect,
                    dialect=self.dialect,
                    ismulti=ismulti,
                )
            else:
                sqlalchemy_exception = None
    
            newraise = None
    
            if (self.dialect._has_events) and not self._execution_options.get(
                "skip_user_error_events", False
            ):
                ctx = ExceptionContextImpl(
                    e,
                    sqlalchemy_exception,
                    self.engine,
                    self.dialect,
                    self,
                    cursor,
                    statement,
                    parameters,
                    context,
                    self._is_disconnect,
                    invalidate_pool_on_disconnect,
                    False,
                )
    
                for fn in self.dialect.dispatch.handle_error:
                    try:
                        # handler returns an exception;
                        # call next handler in a chain
                        per_fn = fn(ctx)
                        if per_fn is not None:
                            ctx.chained_exception = newraise = per_fn
                    except Exception as _raised:
                        # handler raises an exception - stop processing
                        newraise = _raised
                        break
    
                if self._is_disconnect != ctx.is_disconnect:
                    self._is_disconnect = ctx.is_disconnect
                    if sqlalchemy_exception:
                        sqlalchemy_exception.connection_invalidated = (
                            ctx.is_disconnect
                        )
    
                # set up potentially user-defined value for
                # invalidate pool.
                invalidate_pool_on_disconnect = (
                    ctx.invalidate_pool_on_disconnect
                )
    
            if should_wrap and context:
                context.handle_dbapi_exception(e)
    
            if not self._is_disconnect:
                if cursor:
                    self._safe_close_cursor(cursor)
                # "autorollback" was mostly relevant in 1.x series.
                # It's very unlikely to reach here, as the connection
                # does autobegin so when we are here, we are usually
                # in an explicit / semi-explicit transaction.
                # however we have a test which manufactures this
                # scenario in any case using an event handler.
                # test/engine/test_execute.py-> test_actual_autorollback
                if not self.in_transaction():
                    self._rollback_impl()
    
            if newraise:
                raise newraise.with_traceback(exc_info[2]) from e
            elif should_wrap:
                assert sqlalchemy_exception is not None
>               raise sqlalchemy_exception.with_traceback(exc_info[2]) from e

..\..\AppData\Roaming\Python\Python313\site-packages\sqlalchemy\engine\base.py:2363: 
_ _ _ _ _ _ _ _ _ _ _ _ _ _ _ _ _ _ _ _ _ _ _ _ _ _ _ _ _ _ _ _ _ _ _ _ _ _ _ _

self = <sqlalchemy.engine.base.Connection object at 0x0000022AA1B91710>
dialect = <sqlalchemy.dialects.sqlite.aiosqlite.SQLiteDialect_aiosqlite object at 0x0000022A9EF82F90>
context = <sqlalchemy.dialects.sqlite.aiosqlite.SQLiteExecutionContext_aiosqlite object at 0x0000022AA1B90130>
statement = <sqlalchemy.dialects.sqlite.base.SQLiteCompiler object at 0x0000022AA0E39450>
parameters = [('2026-04-05 17:53:26.927757', '2026-04-12 17:53:26.927781', 10, 0)]

    def _exec_single_context(
        self,
        dialect: Dialect,
        context: ExecutionContext,
        statement: Union[str, Compiled],
        parameters: Optional[_AnyMultiExecuteParams],
    ) -> CursorResult[Any]:
        """continue the _execute_context() method for a single DBAPI
        cursor.execute() or cursor.executemany() call.
    
        """
        if dialect.bind_typing is BindTyping.SETINPUTSIZES:
            generic_setinputsizes = context._prepare_set_input_sizes()
    
            if generic_setinputsizes:
                try:
                    dialect.do_set_input_sizes(
                        context.cursor, generic_setinputsizes, context
                    )
                except BaseException as e:
                    self._handle_dbapi_exception(
                        e, str(statement), parameters, None, context
                    )
    
        cursor, str_statement, parameters = (
            context.cursor,
            context.statement,
            context.parameters,
        )
    
        effective_parameters: Optional[_AnyExecuteParams]
    
        if not context.executemany:
            effective_parameters = parameters[0]
        else:
            effective_parameters = parameters
    
        if self._has_events or self.engine._has_events:
            for fn in self.dispatch.before_cursor_execute:
                str_statement, effective_parameters = fn(
                    self,
                    cursor,
                    str_statement,
                    effective_parameters,
                    context,
                    context.executemany,
                )
    
        if self._echo:
            self._log_info(str_statement)
    
            stats = context._get_cache_stats()
    
            if not self.engine.hide_parameters:
                self._log_info(
                    "[%s] %r",
                    stats,
                    sql_util._repr_params(
                        effective_parameters,
                        batches=10,
                        ismulti=context.executemany,
                    ),
                )
            else:
                self._log_info(
                    "[%s] [SQL parameters hidden due to hide_parameters=True]",
                    stats,
                )
    
        evt_handled: bool = False
        try:
            if context.execute_style is ExecuteStyle.EXECUTEMANY:
                effective_parameters = cast(
                    "_CoreMultiExecuteParams", effective_parameters
                )
                if self.dialect._has_events:
                    for fn in self.dialect.dispatch.do_executemany:
                        if fn(
                            cursor,
                            str_statement,
                            effective_parameters,
                            context,
                        ):
                            evt_handled = True
                            break
                if not evt_handled:
                    self.dialect.do_executemany(
                        cursor,
                        str_statement,
                        effective_parameters,
                        context,
                    )
            elif not effective_parameters and context.no_parameters:
                if self.dialect._has_events:
                    for fn in self.dialect.dispatch.do_execute_no_params:
                        if fn(cursor, str_statement, context):
                            evt_handled = True
                            break
                if not evt_handled:
                    self.dialect.do_execute_no_params(
                        cursor, str_statement, context
                    )
            else:
                effective_parameters = cast(
                    "_CoreSingleExecuteParams", effective_parameters
                )
                if self.dialect._has_events:
                    for fn in self.dialect.dispatch.do_execute:
                        if fn(
                            cursor,
                            str_statement,
                            effective_parameters,
                            context,
                        ):
                            evt_handled = True
                            break
                if not evt_handled:
>                   self.dialect.do_execute(
                        cursor, str_statement, effective_parameters, context
                    )

..\..\AppData\Roaming\Python\Python313\site-packages\sqlalchemy\engine\base.py:1967: 
_ _ _ _ _ _ _ _ _ _ _ _ _ _ _ _ _ _ _ _ _ _ _ _ _ _ _ _ _ _ _ _ _ _ _ _ _ _ _ _

self = <sqlalchemy.dialects.sqlite.aiosqlite.SQLiteDialect_aiosqlite object at 0x0000022A9EF82F90>
cursor = <sqlalchemy.dialects.sqlite.aiosqlite.AsyncAdapt_aiosqlite_cursor object at 0x0000022AA0D67F40>
statement = 'SELECT calendar_events.id, calendar_events.title, calendar_events.description, calendar_events.start_time, calendar_e..._events.start_time >= ? AND calendar_events.start_time <= ? ORDER BY calendar_events.start_time ASC\n LIMIT ? OFFSET ?'
parameters = ('2026-04-05 17:53:26.927757', '2026-04-12 17:53:26.927781', 10, 0)
context = <sqlalchemy.dialects.sqlite.aiosqlite.SQLiteExecutionContext_aiosqlite object at 0x0000022AA1B90130>

    def do_execute(self, cursor, statement, parameters, context=None):
>       cursor.execute(statement, parameters)

..\..\AppData\Roaming\Python\Python313\site-packages\sqlalchemy\engine\default.py:952: 
_ _ _ _ _ _ _ _ _ _ _ _ _ _ _ _ _ _ _ _ _ _ _ _ _ _ _ _ _ _ _ _ _ _ _ _ _ _ _ _

self = <sqlalchemy.dialects.sqlite.aiosqlite.AsyncAdapt_aiosqlite_cursor object at 0x0000022AA0D67F40>
operation = 'SELECT calendar_events.id, calendar_events.title, calendar_events.description, calendar_events.start_time, calendar_e..._events.start_time >= ? AND calendar_events.start_time <= ? ORDER BY calendar_events.start_time ASC\n LIMIT ? OFFSET ?'
parameters = ('2026-04-05 17:53:26.927757', '2026-04-12 17:53:26.927781', 10, 0)

    def execute(
        self,
        operation: Any,
        parameters: Optional[_DBAPISingleExecuteParams] = None,
    ) -> Any:
    
        try:
            _cursor: AsyncIODBAPICursor = self.await_(self._connection.cursor())  # type: ignore[arg-type] # noqa: E501
    
            if parameters is None:
                self.await_(_cursor.execute(operation))
            else:
                self.await_(_cursor.execute(operation, parameters))
    
            if _cursor.description:
                self.description = _cursor.description
                self.lastrowid = self.rowcount = -1
    
                if not self.server_side:
                    self._rows = deque(self.await_(_cursor.fetchall()))
            else:
                self.description = None
                self.lastrowid = _cursor.lastrowid
                self.rowcount = _cursor.rowcount
    
            if not self.server_side:
                self.await_(_cursor.close())
            else:
                self._cursor = _cursor  # type: ignore[misc]
        except Exception as error:
>           self._adapt_connection._handle_exception(error)

..\..\AppData\Roaming\Python\Python313\site-packages\sqlalchemy\dialects\sqlite\aiosqlite.py:182: 
_ _ _ _ _ _ _ _ _ _ _ _ _ _ _ _ _ _ _ _ _ _ _ _ _ _ _ _ _ _ _ _ _ _ _ _ _ _ _ _

self = <AdaptedConnection <aiosqlite.core.Connection object at 0x0000022A9FC0EFD0>>
error = OperationalError('no such table: calendar_events')

    def _handle_exception(self, error: Exception) -> NoReturn:
        if (
            isinstance(error, ValueError)
            and error.args[0] == "no active connection"
        ):
            raise self.dbapi.sqlite.OperationalError(
                "no active connection"
            ) from error
        else:
>           raise error

..\..\AppData\Roaming\Python\Python313\site-packages\sqlalchemy\dialects\sqlite\aiosqlite.py:342: 
_ _ _ _ _ _ _ _ _ _ _ _ _ _ _ _ _ _ _ _ _ _ _ _ _ _ _ _ _ _ _ _ _ _ _ _ _ _ _ _

self = <sqlalchemy.dialects.sqlite.aiosqlite.AsyncAdapt_aiosqlite_cursor object at 0x0000022AA0D67F40>
operation = 'SELECT calendar_events.id, calendar_events.title, calendar_events.description, calendar_events.start_time, calendar_e..._events.start_time >= ? AND calendar_events.start_time <= ? ORDER BY calendar_events.start_time ASC\n LIMIT ? OFFSET ?'
parameters = ('2026-04-05 17:53:26.927757', '2026-04-12 17:53:26.927781', 10, 0)

    def execute(
        self,
        operation: Any,
        parameters: Optional[_DBAPISingleExecuteParams] = None,
    ) -> Any:
    
        try:
            _cursor: AsyncIODBAPICursor = self.await_(self._connection.cursor())  # type: ignore[arg-type] # noqa: E501
    
            if parameters is None:
                self.await_(_cursor.execute(operation))
            else:
>               self.await_(_cursor.execute(operation, parameters))

..\..\AppData\Roaming\Python\Python313\site-packages\sqlalchemy\dialects\sqlite\aiosqlite.py:164: 
_ _ _ _ _ _ _ _ _ _ _ _ _ _ _ _ _ _ _ _ _ _ _ _ _ _ _ _ _ _ _ _ _ _ _ _ _ _ _ _

awaitable = <coroutine object Cursor.execute at 0x0000022A9FCF4AC0>

    def await_only(awaitable: Awaitable[_T]) -> _T:
        """Awaits an async function in a sync method.
    
        The sync method must be inside a :func:`greenlet_spawn` context.
        :func:`await_only` calls cannot be nested.
    
        :param awaitable: The coroutine to call.
    
        """
        # this is called in the context greenlet while running fn
        current = getcurrent()
        if not getattr(current, "__sqlalchemy_greenlet_provider__", False):
            _safe_cancel_awaitable(awaitable)
    
            raise exc.MissingGreenlet(
                "greenlet_spawn has not been called; can't call await_only() "
                "here. Was IO attempted in an unexpected place?"
            )
    
        # returns the control to the driver greenlet passing it
        # a coroutine to run. Once the awaitable is done, the driver greenlet
        # switches back to this greenlet with the result of awaitable that is
        # then returned to the caller (or raised as error)
>       return current.parent.switch(awaitable)  # type: ignore[no-any-return,attr-defined] # noqa: E501
               ^^^^^^^^^^^^^^^^^^^^^^^^^^^^^^^^

..\..\AppData\Roaming\Python\Python313\site-packages\sqlalchemy\util\_concurrency_py3k.py:132: 
_ _ _ _ _ _ _ _ _ _ _ _ _ _ _ _ _ _ _ _ _ _ _ _ _ _ _ _ _ _ _ _ _ _ _ _ _ _ _ _

fn = <bound method Session.execute of <sqlalchemy.orm.session.Session object at 0x0000022AA0E2DF40>>
_require_await = False
args = (<sqlalchemy.sql.selectable.Select object at 0x0000022AA0E2F980>,)
kwargs = {'bind_arguments': None, 'execution_options': immutabledict({'prebuffer_rows': True}), 'params': None}
context = <_AsyncIoGreenlet object at 0x0000022AA232FB00 (otid=0x0000022A9E4E1470) dead>
switch_occurred = True
result = <coroutine object Cursor.execute at 0x0000022A9FCF4AC0>
value = <aiosqlite.cursor.Cursor object at 0x0000022AA0D64E30>

    async def greenlet_spawn(
        fn: Callable[..., _T],
        *args: Any,
        _require_await: bool = False,
        **kwargs: Any,
    ) -> _T:
        """Runs a sync function ``fn`` in a new greenlet.
    
        The sync function can then use :func:`await_only` to wait for async
        functions.
    
        :param fn: The sync callable to call.
        :param \\*args: Positional arguments to pass to the ``fn`` callable.
        :param \\*\\*kwargs: Keyword arguments to pass to the ``fn`` callable.
        """
    
        result: Any
        context = _AsyncIoGreenlet(fn, getcurrent())
        # runs the function synchronously in gl greenlet. If the execution
        # is interrupted by await_only, context is not dead and result is a
        # coroutine to wait. If the context is dead the function has
        # returned, and its result can be returned.
        switch_occurred = False
        result = context.switch(*args, **kwargs)
        while not context.dead:
            switch_occurred = True
            try:
                # wait for a coroutine from await_only and then return its
                # result back to it.
>               value = await result
                        ^^^^^^^^^^^^

..\..\AppData\Roaming\Python\Python313\site-packages\sqlalchemy\util\_concurrency_py3k.py:196: 
_ _ _ _ _ _ _ _ _ _ _ _ _ _ _ _ _ _ _ _ _ _ _ _ _ _ _ _ _ _ _ _ _ _ _ _ _ _ _ _

self = <aiosqlite.cursor.Cursor object at 0x0000022AA0D64E30>
sql = 'SELECT calendar_events.id, calendar_events.title, calendar_events.description, calendar_events.start_time, calendar_e..._events.start_time >= ? AND calendar_events.start_time <= ? ORDER BY calendar_events.start_time ASC\n LIMIT ? OFFSET ?'
parameters = ('2026-04-05 17:53:26.927757', '2026-04-12 17:53:26.927781', 10, 0)

    async def execute(
        self, sql: str, parameters: Optional[Iterable[Any]] = None
    ) -> "Cursor":
        """Execute the given query."""
        if parameters is None:
            parameters = []
>       await self._execute(self._cursor.execute, sql, parameters)

..\..\AppData\Roaming\Python\Python313\site-packages\aiosqlite\cursor.py:40: 
_ _ _ _ _ _ _ _ _ _ _ _ _ _ _ _ _ _ _ _ _ _ _ _ _ _ _ _ _ _ _ _ _ _ _ _ _ _ _ _

self = <aiosqlite.cursor.Cursor object at 0x0000022AA0D64E30>
fn = <built-in method execute of sqlite3.Cursor object at 0x0000022AA1342240>
args = ('SELECT calendar_events.id, calendar_events.title, calendar_events.description, calendar_events.start_time, calendar_...alendar_events.start_time ASC\n LIMIT ? OFFSET ?', ('2026-04-05 17:53:26.927757', '2026-04-12 17:53:26.927781', 10, 0))
kwargs = {}

    async def _execute(self, fn, *args, **kwargs):
        """Execute the given function on the shared connection's thread."""
>       return await self._conn._execute(fn, *args, **kwargs)
               ^^^^^^^^^^^^^^^^^^^^^^^^^^^^^^^^^^^^^^^^^^^^^^

..\..\AppData\Roaming\Python\Python313\site-packages\aiosqlite\cursor.py:32: 
_ _ _ _ _ _ _ _ _ _ _ _ _ _ _ _ _ _ _ _ _ _ _ _ _ _ _ _ _ _ _ _ _ _ _ _ _ _ _ _

self = <aiosqlite.core.Connection object at 0x0000022A9FC0EFD0>
fn = <built-in method execute of sqlite3.Cursor object at 0x0000022AA1342240>
args = ('SELECT calendar_events.id, calendar_events.title, calendar_events.description, calendar_events.start_time, calendar_...alendar_events.start_time ASC\n LIMIT ? OFFSET ?', ('2026-04-05 17:53:26.927757', '2026-04-12 17:53:26.927781', 10, 0))
kwargs = {}
function = functools.partial(<built-in method execute of sqlite3.Cursor object at 0x0000022AA1342240>, 'SELECT calendar_events.id...alendar_events.start_time ASC\n LIMIT ? OFFSET ?', ('2026-04-05 17:53:26.927757', '2026-04-12 17:53:26.927781', 10, 0))
future = <Future finished exception=OperationalError('no such table: calendar_events')>

    async def _execute(self, fn, *args, **kwargs):
        """Queue a function with the given arguments for execution."""
        if not self._running or not self._connection:
            raise ValueError("Connection closed")
    
        function = partial(fn, *args, **kwargs)
        future = asyncio.get_event_loop().create_future()
    
        self._tx.put_nowait((future, function))
    
>       return await future
               ^^^^^^^^^^^^

..\..\AppData\Roaming\Python\Python313\site-packages\aiosqlite\core.py:160: 
_ _ _ _ _ _ _ _ _ _ _ _ _ _ _ _ _ _ _ _ _ _ _ _ _ _ _ _ _ _ _ _ _ _ _ _ _ _ _ _

tx = <_queue.SimpleQueue object at 0x0000022A9FC19960>

    def _connection_worker_thread(tx: _TxQueue):
        """
        Execute function calls on a separate thread.
    
        :meta private:
        """
        while True:
            # Continues running until all queue items are processed,
            # even after connection is closed (so we can finalize all
            # futures)
    
            future, function = tx.get()
    
            try:
                LOG.debug("executing %s", function)
>               result = function()
                         ^^^^^^^^^^
E               sqlalchemy.exc.OperationalError: (sqlite3.OperationalError) no such table: calendar_events
E               [SQL: SELECT calendar_events.id, calendar_events.title, calendar_events.description, calendar_events.start_time, calendar_events.end_time, calendar_events.location, calendar_events.attendees, calendar_events.is_recurring, calendar_events.recurrence_rule, calendar_events.created_at, calendar_events.updated_at 
E               FROM calendar_events 
E               WHERE calendar_events.start_time >= ? AND calendar_events.start_time <= ? ORDER BY calendar_events.start_time ASC
E                LIMIT ? OFFSET ?]
E               [parameters: ('2026-04-05 17:53:26.927757', '2026-04-12 17:53:26.927781', 10, 0)]
E               (Background on this error at: https://sqlalche.me/e/20/e3q8)

..\..\AppData\Roaming\Python\Python313\site-packages\aiosqlite\core.py:63: OperationalError
___________________ test_orchestrator_routes_to_task_agent ____________________

self = <sqlalchemy.engine.base.Connection object at 0x0000022A9FCF60B0>
dialect = <sqlalchemy.dialects.sqlite.aiosqlite.SQLiteDialect_aiosqlite object at 0x0000022A9EF82F90>
context = <sqlalchemy.dialects.sqlite.aiosqlite.SQLiteExecutionContext_aiosqlite object at 0x0000022A9FCF6F90>
statement = <sqlalchemy.dialects.sqlite.base.SQLiteCompiler object at 0x0000022A9FC0C910>
parameters = [(10, 0)]

    def _exec_single_context(
        self,
        dialect: Dialect,
        context: ExecutionContext,
        statement: Union[str, Compiled],
        parameters: Optional[_AnyMultiExecuteParams],
    ) -> CursorResult[Any]:
        """continue the _execute_context() method for a single DBAPI
        cursor.execute() or cursor.executemany() call.
    
        """
        if dialect.bind_typing is BindTyping.SETINPUTSIZES:
            generic_setinputsizes = context._prepare_set_input_sizes()
    
            if generic_setinputsizes:
                try:
                    dialect.do_set_input_sizes(
                        context.cursor, generic_setinputsizes, context
                    )
                except BaseException as e:
                    self._handle_dbapi_exception(
                        e, str(statement), parameters, None, context
                    )
    
        cursor, str_statement, parameters = (
            context.cursor,
            context.statement,
            context.parameters,
        )
    
        effective_parameters: Optional[_AnyExecuteParams]
    
        if not context.executemany:
            effective_parameters = parameters[0]
        else:
            effective_parameters = parameters
    
        if self._has_events or self.engine._has_events:
            for fn in self.dispatch.before_cursor_execute:
                str_statement, effective_parameters = fn(
                    self,
                    cursor,
                    str_statement,
                    effective_parameters,
                    context,
                    context.executemany,
                )
    
        if self._echo:
            self._log_info(str_statement)
    
            stats = context._get_cache_stats()
    
            if not self.engine.hide_parameters:
                self._log_info(
                    "[%s] %r",
                    stats,
                    sql_util._repr_params(
                        effective_parameters,
                        batches=10,
                        ismulti=context.executemany,
                    ),
                )
            else:
                self._log_info(
                    "[%s] [SQL parameters hidden due to hide_parameters=True]",
                    stats,
                )
    
        evt_handled: bool = False
        try:
            if context.execute_style is ExecuteStyle.EXECUTEMANY:
                effective_parameters = cast(
                    "_CoreMultiExecuteParams", effective_parameters
                )
                if self.dialect._has_events:
                    for fn in self.dialect.dispatch.do_executemany:
                        if fn(
                            cursor,
                            str_statement,
                            effective_parameters,
                            context,
                        ):
                            evt_handled = True
                            break
                if not evt_handled:
                    self.dialect.do_executemany(
                        cursor,
                        str_statement,
                        effective_parameters,
                        context,
                    )
            elif not effective_parameters and context.no_parameters:
                if self.dialect._has_events:
                    for fn in self.dialect.dispatch.do_execute_no_params:
                        if fn(cursor, str_statement, context):
                            evt_handled = True
                            break
                if not evt_handled:
                    self.dialect.do_execute_no_params(
                        cursor, str_statement, context
                    )
            else:
                effective_parameters = cast(
                    "_CoreSingleExecuteParams", effective_parameters
                )
                if self.dialect._has_events:
                    for fn in self.dialect.dispatch.do_execute:
                        if fn(
                            cursor,
                            str_statement,
                            effective_parameters,
                            context,
                        ):
                            evt_handled = True
                            break
                if not evt_handled:
>                   self.dialect.do_execute(
                        cursor, str_statement, effective_parameters, context
                    )

..\..\AppData\Roaming\Python\Python313\site-packages\sqlalchemy\engine\base.py:1967: 
_ _ _ _ _ _ _ _ _ _ _ _ _ _ _ _ _ _ _ _ _ _ _ _ _ _ _ _ _ _ _ _ _ _ _ _ _ _ _ _

self = <sqlalchemy.dialects.sqlite.aiosqlite.SQLiteDialect_aiosqlite object at 0x0000022A9EF82F90>
cursor = <sqlalchemy.dialects.sqlite.aiosqlite.AsyncAdapt_aiosqlite_cursor object at 0x0000022AA1BF3CA0>
statement = 'SELECT tasks.id, tasks.title, tasks.description, tasks.status, tasks.priority, tasks.due_date, tasks.tags, tasks.created_at, tasks.updated_at, tasks.completed_at \nFROM tasks ORDER BY tasks.created_at DESC\n LIMIT ? OFFSET ?'
parameters = (10, 0)
context = <sqlalchemy.dialects.sqlite.aiosqlite.SQLiteExecutionContext_aiosqlite object at 0x0000022A9FCF6F90>

    def do_execute(self, cursor, statement, parameters, context=None):
>       cursor.execute(statement, parameters)

..\..\AppData\Roaming\Python\Python313\site-packages\sqlalchemy\engine\default.py:952: 
_ _ _ _ _ _ _ _ _ _ _ _ _ _ _ _ _ _ _ _ _ _ _ _ _ _ _ _ _ _ _ _ _ _ _ _ _ _ _ _

self = <sqlalchemy.dialects.sqlite.aiosqlite.AsyncAdapt_aiosqlite_cursor object at 0x0000022AA1BF3CA0>
operation = 'SELECT tasks.id, tasks.title, tasks.description, tasks.status, tasks.priority, tasks.due_date, tasks.tags, tasks.created_at, tasks.updated_at, tasks.completed_at \nFROM tasks ORDER BY tasks.created_at DESC\n LIMIT ? OFFSET ?'
parameters = (10, 0)

    def execute(
        self,
        operation: Any,
        parameters: Optional[_DBAPISingleExecuteParams] = None,
    ) -> Any:
    
        try:
            _cursor: AsyncIODBAPICursor = self.await_(self._connection.cursor())  # type: ignore[arg-type] # noqa: E501
    
            if parameters is None:
                self.await_(_cursor.execute(operation))
            else:
                self.await_(_cursor.execute(operation, parameters))
    
            if _cursor.description:
                self.description = _cursor.description
                self.lastrowid = self.rowcount = -1
    
                if not self.server_side:
                    self._rows = deque(self.await_(_cursor.fetchall()))
            else:
                self.description = None
                self.lastrowid = _cursor.lastrowid
                self.rowcount = _cursor.rowcount
    
            if not self.server_side:
                self.await_(_cursor.close())
            else:
                self._cursor = _cursor  # type: ignore[misc]
        except Exception as error:
>           self._adapt_connection._handle_exception(error)

..\..\AppData\Roaming\Python\Python313\site-packages\sqlalchemy\dialects\sqlite\aiosqlite.py:182: 
_ _ _ _ _ _ _ _ _ _ _ _ _ _ _ _ _ _ _ _ _ _ _ _ _ _ _ _ _ _ _ _ _ _ _ _ _ _ _ _

self = <AdaptedConnection <aiosqlite.core.Connection object at 0x0000022A9FC0EFD0>>
error = OperationalError('no such table: tasks')

    def _handle_exception(self, error: Exception) -> NoReturn:
        if (
            isinstance(error, ValueError)
            and error.args[0] == "no active connection"
        ):
            raise self.dbapi.sqlite.OperationalError(
                "no active connection"
            ) from error
        else:
>           raise error

..\..\AppData\Roaming\Python\Python313\site-packages\sqlalchemy\dialects\sqlite\aiosqlite.py:342: 
_ _ _ _ _ _ _ _ _ _ _ _ _ _ _ _ _ _ _ _ _ _ _ _ _ _ _ _ _ _ _ _ _ _ _ _ _ _ _ _

self = <sqlalchemy.dialects.sqlite.aiosqlite.AsyncAdapt_aiosqlite_cursor object at 0x0000022AA1BF3CA0>
operation = 'SELECT tasks.id, tasks.title, tasks.description, tasks.status, tasks.priority, tasks.due_date, tasks.tags, tasks.created_at, tasks.updated_at, tasks.completed_at \nFROM tasks ORDER BY tasks.created_at DESC\n LIMIT ? OFFSET ?'
parameters = (10, 0)

    def execute(
        self,
        operation: Any,
        parameters: Optional[_DBAPISingleExecuteParams] = None,
    ) -> Any:
    
        try:
            _cursor: AsyncIODBAPICursor = self.await_(self._connection.cursor())  # type: ignore[arg-type] # noqa: E501
    
            if parameters is None:
                self.await_(_cursor.execute(operation))
            else:
>               self.await_(_cursor.execute(operation, parameters))

..\..\AppData\Roaming\Python\Python313\site-packages\sqlalchemy\dialects\sqlite\aiosqlite.py:164: 
_ _ _ _ _ _ _ _ _ _ _ _ _ _ _ _ _ _ _ _ _ _ _ _ _ _ _ _ _ _ _ _ _ _ _ _ _ _ _ _

awaitable = <coroutine object Cursor.execute at 0x0000022A9FCF5620>

    def await_only(awaitable: Awaitable[_T]) -> _T:
        """Awaits an async function in a sync method.
    
        The sync method must be inside a :func:`greenlet_spawn` context.
        :func:`await_only` calls cannot be nested.
    
        :param awaitable: The coroutine to call.
    
        """
        # this is called in the context greenlet while running fn
        current = getcurrent()
        if not getattr(current, "__sqlalchemy_greenlet_provider__", False):
            _safe_cancel_awaitable(awaitable)
    
            raise exc.MissingGreenlet(
                "greenlet_spawn has not been called; can't call await_only() "
                "here. Was IO attempted in an unexpected place?"
            )
    
        # returns the control to the driver greenlet passing it
        # a coroutine to run. Once the awaitable is done, the driver greenlet
        # switches back to this greenlet with the result of awaitable that is
        # then returned to the caller (or raised as error)
>       return current.parent.switch(awaitable)  # type: ignore[no-any-return,attr-defined] # noqa: E501
               ^^^^^^^^^^^^^^^^^^^^^^^^^^^^^^^^

..\..\AppData\Roaming\Python\Python313\site-packages\sqlalchemy\util\_concurrency_py3k.py:132: 
_ _ _ _ _ _ _ _ _ _ _ _ _ _ _ _ _ _ _ _ _ _ _ _ _ _ _ _ _ _ _ _ _ _ _ _ _ _ _ _

fn = <bound method Session.execute of <sqlalchemy.orm.session.Session object at 0x0000022A9FD0DC70>>
_require_await = False
args = (<sqlalchemy.sql.selectable.Select object at 0x0000022A9FD0C320>,)
kwargs = {'bind_arguments': None, 'execution_options': immutabledict({'prebuffer_rows': True}), 'params': None}
context = <_AsyncIoGreenlet object at 0x0000022AA1F749C0 (otid=0x0000022A9E4E1470) dead>
switch_occurred = True
result = <coroutine object Cursor.execute at 0x0000022A9FCF5620>
value = <aiosqlite.cursor.Cursor object at 0x0000022AA1BF3BF0>

    async def greenlet_spawn(
        fn: Callable[..., _T],
        *args: Any,
        _require_await: bool = False,
        **kwargs: Any,
    ) -> _T:
        """Runs a sync function ``fn`` in a new greenlet.
    
        The sync function can then use :func:`await_only` to wait for async
        functions.
    
        :param fn: The sync callable to call.
        :param \\*args: Positional arguments to pass to the ``fn`` callable.
        :param \\*\\*kwargs: Keyword arguments to pass to the ``fn`` callable.
        """
    
        result: Any
        context = _AsyncIoGreenlet(fn, getcurrent())
        # runs the function synchronously in gl greenlet. If the execution
        # is interrupted by await_only, context is not dead and result is a
        # coroutine to wait. If the context is dead the function has
        # returned, and its result can be returned.
        switch_occurred = False
        result = context.switch(*args, **kwargs)
        while not context.dead:
            switch_occurred = True
            try:
                # wait for a coroutine from await_only and then return its
                # result back to it.
>               value = await result
                        ^^^^^^^^^^^^

..\..\AppData\Roaming\Python\Python313\site-packages\sqlalchemy\util\_concurrency_py3k.py:196: 
_ _ _ _ _ _ _ _ _ _ _ _ _ _ _ _ _ _ _ _ _ _ _ _ _ _ _ _ _ _ _ _ _ _ _ _ _ _ _ _

self = <aiosqlite.cursor.Cursor object at 0x0000022AA1BF3BF0>
sql = 'SELECT tasks.id, tasks.title, tasks.description, tasks.status, tasks.priority, tasks.due_date, tasks.tags, tasks.created_at, tasks.updated_at, tasks.completed_at \nFROM tasks ORDER BY tasks.created_at DESC\n LIMIT ? OFFSET ?'
parameters = (10, 0)

    async def execute(
        self, sql: str, parameters: Optional[Iterable[Any]] = None
    ) -> "Cursor":
        """Execute the given query."""
        if parameters is None:
            parameters = []
>       await self._execute(self._cursor.execute, sql, parameters)

..\..\AppData\Roaming\Python\Python313\site-packages\aiosqlite\cursor.py:40: 
_ _ _ _ _ _ _ _ _ _ _ _ _ _ _ _ _ _ _ _ _ _ _ _ _ _ _ _ _ _ _ _ _ _ _ _ _ _ _ _

self = <aiosqlite.cursor.Cursor object at 0x0000022AA1BF3BF0>
fn = <built-in method execute of sqlite3.Cursor object at 0x0000022AA0E8C4C0>
args = ('SELECT tasks.id, tasks.title, tasks.description, tasks.status, tasks.priority, tasks.due_date, tasks.tags, tasks.created_at, tasks.updated_at, tasks.completed_at \nFROM tasks ORDER BY tasks.created_at DESC\n LIMIT ? OFFSET ?', (10, 0))
kwargs = {}

    async def _execute(self, fn, *args, **kwargs):
        """Execute the given function on the shared connection's thread."""
>       return await self._conn._execute(fn, *args, **kwargs)
               ^^^^^^^^^^^^^^^^^^^^^^^^^^^^^^^^^^^^^^^^^^^^^^

..\..\AppData\Roaming\Python\Python313\site-packages\aiosqlite\cursor.py:32: 
_ _ _ _ _ _ _ _ _ _ _ _ _ _ _ _ _ _ _ _ _ _ _ _ _ _ _ _ _ _ _ _ _ _ _ _ _ _ _ _

self = <aiosqlite.core.Connection object at 0x0000022A9FC0EFD0>
fn = <built-in method execute of sqlite3.Cursor object at 0x0000022AA0E8C4C0>
args = ('SELECT tasks.id, tasks.title, tasks.description, tasks.status, tasks.priority, tasks.due_date, tasks.tags, tasks.created_at, tasks.updated_at, tasks.completed_at \nFROM tasks ORDER BY tasks.created_at DESC\n LIMIT ? OFFSET ?', (10, 0))
kwargs = {}
function = functools.partial(<built-in method execute of sqlite3.Cursor object at 0x0000022AA0E8C4C0>, 'SELECT tasks.id, tasks.ti...ated_at, tasks.updated_at, tasks.completed_at \nFROM tasks ORDER BY tasks.created_at DESC\n LIMIT ? OFFSET ?', (10, 0))
future = <Future finished exception=OperationalError('no such table: tasks')>

    async def _execute(self, fn, *args, **kwargs):
        """Queue a function with the given arguments for execution."""
        if not self._running or not self._connection:
            raise ValueError("Connection closed")
    
        function = partial(fn, *args, **kwargs)
        future = asyncio.get_event_loop().create_future()
    
        self._tx.put_nowait((future, function))
    
>       return await future
               ^^^^^^^^^^^^

..\..\AppData\Roaming\Python\Python313\site-packages\aiosqlite\core.py:160: 
_ _ _ _ _ _ _ _ _ _ _ _ _ _ _ _ _ _ _ _ _ _ _ _ _ _ _ _ _ _ _ _ _ _ _ _ _ _ _ _

tx = <_queue.SimpleQueue object at 0x0000022A9FC19960>

    def _connection_worker_thread(tx: _TxQueue):
        """
        Execute function calls on a separate thread.
    
        :meta private:
        """
        while True:
            # Continues running until all queue items are processed,
            # even after connection is closed (so we can finalize all
            # futures)
    
            future, function = tx.get()
    
            try:
                LOG.debug("executing %s", function)
>               result = function()
                         ^^^^^^^^^^
E               sqlite3.OperationalError: no such table: tasks

..\..\AppData\Roaming\Python\Python313\site-packages\aiosqlite\core.py:63: OperationalError

The above exception was the direct cause of the following exception:

    @pytest.mark.asyncio
    async def test_orchestrator_routes_to_task_agent():
        """Orchestrator should delegate task requests to Task Agent."""
        from backend.agents.orchestrator import run_agent
        events = []
>       async for event in run_agent("show my tasks", "test-session-1"):

test_multi_agent.py:196: 
_ _ _ _ _ _ _ _ _ _ _ _ _ _ _ _ _ _ _ _ _ _ _ _ _ _ _ _ _ _ _ _ _ _ _ _ _ _ _ _

user_message = 'show my tasks', session_id = 'test-session-1'

    async def run_agent(
        user_message: str, session_id: str
    ) -> AsyncGenerator[Union[str, Dict[str, str]], None]:
        """
        Main entry point for the Orchestrator.
        Routes to sub-agents, which call MCP tools for real DB operations.
        """
        llm = _get_llm()
    
        # Save user message to memory
        asyncio.create_task(_save_to_memory(session_id, "user", user_message))
    
        # 1. Classify intent
        yield {"type": "thought", "content": "\U0001f9e0 Orchestrator analyzing intent..."}
        target_agents = _route_to_agent(user_message)
        agent_names = ", ".join(a.title() + " Agent" for a in target_agents)
        yield {"type": "thought", "content": f"\U0001f500 Routing to: {agent_names}"}
        await asyncio.sleep(0.3)
    
        collected_response = []
    
        # 2. Execute each sub-agent in sequence
        for agent_key in target_agents:
            if agent_key == "task":
                yield {"type": "thought", "content": "\u2500\u2500 Delegating to Task Agent \u2500\u2500"}
>               async for event in task_agent.run(user_message, session_id, llm=llm):

backend\agents\orchestrator.py:138: 
_ _ _ _ _ _ _ _ _ _ _ _ _ _ _ _ _ _ _ _ _ _ _ _ _ _ _ _ _ _ _ _ _ _ _ _ _ _ _ _

user_message = 'show my tasks', session_id = 'test-session-1', llm = None

    async def run(
        user_message: str, session_id: str, llm=None
    ) -> AsyncGenerator[Union[str, Dict[str, str]], None]:
        """Execute the task agent û calls real MCP tools and returns real data."""
    
        yield {"type": "thought", "content": "\U0001f4dd Task Agent activated \u2013 analyzing request..."}
        await asyncio.sleep(0.3)
    
        tool_name, tool_args = _classify_task_intent(user_message)
        clean_args = {k: v for k, v in tool_args.items() if v is not None and k != "intent"}
    
        if tool_name == "list_then_respond":
            # For complete/update: first list tasks so user can see them
            yield {"type": "thought", "content": "\U0001f4cb Fetching current tasks from database..."}
            results = await tasks_tool("list_tasks", {"limit": 10, "status": "todo"})
            tool_output = results[0].text
            yield {"type": "thought", "content": "\u2705 Tasks retrieved \u2013 preparing response..."}
        else:
            yield {"type": "thought", "content": f"\U0001f527 Calling MCP tool: {tool_name}({clean_args})"}
            await asyncio.sleep(0.2)
>           results = await tasks_tool(tool_name, clean_args)
                      ^^^^^^^^^^^^^^^^^^^^^^^^^^^^^^^^^^^^^^^

backend\agents\task_agent.py:91: 
_ _ _ _ _ _ _ _ _ _ _ _ _ _ _ _ _ _ _ _ _ _ _ _ _ _ _ _ _ _ _ _ _ _ _ _ _ _ _ _

name = 'list_tasks', arguments = {'limit': 10}

    @tasks_server.call_tool()
    async def handle_call_tool(name: str, arguments: dict | None) -> list[types.TextContent]:
        if not arguments:
            arguments = {}
    
        if name == "create_task":
            async with AsyncSessionLocal() as db:
                task = await crud.create_task(
                    db,
                    title=arguments.get("title", "Untitled"),
                    description=arguments.get("description", ""),
                    priority=arguments.get("priority", "medium"),
                    due_date=arguments.get("due_date"),
                    tags=arguments.get("tags", []),
                )
                await db.commit()
            return [types.TextContent(
                type="text",
                text=f"Task created: '{task.title}' (ID: {task.id}, Priority: {task.priority})"
            )]
    
        elif name == "list_tasks":
            async with AsyncSessionLocal() as db:
>               tasks = await crud.get_tasks(
                    db,
                    status=arguments.get("status"),
                    priority=arguments.get("priority"),
                    limit=arguments.get("limit", 10),
                )

backend\mcp_servers\tasks_server.py:103: 
_ _ _ _ _ _ _ _ _ _ _ _ _ _ _ _ _ _ _ _ _ _ _ _ _ _ _ _ _ _ _ _ _ _ _ _ _ _ _ _

db = <sqlalchemy.ext.asyncio.session.AsyncSession object at 0x0000022AA21D2D50>
status = None, priority = None, limit = 10

    async def get_tasks(
        db: AsyncSession, status: str = None, priority: str = None, limit: int = 50,
    ) -> list[Task]:
        stmt = select(Task)
        if status:
            stmt = stmt.where(Task.status == status)
        if priority:
            stmt = stmt.where(Task.priority == priority)
        stmt = stmt.order_by(desc(Task.created_at)).limit(limit)
>       result = await db.execute(stmt)
                 ^^^^^^^^^^^^^^^^^^^^^^

backend\database\crud.py:104: 
_ _ _ _ _ _ _ _ _ _ _ _ _ _ _ _ _ _ _ _ _ _ _ _ _ _ _ _ _ _ _ _ _ _ _ _ _ _ _ _

self = <sqlalchemy.ext.asyncio.session.AsyncSession object at 0x0000022AA21D2D50>
statement = <sqlalchemy.sql.selectable.Select object at 0x0000022A9FD0C320>
params = None, execution_options = immutabledict({'prebuffer_rows': True})
bind_arguments = None, kw = {}

    async def execute(
        self,
        statement: Executable,
        params: Optional[_CoreAnyExecuteParams] = None,
        *,
        execution_options: OrmExecuteOptionsParameter = util.EMPTY_DICT,
        bind_arguments: Optional[_BindArguments] = None,
        **kw: Any,
    ) -> Result[Any]:
        """Execute a statement and return a buffered
        :class:`_engine.Result` object.
    
        .. seealso::
    
            :meth:`_orm.Session.execute` - main documentation for execute
    
        """
    
        if execution_options:
            execution_options = util.immutabledict(execution_options).union(
                _EXECUTE_OPTIONS
            )
        else:
            execution_options = _EXECUTE_OPTIONS
    
>       result = await greenlet_spawn(
            self.sync_session.execute,
            statement,
            params=params,
            execution_options=execution_options,
            bind_arguments=bind_arguments,
            **kw,
        )

..\..\AppData\Roaming\Python\Python313\site-packages\sqlalchemy\ext\asyncio\session.py:449: 
_ _ _ _ _ _ _ _ _ _ _ _ _ _ _ _ _ _ _ _ _ _ _ _ _ _ _ _ _ _ _ _ _ _ _ _ _ _ _ _

fn = <bound method Session.execute of <sqlalchemy.orm.session.Session object at 0x0000022A9FD0DC70>>
_require_await = False
args = (<sqlalchemy.sql.selectable.Select object at 0x0000022A9FD0C320>,)
kwargs = {'bind_arguments': None, 'execution_options': immutabledict({'prebuffer_rows': True}), 'params': None}
context = <_AsyncIoGreenlet object at 0x0000022AA1F749C0 (otid=0x0000022A9E4E1470) dead>
switch_occurred = True
result = <coroutine object Cursor.execute at 0x0000022A9FCF5620>
value = <aiosqlite.cursor.Cursor object at 0x0000022AA1BF3BF0>

    async def greenlet_spawn(
        fn: Callable[..., _T],
        *args: Any,
        _require_await: bool = False,
        **kwargs: Any,
    ) -> _T:
        """Runs a sync function ``fn`` in a new greenlet.
    
        The sync function can then use :func:`await_only` to wait for async
        functions.
    
        :param fn: The sync callable to call.
        :param \\*args: Positional arguments to pass to the ``fn`` callable.
        :param \\*\\*kwargs: Keyword arguments to pass to the ``fn`` callable.
        """
    
        result: Any
        context = _AsyncIoGreenlet(fn, getcurrent())
        # runs the function synchronously in gl greenlet. If the execution
        # is interrupted by await_only, context is not dead and result is a
        # coroutine to wait. If the context is dead the function has
        # returned, and its result can be returned.
        switch_occurred = False
        result = context.switch(*args, **kwargs)
        while not context.dead:
            switch_occurred = True
            try:
                # wait for a coroutine from await_only and then return its
                # result back to it.
                value = await result
            except BaseException:
                # this allows an exception to be raised within
                # the moderated greenlet so that it can continue
                # its expected flow.
>               result = context.throw(*sys.exc_info())
                         ^^^^^^^^^^^^^^^^^^^^^^^^^^^^^^

..\..\AppData\Roaming\Python\Python313\site-packages\sqlalchemy\util\_concurrency_py3k.py:201: 
_ _ _ _ _ _ _ _ _ _ _ _ _ _ _ _ _ _ _ _ _ _ _ _ _ _ _ _ _ _ _ _ _ _ _ _ _ _ _ _

self = <sqlalchemy.orm.session.Session object at 0x0000022A9FD0DC70>
statement = <sqlalchemy.sql.selectable.Select object at 0x0000022A9FD0C320>
params = None

    def execute(
        self,
        statement: Executable,
        params: Optional[_CoreAnyExecuteParams] = None,
        *,
        execution_options: OrmExecuteOptionsParameter = util.EMPTY_DICT,
        bind_arguments: Optional[_BindArguments] = None,
        _parent_execute_state: Optional[Any] = None,
        _add_event: Optional[Any] = None,
    ) -> Result[Any]:
        r"""Execute a SQL expression construct.
    
        Returns a :class:`_engine.Result` object representing
        results of the statement execution.
    
        E.g.::
    
            from sqlalchemy import select
    
            result = session.execute(select(User).where(User.id == 5))
    
        The API contract of :meth:`_orm.Session.execute` is similar to that
        of :meth:`_engine.Connection.execute`, the :term:`2.0 style` version
        of :class:`_engine.Connection`.
    
        .. versionchanged:: 1.4 the :meth:`_orm.Session.execute` method is
           now the primary point of ORM statement execution when using
           :term:`2.0 style` ORM usage.
    
        :param statement:
            An executable statement (i.e. an :class:`.Executable` expression
            such as :func:`_expression.select`).
    
        :param params:
            Optional dictionary, or list of dictionaries, containing
            bound parameter values.   If a single dictionary, single-row
            execution occurs; if a list of dictionaries, an
            "executemany" will be invoked.  The keys in each dictionary
            must correspond to parameter names present in the statement.
    
        :param execution_options: optional dictionary of execution options,
         which will be associated with the statement execution.  This
         dictionary can provide a subset of the options that are accepted
         by :meth:`_engine.Connection.execution_options`, and may also
         provide additional options understood only in an ORM context.
    
         .. seealso::
    
            :ref:`orm_queryguide_execution_options` - ORM-specific execution
            options
    
        :param bind_arguments: dictionary of additional arguments to determine
         the bind.  May include "mapper", "bind", or other custom arguments.
         Contents of this dictionary are passed to the
         :meth:`.Session.get_bind` method.
    
        :return: a :class:`_engine.Result` object.
    
    
        """
>       return self._execute_internal(
            statement,
            params,
            execution_options=execution_options,
            bind_arguments=bind_arguments,
            _parent_execute_state=_parent_execute_state,
            _add_event=_add_event,
        )

..\..\AppData\Roaming\Python\Python313\site-packages\sqlalchemy\orm\session.py:2351: 
_ _ _ _ _ _ _ _ _ _ _ _ _ _ _ _ _ _ _ _ _ _ _ _ _ _ _ _ _ _ _ _ _ _ _ _ _ _ _ _

self = <sqlalchemy.orm.session.Session object at 0x0000022A9FD0DC70>
statement = <sqlalchemy.sql.selectable.Select object at 0x0000022A9FD0C320>
params = None

    def _execute_internal(
        self,
        statement: Executable,
        params: Optional[_CoreAnyExecuteParams] = None,
        *,
        execution_options: OrmExecuteOptionsParameter = util.EMPTY_DICT,
        bind_arguments: Optional[_BindArguments] = None,
        _parent_execute_state: Optional[Any] = None,
        _add_event: Optional[Any] = None,
        _scalar_result: bool = False,
    ) -> Any:
        statement = coercions.expect(roles.StatementRole, statement)
    
        if not bind_arguments:
            bind_arguments = {}
        else:
            bind_arguments = dict(bind_arguments)
    
        if (
            statement._propagate_attrs.get("compile_state_plugin", None)
            == "orm"
        ):
            compile_state_cls = CompileState._get_plugin_class_for_plugin(
                statement, "orm"
            )
            if TYPE_CHECKING:
                assert isinstance(
                    compile_state_cls, context.AbstractORMCompileState
                )
        else:
            compile_state_cls = None
            bind_arguments.setdefault("clause", statement)
    
        execution_options = util.coerce_to_immutabledict(execution_options)
    
        if _parent_execute_state:
            events_todo = _parent_execute_state._remaining_events()
        else:
            events_todo = self.dispatch.do_orm_execute
            if _add_event:
                events_todo = list(events_todo) + [_add_event]
    
        if events_todo:
            if compile_state_cls is not None:
                # for event handlers, do the orm_pre_session_exec
                # pass ahead of the event handlers, so that things like
                # .load_options, .update_delete_options etc. are populated.
                # is_pre_event=True allows the hook to hold off on things
                # it doesn't want to do twice, including autoflush as well
                # as "pre fetch" for DML, etc.
                (
                    statement,
                    execution_options,
                ) = compile_state_cls.orm_pre_session_exec(
                    self,
                    statement,
                    params,
                    execution_options,
                    bind_arguments,
                    True,
                )
    
            orm_exec_state = ORMExecuteState(
                self,
                statement,
                params,
                execution_options,
                bind_arguments,
                compile_state_cls,
                events_todo,
            )
            for idx, fn in enumerate(events_todo):
                orm_exec_state._starting_event_idx = idx
                fn_result: Optional[Result[Any]] = fn(orm_exec_state)
                if fn_result:
                    if _scalar_result:
                        return fn_result.scalar()
                    else:
                        return fn_result
    
            statement = orm_exec_state.statement
            execution_options = orm_exec_state.local_execution_options
    
        if compile_state_cls is not None:
            # now run orm_pre_session_exec() "for real".   if there were
            # event hooks, this will re-run the steps that interpret
            # new execution_options into load_options / update_delete_options,
            # which we assume the event hook might have updated.
            # autoflush will also be invoked in this step if enabled.
            (
                statement,
                execution_options,
            ) = compile_state_cls.orm_pre_session_exec(
                self,
                statement,
                params,
                execution_options,
                bind_arguments,
                False,
            )
    
        bind = self.get_bind(**bind_arguments)
    
        conn = self._connection_for_bind(bind)
    
        if _scalar_result and not compile_state_cls:
            if TYPE_CHECKING:
                params = cast(_CoreSingleExecuteParams, params)
            return conn.scalar(
                statement, params or {}, execution_options=execution_options
            )
    
        if compile_state_cls:
>           result: Result[Any] = compile_state_cls.orm_execute_statement(
                self,
                statement,
                params or {},
                execution_options,
                bind_arguments,
                conn,
            )

..\..\AppData\Roaming\Python\Python313\site-packages\sqlalchemy\orm\session.py:2249: 
_ _ _ _ _ _ _ _ _ _ _ _ _ _ _ _ _ _ _ _ _ _ _ _ _ _ _ _ _ _ _ _ _ _ _ _ _ _ _ _

cls = <class 'sqlalchemy.orm.context.ORMSelectCompileState'>
session = <sqlalchemy.orm.session.Session object at 0x0000022A9FD0DC70>
statement = <sqlalchemy.sql.selectable.Select object at 0x0000022A9FD0C320>
params = {}
execution_options = immutabledict({'prebuffer_rows': True, '_result_disable_adapt_to_context': True})
bind_arguments = {'clause': <sqlalchemy.sql.selectable.Select object at 0x0000022A9FD0C320>, 'mapper': <Mapper at 0x22a9ef81010; Task>}
conn = <sqlalchemy.engine.base.Connection object at 0x0000022A9FCF60B0>

    @classmethod
    def orm_execute_statement(
        cls,
        session,
        statement,
        params,
        execution_options,
        bind_arguments,
        conn,
    ) -> Result:
>       result = conn.execute(
            statement, params or {}, execution_options=execution_options
        )

..\..\AppData\Roaming\Python\Python313\site-packages\sqlalchemy\orm\context.py:306: 
_ _ _ _ _ _ _ _ _ _ _ _ _ _ _ _ _ _ _ _ _ _ _ _ _ _ _ _ _ _ _ _ _ _ _ _ _ _ _ _

self = <sqlalchemy.engine.base.Connection object at 0x0000022A9FCF60B0>
statement = <sqlalchemy.sql.selectable.Select object at 0x0000022A9FD0C320>
parameters = {}

    def execute(
        self,
        statement: Executable,
        parameters: Optional[_CoreAnyExecuteParams] = None,
        *,
        execution_options: Optional[CoreExecuteOptionsParameter] = None,
    ) -> CursorResult[Any]:
        r"""Executes a SQL statement construct and returns a
        :class:`_engine.CursorResult`.
    
        :param statement: The statement to be executed.  This is always
         an object that is in both the :class:`_expression.ClauseElement` and
         :class:`_expression.Executable` hierarchies, including:
    
         * :class:`_expression.Select`
         * :class:`_expression.Insert`, :class:`_expression.Update`,
           :class:`_expression.Delete`
         * :class:`_expression.TextClause` and
           :class:`_expression.TextualSelect`
         * :class:`_schema.DDL` and objects which inherit from
           :class:`_schema.ExecutableDDLElement`
    
        :param parameters: parameters which will be bound into the statement.
         This may be either a dictionary of parameter names to values,
         or a mutable sequence (e.g. a list) of dictionaries.  When a
         list of dictionaries is passed, the underlying statement execution
         will make use of the DBAPI ``cursor.executemany()`` method.
         When a single dictionary is passed, the DBAPI ``cursor.execute()``
         method will be used.
    
        :param execution_options: optional dictionary of execution options,
         which will be associated with the statement execution.  This
         dictionary can provide a subset of the options that are accepted
         by :meth:`_engine.Connection.execution_options`.
    
        :return: a :class:`_engine.Result` object.
    
        """
        distilled_parameters = _distill_params_20(parameters)
        try:
            meth = statement._execute_on_connection
        except AttributeError as err:
            raise exc.ObjectNotExecutableError(statement) from err
        else:
>           return meth(
                self,
                distilled_parameters,
                execution_options or NO_OPTIONS,
            )

..\..\AppData\Roaming\Python\Python313\site-packages\sqlalchemy\engine\base.py:1419: 
_ _ _ _ _ _ _ _ _ _ _ _ _ _ _ _ _ _ _ _ _ _ _ _ _ _ _ _ _ _ _ _ _ _ _ _ _ _ _ _

self = <sqlalchemy.sql.selectable.Select object at 0x0000022A9FD0C320>
connection = <sqlalchemy.engine.base.Connection object at 0x0000022A9FCF60B0>
distilled_params = [{}]
execution_options = immutabledict({'prebuffer_rows': True, '_result_disable_adapt_to_context': True})

    def _execute_on_connection(
        self,
        connection: Connection,
        distilled_params: _CoreMultiExecuteParams,
        execution_options: CoreExecuteOptionsParameter,
    ) -> Result[Any]:
        if self.supports_execution:
            if TYPE_CHECKING:
                assert isinstance(self, Executable)
>           return connection._execute_clauseelement(
                self, distilled_params, execution_options
            )

..\..\AppData\Roaming\Python\Python313\site-packages\sqlalchemy\sql\elements.py:527: 
_ _ _ _ _ _ _ _ _ _ _ _ _ _ _ _ _ _ _ _ _ _ _ _ _ _ _ _ _ _ _ _ _ _ _ _ _ _ _ _

self = <sqlalchemy.engine.base.Connection object at 0x0000022A9FCF60B0>
elem = <sqlalchemy.sql.selectable.Select object at 0x0000022A9FD0C320>
distilled_parameters = [{}]
execution_options = immutabledict({'prebuffer_rows': True, '_result_disable_adapt_to_context': True})

    def _execute_clauseelement(
        self,
        elem: Executable,
        distilled_parameters: _CoreMultiExecuteParams,
        execution_options: CoreExecuteOptionsParameter,
    ) -> CursorResult[Any]:
        """Execute a sql.ClauseElement object."""
    
        execution_options = elem._execution_options.merge_with(
            self._execution_options, execution_options
        )
    
        has_events = self._has_events or self.engine._has_events
        if has_events:
            (
                elem,
                distilled_parameters,
                event_multiparams,
                event_params,
            ) = self._invoke_before_exec_event(
                elem, distilled_parameters, execution_options
            )
    
        if distilled_parameters:
            # ensure we don't retain a link to the view object for keys()
            # which links to the values, which we don't want to cache
            keys = sorted(distilled_parameters[0])
            for_executemany = len(distilled_parameters) > 1
        else:
            keys = []
            for_executemany = False
    
        dialect = self.dialect
    
        schema_translate_map = execution_options.get(
            "schema_translate_map", None
        )
    
        compiled_cache: Optional[CompiledCacheType] = execution_options.get(
            "compiled_cache", self.engine._compiled_cache
        )
    
        compiled_sql, extracted_params, cache_hit = elem._compile_w_cache(
            dialect=dialect,
            compiled_cache=compiled_cache,
            column_keys=keys,
            for_executemany=for_executemany,
            schema_translate_map=schema_translate_map,
            linting=self.dialect.compiler_linting | compiler.WARN_LINTING,
        )
>       ret = self._execute_context(
            dialect,
            dialect.execution_ctx_cls._init_compiled,
            compiled_sql,
            distilled_parameters,
            execution_options,
            compiled_sql,
            distilled_parameters,
            elem,
            extracted_params,
            cache_hit=cache_hit,
        )

..\..\AppData\Roaming\Python\Python313\site-packages\sqlalchemy\engine\base.py:1641: 
_ _ _ _ _ _ _ _ _ _ _ _ _ _ _ _ _ _ _ _ _ _ _ _ _ _ _ _ _ _ _ _ _ _ _ _ _ _ _ _

self = <sqlalchemy.engine.base.Connection object at 0x0000022A9FCF60B0>
dialect = <sqlalchemy.dialects.sqlite.aiosqlite.SQLiteDialect_aiosqlite object at 0x0000022A9EF82F90>
constructor = <bound method DefaultExecutionContext._init_compiled of <class 'sqlalchemy.dialects.sqlite.aiosqlite.SQLiteExecutionContext_aiosqlite'>>
statement = <sqlalchemy.dialects.sqlite.base.SQLiteCompiler object at 0x0000022A9FC0C910>
parameters = [{}]
execution_options = immutabledict({'prebuffer_rows': True, '_result_disable_adapt_to_context': True})
args = (<sqlalchemy.dialects.sqlite.base.SQLiteCompiler object at 0x0000022A9FC0C910>, [{}], <sqlalchemy.sql.selectable.Select object at 0x0000022A9FD0C320>, [_OffsetLimitParam('%(2382110516592 param)s', 10, type_=Integer())])
kw = {'cache_hit': <CacheStats.CACHE_HIT: 0>}, yp = None
conn = <sqlalchemy.pool.base._ConnectionFairy object at 0x0000022AA1BF3A70>
context = <sqlalchemy.dialects.sqlite.aiosqlite.SQLiteExecutionContext_aiosqlite object at 0x0000022A9FCF6F90>

    def _execute_context(
        self,
        dialect: Dialect,
        constructor: Callable[..., ExecutionContext],
        statement: Union[str, Compiled],
        parameters: Optional[_AnyMultiExecuteParams],
        execution_options: _ExecuteOptions,
        *args: Any,
        **kw: Any,
    ) -> CursorResult[Any]:
        """Create an :class:`.ExecutionContext` and execute, returning
        a :class:`_engine.CursorResult`."""
    
        if execution_options:
            yp = execution_options.get("yield_per", None)
            if yp:
                execution_options = execution_options.union(
                    {"stream_results": True, "max_row_buffer": yp}
                )
        try:
            conn = self._dbapi_connection
            if conn is None:
                conn = self._revalidate_connection()
    
            context = constructor(
                dialect, self, conn, execution_options, *args, **kw
            )
        except (exc.PendingRollbackError, exc.ResourceClosedError):
            raise
        except BaseException as e:
            self._handle_dbapi_exception(
                e, str(statement), parameters, None, None
            )
    
        if (
            self._transaction
            and not self._transaction.is_active
            or (
                self._nested_transaction
                and not self._nested_transaction.is_active
            )
        ):
            self._invalid_transaction()
    
        elif self._trans_context_manager:
            TransactionalContext._trans_ctx_check(self)
    
        if self._transaction is None:
            self._autobegin()
    
        context.pre_exec()
    
        if context.execute_style is ExecuteStyle.INSERTMANYVALUES:
            return self._exec_insertmany_context(dialect, context)
        else:
>           return self._exec_single_context(
                dialect, context, statement, parameters
            )

..\..\AppData\Roaming\Python\Python313\site-packages\sqlalchemy\engine\base.py:1846: 
_ _ _ _ _ _ _ _ _ _ _ _ _ _ _ _ _ _ _ _ _ _ _ _ _ _ _ _ _ _ _ _ _ _ _ _ _ _ _ _

self = <sqlalchemy.engine.base.Connection object at 0x0000022A9FCF60B0>
dialect = <sqlalchemy.dialects.sqlite.aiosqlite.SQLiteDialect_aiosqlite object at 0x0000022A9EF82F90>
context = <sqlalchemy.dialects.sqlite.aiosqlite.SQLiteExecutionContext_aiosqlite object at 0x0000022A9FCF6F90>
statement = <sqlalchemy.dialects.sqlite.base.SQLiteCompiler object at 0x0000022A9FC0C910>
parameters = [(10, 0)]

    def _exec_single_context(
        self,
        dialect: Dialect,
        context: ExecutionContext,
        statement: Union[str, Compiled],
        parameters: Optional[_AnyMultiExecuteParams],
    ) -> CursorResult[Any]:
        """continue the _execute_context() method for a single DBAPI
        cursor.execute() or cursor.executemany() call.
    
        """
        if dialect.bind_typing is BindTyping.SETINPUTSIZES:
            generic_setinputsizes = context._prepare_set_input_sizes()
    
            if generic_setinputsizes:
                try:
                    dialect.do_set_input_sizes(
                        context.cursor, generic_setinputsizes, context
                    )
                except BaseException as e:
                    self._handle_dbapi_exception(
                        e, str(statement), parameters, None, context
                    )
    
        cursor, str_statement, parameters = (
            context.cursor,
            context.statement,
            context.parameters,
        )
    
        effective_parameters: Optional[_AnyExecuteParams]
    
        if not context.executemany:
            effective_parameters = parameters[0]
        else:
            effective_parameters = parameters
    
        if self._has_events or self.engine._has_events:
            for fn in self.dispatch.before_cursor_execute:
                str_statement, effective_parameters = fn(
                    self,
                    cursor,
                    str_statement,
                    effective_parameters,
                    context,
                    context.executemany,
                )
    
        if self._echo:
            self._log_info(str_statement)
    
            stats = context._get_cache_stats()
    
            if not self.engine.hide_parameters:
                self._log_info(
                    "[%s] %r",
                    stats,
                    sql_util._repr_params(
                        effective_parameters,
                        batches=10,
                        ismulti=context.executemany,
                    ),
                )
            else:
                self._log_info(
                    "[%s] [SQL parameters hidden due to hide_parameters=True]",
                    stats,
                )
    
        evt_handled: bool = False
        try:
            if context.execute_style is ExecuteStyle.EXECUTEMANY:
                effective_parameters = cast(
                    "_CoreMultiExecuteParams", effective_parameters
                )
                if self.dialect._has_events:
                    for fn in self.dialect.dispatch.do_executemany:
                        if fn(
                            cursor,
                            str_statement,
                            effective_parameters,
                            context,
                        ):
                            evt_handled = True
                            break
                if not evt_handled:
                    self.dialect.do_executemany(
                        cursor,
                        str_statement,
                        effective_parameters,
                        context,
                    )
            elif not effective_parameters and context.no_parameters:
                if self.dialect._has_events:
                    for fn in self.dialect.dispatch.do_execute_no_params:
                        if fn(cursor, str_statement, context):
                            evt_handled = True
                            break
                if not evt_handled:
                    self.dialect.do_execute_no_params(
                        cursor, str_statement, context
                    )
            else:
                effective_parameters = cast(
                    "_CoreSingleExecuteParams", effective_parameters
                )
                if self.dialect._has_events:
                    for fn in self.dialect.dispatch.do_execute:
                        if fn(
                            cursor,
                            str_statement,
                            effective_parameters,
                            context,
                        ):
                            evt_handled = True
                            break
                if not evt_handled:
                    self.dialect.do_execute(
                        cursor, str_statement, effective_parameters, context
                    )
    
            if self._has_events or self.engine._has_events:
                self.dispatch.after_cursor_execute(
                    self,
                    cursor,
                    str_statement,
                    effective_parameters,
                    context,
                    context.executemany,
                )
    
            context.post_exec()
    
            result = context._setup_result_proxy()
    
        except BaseException as e:
>           self._handle_dbapi_exception(
                e, str_statement, effective_parameters, cursor, context
            )

..\..\AppData\Roaming\Python\Python313\site-packages\sqlalchemy\engine\base.py:1986: 
_ _ _ _ _ _ _ _ _ _ _ _ _ _ _ _ _ _ _ _ _ _ _ _ _ _ _ _ _ _ _ _ _ _ _ _ _ _ _ _

self = <sqlalchemy.engine.base.Connection object at 0x0000022A9FCF60B0>
e = OperationalError('no such table: tasks')
statement = 'SELECT tasks.id, tasks.title, tasks.description, tasks.status, tasks.priority, tasks.due_date, tasks.tags, tasks.created_at, tasks.updated_at, tasks.completed_at \nFROM tasks ORDER BY tasks.created_at DESC\n LIMIT ? OFFSET ?'
parameters = (10, 0)
cursor = <sqlalchemy.dialects.sqlite.aiosqlite.AsyncAdapt_aiosqlite_cursor object at 0x0000022AA1BF3CA0>
context = <sqlalchemy.dialects.sqlite.aiosqlite.SQLiteExecutionContext_aiosqlite object at 0x0000022A9FCF6F90>
is_sub_exec = False

    def _handle_dbapi_exception(
        self,
        e: BaseException,
        statement: Optional[str],
        parameters: Optional[_AnyExecuteParams],
        cursor: Optional[DBAPICursor],
        context: Optional[ExecutionContext],
        is_sub_exec: bool = False,
    ) -> NoReturn:
        exc_info = sys.exc_info()
    
        is_exit_exception = util.is_exit_exception(e)
    
        if not self._is_disconnect:
            self._is_disconnect = (
                isinstance(e, self.dialect.loaded_dbapi.Error)
                and not self.closed
                and self.dialect.is_disconnect(
                    e,
                    self._dbapi_connection if not self.invalidated else None,
                    cursor,
                )
            ) or (is_exit_exception and not self.closed)
    
        invalidate_pool_on_disconnect = not is_exit_exception
    
        ismulti: bool = (
            not is_sub_exec and context.executemany
            if context is not None
            else False
        )
        if self._reentrant_error:
            raise exc.DBAPIError.instance(
                statement,
                parameters,
                e,
                self.dialect.loaded_dbapi.Error,
                hide_parameters=self.engine.hide_parameters,
                dialect=self.dialect,
                ismulti=ismulti,
            ).with_traceback(exc_info[2]) from e
        self._reentrant_error = True
        try:
            # non-DBAPI error - if we already got a context,
            # or there's no string statement, don't wrap it
            should_wrap = isinstance(e, self.dialect.loaded_dbapi.Error) or (
                statement is not None
                and context is None
                and not is_exit_exception
            )
    
            if should_wrap:
                sqlalchemy_exception = exc.DBAPIError.instance(
                    statement,
                    parameters,
                    cast(Exception, e),
                    self.dialect.loaded_dbapi.Error,
                    hide_parameters=self.engine.hide_parameters,
                    connection_invalidated=self._is_disconnect,
                    dialect=self.dialect,
                    ismulti=ismulti,
                )
            else:
                sqlalchemy_exception = None
    
            newraise = None
    
            if (self.dialect._has_events) and not self._execution_options.get(
                "skip_user_error_events", False
            ):
                ctx = ExceptionContextImpl(
                    e,
                    sqlalchemy_exception,
                    self.engine,
                    self.dialect,
                    self,
                    cursor,
                    statement,
                    parameters,
                    context,
                    self._is_disconnect,
                    invalidate_pool_on_disconnect,
                    False,
                )
    
                for fn in self.dialect.dispatch.handle_error:
                    try:
                        # handler returns an exception;
                        # call next handler in a chain
                        per_fn = fn(ctx)
                        if per_fn is not None:
                            ctx.chained_exception = newraise = per_fn
                    except Exception as _raised:
                        # handler raises an exception - stop processing
                        newraise = _raised
                        break
    
                if self._is_disconnect != ctx.is_disconnect:
                    self._is_disconnect = ctx.is_disconnect
                    if sqlalchemy_exception:
                        sqlalchemy_exception.connection_invalidated = (
                            ctx.is_disconnect
                        )
    
                # set up potentially user-defined value for
                # invalidate pool.
                invalidate_pool_on_disconnect = (
                    ctx.invalidate_pool_on_disconnect
                )
    
            if should_wrap and context:
                context.handle_dbapi_exception(e)
    
            if not self._is_disconnect:
                if cursor:
                    self._safe_close_cursor(cursor)
                # "autorollback" was mostly relevant in 1.x series.
                # It's very unlikely to reach here, as the connection
                # does autobegin so when we are here, we are usually
                # in an explicit / semi-explicit transaction.
                # however we have a test which manufactures this
                # scenario in any case using an event handler.
                # test/engine/test_execute.py-> test_actual_autorollback
                if not self.in_transaction():
                    self._rollback_impl()
    
            if newraise:
                raise newraise.with_traceback(exc_info[2]) from e
            elif should_wrap:
                assert sqlalchemy_exception is not None
>               raise sqlalchemy_exception.with_traceback(exc_info[2]) from e

..\..\AppData\Roaming\Python\Python313\site-packages\sqlalchemy\engine\base.py:2363: 
_ _ _ _ _ _ _ _ _ _ _ _ _ _ _ _ _ _ _ _ _ _ _ _ _ _ _ _ _ _ _ _ _ _ _ _ _ _ _ _

self = <sqlalchemy.engine.base.Connection object at 0x0000022A9FCF60B0>
dialect = <sqlalchemy.dialects.sqlite.aiosqlite.SQLiteDialect_aiosqlite object at 0x0000022A9EF82F90>
context = <sqlalchemy.dialects.sqlite.aiosqlite.SQLiteExecutionContext_aiosqlite object at 0x0000022A9FCF6F90>
statement = <sqlalchemy.dialects.sqlite.base.SQLiteCompiler object at 0x0000022A9FC0C910>
parameters = [(10, 0)]

    def _exec_single_context(
        self,
        dialect: Dialect,
        context: ExecutionContext,
        statement: Union[str, Compiled],
        parameters: Optional[_AnyMultiExecuteParams],
    ) -> CursorResult[Any]:
        """continue the _execute_context() method for a single DBAPI
        cursor.execute() or cursor.executemany() call.
    
        """
        if dialect.bind_typing is BindTyping.SETINPUTSIZES:
            generic_setinputsizes = context._prepare_set_input_sizes()
    
            if generic_setinputsizes:
                try:
                    dialect.do_set_input_sizes(
                        context.cursor, generic_setinputsizes, context
                    )
                except BaseException as e:
                    self._handle_dbapi_exception(
                        e, str(statement), parameters, None, context
                    )
    
        cursor, str_statement, parameters = (
            context.cursor,
            context.statement,
            context.parameters,
        )
    
        effective_parameters: Optional[_AnyExecuteParams]
    
        if not context.executemany:
            effective_parameters = parameters[0]
        else:
            effective_parameters = parameters
    
        if self._has_events or self.engine._has_events:
            for fn in self.dispatch.before_cursor_execute:
                str_statement, effective_parameters = fn(
                    self,
                    cursor,
                    str_statement,
                    effective_parameters,
                    context,
                    context.executemany,
                )
    
        if self._echo:
            self._log_info(str_statement)
    
            stats = context._get_cache_stats()
    
            if not self.engine.hide_parameters:
                self._log_info(
                    "[%s] %r",
                    stats,
                    sql_util._repr_params(
                        effective_parameters,
                        batches=10,
                        ismulti=context.executemany,
                    ),
                )
            else:
                self._log_info(
                    "[%s] [SQL parameters hidden due to hide_parameters=True]",
                    stats,
                )
    
        evt_handled: bool = False
        try:
            if context.execute_style is ExecuteStyle.EXECUTEMANY:
                effective_parameters = cast(
                    "_CoreMultiExecuteParams", effective_parameters
                )
                if self.dialect._has_events:
                    for fn in self.dialect.dispatch.do_executemany:
                        if fn(
                            cursor,
                            str_statement,
                            effective_parameters,
                            context,
                        ):
                            evt_handled = True
                            break
                if not evt_handled:
                    self.dialect.do_executemany(
                        cursor,
                        str_statement,
                        effective_parameters,
                        context,
                    )
            elif not effective_parameters and context.no_parameters:
                if self.dialect._has_events:
                    for fn in self.dialect.dispatch.do_execute_no_params:
                        if fn(cursor, str_statement, context):
                            evt_handled = True
                            break
                if not evt_handled:
                    self.dialect.do_execute_no_params(
                        cursor, str_statement, context
                    )
            else:
                effective_parameters = cast(
                    "_CoreSingleExecuteParams", effective_parameters
                )
                if self.dialect._has_events:
                    for fn in self.dialect.dispatch.do_execute:
                        if fn(
                            cursor,
                            str_statement,
                            effective_parameters,
                            context,
                        ):
                            evt_handled = True
                            break
                if not evt_handled:
>                   self.dialect.do_execute(
                        cursor, str_statement, effective_parameters, context
                    )

..\..\AppData\Roaming\Python\Python313\site-packages\sqlalchemy\engine\base.py:1967: 
_ _ _ _ _ _ _ _ _ _ _ _ _ _ _ _ _ _ _ _ _ _ _ _ _ _ _ _ _ _ _ _ _ _ _ _ _ _ _ _

self = <sqlalchemy.dialects.sqlite.aiosqlite.SQLiteDialect_aiosqlite object at 0x0000022A9EF82F90>
cursor = <sqlalchemy.dialects.sqlite.aiosqlite.AsyncAdapt_aiosqlite_cursor object at 0x0000022AA1BF3CA0>
statement = 'SELECT tasks.id, tasks.title, tasks.description, tasks.status, tasks.priority, tasks.due_date, tasks.tags, tasks.created_at, tasks.updated_at, tasks.completed_at \nFROM tasks ORDER BY tasks.created_at DESC\n LIMIT ? OFFSET ?'
parameters = (10, 0)
context = <sqlalchemy.dialects.sqlite.aiosqlite.SQLiteExecutionContext_aiosqlite object at 0x0000022A9FCF6F90>

    def do_execute(self, cursor, statement, parameters, context=None):
>       cursor.execute(statement, parameters)

..\..\AppData\Roaming\Python\Python313\site-packages\sqlalchemy\engine\default.py:952: 
_ _ _ _ _ _ _ _ _ _ _ _ _ _ _ _ _ _ _ _ _ _ _ _ _ _ _ _ _ _ _ _ _ _ _ _ _ _ _ _

self = <sqlalchemy.dialects.sqlite.aiosqlite.AsyncAdapt_aiosqlite_cursor object at 0x0000022AA1BF3CA0>
operation = 'SELECT tasks.id, tasks.title, tasks.description, tasks.status, tasks.priority, tasks.due_date, tasks.tags, tasks.created_at, tasks.updated_at, tasks.completed_at \nFROM tasks ORDER BY tasks.created_at DESC\n LIMIT ? OFFSET ?'
parameters = (10, 0)

    def execute(
        self,
        operation: Any,
        parameters: Optional[_DBAPISingleExecuteParams] = None,
    ) -> Any:
    
        try:
            _cursor: AsyncIODBAPICursor = self.await_(self._connection.cursor())  # type: ignore[arg-type] # noqa: E501
    
            if parameters is None:
                self.await_(_cursor.execute(operation))
            else:
                self.await_(_cursor.execute(operation, parameters))
    
            if _cursor.description:
                self.description = _cursor.description
                self.lastrowid = self.rowcount = -1
    
                if not self.server_side:
                    self._rows = deque(self.await_(_cursor.fetchall()))
            else:
                self.description = None
                self.lastrowid = _cursor.lastrowid
                self.rowcount = _cursor.rowcount
    
            if not self.server_side:
                self.await_(_cursor.close())
            else:
                self._cursor = _cursor  # type: ignore[misc]
        except Exception as error:
>           self._adapt_connection._handle_exception(error)

..\..\AppData\Roaming\Python\Python313\site-packages\sqlalchemy\dialects\sqlite\aiosqlite.py:182: 
_ _ _ _ _ _ _ _ _ _ _ _ _ _ _ _ _ _ _ _ _ _ _ _ _ _ _ _ _ _ _ _ _ _ _ _ _ _ _ _

self = <AdaptedConnection <aiosqlite.core.Connection object at 0x0000022A9FC0EFD0>>
error = OperationalError('no such table: tasks')

    def _handle_exception(self, error: Exception) -> NoReturn:
        if (
            isinstance(error, ValueError)
            and error.args[0] == "no active connection"
        ):
            raise self.dbapi.sqlite.OperationalError(
                "no active connection"
            ) from error
        else:
>           raise error

..\..\AppData\Roaming\Python\Python313\site-packages\sqlalchemy\dialects\sqlite\aiosqlite.py:342: 
_ _ _ _ _ _ _ _ _ _ _ _ _ _ _ _ _ _ _ _ _ _ _ _ _ _ _ _ _ _ _ _ _ _ _ _ _ _ _ _

self = <sqlalchemy.dialects.sqlite.aiosqlite.AsyncAdapt_aiosqlite_cursor object at 0x0000022AA1BF3CA0>
operation = 'SELECT tasks.id, tasks.title, tasks.description, tasks.status, tasks.priority, tasks.due_date, tasks.tags, tasks.created_at, tasks.updated_at, tasks.completed_at \nFROM tasks ORDER BY tasks.created_at DESC\n LIMIT ? OFFSET ?'
parameters = (10, 0)

    def execute(
        self,
        operation: Any,
        parameters: Optional[_DBAPISingleExecuteParams] = None,
    ) -> Any:
    
        try:
            _cursor: AsyncIODBAPICursor = self.await_(self._connection.cursor())  # type: ignore[arg-type] # noqa: E501
    
            if parameters is None:
                self.await_(_cursor.execute(operation))
            else:
>               self.await_(_cursor.execute(operation, parameters))

..\..\AppData\Roaming\Python\Python313\site-packages\sqlalchemy\dialects\sqlite\aiosqlite.py:164: 
_ _ _ _ _ _ _ _ _ _ _ _ _ _ _ _ _ _ _ _ _ _ _ _ _ _ _ _ _ _ _ _ _ _ _ _ _ _ _ _

awaitable = <coroutine object Cursor.execute at 0x0000022A9FCF5620>

    def await_only(awaitable: Awaitable[_T]) -> _T:
        """Awaits an async function in a sync method.
    
        The sync method must be inside a :func:`greenlet_spawn` context.
        :func:`await_only` calls cannot be nested.
    
        :param awaitable: The coroutine to call.
    
        """
        # this is called in the context greenlet while running fn
        current = getcurrent()
        if not getattr(current, "__sqlalchemy_greenlet_provider__", False):
            _safe_cancel_awaitable(awaitable)
    
            raise exc.MissingGreenlet(
                "greenlet_spawn has not been called; can't call await_only() "
                "here. Was IO attempted in an unexpected place?"
            )
    
        # returns the control to the driver greenlet passing it
        # a coroutine to run. Once the awaitable is done, the driver greenlet
        # switches back to this greenlet with the result of awaitable that is
        # then returned to the caller (or raised as error)
>       return current.parent.switch(awaitable)  # type: ignore[no-any-return,attr-defined] # noqa: E501
               ^^^^^^^^^^^^^^^^^^^^^^^^^^^^^^^^

..\..\AppData\Roaming\Python\Python313\site-packages\sqlalchemy\util\_concurrency_py3k.py:132: 
_ _ _ _ _ _ _ _ _ _ _ _ _ _ _ _ _ _ _ _ _ _ _ _ _ _ _ _ _ _ _ _ _ _ _ _ _ _ _ _

fn = <bound method Session.execute of <sqlalchemy.orm.session.Session object at 0x0000022A9FD0DC70>>
_require_await = False
args = (<sqlalchemy.sql.selectable.Select object at 0x0000022A9FD0C320>,)
kwargs = {'bind_arguments': None, 'execution_options': immutabledict({'prebuffer_rows': True}), 'params': None}
context = <_AsyncIoGreenlet object at 0x0000022AA1F749C0 (otid=0x0000022A9E4E1470) dead>
switch_occurred = True
result = <coroutine object Cursor.execute at 0x0000022A9FCF5620>
value = <aiosqlite.cursor.Cursor object at 0x0000022AA1BF3BF0>

    async def greenlet_spawn(
        fn: Callable[..., _T],
        *args: Any,
        _require_await: bool = False,
        **kwargs: Any,
    ) -> _T:
        """Runs a sync function ``fn`` in a new greenlet.
    
        The sync function can then use :func:`await_only` to wait for async
        functions.
    
        :param fn: The sync callable to call.
        :param \\*args: Positional arguments to pass to the ``fn`` callable.
        :param \\*\\*kwargs: Keyword arguments to pass to the ``fn`` callable.
        """
    
        result: Any
        context = _AsyncIoGreenlet(fn, getcurrent())
        # runs the function synchronously in gl greenlet. If the execution
        # is interrupted by await_only, context is not dead and result is a
        # coroutine to wait. If the context is dead the function has
        # returned, and its result can be returned.
        switch_occurred = False
        result = context.switch(*args, **kwargs)
        while not context.dead:
            switch_occurred = True
            try:
                # wait for a coroutine from await_only and then return its
                # result back to it.
>               value = await result
                        ^^^^^^^^^^^^

..\..\AppData\Roaming\Python\Python313\site-packages\sqlalchemy\util\_concurrency_py3k.py:196: 
_ _ _ _ _ _ _ _ _ _ _ _ _ _ _ _ _ _ _ _ _ _ _ _ _ _ _ _ _ _ _ _ _ _ _ _ _ _ _ _

self = <aiosqlite.cursor.Cursor object at 0x0000022AA1BF3BF0>
sql = 'SELECT tasks.id, tasks.title, tasks.description, tasks.status, tasks.priority, tasks.due_date, tasks.tags, tasks.created_at, tasks.updated_at, tasks.completed_at \nFROM tasks ORDER BY tasks.created_at DESC\n LIMIT ? OFFSET ?'
parameters = (10, 0)

    async def execute(
        self, sql: str, parameters: Optional[Iterable[Any]] = None
    ) -> "Cursor":
        """Execute the given query."""
        if parameters is None:
            parameters = []
>       await self._execute(self._cursor.execute, sql, parameters)

..\..\AppData\Roaming\Python\Python313\site-packages\aiosqlite\cursor.py:40: 
_ _ _ _ _ _ _ _ _ _ _ _ _ _ _ _ _ _ _ _ _ _ _ _ _ _ _ _ _ _ _ _ _ _ _ _ _ _ _ _

self = <aiosqlite.cursor.Cursor object at 0x0000022AA1BF3BF0>
fn = <built-in method execute of sqlite3.Cursor object at 0x0000022AA0E8C4C0>
args = ('SELECT tasks.id, tasks.title, tasks.description, tasks.status, tasks.priority, tasks.due_date, tasks.tags, tasks.created_at, tasks.updated_at, tasks.completed_at \nFROM tasks ORDER BY tasks.created_at DESC\n LIMIT ? OFFSET ?', (10, 0))
kwargs = {}

    async def _execute(self, fn, *args, **kwargs):
        """Execute the given function on the shared connection's thread."""
>       return await self._conn._execute(fn, *args, **kwargs)
               ^^^^^^^^^^^^^^^^^^^^^^^^^^^^^^^^^^^^^^^^^^^^^^

..\..\AppData\Roaming\Python\Python313\site-packages\aiosqlite\cursor.py:32: 
_ _ _ _ _ _ _ _ _ _ _ _ _ _ _ _ _ _ _ _ _ _ _ _ _ _ _ _ _ _ _ _ _ _ _ _ _ _ _ _

self = <aiosqlite.core.Connection object at 0x0000022A9FC0EFD0>
fn = <built-in method execute of sqlite3.Cursor object at 0x0000022AA0E8C4C0>
args = ('SELECT tasks.id, tasks.title, tasks.description, tasks.status, tasks.priority, tasks.due_date, tasks.tags, tasks.created_at, tasks.updated_at, tasks.completed_at \nFROM tasks ORDER BY tasks.created_at DESC\n LIMIT ? OFFSET ?', (10, 0))
kwargs = {}
function = functools.partial(<built-in method execute of sqlite3.Cursor object at 0x0000022AA0E8C4C0>, 'SELECT tasks.id, tasks.ti...ated_at, tasks.updated_at, tasks.completed_at \nFROM tasks ORDER BY tasks.created_at DESC\n LIMIT ? OFFSET ?', (10, 0))
future = <Future finished exception=OperationalError('no such table: tasks')>

    async def _execute(self, fn, *args, **kwargs):
        """Queue a function with the given arguments for execution."""
        if not self._running or not self._connection:
            raise ValueError("Connection closed")
    
        function = partial(fn, *args, **kwargs)
        future = asyncio.get_event_loop().create_future()
    
        self._tx.put_nowait((future, function))
    
>       return await future
               ^^^^^^^^^^^^

..\..\AppData\Roaming\Python\Python313\site-packages\aiosqlite\core.py:160: 
_ _ _ _ _ _ _ _ _ _ _ _ _ _ _ _ _ _ _ _ _ _ _ _ _ _ _ _ _ _ _ _ _ _ _ _ _ _ _ _

tx = <_queue.SimpleQueue object at 0x0000022A9FC19960>

    def _connection_worker_thread(tx: _TxQueue):
        """
        Execute function calls on a separate thread.
    
        :meta private:
        """
        while True:
            # Continues running until all queue items are processed,
            # even after connection is closed (so we can finalize all
            # futures)
    
            future, function = tx.get()
    
            try:
                LOG.debug("executing %s", function)
>               result = function()
                         ^^^^^^^^^^
E               sqlalchemy.exc.OperationalError: (sqlite3.OperationalError) no such table: tasks
E               [SQL: SELECT tasks.id, tasks.title, tasks.description, tasks.status, tasks.priority, tasks.due_date, tasks.tags, tasks.created_at, tasks.updated_at, tasks.completed_at 
E               FROM tasks ORDER BY tasks.created_at DESC
E                LIMIT ? OFFSET ?]
E               [parameters: (10, 0)]
E               (Background on this error at: https://sqlalche.me/e/20/e3q8)

..\..\AppData\Roaming\Python\Python313\site-packages\aiosqlite\core.py:63: OperationalError
---------------------------- Captured stderr call -----------------------------
2026-04-05 23:23:28 | WARNING  | backend.agents.orchestrator | Vertex AI LLM unavailable: No module named 'vertexai'
------------------------------ Captured log call ------------------------------
WARNING  backend.agents.orchestrator:orchestrator.py:48 Vertex AI LLM unavailable: No module named 'vertexai'
_________________ test_orchestrator_routes_to_calendar_agent __________________

self = <sqlalchemy.engine.base.Connection object at 0x0000022AA1B92890>
dialect = <sqlalchemy.dialects.sqlite.aiosqlite.SQLiteDialect_aiosqlite object at 0x0000022A9EF82F90>
context = <sqlalchemy.dialects.sqlite.aiosqlite.SQLiteExecutionContext_aiosqlite object at 0x0000022AA1B91470>
statement = <sqlalchemy.dialects.sqlite.base.SQLiteCompiler object at 0x0000022AA0E39450>
parameters = [('2026-04-06 10:00:00.000000', '2026-04-06 11:00:00.000000', 50, 0)]

    def _exec_single_context(
        self,
        dialect: Dialect,
        context: ExecutionContext,
        statement: Union[str, Compiled],
        parameters: Optional[_AnyMultiExecuteParams],
    ) -> CursorResult[Any]:
        """continue the _execute_context() method for a single DBAPI
        cursor.execute() or cursor.executemany() call.
    
        """
        if dialect.bind_typing is BindTyping.SETINPUTSIZES:
            generic_setinputsizes = context._prepare_set_input_sizes()
    
            if generic_setinputsizes:
                try:
                    dialect.do_set_input_sizes(
                        context.cursor, generic_setinputsizes, context
                    )
                except BaseException as e:
                    self._handle_dbapi_exception(
                        e, str(statement), parameters, None, context
                    )
    
        cursor, str_statement, parameters = (
            context.cursor,
            context.statement,
            context.parameters,
        )
    
        effective_parameters: Optional[_AnyExecuteParams]
    
        if not context.executemany:
            effective_parameters = parameters[0]
        else:
            effective_parameters = parameters
    
        if self._has_events or self.engine._has_events:
            for fn in self.dispatch.before_cursor_execute:
                str_statement, effective_parameters = fn(
                    self,
                    cursor,
                    str_statement,
                    effective_parameters,
                    context,
                    context.executemany,
                )
    
        if self._echo:
            self._log_info(str_statement)
    
            stats = context._get_cache_stats()
    
            if not self.engine.hide_parameters:
                self._log_info(
                    "[%s] %r",
                    stats,
                    sql_util._repr_params(
                        effective_parameters,
                        batches=10,
                        ismulti=context.executemany,
                    ),
                )
            else:
                self._log_info(
                    "[%s] [SQL parameters hidden due to hide_parameters=True]",
                    stats,
                )
    
        evt_handled: bool = False
        try:
            if context.execute_style is ExecuteStyle.EXECUTEMANY:
                effective_parameters = cast(
                    "_CoreMultiExecuteParams", effective_parameters
                )
                if self.dialect._has_events:
                    for fn in self.dialect.dispatch.do_executemany:
                        if fn(
                            cursor,
                            str_statement,
                            effective_parameters,
                            context,
                        ):
                            evt_handled = True
                            break
                if not evt_handled:
                    self.dialect.do_executemany(
                        cursor,
                        str_statement,
                        effective_parameters,
                        context,
                    )
            elif not effective_parameters and context.no_parameters:
                if self.dialect._has_events:
                    for fn in self.dialect.dispatch.do_execute_no_params:
                        if fn(cursor, str_statement, context):
                            evt_handled = True
                            break
                if not evt_handled:
                    self.dialect.do_execute_no_params(
                        cursor, str_statement, context
                    )
            else:
                effective_parameters = cast(
                    "_CoreSingleExecuteParams", effective_parameters
                )
                if self.dialect._has_events:
                    for fn in self.dialect.dispatch.do_execute:
                        if fn(
                            cursor,
                            str_statement,
                            effective_parameters,
                            context,
                        ):
                            evt_handled = True
                            break
                if not evt_handled:
>                   self.dialect.do_execute(
                        cursor, str_statement, effective_parameters, context
                    )

..\..\AppData\Roaming\Python\Python313\site-packages\sqlalchemy\engine\base.py:1967: 
_ _ _ _ _ _ _ _ _ _ _ _ _ _ _ _ _ _ _ _ _ _ _ _ _ _ _ _ _ _ _ _ _ _ _ _ _ _ _ _

self = <sqlalchemy.dialects.sqlite.aiosqlite.SQLiteDialect_aiosqlite object at 0x0000022A9EF82F90>
cursor = <sqlalchemy.dialects.sqlite.aiosqlite.AsyncAdapt_aiosqlite_cursor object at 0x0000022AA1890AC0>
statement = 'SELECT calendar_events.id, calendar_events.title, calendar_events.description, calendar_events.start_time, calendar_e..._events.start_time >= ? AND calendar_events.start_time <= ? ORDER BY calendar_events.start_time ASC\n LIMIT ? OFFSET ?'
parameters = ('2026-04-06 10:00:00.000000', '2026-04-06 11:00:00.000000', 50, 0)
context = <sqlalchemy.dialects.sqlite.aiosqlite.SQLiteExecutionContext_aiosqlite object at 0x0000022AA1B91470>

    def do_execute(self, cursor, statement, parameters, context=None):
>       cursor.execute(statement, parameters)

..\..\AppData\Roaming\Python\Python313\site-packages\sqlalchemy\engine\default.py:952: 
_ _ _ _ _ _ _ _ _ _ _ _ _ _ _ _ _ _ _ _ _ _ _ _ _ _ _ _ _ _ _ _ _ _ _ _ _ _ _ _

self = <sqlalchemy.dialects.sqlite.aiosqlite.AsyncAdapt_aiosqlite_cursor object at 0x0000022AA1890AC0>
operation = 'SELECT calendar_events.id, calendar_events.title, calendar_events.description, calendar_events.start_time, calendar_e..._events.start_time >= ? AND calendar_events.start_time <= ? ORDER BY calendar_events.start_time ASC\n LIMIT ? OFFSET ?'
parameters = ('2026-04-06 10:00:00.000000', '2026-04-06 11:00:00.000000', 50, 0)

    def execute(
        self,
        operation: Any,
        parameters: Optional[_DBAPISingleExecuteParams] = None,
    ) -> Any:
    
        try:
            _cursor: AsyncIODBAPICursor = self.await_(self._connection.cursor())  # type: ignore[arg-type] # noqa: E501
    
            if parameters is None:
                self.await_(_cursor.execute(operation))
            else:
                self.await_(_cursor.execute(operation, parameters))
    
            if _cursor.description:
                self.description = _cursor.description
                self.lastrowid = self.rowcount = -1
    
                if not self.server_side:
                    self._rows = deque(self.await_(_cursor.fetchall()))
            else:
                self.description = None
                self.lastrowid = _cursor.lastrowid
                self.rowcount = _cursor.rowcount
    
            if not self.server_side:
                self.await_(_cursor.close())
            else:
                self._cursor = _cursor  # type: ignore[misc]
        except Exception as error:
>           self._adapt_connection._handle_exception(error)

..\..\AppData\Roaming\Python\Python313\site-packages\sqlalchemy\dialects\sqlite\aiosqlite.py:182: 
_ _ _ _ _ _ _ _ _ _ _ _ _ _ _ _ _ _ _ _ _ _ _ _ _ _ _ _ _ _ _ _ _ _ _ _ _ _ _ _

self = <AdaptedConnection <aiosqlite.core.Connection object at 0x0000022A9FC0EFD0>>
error = OperationalError('no such table: calendar_events')

    def _handle_exception(self, error: Exception) -> NoReturn:
        if (
            isinstance(error, ValueError)
            and error.args[0] == "no active connection"
        ):
            raise self.dbapi.sqlite.OperationalError(
                "no active connection"
            ) from error
        else:
>           raise error

..\..\AppData\Roaming\Python\Python313\site-packages\sqlalchemy\dialects\sqlite\aiosqlite.py:342: 
_ _ _ _ _ _ _ _ _ _ _ _ _ _ _ _ _ _ _ _ _ _ _ _ _ _ _ _ _ _ _ _ _ _ _ _ _ _ _ _

self = <sqlalchemy.dialects.sqlite.aiosqlite.AsyncAdapt_aiosqlite_cursor object at 0x0000022AA1890AC0>
operation = 'SELECT calendar_events.id, calendar_events.title, calendar_events.description, calendar_events.start_time, calendar_e..._events.start_time >= ? AND calendar_events.start_time <= ? ORDER BY calendar_events.start_time ASC\n LIMIT ? OFFSET ?'
parameters = ('2026-04-06 10:00:00.000000', '2026-04-06 11:00:00.000000', 50, 0)

    def execute(
        self,
        operation: Any,
        parameters: Optional[_DBAPISingleExecuteParams] = None,
    ) -> Any:
    
        try:
            _cursor: AsyncIODBAPICursor = self.await_(self._connection.cursor())  # type: ignore[arg-type] # noqa: E501
    
            if parameters is None:
                self.await_(_cursor.execute(operation))
            else:
>               self.await_(_cursor.execute(operation, parameters))

..\..\AppData\Roaming\Python\Python313\site-packages\sqlalchemy\dialects\sqlite\aiosqlite.py:164: 
_ _ _ _ _ _ _ _ _ _ _ _ _ _ _ _ _ _ _ _ _ _ _ _ _ _ _ _ _ _ _ _ _ _ _ _ _ _ _ _

awaitable = <coroutine object Cursor.execute at 0x0000022AA1B912A0>

    def await_only(awaitable: Awaitable[_T]) -> _T:
        """Awaits an async function in a sync method.
    
        The sync method must be inside a :func:`greenlet_spawn` context.
        :func:`await_only` calls cannot be nested.
    
        :param awaitable: The coroutine to call.
    
        """
        # this is called in the context greenlet while running fn
        current = getcurrent()
        if not getattr(current, "__sqlalchemy_greenlet_provider__", False):
            _safe_cancel_awaitable(awaitable)
    
            raise exc.MissingGreenlet(
                "greenlet_spawn has not been called; can't call await_only() "
                "here. Was IO attempted in an unexpected place?"
            )
    
        # returns the control to the driver greenlet passing it
        # a coroutine to run. Once the awaitable is done, the driver greenlet
        # switches back to this greenlet with the result of awaitable that is
        # then returned to the caller (or raised as error)
>       return current.parent.switch(awaitable)  # type: ignore[no-any-return,attr-defined] # noqa: E501
               ^^^^^^^^^^^^^^^^^^^^^^^^^^^^^^^^

..\..\AppData\Roaming\Python\Python313\site-packages\sqlalchemy\util\_concurrency_py3k.py:132: 
_ _ _ _ _ _ _ _ _ _ _ _ _ _ _ _ _ _ _ _ _ _ _ _ _ _ _ _ _ _ _ _ _ _ _ _ _ _ _ _

fn = <bound method Session.execute of <sqlalchemy.orm.session.Session object at 0x0000022A9FD0DF40>>
_require_await = False
args = (<sqlalchemy.sql.selectable.Select object at 0x0000022A9FD0E030>,)
kwargs = {'bind_arguments': None, 'execution_options': immutabledict({'prebuffer_rows': True}), 'params': None}
context = <_AsyncIoGreenlet object at 0x0000022AA19E29C0 (otid=0x0000022A9E4E1470) dead>
switch_occurred = True
result = <coroutine object Cursor.execute at 0x0000022AA1B912A0>
value = <aiosqlite.cursor.Cursor object at 0x0000022AA1890B90>

    async def greenlet_spawn(
        fn: Callable[..., _T],
        *args: Any,
        _require_await: bool = False,
        **kwargs: Any,
    ) -> _T:
        """Runs a sync function ``fn`` in a new greenlet.
    
        The sync function can then use :func:`await_only` to wait for async
        functions.
    
        :param fn: The sync callable to call.
        :param \\*args: Positional arguments to pass to the ``fn`` callable.
        :param \\*\\*kwargs: Keyword arguments to pass to the ``fn`` callable.
        """
    
        result: Any
        context = _AsyncIoGreenlet(fn, getcurrent())
        # runs the function synchronously in gl greenlet. If the execution
        # is interrupted by await_only, context is not dead and result is a
        # coroutine to wait. If the context is dead the function has
        # returned, and its result can be returned.
        switch_occurred = False
        result = context.switch(*args, **kwargs)
        while not context.dead:
            switch_occurred = True
            try:
                # wait for a coroutine from await_only and then return its
                # result back to it.
>               value = await result
                        ^^^^^^^^^^^^

..\..\AppData\Roaming\Python\Python313\site-packages\sqlalchemy\util\_concurrency_py3k.py:196: 
_ _ _ _ _ _ _ _ _ _ _ _ _ _ _ _ _ _ _ _ _ _ _ _ _ _ _ _ _ _ _ _ _ _ _ _ _ _ _ _

self = <aiosqlite.cursor.Cursor object at 0x0000022AA1890B90>
sql = 'SELECT calendar_events.id, calendar_events.title, calendar_events.description, calendar_events.start_time, calendar_e..._events.start_time >= ? AND calendar_events.start_time <= ? ORDER BY calendar_events.start_time ASC\n LIMIT ? OFFSET ?'
parameters = ('2026-04-06 10:00:00.000000', '2026-04-06 11:00:00.000000', 50, 0)

    async def execute(
        self, sql: str, parameters: Optional[Iterable[Any]] = None
    ) -> "Cursor":
        """Execute the given query."""
        if parameters is None:
            parameters = []
>       await self._execute(self._cursor.execute, sql, parameters)

..\..\AppData\Roaming\Python\Python313\site-packages\aiosqlite\cursor.py:40: 
_ _ _ _ _ _ _ _ _ _ _ _ _ _ _ _ _ _ _ _ _ _ _ _ _ _ _ _ _ _ _ _ _ _ _ _ _ _ _ _

self = <aiosqlite.cursor.Cursor object at 0x0000022AA1890B90>
fn = <built-in method execute of sqlite3.Cursor object at 0x0000022AA1ACC2C0>
args = ('SELECT calendar_events.id, calendar_events.title, calendar_events.description, calendar_events.start_time, calendar_...alendar_events.start_time ASC\n LIMIT ? OFFSET ?', ('2026-04-06 10:00:00.000000', '2026-04-06 11:00:00.000000', 50, 0))
kwargs = {}

    async def _execute(self, fn, *args, **kwargs):
        """Execute the given function on the shared connection's thread."""
>       return await self._conn._execute(fn, *args, **kwargs)
               ^^^^^^^^^^^^^^^^^^^^^^^^^^^^^^^^^^^^^^^^^^^^^^

..\..\AppData\Roaming\Python\Python313\site-packages\aiosqlite\cursor.py:32: 
_ _ _ _ _ _ _ _ _ _ _ _ _ _ _ _ _ _ _ _ _ _ _ _ _ _ _ _ _ _ _ _ _ _ _ _ _ _ _ _

self = <aiosqlite.core.Connection object at 0x0000022A9FC0EFD0>
fn = <built-in method execute of sqlite3.Cursor object at 0x0000022AA1ACC2C0>
args = ('SELECT calendar_events.id, calendar_events.title, calendar_events.description, calendar_events.start_time, calendar_...alendar_events.start_time ASC\n LIMIT ? OFFSET ?', ('2026-04-06 10:00:00.000000', '2026-04-06 11:00:00.000000', 50, 0))
kwargs = {}
function = functools.partial(<built-in method execute of sqlite3.Cursor object at 0x0000022AA1ACC2C0>, 'SELECT calendar_events.id...alendar_events.start_time ASC\n LIMIT ? OFFSET ?', ('2026-04-06 10:00:00.000000', '2026-04-06 11:00:00.000000', 50, 0))
future = <Future finished exception=OperationalError('no such table: calendar_events')>

    async def _execute(self, fn, *args, **kwargs):
        """Queue a function with the given arguments for execution."""
        if not self._running or not self._connection:
            raise ValueError("Connection closed")
    
        function = partial(fn, *args, **kwargs)
        future = asyncio.get_event_loop().create_future()
    
        self._tx.put_nowait((future, function))
    
>       return await future
               ^^^^^^^^^^^^

..\..\AppData\Roaming\Python\Python313\site-packages\aiosqlite\core.py:160: 
_ _ _ _ _ _ _ _ _ _ _ _ _ _ _ _ _ _ _ _ _ _ _ _ _ _ _ _ _ _ _ _ _ _ _ _ _ _ _ _

tx = <_queue.SimpleQueue object at 0x0000022A9FC19960>

    def _connection_worker_thread(tx: _TxQueue):
        """
        Execute function calls on a separate thread.
    
        :meta private:
        """
        while True:
            # Continues running until all queue items are processed,
            # even after connection is closed (so we can finalize all
            # futures)
    
            future, function = tx.get()
    
            try:
                LOG.debug("executing %s", function)
>               result = function()
                         ^^^^^^^^^^
E               sqlite3.OperationalError: no such table: calendar_events

..\..\AppData\Roaming\Python\Python313\site-packages\aiosqlite\core.py:63: OperationalError

The above exception was the direct cause of the following exception:

    @pytest.mark.asyncio
    async def test_orchestrator_routes_to_calendar_agent():
        """Orchestrator should delegate calendar requests to Calendar Agent."""
        from backend.agents.orchestrator import run_agent
        events = []
>       async for event in run_agent("schedule a meeting tomorrow", "test-session-2"):

test_multi_agent.py:209: 
_ _ _ _ _ _ _ _ _ _ _ _ _ _ _ _ _ _ _ _ _ _ _ _ _ _ _ _ _ _ _ _ _ _ _ _ _ _ _ _

user_message = 'schedule a meeting tomorrow', session_id = 'test-session-2'

    async def run_agent(
        user_message: str, session_id: str
    ) -> AsyncGenerator[Union[str, Dict[str, str]], None]:
        """
        Main entry point for the Orchestrator.
        Routes to sub-agents, which call MCP tools for real DB operations.
        """
        llm = _get_llm()
    
        # Save user message to memory
        asyncio.create_task(_save_to_memory(session_id, "user", user_message))
    
        # 1. Classify intent
        yield {"type": "thought", "content": "\U0001f9e0 Orchestrator analyzing intent..."}
        target_agents = _route_to_agent(user_message)
        agent_names = ", ".join(a.title() + " Agent" for a in target_agents)
        yield {"type": "thought", "content": f"\U0001f500 Routing to: {agent_names}"}
        await asyncio.sleep(0.3)
    
        collected_response = []
    
        # 2. Execute each sub-agent in sequence
        for agent_key in target_agents:
            if agent_key == "task":
                yield {"type": "thought", "content": "\u2500\u2500 Delegating to Task Agent \u2500\u2500"}
                async for event in task_agent.run(user_message, session_id, llm=llm):
                    if isinstance(event, dict) and event.get("type") == "text":
                        collected_response.append(event.get("content", ""))
                    yield event
    
            elif agent_key == "calendar":
                yield {"type": "thought", "content": "\u2500\u2500 Delegating to Calendar Agent \u2500\u2500"}
>               async for event in calendar_agent.run(user_message, session_id, llm=llm):

backend\agents\orchestrator.py:145: 
_ _ _ _ _ _ _ _ _ _ _ _ _ _ _ _ _ _ _ _ _ _ _ _ _ _ _ _ _ _ _ _ _ _ _ _ _ _ _ _

user_message = 'schedule a meeting tomorrow', session_id = 'test-session-2'
llm = None

    async def run(
        user_message: str, session_id: str, llm=None
    ) -> AsyncGenerator[Union[str, Dict[str, str]], None]:
        """Execute the calendar agent û calls real MCP tools."""
    
        yield {"type": "thought", "content": "\U0001f4c5 Calendar Agent activated \u2013 analyzing request..."}
        await asyncio.sleep(0.3)
    
        tool_name, tool_args = _classify_calendar_intent(user_message)
    
        if tool_name == "create_with_check":
            # Multi-step workflow: check availability FIRST, then create
            yield {"type": "thought", "content": f"\U0001f50d Checking availability for {tool_args['start_time']}..."}
            await asyncio.sleep(0.2)
    
>           avail_results = await calendar_tool("check_availability", {
                "start_time": tool_args["start_time"],
                "end_time": tool_args["end_time"],
            })

backend\agents\calendar_agent.py:116: 
_ _ _ _ _ _ _ _ _ _ _ _ _ _ _ _ _ _ _ _ _ _ _ _ _ _ _ _ _ _ _ _ _ _ _ _ _ _ _ _

name = 'check_availability'
arguments = {'end_time': '2026-04-06T11:00:00', 'start_time': '2026-04-06T10:00:00'}

    @calendar_server.call_tool()
    async def handle_call_tool(name: str, arguments: dict | None) -> list[types.TextContent]:
        if not arguments:
            arguments = {}
    
        if name == "create_event":
            async with AsyncSessionLocal() as db:
                event = await crud.create_event(
                    db,
                    title=arguments.get("title", "Untitled Event"),
                    start_time=arguments.get("start_time"),
                    end_time=arguments.get("end_time"),
                    description=arguments.get("description", ""),
                    location=arguments.get("location", ""),
                    attendees=arguments.get("attendees", []),
                )
                await db.commit()
            return [types.TextContent(
                type="text",
                text=(
                    f"Event scheduled: '{event.title}'\n"
                    f"  \U0001f4c5 {event.start_time.strftime('%Y-%m-%d %H:%M')} \u2192 {event.end_time.strftime('%H:%M')}\\n"
                    f"  \U0001f4cd {event.location or 'No location'}\\n"
                    f"  ID: {event.id}"
                ),
            )]
    
        elif name == "list_events":
            start_from = arguments.get("start_from")
            start_until = arguments.get("start_until")
            # Default: show events from now to 7 days ahead
            if not start_from:
                start_from = datetime.now(timezone.utc).isoformat()
            if not start_until:
                start_until = (datetime.now(timezone.utc) + timedelta(days=7)).isoformat()
    
            async with AsyncSessionLocal() as db:
                events = await crud.get_events(
                    db,
                    start_from=start_from,
                    start_until=start_until,
                    limit=arguments.get("limit", 10),
                )
            if not events:
                return [types.TextContent(type="text", text="No upcoming events found in that time range.")]
            lines = [f"Found {len(events)} upcoming event(s):\n"]
            for i, e in enumerate(events, 1):
                attendee_str = f" ({len(e.attendees or [])} attendees)" if e.attendees else ""
                lines.append(
                    f"{i}. \U0001f4c5 {e.title}\\n"
                    f"   {e.start_time.strftime('%a %b %d, %H:%M')} \u2192 {e.end_time.strftime('%H:%M')}\\n"
                    f"   \U0001f4cd {e.location or 'No location'}{attendee_str}  ID:{e.id}"
                )
            return [types.TextContent(type="text", text="\n".join(lines))]
    
        elif name == "check_availability":
            start_time = arguments.get("start_time")
            end_time = arguments.get("end_time")
            if not start_time or not end_time:
                return [types.TextContent(type="text", text="Error: start_time and end_time are required.")]
    
            async with AsyncSessionLocal() as db:
                # Find events overlapping with the requested window
>               events = await crud.get_events(
                    db, start_from=start_time, start_until=end_time, limit=50,
                )

backend\mcp_servers\calendar_server.py:130: 
_ _ _ _ _ _ _ _ _ _ _ _ _ _ _ _ _ _ _ _ _ _ _ _ _ _ _ _ _ _ _ _ _ _ _ _ _ _ _ _

db = <sqlalchemy.ext.asyncio.session.AsyncSession object at 0x0000022AA111AD50>
start_from = '2026-04-06T10:00:00', start_until = '2026-04-06T11:00:00'
limit = 50

    async def get_events(
        db: AsyncSession, start_from: str = None, start_until: str = None, limit: int = 50,
    ) -> list[CalendarEvent]:
        stmt = select(CalendarEvent)
        if start_from:
            try:
                stmt = stmt.where(CalendarEvent.start_time >= datetime.fromisoformat(start_from))
            except ValueError:
                pass
        if start_until:
            try:
                stmt = stmt.where(CalendarEvent.start_time <= datetime.fromisoformat(start_until))
            except ValueError:
                pass
        stmt = stmt.order_by(asc(CalendarEvent.start_time)).limit(limit)
>       result = await db.execute(stmt)
                 ^^^^^^^^^^^^^^^^^^^^^^

backend\database\crud.py:174: 
_ _ _ _ _ _ _ _ _ _ _ _ _ _ _ _ _ _ _ _ _ _ _ _ _ _ _ _ _ _ _ _ _ _ _ _ _ _ _ _

self = <sqlalchemy.ext.asyncio.session.AsyncSession object at 0x0000022AA111AD50>
statement = <sqlalchemy.sql.selectable.Select object at 0x0000022A9FD0E030>
params = None, execution_options = immutabledict({'prebuffer_rows': True})
bind_arguments = None, kw = {}

    async def execute(
        self,
        statement: Executable,
        params: Optional[_CoreAnyExecuteParams] = None,
        *,
        execution_options: OrmExecuteOptionsParameter = util.EMPTY_DICT,
        bind_arguments: Optional[_BindArguments] = None,
        **kw: Any,
    ) -> Result[Any]:
        """Execute a statement and return a buffered
        :class:`_engine.Result` object.
    
        .. seealso::
    
            :meth:`_orm.Session.execute` - main documentation for execute
    
        """
    
        if execution_options:
            execution_options = util.immutabledict(execution_options).union(
                _EXECUTE_OPTIONS
            )
        else:
            execution_options = _EXECUTE_OPTIONS
    
>       result = await greenlet_spawn(
            self.sync_session.execute,
            statement,
            params=params,
            execution_options=execution_options,
            bind_arguments=bind_arguments,
            **kw,
        )

..\..\AppData\Roaming\Python\Python313\site-packages\sqlalchemy\ext\asyncio\session.py:449: 
_ _ _ _ _ _ _ _ _ _ _ _ _ _ _ _ _ _ _ _ _ _ _ _ _ _ _ _ _ _ _ _ _ _ _ _ _ _ _ _

fn = <bound method Session.execute of <sqlalchemy.orm.session.Session object at 0x0000022A9FD0DF40>>
_require_await = False
args = (<sqlalchemy.sql.selectable.Select object at 0x0000022A9FD0E030>,)
kwargs = {'bind_arguments': None, 'execution_options': immutabledict({'prebuffer_rows': True}), 'params': None}
context = <_AsyncIoGreenlet object at 0x0000022AA19E29C0 (otid=0x0000022A9E4E1470) dead>
switch_occurred = True
result = <coroutine object Cursor.execute at 0x0000022AA1B912A0>
value = <aiosqlite.cursor.Cursor object at 0x0000022AA1890B90>

    async def greenlet_spawn(
        fn: Callable[..., _T],
        *args: Any,
        _require_await: bool = False,
        **kwargs: Any,
    ) -> _T:
        """Runs a sync function ``fn`` in a new greenlet.
    
        The sync function can then use :func:`await_only` to wait for async
        functions.
    
        :param fn: The sync callable to call.
        :param \\*args: Positional arguments to pass to the ``fn`` callable.
        :param \\*\\*kwargs: Keyword arguments to pass to the ``fn`` callable.
        """
    
        result: Any
        context = _AsyncIoGreenlet(fn, getcurrent())
        # runs the function synchronously in gl greenlet. If the execution
        # is interrupted by await_only, context is not dead and result is a
        # coroutine to wait. If the context is dead the function has
        # returned, and its result can be returned.
        switch_occurred = False
        result = context.switch(*args, **kwargs)
        while not context.dead:
            switch_occurred = True
            try:
                # wait for a coroutine from await_only and then return its
                # result back to it.
                value = await result
            except BaseException:
                # this allows an exception to be raised within
                # the moderated greenlet so that it can continue
                # its expected flow.
>               result = context.throw(*sys.exc_info())
                         ^^^^^^^^^^^^^^^^^^^^^^^^^^^^^^

..\..\AppData\Roaming\Python\Python313\site-packages\sqlalchemy\util\_concurrency_py3k.py:201: 
_ _ _ _ _ _ _ _ _ _ _ _ _ _ _ _ _ _ _ _ _ _ _ _ _ _ _ _ _ _ _ _ _ _ _ _ _ _ _ _

self = <sqlalchemy.orm.session.Session object at 0x0000022A9FD0DF40>
statement = <sqlalchemy.sql.selectable.Select object at 0x0000022A9FD0E030>
params = None

    def execute(
        self,
        statement: Executable,
        params: Optional[_CoreAnyExecuteParams] = None,
        *,
        execution_options: OrmExecuteOptionsParameter = util.EMPTY_DICT,
        bind_arguments: Optional[_BindArguments] = None,
        _parent_execute_state: Optional[Any] = None,
        _add_event: Optional[Any] = None,
    ) -> Result[Any]:
        r"""Execute a SQL expression construct.
    
        Returns a :class:`_engine.Result` object representing
        results of the statement execution.
    
        E.g.::
    
            from sqlalchemy import select
    
            result = session.execute(select(User).where(User.id == 5))
    
        The API contract of :meth:`_orm.Session.execute` is similar to that
        of :meth:`_engine.Connection.execute`, the :term:`2.0 style` version
        of :class:`_engine.Connection`.
    
        .. versionchanged:: 1.4 the :meth:`_orm.Session.execute` method is
           now the primary point of ORM statement execution when using
           :term:`2.0 style` ORM usage.
    
        :param statement:
            An executable statement (i.e. an :class:`.Executable` expression
            such as :func:`_expression.select`).
    
        :param params:
            Optional dictionary, or list of dictionaries, containing
            bound parameter values.   If a single dictionary, single-row
            execution occurs; if a list of dictionaries, an
            "executemany" will be invoked.  The keys in each dictionary
            must correspond to parameter names present in the statement.
    
        :param execution_options: optional dictionary of execution options,
         which will be associated with the statement execution.  This
         dictionary can provide a subset of the options that are accepted
         by :meth:`_engine.Connection.execution_options`, and may also
         provide additional options understood only in an ORM context.
    
         .. seealso::
    
            :ref:`orm_queryguide_execution_options` - ORM-specific execution
            options
    
        :param bind_arguments: dictionary of additional arguments to determine
         the bind.  May include "mapper", "bind", or other custom arguments.
         Contents of this dictionary are passed to the
         :meth:`.Session.get_bind` method.
    
        :return: a :class:`_engine.Result` object.
    
    
        """
>       return self._execute_internal(
            statement,
            params,
            execution_options=execution_options,
            bind_arguments=bind_arguments,
            _parent_execute_state=_parent_execute_state,
            _add_event=_add_event,
        )

..\..\AppData\Roaming\Python\Python313\site-packages\sqlalchemy\orm\session.py:2351: 
_ _ _ _ _ _ _ _ _ _ _ _ _ _ _ _ _ _ _ _ _ _ _ _ _ _ _ _ _ _ _ _ _ _ _ _ _ _ _ _

self = <sqlalchemy.orm.session.Session object at 0x0000022A9FD0DF40>
statement = <sqlalchemy.sql.selectable.Select object at 0x0000022A9FD0E030>
params = None

    def _execute_internal(
        self,
        statement: Executable,
        params: Optional[_CoreAnyExecuteParams] = None,
        *,
        execution_options: OrmExecuteOptionsParameter = util.EMPTY_DICT,
        bind_arguments: Optional[_BindArguments] = None,
        _parent_execute_state: Optional[Any] = None,
        _add_event: Optional[Any] = None,
        _scalar_result: bool = False,
    ) -> Any:
        statement = coercions.expect(roles.StatementRole, statement)
    
        if not bind_arguments:
            bind_arguments = {}
        else:
            bind_arguments = dict(bind_arguments)
    
        if (
            statement._propagate_attrs.get("compile_state_plugin", None)
            == "orm"
        ):
            compile_state_cls = CompileState._get_plugin_class_for_plugin(
                statement, "orm"
            )
            if TYPE_CHECKING:
                assert isinstance(
                    compile_state_cls, context.AbstractORMCompileState
                )
        else:
            compile_state_cls = None
            bind_arguments.setdefault("clause", statement)
    
        execution_options = util.coerce_to_immutabledict(execution_options)
    
        if _parent_execute_state:
            events_todo = _parent_execute_state._remaining_events()
        else:
            events_todo = self.dispatch.do_orm_execute
            if _add_event:
                events_todo = list(events_todo) + [_add_event]
    
        if events_todo:
            if compile_state_cls is not None:
                # for event handlers, do the orm_pre_session_exec
                # pass ahead of the event handlers, so that things like
                # .load_options, .update_delete_options etc. are populated.
                # is_pre_event=True allows the hook to hold off on things
                # it doesn't want to do twice, including autoflush as well
                # as "pre fetch" for DML, etc.
                (
                    statement,
                    execution_options,
                ) = compile_state_cls.orm_pre_session_exec(
                    self,
                    statement,
                    params,
                    execution_options,
                    bind_arguments,
                    True,
                )
    
            orm_exec_state = ORMExecuteState(
                self,
                statement,
                params,
                execution_options,
                bind_arguments,
                compile_state_cls,
                events_todo,
            )
            for idx, fn in enumerate(events_todo):
                orm_exec_state._starting_event_idx = idx
                fn_result: Optional[Result[Any]] = fn(orm_exec_state)
                if fn_result:
                    if _scalar_result:
                        return fn_result.scalar()
                    else:
                        return fn_result
    
            statement = orm_exec_state.statement
            execution_options = orm_exec_state.local_execution_options
    
        if compile_state_cls is not None:
            # now run orm_pre_session_exec() "for real".   if there were
            # event hooks, this will re-run the steps that interpret
            # new execution_options into load_options / update_delete_options,
            # which we assume the event hook might have updated.
            # autoflush will also be invoked in this step if enabled.
            (
                statement,
                execution_options,
            ) = compile_state_cls.orm_pre_session_exec(
                self,
                statement,
                params,
                execution_options,
                bind_arguments,
                False,
            )
    
        bind = self.get_bind(**bind_arguments)
    
        conn = self._connection_for_bind(bind)
    
        if _scalar_result and not compile_state_cls:
            if TYPE_CHECKING:
                params = cast(_CoreSingleExecuteParams, params)
            return conn.scalar(
                statement, params or {}, execution_options=execution_options
            )
    
        if compile_state_cls:
>           result: Result[Any] = compile_state_cls.orm_execute_statement(
                self,
                statement,
                params or {},
                execution_options,
                bind_arguments,
                conn,
            )

..\..\AppData\Roaming\Python\Python313\site-packages\sqlalchemy\orm\session.py:2249: 
_ _ _ _ _ _ _ _ _ _ _ _ _ _ _ _ _ _ _ _ _ _ _ _ _ _ _ _ _ _ _ _ _ _ _ _ _ _ _ _

cls = <class 'sqlalchemy.orm.context.ORMSelectCompileState'>
session = <sqlalchemy.orm.session.Session object at 0x0000022A9FD0DF40>
statement = <sqlalchemy.sql.selectable.Select object at 0x0000022A9FD0E030>
params = {}
execution_options = immutabledict({'prebuffer_rows': True, '_result_disable_adapt_to_context': True})
bind_arguments = {'clause': <sqlalchemy.sql.selectable.Select object at 0x0000022A9FD0E030>, 'mapper': <Mapper at 0x22a9ef59450; CalendarEvent>}
conn = <sqlalchemy.engine.base.Connection object at 0x0000022AA1B92890>

    @classmethod
    def orm_execute_statement(
        cls,
        session,
        statement,
        params,
        execution_options,
        bind_arguments,
        conn,
    ) -> Result:
>       result = conn.execute(
            statement, params or {}, execution_options=execution_options
        )

..\..\AppData\Roaming\Python\Python313\site-packages\sqlalchemy\orm\context.py:306: 
_ _ _ _ _ _ _ _ _ _ _ _ _ _ _ _ _ _ _ _ _ _ _ _ _ _ _ _ _ _ _ _ _ _ _ _ _ _ _ _

self = <sqlalchemy.engine.base.Connection object at 0x0000022AA1B92890>
statement = <sqlalchemy.sql.selectable.Select object at 0x0000022A9FD0E030>
parameters = {}

    def execute(
        self,
        statement: Executable,
        parameters: Optional[_CoreAnyExecuteParams] = None,
        *,
        execution_options: Optional[CoreExecuteOptionsParameter] = None,
    ) -> CursorResult[Any]:
        r"""Executes a SQL statement construct and returns a
        :class:`_engine.CursorResult`.
    
        :param statement: The statement to be executed.  This is always
         an object that is in both the :class:`_expression.ClauseElement` and
         :class:`_expression.Executable` hierarchies, including:
    
         * :class:`_expression.Select`
         * :class:`_expression.Insert`, :class:`_expression.Update`,
           :class:`_expression.Delete`
         * :class:`_expression.TextClause` and
           :class:`_expression.TextualSelect`
         * :class:`_schema.DDL` and objects which inherit from
           :class:`_schema.ExecutableDDLElement`
    
        :param parameters: parameters which will be bound into the statement.
         This may be either a dictionary of parameter names to values,
         or a mutable sequence (e.g. a list) of dictionaries.  When a
         list of dictionaries is passed, the underlying statement execution
         will make use of the DBAPI ``cursor.executemany()`` method.
         When a single dictionary is passed, the DBAPI ``cursor.execute()``
         method will be used.
    
        :param execution_options: optional dictionary of execution options,
         which will be associated with the statement execution.  This
         dictionary can provide a subset of the options that are accepted
         by :meth:`_engine.Connection.execution_options`.
    
        :return: a :class:`_engine.Result` object.
    
        """
        distilled_parameters = _distill_params_20(parameters)
        try:
            meth = statement._execute_on_connection
        except AttributeError as err:
            raise exc.ObjectNotExecutableError(statement) from err
        else:
>           return meth(
                self,
                distilled_parameters,
                execution_options or NO_OPTIONS,
            )

..\..\AppData\Roaming\Python\Python313\site-packages\sqlalchemy\engine\base.py:1419: 
_ _ _ _ _ _ _ _ _ _ _ _ _ _ _ _ _ _ _ _ _ _ _ _ _ _ _ _ _ _ _ _ _ _ _ _ _ _ _ _

self = <sqlalchemy.sql.selectable.Select object at 0x0000022A9FD0E030>
connection = <sqlalchemy.engine.base.Connection object at 0x0000022AA1B92890>
distilled_params = [{}]
execution_options = immutabledict({'prebuffer_rows': True, '_result_disable_adapt_to_context': True})

    def _execute_on_connection(
        self,
        connection: Connection,
        distilled_params: _CoreMultiExecuteParams,
        execution_options: CoreExecuteOptionsParameter,
    ) -> Result[Any]:
        if self.supports_execution:
            if TYPE_CHECKING:
                assert isinstance(self, Executable)
>           return connection._execute_clauseelement(
                self, distilled_params, execution_options
            )

..\..\AppData\Roaming\Python\Python313\site-packages\sqlalchemy\sql\elements.py:527: 
_ _ _ _ _ _ _ _ _ _ _ _ _ _ _ _ _ _ _ _ _ _ _ _ _ _ _ _ _ _ _ _ _ _ _ _ _ _ _ _

self = <sqlalchemy.engine.base.Connection object at 0x0000022AA1B92890>
elem = <sqlalchemy.sql.selectable.Select object at 0x0000022A9FD0E030>
distilled_parameters = [{}]
execution_options = immutabledict({'prebuffer_rows': True, '_result_disable_adapt_to_context': True})

    def _execute_clauseelement(
        self,
        elem: Executable,
        distilled_parameters: _CoreMultiExecuteParams,
        execution_options: CoreExecuteOptionsParameter,
    ) -> CursorResult[Any]:
        """Execute a sql.ClauseElement object."""
    
        execution_options = elem._execution_options.merge_with(
            self._execution_options, execution_options
        )
    
        has_events = self._has_events or self.engine._has_events
        if has_events:
            (
                elem,
                distilled_parameters,
                event_multiparams,
                event_params,
            ) = self._invoke_before_exec_event(
                elem, distilled_parameters, execution_options
            )
    
        if distilled_parameters:
            # ensure we don't retain a link to the view object for keys()
            # which links to the values, which we don't want to cache
            keys = sorted(distilled_parameters[0])
            for_executemany = len(distilled_parameters) > 1
        else:
            keys = []
            for_executemany = False
    
        dialect = self.dialect
    
        schema_translate_map = execution_options.get(
            "schema_translate_map", None
        )
    
        compiled_cache: Optional[CompiledCacheType] = execution_options.get(
            "compiled_cache", self.engine._compiled_cache
        )
    
        compiled_sql, extracted_params, cache_hit = elem._compile_w_cache(
            dialect=dialect,
            compiled_cache=compiled_cache,
            column_keys=keys,
            for_executemany=for_executemany,
            schema_translate_map=schema_translate_map,
            linting=self.dialect.compiler_linting | compiler.WARN_LINTING,
        )
>       ret = self._execute_context(
            dialect,
            dialect.execution_ctx_cls._init_compiled,
            compiled_sql,
            distilled_parameters,
            execution_options,
            compiled_sql,
            distilled_parameters,
            elem,
            extracted_params,
            cache_hit=cache_hit,
        )

..\..\AppData\Roaming\Python\Python313\site-packages\sqlalchemy\engine\base.py:1641: 
_ _ _ _ _ _ _ _ _ _ _ _ _ _ _ _ _ _ _ _ _ _ _ _ _ _ _ _ _ _ _ _ _ _ _ _ _ _ _ _

self = <sqlalchemy.engine.base.Connection object at 0x0000022AA1B92890>
dialect = <sqlalchemy.dialects.sqlite.aiosqlite.SQLiteDialect_aiosqlite object at 0x0000022A9EF82F90>
constructor = <bound method DefaultExecutionContext._init_compiled of <class 'sqlalchemy.dialects.sqlite.aiosqlite.SQLiteExecutionContext_aiosqlite'>>
statement = <sqlalchemy.dialects.sqlite.base.SQLiteCompiler object at 0x0000022AA0E39450>
parameters = [{}]
execution_options = immutabledict({'prebuffer_rows': True, '_result_disable_adapt_to_context': True})
args = (<sqlalchemy.dialects.sqlite.base.SQLiteCompiler object at 0x0000022AA0E39450>, [{}], <sqlalchemy.sql.selectable.Selec...ime.datetime(2026, 4, 6, 11, 0), type_=DateTime()), _OffsetLimitParam('%(2382130047696 param)s', 50, type_=Integer())])
kw = {'cache_hit': <CacheStats.CACHE_HIT: 0>}, yp = None
conn = <sqlalchemy.pool.base._ConnectionFairy object at 0x0000022AA1890C50>
context = <sqlalchemy.dialects.sqlite.aiosqlite.SQLiteExecutionContext_aiosqlite object at 0x0000022AA1B91470>

    def _execute_context(
        self,
        dialect: Dialect,
        constructor: Callable[..., ExecutionContext],
        statement: Union[str, Compiled],
        parameters: Optional[_AnyMultiExecuteParams],
        execution_options: _ExecuteOptions,
        *args: Any,
        **kw: Any,
    ) -> CursorResult[Any]:
        """Create an :class:`.ExecutionContext` and execute, returning
        a :class:`_engine.CursorResult`."""
    
        if execution_options:
            yp = execution_options.get("yield_per", None)
            if yp:
                execution_options = execution_options.union(
                    {"stream_results": True, "max_row_buffer": yp}
                )
        try:
            conn = self._dbapi_connection
            if conn is None:
                conn = self._revalidate_connection()
    
            context = constructor(
                dialect, self, conn, execution_options, *args, **kw
            )
        except (exc.PendingRollbackError, exc.ResourceClosedError):
            raise
        except BaseException as e:
            self._handle_dbapi_exception(
                e, str(statement), parameters, None, None
            )
    
        if (
            self._transaction
            and not self._transaction.is_active
            or (
                self._nested_transaction
                and not self._nested_transaction.is_active
            )
        ):
            self._invalid_transaction()
    
        elif self._trans_context_manager:
            TransactionalContext._trans_ctx_check(self)
    
        if self._transaction is None:
            self._autobegin()
    
        context.pre_exec()
    
        if context.execute_style is ExecuteStyle.INSERTMANYVALUES:
            return self._exec_insertmany_context(dialect, context)
        else:
>           return self._exec_single_context(
                dialect, context, statement, parameters
            )

..\..\AppData\Roaming\Python\Python313\site-packages\sqlalchemy\engine\base.py:1846: 
_ _ _ _ _ _ _ _ _ _ _ _ _ _ _ _ _ _ _ _ _ _ _ _ _ _ _ _ _ _ _ _ _ _ _ _ _ _ _ _

self = <sqlalchemy.engine.base.Connection object at 0x0000022AA1B92890>
dialect = <sqlalchemy.dialects.sqlite.aiosqlite.SQLiteDialect_aiosqlite object at 0x0000022A9EF82F90>
context = <sqlalchemy.dialects.sqlite.aiosqlite.SQLiteExecutionContext_aiosqlite object at 0x0000022AA1B91470>
statement = <sqlalchemy.dialects.sqlite.base.SQLiteCompiler object at 0x0000022AA0E39450>
parameters = [('2026-04-06 10:00:00.000000', '2026-04-06 11:00:00.000000', 50, 0)]

    def _exec_single_context(
        self,
        dialect: Dialect,
        context: ExecutionContext,
        statement: Union[str, Compiled],
        parameters: Optional[_AnyMultiExecuteParams],
    ) -> CursorResult[Any]:
        """continue the _execute_context() method for a single DBAPI
        cursor.execute() or cursor.executemany() call.
    
        """
        if dialect.bind_typing is BindTyping.SETINPUTSIZES:
            generic_setinputsizes = context._prepare_set_input_sizes()
    
            if generic_setinputsizes:
                try:
                    dialect.do_set_input_sizes(
                        context.cursor, generic_setinputsizes, context
                    )
                except BaseException as e:
                    self._handle_dbapi_exception(
                        e, str(statement), parameters, None, context
                    )
    
        cursor, str_statement, parameters = (
            context.cursor,
            context.statement,
            context.parameters,
        )
    
        effective_parameters: Optional[_AnyExecuteParams]
    
        if not context.executemany:
            effective_parameters = parameters[0]
        else:
            effective_parameters = parameters
    
        if self._has_events or self.engine._has_events:
            for fn in self.dispatch.before_cursor_execute:
                str_statement, effective_parameters = fn(
                    self,
                    cursor,
                    str_statement,
                    effective_parameters,
                    context,
                    context.executemany,
                )
    
        if self._echo:
            self._log_info(str_statement)
    
            stats = context._get_cache_stats()
    
            if not self.engine.hide_parameters:
                self._log_info(
                    "[%s] %r",
                    stats,
                    sql_util._repr_params(
                        effective_parameters,
                        batches=10,
                        ismulti=context.executemany,
                    ),
                )
            else:
                self._log_info(
                    "[%s] [SQL parameters hidden due to hide_parameters=True]",
                    stats,
                )
    
        evt_handled: bool = False
        try:
            if context.execute_style is ExecuteStyle.EXECUTEMANY:
                effective_parameters = cast(
                    "_CoreMultiExecuteParams", effective_parameters
                )
                if self.dialect._has_events:
                    for fn in self.dialect.dispatch.do_executemany:
                        if fn(
                            cursor,
                            str_statement,
                            effective_parameters,
                            context,
                        ):
                            evt_handled = True
                            break
                if not evt_handled:
                    self.dialect.do_executemany(
                        cursor,
                        str_statement,
                        effective_parameters,
                        context,
                    )
            elif not effective_parameters and context.no_parameters:
                if self.dialect._has_events:
                    for fn in self.dialect.dispatch.do_execute_no_params:
                        if fn(cursor, str_statement, context):
                            evt_handled = True
                            break
                if not evt_handled:
                    self.dialect.do_execute_no_params(
                        cursor, str_statement, context
                    )
            else:
                effective_parameters = cast(
                    "_CoreSingleExecuteParams", effective_parameters
                )
                if self.dialect._has_events:
                    for fn in self.dialect.dispatch.do_execute:
                        if fn(
                            cursor,
                            str_statement,
                            effective_parameters,
                            context,
                        ):
                            evt_handled = True
                            break
                if not evt_handled:
                    self.dialect.do_execute(
                        cursor, str_statement, effective_parameters, context
                    )
    
            if self._has_events or self.engine._has_events:
                self.dispatch.after_cursor_execute(
                    self,
                    cursor,
                    str_statement,
                    effective_parameters,
                    context,
                    context.executemany,
                )
    
            context.post_exec()
    
            result = context._setup_result_proxy()
    
        except BaseException as e:
>           self._handle_dbapi_exception(
                e, str_statement, effective_parameters, cursor, context
            )

..\..\AppData\Roaming\Python\Python313\site-packages\sqlalchemy\engine\base.py:1986: 
_ _ _ _ _ _ _ _ _ _ _ _ _ _ _ _ _ _ _ _ _ _ _ _ _ _ _ _ _ _ _ _ _ _ _ _ _ _ _ _

self = <sqlalchemy.engine.base.Connection object at 0x0000022AA1B92890>
e = OperationalError('no such table: calendar_events')
statement = 'SELECT calendar_events.id, calendar_events.title, calendar_events.description, calendar_events.start_time, calendar_e..._events.start_time >= ? AND calendar_events.start_time <= ? ORDER BY calendar_events.start_time ASC\n LIMIT ? OFFSET ?'
parameters = ('2026-04-06 10:00:00.000000', '2026-04-06 11:00:00.000000', 50, 0)
cursor = <sqlalchemy.dialects.sqlite.aiosqlite.AsyncAdapt_aiosqlite_cursor object at 0x0000022AA1890AC0>
context = <sqlalchemy.dialects.sqlite.aiosqlite.SQLiteExecutionContext_aiosqlite object at 0x0000022AA1B91470>
is_sub_exec = False

    def _handle_dbapi_exception(
        self,
        e: BaseException,
        statement: Optional[str],
        parameters: Optional[_AnyExecuteParams],
        cursor: Optional[DBAPICursor],
        context: Optional[ExecutionContext],
        is_sub_exec: bool = False,
    ) -> NoReturn:
        exc_info = sys.exc_info()
    
        is_exit_exception = util.is_exit_exception(e)
    
        if not self._is_disconnect:
            self._is_disconnect = (
                isinstance(e, self.dialect.loaded_dbapi.Error)
                and not self.closed
                and self.dialect.is_disconnect(
                    e,
                    self._dbapi_connection if not self.invalidated else None,
                    cursor,
                )
            ) or (is_exit_exception and not self.closed)
    
        invalidate_pool_on_disconnect = not is_exit_exception
    
        ismulti: bool = (
            not is_sub_exec and context.executemany
            if context is not None
            else False
        )
        if self._reentrant_error:
            raise exc.DBAPIError.instance(
                statement,
                parameters,
                e,
                self.dialect.loaded_dbapi.Error,
                hide_parameters=self.engine.hide_parameters,
                dialect=self.dialect,
                ismulti=ismulti,
            ).with_traceback(exc_info[2]) from e
        self._reentrant_error = True
        try:
            # non-DBAPI error - if we already got a context,
            # or there's no string statement, don't wrap it
            should_wrap = isinstance(e, self.dialect.loaded_dbapi.Error) or (
                statement is not None
                and context is None
                and not is_exit_exception
            )
    
            if should_wrap:
                sqlalchemy_exception = exc.DBAPIError.instance(
                    statement,
                    parameters,
                    cast(Exception, e),
                    self.dialect.loaded_dbapi.Error,
                    hide_parameters=self.engine.hide_parameters,
                    connection_invalidated=self._is_disconnect,
                    dialect=self.dialect,
                    ismulti=ismulti,
                )
            else:
                sqlalchemy_exception = None
    
            newraise = None
    
            if (self.dialect._has_events) and not self._execution_options.get(
                "skip_user_error_events", False
            ):
                ctx = ExceptionContextImpl(
                    e,
                    sqlalchemy_exception,
                    self.engine,
                    self.dialect,
                    self,
                    cursor,
                    statement,
                    parameters,
                    context,
                    self._is_disconnect,
                    invalidate_pool_on_disconnect,
                    False,
                )
    
                for fn in self.dialect.dispatch.handle_error:
                    try:
                        # handler returns an exception;
                        # call next handler in a chain
                        per_fn = fn(ctx)
                        if per_fn is not None:
                            ctx.chained_exception = newraise = per_fn
                    except Exception as _raised:
                        # handler raises an exception - stop processing
                        newraise = _raised
                        break
    
                if self._is_disconnect != ctx.is_disconnect:
                    self._is_disconnect = ctx.is_disconnect
                    if sqlalchemy_exception:
                        sqlalchemy_exception.connection_invalidated = (
                            ctx.is_disconnect
                        )
    
                # set up potentially user-defined value for
                # invalidate pool.
                invalidate_pool_on_disconnect = (
                    ctx.invalidate_pool_on_disconnect
                )
    
            if should_wrap and context:
                context.handle_dbapi_exception(e)
    
            if not self._is_disconnect:
                if cursor:
                    self._safe_close_cursor(cursor)
                # "autorollback" was mostly relevant in 1.x series.
                # It's very unlikely to reach here, as the connection
                # does autobegin so when we are here, we are usually
                # in an explicit / semi-explicit transaction.
                # however we have a test which manufactures this
                # scenario in any case using an event handler.
                # test/engine/test_execute.py-> test_actual_autorollback
                if not self.in_transaction():
                    self._rollback_impl()
    
            if newraise:
                raise newraise.with_traceback(exc_info[2]) from e
            elif should_wrap:
                assert sqlalchemy_exception is not None
>               raise sqlalchemy_exception.with_traceback(exc_info[2]) from e

..\..\AppData\Roaming\Python\Python313\site-packages\sqlalchemy\engine\base.py:2363: 
_ _ _ _ _ _ _ _ _ _ _ _ _ _ _ _ _ _ _ _ _ _ _ _ _ _ _ _ _ _ _ _ _ _ _ _ _ _ _ _

self = <sqlalchemy.engine.base.Connection object at 0x0000022AA1B92890>
dialect = <sqlalchemy.dialects.sqlite.aiosqlite.SQLiteDialect_aiosqlite object at 0x0000022A9EF82F90>
context = <sqlalchemy.dialects.sqlite.aiosqlite.SQLiteExecutionContext_aiosqlite object at 0x0000022AA1B91470>
statement = <sqlalchemy.dialects.sqlite.base.SQLiteCompiler object at 0x0000022AA0E39450>
parameters = [('2026-04-06 10:00:00.000000', '2026-04-06 11:00:00.000000', 50, 0)]

    def _exec_single_context(
        self,
        dialect: Dialect,
        context: ExecutionContext,
        statement: Union[str, Compiled],
        parameters: Optional[_AnyMultiExecuteParams],
    ) -> CursorResult[Any]:
        """continue the _execute_context() method for a single DBAPI
        cursor.execute() or cursor.executemany() call.
    
        """
        if dialect.bind_typing is BindTyping.SETINPUTSIZES:
            generic_setinputsizes = context._prepare_set_input_sizes()
    
            if generic_setinputsizes:
                try:
                    dialect.do_set_input_sizes(
                        context.cursor, generic_setinputsizes, context
                    )
                except BaseException as e:
                    self._handle_dbapi_exception(
                        e, str(statement), parameters, None, context
                    )
    
        cursor, str_statement, parameters = (
            context.cursor,
            context.statement,
            context.parameters,
        )
    
        effective_parameters: Optional[_AnyExecuteParams]
    
        if not context.executemany:
            effective_parameters = parameters[0]
        else:
            effective_parameters = parameters
    
        if self._has_events or self.engine._has_events:
            for fn in self.dispatch.before_cursor_execute:
                str_statement, effective_parameters = fn(
                    self,
                    cursor,
                    str_statement,
                    effective_parameters,
                    context,
                    context.executemany,
                )
    
        if self._echo:
            self._log_info(str_statement)
    
            stats = context._get_cache_stats()
    
            if not self.engine.hide_parameters:
                self._log_info(
                    "[%s] %r",
                    stats,
                    sql_util._repr_params(
                        effective_parameters,
                        batches=10,
                        ismulti=context.executemany,
                    ),
                )
            else:
                self._log_info(
                    "[%s] [SQL parameters hidden due to hide_parameters=True]",
                    stats,
                )
    
        evt_handled: bool = False
        try:
            if context.execute_style is ExecuteStyle.EXECUTEMANY:
                effective_parameters = cast(
                    "_CoreMultiExecuteParams", effective_parameters
                )
                if self.dialect._has_events:
                    for fn in self.dialect.dispatch.do_executemany:
                        if fn(
                            cursor,
                            str_statement,
                            effective_parameters,
                            context,
                        ):
                            evt_handled = True
                            break
                if not evt_handled:
                    self.dialect.do_executemany(
                        cursor,
                        str_statement,
                        effective_parameters,
                        context,
                    )
            elif not effective_parameters and context.no_parameters:
                if self.dialect._has_events:
                    for fn in self.dialect.dispatch.do_execute_no_params:
                        if fn(cursor, str_statement, context):
                            evt_handled = True
                            break
                if not evt_handled:
                    self.dialect.do_execute_no_params(
                        cursor, str_statement, context
                    )
            else:
                effective_parameters = cast(
                    "_CoreSingleExecuteParams", effective_parameters
                )
                if self.dialect._has_events:
                    for fn in self.dialect.dispatch.do_execute:
                        if fn(
                            cursor,
                            str_statement,
                            effective_parameters,
                            context,
                        ):
                            evt_handled = True
                            break
                if not evt_handled:
>                   self.dialect.do_execute(
                        cursor, str_statement, effective_parameters, context
                    )

..\..\AppData\Roaming\Python\Python313\site-packages\sqlalchemy\engine\base.py:1967: 
_ _ _ _ _ _ _ _ _ _ _ _ _ _ _ _ _ _ _ _ _ _ _ _ _ _ _ _ _ _ _ _ _ _ _ _ _ _ _ _

self = <sqlalchemy.dialects.sqlite.aiosqlite.SQLiteDialect_aiosqlite object at 0x0000022A9EF82F90>
cursor = <sqlalchemy.dialects.sqlite.aiosqlite.AsyncAdapt_aiosqlite_cursor object at 0x0000022AA1890AC0>
statement = 'SELECT calendar_events.id, calendar_events.title, calendar_events.description, calendar_events.start_time, calendar_e..._events.start_time >= ? AND calendar_events.start_time <= ? ORDER BY calendar_events.start_time ASC\n LIMIT ? OFFSET ?'
parameters = ('2026-04-06 10:00:00.000000', '2026-04-06 11:00:00.000000', 50, 0)
context = <sqlalchemy.dialects.sqlite.aiosqlite.SQLiteExecutionContext_aiosqlite object at 0x0000022AA1B91470>

    def do_execute(self, cursor, statement, parameters, context=None):
>       cursor.execute(statement, parameters)

..\..\AppData\Roaming\Python\Python313\site-packages\sqlalchemy\engine\default.py:952: 
_ _ _ _ _ _ _ _ _ _ _ _ _ _ _ _ _ _ _ _ _ _ _ _ _ _ _ _ _ _ _ _ _ _ _ _ _ _ _ _

self = <sqlalchemy.dialects.sqlite.aiosqlite.AsyncAdapt_aiosqlite_cursor object at 0x0000022AA1890AC0>
operation = 'SELECT calendar_events.id, calendar_events.title, calendar_events.description, calendar_events.start_time, calendar_e..._events.start_time >= ? AND calendar_events.start_time <= ? ORDER BY calendar_events.start_time ASC\n LIMIT ? OFFSET ?'
parameters = ('2026-04-06 10:00:00.000000', '2026-04-06 11:00:00.000000', 50, 0)

    def execute(
        self,
        operation: Any,
        parameters: Optional[_DBAPISingleExecuteParams] = None,
    ) -> Any:
    
        try:
            _cursor: AsyncIODBAPICursor = self.await_(self._connection.cursor())  # type: ignore[arg-type] # noqa: E501
    
            if parameters is None:
                self.await_(_cursor.execute(operation))
            else:
                self.await_(_cursor.execute(operation, parameters))
    
            if _cursor.description:
                self.description = _cursor.description
                self.lastrowid = self.rowcount = -1
    
                if not self.server_side:
                    self._rows = deque(self.await_(_cursor.fetchall()))
            else:
                self.description = None
                self.lastrowid = _cursor.lastrowid
                self.rowcount = _cursor.rowcount
    
            if not self.server_side:
                self.await_(_cursor.close())
            else:
                self._cursor = _cursor  # type: ignore[misc]
        except Exception as error:
>           self._adapt_connection._handle_exception(error)

..\..\AppData\Roaming\Python\Python313\site-packages\sqlalchemy\dialects\sqlite\aiosqlite.py:182: 
_ _ _ _ _ _ _ _ _ _ _ _ _ _ _ _ _ _ _ _ _ _ _ _ _ _ _ _ _ _ _ _ _ _ _ _ _ _ _ _

self = <AdaptedConnection <aiosqlite.core.Connection object at 0x0000022A9FC0EFD0>>
error = OperationalError('no such table: calendar_events')

    def _handle_exception(self, error: Exception) -> NoReturn:
        if (
            isinstance(error, ValueError)
            and error.args[0] == "no active connection"
        ):
            raise self.dbapi.sqlite.OperationalError(
                "no active connection"
            ) from error
        else:
>           raise error

..\..\AppData\Roaming\Python\Python313\site-packages\sqlalchemy\dialects\sqlite\aiosqlite.py:342: 
_ _ _ _ _ _ _ _ _ _ _ _ _ _ _ _ _ _ _ _ _ _ _ _ _ _ _ _ _ _ _ _ _ _ _ _ _ _ _ _

self = <sqlalchemy.dialects.sqlite.aiosqlite.AsyncAdapt_aiosqlite_cursor object at 0x0000022AA1890AC0>
operation = 'SELECT calendar_events.id, calendar_events.title, calendar_events.description, calendar_events.start_time, calendar_e..._events.start_time >= ? AND calendar_events.start_time <= ? ORDER BY calendar_events.start_time ASC\n LIMIT ? OFFSET ?'
parameters = ('2026-04-06 10:00:00.000000', '2026-04-06 11:00:00.000000', 50, 0)

    def execute(
        self,
        operation: Any,
        parameters: Optional[_DBAPISingleExecuteParams] = None,
    ) -> Any:
    
        try:
            _cursor: AsyncIODBAPICursor = self.await_(self._connection.cursor())  # type: ignore[arg-type] # noqa: E501
    
            if parameters is None:
                self.await_(_cursor.execute(operation))
            else:
>               self.await_(_cursor.execute(operation, parameters))

..\..\AppData\Roaming\Python\Python313\site-packages\sqlalchemy\dialects\sqlite\aiosqlite.py:164: 
_ _ _ _ _ _ _ _ _ _ _ _ _ _ _ _ _ _ _ _ _ _ _ _ _ _ _ _ _ _ _ _ _ _ _ _ _ _ _ _

awaitable = <coroutine object Cursor.execute at 0x0000022AA1B912A0>

    def await_only(awaitable: Awaitable[_T]) -> _T:
        """Awaits an async function in a sync method.
    
        The sync method must be inside a :func:`greenlet_spawn` context.
        :func:`await_only` calls cannot be nested.
    
        :param awaitable: The coroutine to call.
    
        """
        # this is called in the context greenlet while running fn
        current = getcurrent()
        if not getattr(current, "__sqlalchemy_greenlet_provider__", False):
            _safe_cancel_awaitable(awaitable)
    
            raise exc.MissingGreenlet(
                "greenlet_spawn has not been called; can't call await_only() "
                "here. Was IO attempted in an unexpected place?"
            )
    
        # returns the control to the driver greenlet passing it
        # a coroutine to run. Once the awaitable is done, the driver greenlet
        # switches back to this greenlet with the result of awaitable that is
        # then returned to the caller (or raised as error)
>       return current.parent.switch(awaitable)  # type: ignore[no-any-return,attr-defined] # noqa: E501
               ^^^^^^^^^^^^^^^^^^^^^^^^^^^^^^^^

..\..\AppData\Roaming\Python\Python313\site-packages\sqlalchemy\util\_concurrency_py3k.py:132: 
_ _ _ _ _ _ _ _ _ _ _ _ _ _ _ _ _ _ _ _ _ _ _ _ _ _ _ _ _ _ _ _ _ _ _ _ _ _ _ _

fn = <bound method Session.execute of <sqlalchemy.orm.session.Session object at 0x0000022A9FD0DF40>>
_require_await = False
args = (<sqlalchemy.sql.selectable.Select object at 0x0000022A9FD0E030>,)
kwargs = {'bind_arguments': None, 'execution_options': immutabledict({'prebuffer_rows': True}), 'params': None}
context = <_AsyncIoGreenlet object at 0x0000022AA19E29C0 (otid=0x0000022A9E4E1470) dead>
switch_occurred = True
result = <coroutine object Cursor.execute at 0x0000022AA1B912A0>
value = <aiosqlite.cursor.Cursor object at 0x0000022AA1890B90>

    async def greenlet_spawn(
        fn: Callable[..., _T],
        *args: Any,
        _require_await: bool = False,
        **kwargs: Any,
    ) -> _T:
        """Runs a sync function ``fn`` in a new greenlet.
    
        The sync function can then use :func:`await_only` to wait for async
        functions.
    
        :param fn: The sync callable to call.
        :param \\*args: Positional arguments to pass to the ``fn`` callable.
        :param \\*\\*kwargs: Keyword arguments to pass to the ``fn`` callable.
        """
    
        result: Any
        context = _AsyncIoGreenlet(fn, getcurrent())
        # runs the function synchronously in gl greenlet. If the execution
        # is interrupted by await_only, context is not dead and result is a
        # coroutine to wait. If the context is dead the function has
        # returned, and its result can be returned.
        switch_occurred = False
        result = context.switch(*args, **kwargs)
        while not context.dead:
            switch_occurred = True
            try:
                # wait for a coroutine from await_only and then return its
                # result back to it.
>               value = await result
                        ^^^^^^^^^^^^

..\..\AppData\Roaming\Python\Python313\site-packages\sqlalchemy\util\_concurrency_py3k.py:196: 
_ _ _ _ _ _ _ _ _ _ _ _ _ _ _ _ _ _ _ _ _ _ _ _ _ _ _ _ _ _ _ _ _ _ _ _ _ _ _ _

self = <aiosqlite.cursor.Cursor object at 0x0000022AA1890B90>
sql = 'SELECT calendar_events.id, calendar_events.title, calendar_events.description, calendar_events.start_time, calendar_e..._events.start_time >= ? AND calendar_events.start_time <= ? ORDER BY calendar_events.start_time ASC\n LIMIT ? OFFSET ?'
parameters = ('2026-04-06 10:00:00.000000', '2026-04-06 11:00:00.000000', 50, 0)

    async def execute(
        self, sql: str, parameters: Optional[Iterable[Any]] = None
    ) -> "Cursor":
        """Execute the given query."""
        if parameters is None:
            parameters = []
>       await self._execute(self._cursor.execute, sql, parameters)

..\..\AppData\Roaming\Python\Python313\site-packages\aiosqlite\cursor.py:40: 
_ _ _ _ _ _ _ _ _ _ _ _ _ _ _ _ _ _ _ _ _ _ _ _ _ _ _ _ _ _ _ _ _ _ _ _ _ _ _ _

self = <aiosqlite.cursor.Cursor object at 0x0000022AA1890B90>
fn = <built-in method execute of sqlite3.Cursor object at 0x0000022AA1ACC2C0>
args = ('SELECT calendar_events.id, calendar_events.title, calendar_events.description, calendar_events.start_time, calendar_...alendar_events.start_time ASC\n LIMIT ? OFFSET ?', ('2026-04-06 10:00:00.000000', '2026-04-06 11:00:00.000000', 50, 0))
kwargs = {}

    async def _execute(self, fn, *args, **kwargs):
        """Execute the given function on the shared connection's thread."""
>       return await self._conn._execute(fn, *args, **kwargs)
               ^^^^^^^^^^^^^^^^^^^^^^^^^^^^^^^^^^^^^^^^^^^^^^

..\..\AppData\Roaming\Python\Python313\site-packages\aiosqlite\cursor.py:32: 
_ _ _ _ _ _ _ _ _ _ _ _ _ _ _ _ _ _ _ _ _ _ _ _ _ _ _ _ _ _ _ _ _ _ _ _ _ _ _ _

self = <aiosqlite.core.Connection object at 0x0000022A9FC0EFD0>
fn = <built-in method execute of sqlite3.Cursor object at 0x0000022AA1ACC2C0>
args = ('SELECT calendar_events.id, calendar_events.title, calendar_events.description, calendar_events.start_time, calendar_...alendar_events.start_time ASC\n LIMIT ? OFFSET ?', ('2026-04-06 10:00:00.000000', '2026-04-06 11:00:00.000000', 50, 0))
kwargs = {}
function = functools.partial(<built-in method execute of sqlite3.Cursor object at 0x0000022AA1ACC2C0>, 'SELECT calendar_events.id...alendar_events.start_time ASC\n LIMIT ? OFFSET ?', ('2026-04-06 10:00:00.000000', '2026-04-06 11:00:00.000000', 50, 0))
future = <Future finished exception=OperationalError('no such table: calendar_events')>

    async def _execute(self, fn, *args, **kwargs):
        """Queue a function with the given arguments for execution."""
        if not self._running or not self._connection:
            raise ValueError("Connection closed")
    
        function = partial(fn, *args, **kwargs)
        future = asyncio.get_event_loop().create_future()
    
        self._tx.put_nowait((future, function))
    
>       return await future
               ^^^^^^^^^^^^

..\..\AppData\Roaming\Python\Python313\site-packages\aiosqlite\core.py:160: 
_ _ _ _ _ _ _ _ _ _ _ _ _ _ _ _ _ _ _ _ _ _ _ _ _ _ _ _ _ _ _ _ _ _ _ _ _ _ _ _

tx = <_queue.SimpleQueue object at 0x0000022A9FC19960>

    def _connection_worker_thread(tx: _TxQueue):
        """
        Execute function calls on a separate thread.
    
        :meta private:
        """
        while True:
            # Continues running until all queue items are processed,
            # even after connection is closed (so we can finalize all
            # futures)
    
            future, function = tx.get()
    
            try:
                LOG.debug("executing %s", function)
>               result = function()
                         ^^^^^^^^^^
E               sqlalchemy.exc.OperationalError: (sqlite3.OperationalError) no such table: calendar_events
E               [SQL: SELECT calendar_events.id, calendar_events.title, calendar_events.description, calendar_events.start_time, calendar_events.end_time, calendar_events.location, calendar_events.attendees, calendar_events.is_recurring, calendar_events.recurrence_rule, calendar_events.created_at, calendar_events.updated_at 
E               FROM calendar_events 
E               WHERE calendar_events.start_time >= ? AND calendar_events.start_time <= ? ORDER BY calendar_events.start_time ASC
E                LIMIT ? OFFSET ?]
E               [parameters: ('2026-04-06 10:00:00.000000', '2026-04-06 11:00:00.000000', 50, 0)]
E               (Background on this error at: https://sqlalche.me/e/20/e3q8)

..\..\AppData\Roaming\Python\Python313\site-packages\aiosqlite\core.py:63: OperationalError
---------------------------- Captured stderr call -----------------------------
2026-04-05 23:23:29 | WARNING  | backend.agents.orchestrator | Vertex AI LLM unavailable: No module named 'vertexai'
------------------------------ Captured log call ------------------------------
WARNING  backend.agents.orchestrator:orchestrator.py:48 Vertex AI LLM unavailable: No module named 'vertexai'
=========================== short test summary info ===========================
FAILED test_multi_agent.py::test_task_mcp_create_tool - sqlalchemy.exc.Operat...
FAILED test_multi_agent.py::test_task_mcp_list_tool - sqlalchemy.exc.Operatio...
FAILED test_multi_agent.py::test_calendar_mcp_list_tool - sqlalchemy.exc.Oper...
FAILED test_multi_agent.py::test_calendar_mcp_check_availability - sqlalchemy...
FAILED test_multi_agent.py::test_notes_mcp_create_tool - sqlalchemy.exc.Opera...
FAILED test_multi_agent.py::test_task_agent_list - sqlalchemy.exc.Operational...
FAILED test_multi_agent.py::test_task_agent_create - sqlalchemy.exc.Operation...
FAILED test_multi_agent.py::test_calendar_agent_list - sqlalchemy.exc.Operati...
FAILED test_multi_agent.py::test_orchestrator_routes_to_task_agent - sqlalche...
FAILED test_multi_agent.py::test_orchestrator_routes_to_calendar_agent - sqla...
ERROR test_multi_agent.py::test_orchestrator_multi_agent_routing - sqlalchemy...
ERROR test_multi_agent.py::test_orchestrator_general_fallback - sqlalchemy.ex...
ERROR test_multi_agent.py::test_calendar_multi_step_workflow - sqlalchemy.exc...
=================== 10 failed, 2 passed, 3 errors in 13.84s ===================
